cnt-2_1   | 2024-10-14T14:01:26.647719430 | Message sent in 687ms. d5c2ffb6-8bfb-46dd-9cde-66b3acd951ab
cnt-3_1   | Sending message at 2024-10-14T14:01:27.179838454. 1b3d40ca-1690-406a-8eee-493936508f44
cnt-4_1   | 2024-10-14T14:01:27.278979793 | Message sent in 645ms. 39e5c1dd-d8cf-40e1-843b-5859b9354d03
cnt-7_1   | 2024-10-14T14:01:27.416248565 | Message sent in 769ms. de439584-fbf5-41fa-81b5-f816bc9afc7c
cnt-3_1   | 2024-10-14T14:01:27.688770495 | Message sent in 740ms. 0b93a728-c8b8-4421-8008-feecd7e703da
cnt-10_1  | Sending message at 2024-10-14T14:01:28.409968244. a334dbe6-f611-4f9b-9442-8dd83568cf09
cnt-6_1   | Sending message at 2024-10-14T14:01:28.577180252. 49d151a3-1f4a-4cd5-9811-c83a41913b48
cnt-5_1   | Sending message at 2024-10-14T14:01:28.697713535. b2b1babf-85e0-4fb4-8bcc-813191f023d8
cnt-9_1   | Sending message at 2024-10-14T14:01:28.715348475. 702783b8-3c36-4269-9dc9-e4bc6efe4bce
cnt-5_1   | Sending message at 2024-10-14T14:01:28.905646497. 9baed7f4-5620-4fb5-a61e-884401d69991
cnt-4_1   | 2024-10-14T14:01:28.909058568 | Message sent in 630ms. 39e5c1dd-d8cf-40e1-843b-5859b9354d03
cnt-10_1  | Sending message at 2024-10-14T14:01:29.315726732. 1fa572e7-ecbd-4232-9517-1a61cab370a5
cnt-8_1   | 2024-10-14T14:01:29.852836575 | Message sent in 671ms. ef23e18e-91d9-4c31-a0f8-12277ea104af
cnt-8_1   | 2024-10-14T14:01:29.918281041 | Message sent in 651ms. 8aaf65b1-486c-4afd-afce-503b7b7e801b
cnt-8_1   | 2024-10-14T14:01:30.698136437 | Message sent in 581ms. 08fd4198-a190-46a4-9c6f-6704d603b4a8
cnt-9_1   | 2024-10-14T14:01:31.318306956 | Message sent in 519ms. 6fd2081c-4739-4ff9-a6e8-840bf41a9fa6
cnt-9_1   | Sending message at 2024-10-14T14:01:31.422471665. 63023959-ad25-4926-b8e1-ba8ce516580f
cnt-9_1   | 2024-10-14T14:01:32.051921072 | Message sent in 885ms. fb1005e9-5e19-49e1-bc72-47212ded194a
cnt-4_1   | 2024-10-14T14:01:32.280752100 | Message sent in 876ms. 552482de-1d2a-4db2-bcb0-b2213e7821f2
cnt-1_1   | Sending message at 2024-10-14T14:01:32.336207246. 662e8444-0795-4986-82ee-db11f3f83203
cnt-2_1   | 2024-10-14T14:01:32.568959940 | Message sent in 1279ms. 0d9b36d2-7a6d-47fe-850e-b18f89a6ca86
cnt-9_1   | 2024-10-14T14:01:32.722131351 | Message sent in 810ms. 702783b8-3c36-4269-9dc9-e4bc6efe4bce
cnt-5_1   | 2024-10-14T14:01:32.853957708 | Message sent in 654ms. f8cefb9d-bd0c-439e-a2a3-5d0599bfd908
cnt-10_1  | 2024-10-14T14:01:33.287494532 | Message sent in 627ms. 10564d50-41c0-4b42-ba49-76ee92708a73
cnt-3_1   | Sending message at 2024-10-14T14:01:33.718192002. ef227a16-859e-4998-90ab-e002b8bb5f66
cnt-10_1  | 2024-10-14T14:01:33.764695937 | Message sent in 484ms. 6d835b07-2302-4674-a614-37bfb7bb9336
cnt-5_1   | Sending message at 2024-10-14T14:01:33.854276204. f8cefb9d-bd0c-439e-a2a3-5d0599bfd908
cnt-2_1   | Sending message at 2024-10-14T14:01:34.020560759. 66336b34-9454-48db-b97c-08dde1234535
cnt-1_1   | 2024-10-14T14:01:34.210681010 | Message sent in 521ms. 94cbaf15-748d-4dbf-b6e7-5c7f7357b6e7
cnt-2_1   | Sending message at 2024-10-14T14:01:34.561139192. d5c2ffb6-8bfb-46dd-9cde-66b3acd951ab
cnt-9_1   | 2024-10-14T14:01:35.660591394 | Message sent in 594ms. 74905987-0fb2-404b-ac07-9229d11ef037
cnt-10_1  | Sending message at 2024-10-14T14:01:35.928363725. 10564d50-41c0-4b42-ba49-76ee92708a73
cnt-7_1   | 2024-10-14T14:01:36.108240569 | Message sent in 877ms. ff9190d8-6a3b-4ca2-b2e5-08f9ff28b0fd
cnt-5_1   | 2024-10-14T14:01:36.230356292 | Message sent in 725ms. f8cefb9d-bd0c-439e-a2a3-5d0599bfd908
cnt-5_1   | 2024-10-14T14:01:36.544649824 | Message sent in 756ms. d70e38f6-1ed1-4020-9433-4dc0d15c23ff
cnt-3_1   | Sending message at 2024-10-14T14:01:37.200434143. ef227a16-859e-4998-90ab-e002b8bb5f66
cnt-10_1  | Sending message at 2024-10-14T14:01:37.440696930. 1fa572e7-ecbd-4232-9517-1a61cab370a5
cnt-2_1   | 2024-10-14T14:01:37.900891546 | Message sent in 594ms. 66336b34-9454-48db-b97c-08dde1234535
cnt-10_1  | 2024-10-14T14:01:38.045224841 | Message sent in 580ms. 10564d50-41c0-4b42-ba49-76ee92708a73
cnt-1_1   | 2024-10-14T14:01:38.072064967 | Message sent in 615ms. 73ec2073-e692-48a7-aba0-d7f30d04e0ae
cnt-1_1   | Sending message at 2024-10-14T14:01:38.779002461. 94cbaf15-748d-4dbf-b6e7-5c7f7357b6e7
cnt-6_1   | Sending message at 2024-10-14T14:01:38.814466463. d6be9637-ed9e-4896-900a-beac2cd4c79e
cnt-1_1   | Sending message at 2024-10-14T14:01:38.866176111. 49b664cb-956e-4229-8e6f-5eec20b72097
cnt-6_1   | Sending message at 2024-10-14T14:01:38.965780571. 49d151a3-1f4a-4cd5-9811-c83a41913b48
cnt-6_1   | Sending message at 2024-10-14T14:01:39.094308238. c3e12898-c694-4f14-ba11-bb7a49a3cdad
cnt-8_1   | 2024-10-14T14:01:39.614297782 | Message sent in 501ms. 8aaf65b1-486c-4afd-afce-503b7b7e801b
cnt-9_1   | Sending message at 2024-10-14T14:01:39.823548205. 74905987-0fb2-404b-ac07-9229d11ef037
cnt-9_1   | Sending message at 2024-10-14T14:01:40.527159174. 6fd2081c-4739-4ff9-a6e8-840bf41a9fa6
cnt-6_1   | Sending message at 2024-10-14T14:01:40.578642808. c3e12898-c694-4f14-ba11-bb7a49a3cdad
cnt-8_1   | Sending message at 2024-10-14T14:01:41.228929513. 11fe69f9-cc56-48a5-aa07-85e47a8c339a
cnt-6_1   | Sending message at 2024-10-14T14:01:41.299146701. 18338781-aa0b-4bf8-8867-f69cd7967555
cnt-8_1   | 2024-10-14T14:01:46.868341481 | Message sent in 6865ms. 08fd4198-a190-46a4-9c6f-6704d603b4a8
cnt-3_1   | 2024-10-14T14:01:47.354512260 | Message sent in 7027ms. ef227a16-859e-4998-90ab-e002b8bb5f66
cnt-1_1   | 2024-10-14T14:01:47.404494308 | Message sent in 7050ms. 49b664cb-956e-4229-8e6f-5eec20b72097
cnt-5_1   | 2024-10-14T14:01:48.220154727 | Message sent in 7524ms. d70e38f6-1ed1-4020-9433-4dc0d15c23ff
cnt-7_1   | Sending message at 2024-10-14T14:01:48.343495522. ff9190d8-6a3b-4ca2-b2e5-08f9ff28b0fd
cnt-3_1   | Sending message at 2024-10-14T14:01:48.354900539. ef227a16-859e-4998-90ab-e002b8bb5f66
cnt-7_1   | 2024-10-14T14:01:48.530715013 | Message sent in 7312ms. de439584-fbf5-41fa-81b5-f816bc9afc7c
cnt-9_1   | Sending message at 2024-10-14T14:01:49.247395042. 702783b8-3c36-4269-9dc9-e4bc6efe4bce
cnt-8_1   | 2024-10-14T14:01:49.316497491 | Message sent in 559ms. 8aaf65b1-486c-4afd-afce-503b7b7e801b
cnt-4_1   | Sending message at 2024-10-14T14:01:49.658902991. 39e5c1dd-d8cf-40e1-843b-5859b9354d03
cnt-3_1   | Sending message at 2024-10-14T14:01:49.997644871. 0bdb91e9-554c-4dff-9c2f-20aee6bf2a9a
cnt-8_1   | 2024-10-14T14:01:50.024240843 | Message sent in 508ms. 08fd4198-a190-46a4-9c6f-6704d603b4a8
cnt-9_1   | 2024-10-14T14:01:50.154813365 | Message sent in 496ms. 74905987-0fb2-404b-ac07-9229d11ef037
cnt-1_1   | Sending message at 2024-10-14T14:01:50.191443297. 94cbaf15-748d-4dbf-b6e7-5c7f7357b6e7
cnt-6_1   | 2024-10-14T14:01:51.410848432 | Message sent in 498ms. f0d1366d-ea21-4ae9-8c7c-a419c582e566
cnt-4_1   | Sending message at 2024-10-14T14:01:51.701581283. 59ff28ce-50ff-40ec-b305-ad5ccd72a010
cnt-2_1   | [pool-4-thread-1] ERROR org.example.Main - Failed to send message
cnt-2_1   | java.lang.IllegalStateException: Timeout on blocking read for 17400000000 NANOSECONDS
cnt-2_1   | 	at reactor.core.publisher.BlockingSingleSubscriber.blockingGet(BlockingSingleSubscriber.java:124)
cnt-2_1   | 	at reactor.core.publisher.Mono.block(Mono.java:1766)
cnt-2_1   | 	at com.azure.messaging.servicebus.ServiceBusSenderClient.sendMessage(ServiceBusSenderClient.java:266)
cnt-2_1   | 	at org.example.Main.lambda$schedulePublishing$3(Main.java:84)
cnt-2_1   | 	at java.base/java.util.concurrent.Executors$RunnableAdapter.call(Executors.java:539)
cnt-2_1   | 	at java.base/java.util.concurrent.FutureTask.runAndReset(FutureTask.java:305)
cnt-2_1   | 	at java.base/java.util.concurrent.ScheduledThreadPoolExecutor$ScheduledFutureTask.run(ScheduledThreadPoolExecutor.java:305)
cnt-2_1   | 	at java.base/java.util.concurrent.ThreadPoolExecutor.runWorker(ThreadPoolExecutor.java:1136)
cnt-9_1   | [pool-8-thread-1] ERROR org.example.Main - Failed to send message
cnt-2_1   | 	at java.base/java.util.concurrent.ThreadPoolExecutor$Worker.run(ThreadPoolExecutor.java:635)
cnt-2_1   | 	at java.base/java.lang.Thread.run(Thread.java:840)
cnt-9_1   | java.lang.IllegalStateException: Timeout on blocking read for 17400000000 NANOSECONDS
cnt-2_1   | Blocking read error encountered with d5c2ffb6-8bfb-46dd-9cde-66b3acd951ab. No more restarts.
cnt-9_1   | 	at reactor.core.publisher.BlockingSingleSubscriber.blockingGet(BlockingSingleSubscriber.java:124)
cnt-9_1   | 	at reactor.core.publisher.Mono.block(Mono.java:1766)
cnt-10_1  | [pool-5-thread-1] ERROR org.example.Main - Failed to send message
cnt-9_1   | 	at com.azure.messaging.servicebus.ServiceBusSenderClient.sendMessage(ServiceBusSenderClient.java:266)
cnt-9_1   | 	at org.example.Main.lambda$schedulePublishing$3(Main.java:84)
cnt-9_1   | 	at java.base/java.util.concurrent.Executors$RunnableAdapter.call(Executors.java:539)
cnt-10_1  | java.lang.IllegalStateException: Timeout on blocking read for 17400000000 NANOSECONDS
cnt-9_1   | 	at java.base/java.util.concurrent.FutureTask.runAndReset(FutureTask.java:305)
cnt-9_1   | 	at java.base/java.util.concurrent.ScheduledThreadPoolExecutor$ScheduledFutureTask.run(ScheduledThreadPoolExecutor.java:305)
cnt-9_1   | 	at java.base/java.util.concurrent.ThreadPoolExecutor.runWorker(ThreadPoolExecutor.java:1136)
cnt-10_1  | 	at reactor.core.publisher.BlockingSingleSubscriber.blockingGet(BlockingSingleSubscriber.java:124)
cnt-10_1  | 	at reactor.core.publisher.Mono.block(Mono.java:1766)
cnt-10_1  | 	at com.azure.messaging.servicebus.ServiceBusSenderClient.sendMessage(ServiceBusSenderClient.java:266)
cnt-10_1  | 	at org.example.Main.lambda$schedulePublishing$3(Main.java:84)
cnt-9_1   | 	at java.base/java.util.concurrent.ThreadPoolExecutor$Worker.run(ThreadPoolExecutor.java:635)
cnt-9_1   | 	at java.base/java.lang.Thread.run(Thread.java:840)
cnt-9_1   | Blocking read error encountered with 63023959-ad25-4926-b8e1-ba8ce516580f. No more restarts.
cnt-10_1  | 	at java.base/java.util.concurrent.Executors$RunnableAdapter.call(Executors.java:539)
cnt-10_1  | 	at java.base/java.util.concurrent.FutureTask.runAndReset(FutureTask.java:305)
cnt-10_1  | 	at java.base/java.util.concurrent.ScheduledThreadPoolExecutor$ScheduledFutureTask.run(ScheduledThreadPoolExecutor.java:305)
cnt-10_1  | 	at java.base/java.util.concurrent.ThreadPoolExecutor.runWorker(ThreadPoolExecutor.java:1136)
cnt-10_1  | 	at java.base/java.util.concurrent.ThreadPoolExecutor$Worker.run(ThreadPoolExecutor.java:635)
cnt-10_1  | 	at java.base/java.lang.Thread.run(Thread.java:840)
cnt-10_1  | Blocking read error encountered with f476175b-1d13-42ff-96c3-59698184fee1. No more restarts.
cnt-9_1   | [pool-6-thread-1] ERROR org.example.Main - Failed to send message
cnt-9_1   | java.lang.IllegalStateException: Timeout on blocking read for 17400000000 NANOSECONDS
cnt-9_1   | 	at reactor.core.publisher.BlockingSingleSubscriber.blockingGet(BlockingSingleSubscriber.java:124)
cnt-9_1   | 	at reactor.core.publisher.Mono.block(Mono.java:1766)
cnt-9_1   | 	at com.azure.messaging.servicebus.ServiceBusSenderClient.sendMessage(ServiceBusSenderClient.java:266)
cnt-9_1   | 	at org.example.Main.lambda$schedulePublishing$3(Main.java:84)
cnt-9_1   | 	at java.base/java.util.concurrent.Executors$RunnableAdapter.call(Executors.java:539)
cnt-9_1   | 	at java.base/java.util.concurrent.FutureTask.runAndReset(FutureTask.java:305)
cnt-9_1   | 	at java.base/java.util.concurrent.ScheduledThreadPoolExecutor$ScheduledFutureTask.run(ScheduledThreadPoolExecutor.java:305)
cnt-9_1   | 	at java.base/java.util.concurrent.ThreadPoolExecutor.runWorker(ThreadPoolExecutor.java:1136)
cnt-9_1   | 	at java.base/java.util.concurrent.ThreadPoolExecutor$Worker.run(ThreadPoolExecutor.java:635)
cnt-9_1   | 	at java.base/java.lang.Thread.run(Thread.java:840)
cnt-5_1   | [pool-4-thread-1] ERROR org.example.Main - Failed to send message
cnt-5_1   | java.lang.IllegalStateException: Timeout on blocking read for 17400000000 NANOSECONDS
cnt-5_1   | 	at reactor.core.publisher.BlockingSingleSubscriber.blockingGet(BlockingSingleSubscriber.java:124)
cnt-5_1   | 	at reactor.core.publisher.Mono.block(Mono.java:1766)
cnt-5_1   | 	at com.azure.messaging.servicebus.ServiceBusSenderClient.sendMessage(ServiceBusSenderClient.java:266)
cnt-5_1   | 	at org.example.Main.lambda$schedulePublishing$3(Main.java:84)
cnt-5_1   | 	at java.base/java.util.concurrent.Executors$RunnableAdapter.call(Executors.java:539)
cnt-5_1   | 	at java.base/java.util.concurrent.FutureTask.runAndReset(FutureTask.java:305)
cnt-5_1   | 	at java.base/java.util.concurrent.ScheduledThreadPoolExecutor$ScheduledFutureTask.run(ScheduledThreadPoolExecutor.java:305)
cnt-5_1   | 	at java.base/java.util.concurrent.ThreadPoolExecutor.runWorker(ThreadPoolExecutor.java:1136)
cnt-5_1   | 	at java.base/java.util.concurrent.ThreadPoolExecutor$Worker.run(ThreadPoolExecutor.java:635)
cnt-5_1   | 	at java.base/java.lang.Thread.run(Thread.java:840)
cnt-5_1   | Blocking read error encountered with a961bf7e-38a4-40dd-869b-8d6fb7c9f793. No more restarts.
cnt-7_1   | 2024-10-14T14:01:52.099302700 | Message sent in 488ms. b53f03d6-bbe9-4df0-962e-a57ce95512aa
cnt-10_1  | [pool-6-thread-1] ERROR org.example.Main - Failed to send message
cnt-10_1  | java.lang.IllegalStateException: Timeout on blocking read for 17400000000 NANOSECONDS
cnt-10_1  | 	at reactor.core.publisher.BlockingSingleSubscriber.blockingGet(BlockingSingleSubscriber.java:124)
cnt-10_1  | 	at reactor.core.publisher.Mono.block(Mono.java:1766)
cnt-10_1  | 	at com.azure.messaging.servicebus.ServiceBusSenderClient.sendMessage(ServiceBusSenderClient.java:266)
cnt-10_1  | 	at org.example.Main.lambda$schedulePublishing$3(Main.java:84)
cnt-10_1  | 	at java.base/java.util.concurrent.Executors$RunnableAdapter.call(Executors.java:539)
cnt-10_1  | 	at java.base/java.util.concurrent.FutureTask.runAndReset(FutureTask.java:305)
cnt-10_1  | 	at java.base/java.util.concurrent.ScheduledThreadPoolExecutor$ScheduledFutureTask.run(ScheduledThreadPoolExecutor.java:305)
cnt-10_1  | 	at java.base/java.util.concurrent.ThreadPoolExecutor.runWorker(ThreadPoolExecutor.java:1136)
cnt-10_1  | 	at java.base/java.util.concurrent.ThreadPoolExecutor$Worker.run(ThreadPoolExecutor.java:635)
cnt-10_1  | 	at java.base/java.lang.Thread.run(Thread.java:840)
cnt-4_1   | [pool-4-thread-1] ERROR org.example.Main - Failed to send message
cnt-4_1   | java.lang.IllegalStateException: Timeout on blocking read for 17400000000 NANOSECONDS
cnt-4_1   | 	at reactor.core.publisher.BlockingSingleSubscriber.blockingGet(BlockingSingleSubscriber.java:124)
cnt-4_1   | 	at reactor.core.publisher.Mono.block(Mono.java:1766)
cnt-4_1   | 	at com.azure.messaging.servicebus.ServiceBusSenderClient.sendMessage(ServiceBusSenderClient.java:266)
cnt-4_1   | 	at org.example.Main.lambda$schedulePublishing$3(Main.java:84)
cnt-4_1   | 	at java.base/java.util.concurrent.Executors$RunnableAdapter.call(Executors.java:539)
cnt-4_1   | 	at java.base/java.util.concurrent.FutureTask.runAndReset(FutureTask.java:305)
cnt-4_1   | 	at java.base/java.util.concurrent.ScheduledThreadPoolExecutor$ScheduledFutureTask.run(ScheduledThreadPoolExecutor.java:305)
cnt-4_1   | 	at java.base/java.util.concurrent.ThreadPoolExecutor.runWorker(ThreadPoolExecutor.java:1136)
cnt-4_1   | 	at java.base/java.util.concurrent.ThreadPoolExecutor$Worker.run(ThreadPoolExecutor.java:635)
cnt-4_1   | 	at java.base/java.lang.Thread.run(Thread.java:840)
cnt-4_1   | Blocking read error encountered with 552482de-1d2a-4db2-bcb0-b2213e7821f2. No more restarts.
cnt-8_1   | [pool-4-thread-1] ERROR org.example.Main - Failed to send message
cnt-8_1   | java.lang.IllegalStateException: Timeout on blocking read for 17400000000 NANOSECONDS
cnt-8_1   | 	at reactor.core.publisher.BlockingSingleSubscriber.blockingGet(BlockingSingleSubscriber.java:124)
cnt-8_1   | 	at reactor.core.publisher.Mono.block(Mono.java:1766)
cnt-8_1   | 	at com.azure.messaging.servicebus.ServiceBusSenderClient.sendMessage(ServiceBusSenderClient.java:266)
cnt-8_1   | 	at org.example.Main.lambda$schedulePublishing$3(Main.java:84)
cnt-8_1   | 	at java.base/java.util.concurrent.Executors$RunnableAdapter.call(Executors.java:539)
cnt-8_1   | 	at java.base/java.util.concurrent.FutureTask.runAndReset(FutureTask.java:305)
cnt-8_1   | 	at java.base/java.util.concurrent.ScheduledThreadPoolExecutor$ScheduledFutureTask.run(ScheduledThreadPoolExecutor.java:305)
cnt-8_1   | 	at java.base/java.util.concurrent.ThreadPoolExecutor.runWorker(ThreadPoolExecutor.java:1136)
cnt-8_1   | 	at java.base/java.util.concurrent.ThreadPoolExecutor$Worker.run(ThreadPoolExecutor.java:635)
cnt-8_1   | 	at java.base/java.lang.Thread.run(Thread.java:840)
cnt-8_1   | Blocking read error encountered with 496daa43-7985-4457-ac20-ce9c0c49abd9. No more restarts.
cnt-2_1   | [pool-6-thread-1] ERROR org.example.Main - Failed to send message
cnt-2_1   | java.lang.IllegalStateException: Timeout on blocking read for 17400000000 NANOSECONDS
cnt-2_1   | 	at reactor.core.publisher.BlockingSingleSubscriber.blockingGet(BlockingSingleSubscriber.java:124)
cnt-2_1   | 	at reactor.core.publisher.Mono.block(Mono.java:1766)
cnt-2_1   | 	at com.azure.messaging.servicebus.ServiceBusSenderClient.sendMessage(ServiceBusSenderClient.java:266)
cnt-2_1   | 	at org.example.Main.lambda$schedulePublishing$3(Main.java:84)
cnt-2_1   | 	at java.base/java.util.concurrent.Executors$RunnableAdapter.call(Executors.java:539)
cnt-2_1   | 	at java.base/java.util.concurrent.FutureTask.runAndReset(FutureTask.java:305)
cnt-2_1   | 	at java.base/java.util.concurrent.ScheduledThreadPoolExecutor$ScheduledFutureTask.run(ScheduledThreadPoolExecutor.java:305)
cnt-2_1   | 	at java.base/java.util.concurrent.ThreadPoolExecutor.runWorker(ThreadPoolExecutor.java:1136)
cnt-2_1   | 	at java.base/java.util.concurrent.ThreadPoolExecutor$Worker.run(ThreadPoolExecutor.java:635)
cnt-2_1   | 	at java.base/java.lang.Thread.run(Thread.java:840)
cnt-7_1   | Scheduled exit. Godbyeeeeeeeeeeeeeee...
asb-debug_cnt-7_1 exited with code 69
cnt-7_1   | Starting the application. Logging messages with probability 0.05...
cnt-1_1   | 2024-10-14T14:01:59.167047801 | Message sent in 7029ms. 19f85ca0-6aee-4ed2-94da-4d4098312c48
cnt-6_1   | 2024-10-14T14:01:59.530815889 | Message sent in 7113ms. f0d1366d-ea21-4ae9-8c7c-a419c582e566
cnt-2_1   | 2024-10-14T14:01:59.690339270 | Message sent in 7318ms. 0d9b36d2-7a6d-47fe-850e-b18f89a6ca86
cnt-1_1   | Sending message at 2024-10-14T14:02:00.167363931. 19f85ca0-6aee-4ed2-94da-4d4098312c48
cnt-5_1   | 2024-10-14T14:02:00.569978132 | Message sent in 7326ms. b2b1babf-85e0-4fb4-8bcc-813191f023d8
cnt-10_1  | 2024-10-14T14:02:00.745857470 | Message sent in 7422ms. 10564d50-41c0-4b42-ba49-76ee92708a73
cnt-6_1   | Scheduled exit. Godbyeeeeeeeeeeeeeee...
cnt-1_1   | Sending message at 2024-10-14T14:02:01.562650968. 73ec2073-e692-48a7-aba0-d7f30d04e0ae
asb-debug_cnt-6_1 exited with code 69
cnt-5_1   | Sending message at 2024-10-14T14:02:01.848365665. 9baed7f4-5620-4fb5-a61e-884401d69991
cnt-10_1  | 2024-10-14T14:02:01.865200198 | Message sent in 395ms. a334dbe6-f611-4f9b-9442-8dd83568cf09
cnt-3_1   | 2024-10-14T14:02:01.901583011 | Message sent in 528ms. 0bdb91e9-554c-4dff-9c2f-20aee6bf2a9a
cnt-6_1   | Starting the application. Logging messages with probability 0.05...
cnt-8_1   | 2024-10-14T14:02:03.776472013 | Message sent in 534ms. 8aaf65b1-486c-4afd-afce-503b7b7e801b
cnt-2_1   | Sending message at 2024-10-14T14:02:04.257885693. 327ae42e-a65e-4d34-a73d-99e3d02e9240
cnt-8_1   | 2024-10-14T14:02:04.330799929 | Message sent in 490ms. 11fe69f9-cc56-48a5-aa07-85e47a8c339a
cnt-2_1   | 2024-10-14T14:02:04.355998020 | Message sent in 495ms. 0d9b36d2-7a6d-47fe-850e-b18f89a6ca86
cnt-6_1   | Sending message at 2024-10-14T14:02:04.853700602. 279c584a-7b49-4169-b977-47ca89a46f7d
cnt-1_1   | Scheduled exit. Godbyeeeeeeeeeeeeeee...
asb-debug_cnt-1_1 exited with code 69
cnt-1_1   | Starting the application. Logging messages with probability 0.05...
cnt-9_1   | Sending message at 2024-10-14T14:02:06.026235964. 6fd2081c-4739-4ff9-a6e8-840bf41a9fa6
cnt-4_1   | Sending message at 2024-10-14T14:02:06.804893560. eae04f22-1257-49ec-88a5-721017f8e951
cnt-9_1   | 2024-10-14T14:02:06.871632143 | Message sent in 845ms. 6fd2081c-4739-4ff9-a6e8-840bf41a9fa6
cnt-3_1   | Sending message at 2024-10-14T14:02:07.439497876. d07ba927-28bd-4617-9a7e-ba2bfe51abf2
cnt-9_1   | Sending message at 2024-10-14T14:02:07.871996839. 6fd2081c-4739-4ff9-a6e8-840bf41a9fa6
cnt-4_1   | 2024-10-14T14:02:08.036841208 | Message sent in 521ms. 42edea4d-b770-46c5-bf93-78bc082a43f8
cnt-10_1  | 2024-10-14T14:02:08.411669141 | Message sent in 554ms. 10564d50-41c0-4b42-ba49-76ee92708a73
cnt-6_1   | Sending message at 2024-10-14T14:02:08.601620820. 401c15aa-248b-497f-a259-703f8c80c938
cnt-8_1   | 2024-10-14T14:02:09.446719663 | Message sent in 523ms. 08fd4198-a190-46a4-9c6f-6704d603b4a8
cnt-7_1   | Sending message at 2024-10-14T14:02:09.498449803. 4c63251b-7bf6-4265-9896-7db6e0062db7
cnt-7_1   | Sending message at 2024-10-14T14:02:09.810770736. fcf61b31-97ed-49b2-93f5-372bdb514d88
cnt-8_1   | 2024-10-14T14:02:09.941523889 | Message sent in 509ms. 8aaf65b1-486c-4afd-afce-503b7b7e801b
cnt-7_1   | 2024-10-14T14:02:10.729396639 | Message sent in 919ms. fcf61b31-97ed-49b2-93f5-372bdb514d88
cnt-10_1  | 2024-10-14T14:02:10.735887979 | Message sent in 907ms. cafb0c3e-6b14-479b-b009-55f15eb01c3f
cnt-7_1   | 2024-10-14T14:02:11.064030814 | Message sent in 512ms. 8963d3ba-2da2-47e7-abd6-325970af264c
cnt-10_1  | 2024-10-14T14:02:11.450198897 | Message sent in 512ms. 1fa572e7-ecbd-4232-9517-1a61cab370a5
cnt-2_1   | Sending message at 2024-10-14T14:02:11.727891964. 0d9b36d2-7a6d-47fe-850e-b18f89a6ca86
cnt-10_1  | Sending message at 2024-10-14T14:02:11.736222243. cafb0c3e-6b14-479b-b009-55f15eb01c3f
cnt-3_1   | Sending message at 2024-10-14T14:02:11.908382615. d07ba927-28bd-4617-9a7e-ba2bfe51abf2
cnt-8_1   | Sending message at 2024-10-14T14:02:12.032171118. ef23e18e-91d9-4c31-a0f8-12277ea104af
cnt-7_1   | Sending message at 2024-10-14T14:02:12.391202249. 301b62c7-0af5-4135-95b5-5cbc46696af7
cnt-4_1   | 2024-10-14T14:02:12.809047080 | Message sent in 764ms. 42edea4d-b770-46c5-bf93-78bc082a43f8
cnt-3_1   | Scheduled exit. Godbyeeeeeeeeeeeeeee...
cnt-5_1   | 2024-10-14T14:02:12.948683167 | Message sent in 593ms. b2b1babf-85e0-4fb4-8bcc-813191f023d8
cnt-2_1   | 2024-10-14T14:02:12.981545666 | Message sent in 591ms. e617f77a-3732-4282-80f6-eab5004353c4
asb-debug_cnt-3_1 exited with code 69
cnt-2_1   | Sending message at 2024-10-14T14:02:13.652466692. 0d9b36d2-7a6d-47fe-850e-b18f89a6ca86
cnt-10_1  | Sending message at 2024-10-14T14:02:13.758740009. cafb0c3e-6b14-479b-b009-55f15eb01c3f
cnt-3_1   | Starting the application. Logging messages with probability 0.05...
cnt-2_1   | 2024-10-14T14:02:14.184378312 | Message sent in 532ms. 0d9b36d2-7a6d-47fe-850e-b18f89a6ca86
cnt-8_1   | 2024-10-14T14:02:14.227269077 | Message sent in 564ms. 11fe69f9-cc56-48a5-aa07-85e47a8c339a
cnt-10_1  | 2024-10-14T14:02:15.062316608 | Message sent in 1297ms. 6869603d-ed4b-419e-bd66-0572e4a92db8
cnt-5_1   | Sending message at 2024-10-14T14:02:16.016502043. 298ab7bf-5b04-4b9d-ad1a-3e436ad0a30f
cnt-7_1   | Sending message at 2024-10-14T14:02:16.106079001. 8963d3ba-2da2-47e7-abd6-325970af264c
cnt-9_1   | 2024-10-14T14:02:16.141309133 | Message sent in 922ms. 74905987-0fb2-404b-ac07-9229d11ef037
cnt-2_1   | Sending message at 2024-10-14T14:02:16.157344526. 66336b34-9454-48db-b97c-08dde1234535
cnt-4_1   | Sending message at 2024-10-14T14:02:17.041679606. eae04f22-1257-49ec-88a5-721017f8e951
cnt-10_1  | Sending message at 2024-10-14T14:02:17.663021266. 1fa572e7-ecbd-4232-9517-1a61cab370a5
cnt-10_1  | 2024-10-14T14:02:23.259936595 | Message sent in 7232ms. cafb0c3e-6b14-479b-b009-55f15eb01c3f
cnt-1_1   | Sending message at 2024-10-14T14:02:24.224950605. 66e031dc-a671-4e8f-a876-c34107439d1b
cnt-10_1  | Sending message at 2024-10-14T14:02:24.797262540. 10564d50-41c0-4b42-ba49-76ee92708a73
cnt-6_1   | 2024-10-14T14:02:24.911163793 | Message sent in 540ms. 401c15aa-248b-497f-a259-703f8c80c938
cnt-7_1   | 2024-10-14T14:02:25.466305220 | Message sent in 495ms. fcf61b31-97ed-49b2-93f5-372bdb514d88
cnt-2_1   | Sending message at 2024-10-14T14:02:25.640896450. 327ae42e-a65e-4d34-a73d-99e3d02e9240
cnt-1_1   | Sending message at 2024-10-14T14:02:25.738841942. 66e031dc-a671-4e8f-a876-c34107439d1b
cnt-1_1   | Sending message at 2024-10-14T14:02:25.807745674. 2c0109e3-d555-42c6-9ca7-b512ae87565e
cnt-4_1   | Sending message at 2024-10-14T14:02:25.889060690. 66b3b317-136d-4d04-8d96-521b51969a4f
cnt-5_1   | Sending message at 2024-10-14T14:02:26.124477911. f8cefb9d-bd0c-439e-a2a3-5d0599bfd908
cnt-10_1  | 2024-10-14T14:02:26.502155793 | Message sent in 533ms. 1fa572e7-ecbd-4232-9517-1a61cab370a5
cnt-3_1   | 2024-10-14T14:02:26.507909674 | Message sent in 530ms. 24edde12-a215-41df-a49d-d32f5214b2e4
cnt-9_1   | 2024-10-14T14:02:26.925062589 | Message sent in 579ms. 702783b8-3c36-4269-9dc9-e4bc6efe4bce
cnt-7_1   | Sending message at 2024-10-14T14:02:27.089407028. 301b62c7-0af5-4135-95b5-5cbc46696af7
cnt-8_1   | 2024-10-14T14:02:27.844254311 | Message sent in 607ms. 08fd4198-a190-46a4-9c6f-6704d603b4a8
cnt-6_1   | 2024-10-14T14:02:27.906335243 | Message sent in 568ms. a726434a-0be8-4055-966e-2e5542e644c2
cnt-8_1   | 2024-10-14T14:02:28.417642498 | Message sent in 977ms. ef23e18e-91d9-4c31-a0f8-12277ea104af
cnt-5_1   | 2024-10-14T14:02:28.462903407 | Message sent in 1023ms. d70e38f6-1ed1-4020-9433-4dc0d15c23ff
cnt-4_1   | 2024-10-14T14:02:28.844272276 | Message sent in 1383ms. 66b3b317-136d-4d04-8d96-521b51969a4f
cnt-2_1   | 2024-10-14T14:02:28.980173304 | Message sent in 1501ms. e617f77a-3732-4282-80f6-eab5004353c4
cnt-1_1   | 2024-10-14T14:02:30.592677185 | Message sent in 792ms. b2d7797e-6d36-4a35-bc2e-44b4578e0955
cnt-5_1   | Sending message at 2024-10-14T14:02:31.476326772. 9baed7f4-5620-4fb5-a61e-884401d69991
cnt-2_1   | Sending message at 2024-10-14T14:02:31.604678055. 66336b34-9454-48db-b97c-08dde1234535
cnt-10_1  | 2024-10-14T14:02:32.260476102 | Message sent in 606ms. 1fa572e7-ecbd-4232-9517-1a61cab370a5
cnt-1_1   | Sending message at 2024-10-14T14:02:33.342032653. b2d7797e-6d36-4a35-bc2e-44b4578e0955
cnt-1_1   | 2024-10-14T14:02:36.347733849 | Message sent in 7384ms. 2c0109e3-d555-42c6-9ca7-b512ae87565e
cnt-4_1   | 2024-10-14T14:02:36.449762091 | Message sent in 598ms. 42edea4d-b770-46c5-bf93-78bc082a43f8
cnt-7_1   | 2024-10-14T14:02:37.028753602 | Message sent in 488ms. fcf61b31-97ed-49b2-93f5-372bdb514d88
cnt-5_1   | Sending message at 2024-10-14T14:02:37.389176947. f8cefb9d-bd0c-439e-a2a3-5d0599bfd908
cnt-6_1   | Sending message at 2024-10-14T14:02:37.450724027. ba378c3a-71eb-4d2b-8d43-f0db97d7314e
cnt-10_1  | 2024-10-14T14:02:37.702988750 | Message sent in 466ms. cafb0c3e-6b14-479b-b009-55f15eb01c3f
cnt-3_1   | 2024-10-14T14:02:37.806719615 | Message sent in 459ms. 720fd4a2-04d6-4131-a4ac-ac3f319e09e4
cnt-9_1   | 2024-10-14T14:02:38.594121866 | Message sent in 673ms. 702783b8-3c36-4269-9dc9-e4bc6efe4bce
cnt-9_1   | Sending message at 2024-10-14T14:02:39.109167033. 2a1292f5-e629-4934-af0c-5494c08a20c8
cnt-8_1   | Sending message at 2024-10-14T14:02:39.132634085. bcaef864-519b-486a-8b41-744296e556c2
cnt-10_1  | Sending message at 2024-10-14T14:02:39.553846807. a334dbe6-f611-4f9b-9442-8dd83568cf09
cnt-9_1   | Sending message at 2024-10-14T14:02:39.594459293. 702783b8-3c36-4269-9dc9-e4bc6efe4bce
cnt-9_1   | 2024-10-14T14:02:39.706356101 | Message sent in 727ms. 1a0c04f1-44aa-432a-855c-b9d3a0e005a6
cnt-1_1   | 2024-10-14T14:02:39.809823895 | Message sent in 676ms. feabec76-8eb4-4887-aa2a-8470aebc539d
cnt-2_1   | 2024-10-14T14:02:39.983654851 | Message sent in 642ms. 0d9b36d2-7a6d-47fe-850e-b18f89a6ca86
cnt-9_1   | 2024-10-14T14:02:40.018021915 | Message sent in 517ms. 6fd2081c-4739-4ff9-a6e8-840bf41a9fa6
cnt-10_1  | Sending message at 2024-10-14T14:02:40.763888014. 10564d50-41c0-4b42-ba49-76ee92708a73
cnt-7_1   | Sending message at 2024-10-14T14:02:41.158715769. 4c63251b-7bf6-4265-9896-7db6e0062db7
cnt-10_1  | Sending message at 2024-10-14T14:02:41.497834766. 1fa572e7-ecbd-4232-9517-1a61cab370a5
cnt-3_1   | Sending message at 2024-10-14T14:02:43.480432623. 24edde12-a215-41df-a49d-d32f5214b2e4
cnt-8_1   | Sending message at 2024-10-14T14:02:44.595099569. 8aaf65b1-486c-4afd-afce-503b7b7e801b
cnt-5_1   | Sending message at 2024-10-14T14:02:44.912061363. 9baed7f4-5620-4fb5-a61e-884401d69991
cnt-5_1   | 2024-10-14T14:02:45.009354154 | Message sent in 561ms. d70e38f6-1ed1-4020-9433-4dc0d15c23ff
cnt-10_1  | Sending message at 2024-10-14T14:02:45.044095679. 6869603d-ed4b-419e-bd66-0572e4a92db8
cnt-10_1  | 2024-10-14T14:02:45.139729570 | Message sent in 525ms. 1fa572e7-ecbd-4232-9517-1a61cab370a5
cnt-3_1   | 2024-10-14T14:02:45.519906884 | Message sent in 513ms. 720fd4a2-04d6-4131-a4ac-ac3f319e09e4
cnt-8_1   | Sending message at 2024-10-14T14:02:46.124116543. 8aaf65b1-486c-4afd-afce-503b7b7e801b
cnt-5_1   | 2024-10-14T14:02:46.510620667 | Message sent in 501ms. d70e38f6-1ed1-4020-9433-4dc0d15c23ff
cnt-7_1   | 2024-10-14T14:02:46.540225219 | Message sent in 527ms. 8963d3ba-2da2-47e7-abd6-325970af264c
cnt-3_1   | Sending message at 2024-10-14T14:02:46.546992718. 24edde12-a215-41df-a49d-d32f5214b2e4
cnt-7_1   | Sending message at 2024-10-14T14:02:46.642505970. 301b62c7-0af5-4135-95b5-5cbc46696af7
cnt-4_1   | 2024-10-14T14:02:46.780958100 | Message sent in 656ms. 42edea4d-b770-46c5-bf93-78bc082a43f8
cnt-4_1   | 2024-10-14T14:02:46.982394989 | Message sent in 575ms. 39e5c1dd-d8cf-40e1-843b-5859b9354d03
cnt-1_1   | Sending message at 2024-10-14T14:02:47.457772566. bfc3edc9-f7df-499f-bbc5-0bfc3db4122b
cnt-5_1   | Sending message at 2024-10-14T14:02:47.997185585. 9baed7f4-5620-4fb5-a61e-884401d69991
cnt-6_1   | Sending message at 2024-10-14T14:02:49.069687649. f5f3426b-f3c3-4b0a-9f89-20117eecaab3
cnt-5_1   | 2024-10-14T14:02:49.167518080 | Message sent in 884ms. b2b1babf-85e0-4fb4-8bcc-813191f023d8
cnt-7_1   | Sending message at 2024-10-14T14:02:49.588282710. fcf61b31-97ed-49b2-93f5-372bdb514d88
cnt-4_1   | Sending message at 2024-10-14T14:02:49.617717549. eae04f22-1257-49ec-88a5-721017f8e951
cnt-4_1   | Sending message at 2024-10-14T14:02:49.738427663. 39e5c1dd-d8cf-40e1-843b-5859b9354d03
cnt-5_1   | Sending message at 2024-10-14T14:02:49.771153893. 9baed7f4-5620-4fb5-a61e-884401d69991
cnt-10_1  | Sending message at 2024-10-14T14:02:50.262200981. 6869603d-ed4b-419e-bd66-0572e4a92db8
cnt-4_1   | 2024-10-14T14:02:50.716280664 | Message sent in 829ms. 66b3b317-136d-4d04-8d96-521b51969a4f
cnt-3_1   | Sending message at 2024-10-14T14:02:51.828750525. 24edde12-a215-41df-a49d-d32f5214b2e4
cnt-8_1   | Sending message at 2024-10-14T14:02:51.959143774. 08fd4198-a190-46a4-9c6f-6704d603b4a8
cnt-3_1   | 2024-10-14T14:02:52.404379024 | Message sent in 576ms. 24edde12-a215-41df-a49d-d32f5214b2e4
cnt-1_1   | Sending message at 2024-10-14T14:02:53.404812422. 66e031dc-a671-4e8f-a876-c34107439d1b
cnt-9_1   | 2024-10-14T14:02:53.408407582 | Message sent in 634ms. 2a1292f5-e629-4934-af0c-5494c08a20c8
cnt-8_1   | Sending message at 2024-10-14T14:02:53.788596425. 08fd4198-a190-46a4-9c6f-6704d603b4a8
cnt-5_1   | Sending message at 2024-10-14T14:02:54.093244223. d70e38f6-1ed1-4020-9433-4dc0d15c23ff
cnt-9_1   | Sending message at 2024-10-14T14:02:54.408723829. 2a1292f5-e629-4934-af0c-5494c08a20c8
cnt-2_1   | 2024-10-14T14:02:55.347378401 | Message sent in 583ms. e617f77a-3732-4282-80f6-eab5004353c4
cnt-3_1   | 2024-10-14T14:02:55.561233897 | Message sent in 702ms. 24edde12-a215-41df-a49d-d32f5214b2e4
cnt-2_1   | Sending message at 2024-10-14T14:02:56.418813196. 66336b34-9454-48db-b97c-08dde1234535
cnt-2_1   | Sending message at 2024-10-14T14:02:56.528443162. 327ae42e-a65e-4d34-a73d-99e3d02e9240
cnt-3_1   | Sending message at 2024-10-14T14:02:56.621708437. d0dec037-ac46-40fe-9f2b-dd3c1a4be427
cnt-7_1   | 2024-10-14T14:02:58.151015641 | Message sent in 502ms. 4c63251b-7bf6-4265-9896-7db6e0062db7
cnt-3_1   | 2024-10-14T14:02:58.582420118 | Message sent in 502ms. 24edde12-a215-41df-a49d-d32f5214b2e4
cnt-7_1   | Scheduled exit. Godbyeeeeeeeeeeeeeee...
asb-debug_cnt-7_1 exited with code 69
cnt-7_1   | Starting the application. Logging messages with probability 0.05...
cnt-1_1   | 2024-10-14T14:03:00.168255714 | Message sent in 502ms. 2c0109e3-d555-42c6-9ca7-b512ae87565e
cnt-1_1   | Sending message at 2024-10-14T14:03:00.936743088. feabec76-8eb4-4887-aa2a-8470aebc539d
cnt-3_1   | Sending message at 2024-10-14T14:03:01.042770469. d1e634c5-f378-4bbf-84e2-5acf70c6986e
cnt-10_1  | 2024-10-14T14:03:01.220658283 | Message sent in 509ms. cafb0c3e-6b14-479b-b009-55f15eb01c3f
cnt-6_1   | Scheduled exit. Godbyeeeeeeeeeeeeeee...
asb-debug_cnt-6_1 exited with code 69
cnt-6_1   | Starting the application. Logging messages with probability 0.05...
cnt-1_1   | Scheduled exit. Godbyeeeeeeeeeeeeeee...
asb-debug_cnt-1_1 exited with code 69
cnt-1_1   | Starting the application. Logging messages with probability 0.05...
cnt-2_1   | 2024-10-14T14:03:08.387105897 | Message sent in 7185ms. 327ae42e-a65e-4d34-a73d-99e3d02e9240
cnt-5_1   | Sending message at 2024-10-14T14:03:08.893180150. 298ab7bf-5b04-4b9d-ad1a-3e436ad0a30f
cnt-8_1   | Sending message at 2024-10-14T14:03:09.374852677. 08fd4198-a190-46a4-9c6f-6704d603b4a8
cnt-7_1   | Sending message at 2024-10-14T14:03:09.566919709. 19bbb39f-4bf1-4f6a-833a-3ca90ef6b59c
cnt-6_1   | 2024-10-14T14:03:09.626203586 | Message sent in 1988ms. 244e6634-8539-43a0-b8d6-00a6fe97f371
cnt-4_1   | 2024-10-14T14:03:09.879343436 | Message sent in 515ms. 59ff28ce-50ff-40ec-b305-ad5ccd72a010
cnt-9_1   | 2024-10-14T14:03:09.899012477 | Message sent in 511ms. 74905987-0fb2-404b-ac07-9229d11ef037
cnt-10_1  | Sending message at 2024-10-14T14:03:10.022328047. 10564d50-41c0-4b42-ba49-76ee92708a73
cnt-4_1   | Sending message at 2024-10-14T14:03:10.879640633. 59ff28ce-50ff-40ec-b305-ad5ccd72a010
cnt-9_1   | [pool-8-thread-1] ERROR org.example.Main - Failed to send message
cnt-9_1   | java.lang.IllegalStateException: Timeout on blocking read for 17400000000 NANOSECONDS
cnt-9_1   | 	at reactor.core.publisher.BlockingSingleSubscriber.blockingGet(BlockingSingleSubscriber.java:124)
cnt-9_1   | 	at reactor.core.publisher.Mono.block(Mono.java:1766)
cnt-9_1   | 	at com.azure.messaging.servicebus.ServiceBusSenderClient.sendMessage(ServiceBusSenderClient.java:266)
cnt-9_1   | 	at org.example.Main.lambda$schedulePublishing$3(Main.java:84)
cnt-9_1   | 	at java.base/java.util.concurrent.Executors$RunnableAdapter.call(Executors.java:539)
cnt-9_1   | 	at java.base/java.util.concurrent.FutureTask.runAndReset(FutureTask.java:305)
cnt-9_1   | 	at java.base/java.util.concurrent.ScheduledThreadPoolExecutor$ScheduledFutureTask.run(ScheduledThreadPoolExecutor.java:305)
cnt-9_1   | 	at java.base/java.util.concurrent.ThreadPoolExecutor.runWorker(ThreadPoolExecutor.java:1136)
cnt-9_1   | 	at java.base/java.util.concurrent.ThreadPoolExecutor$Worker.run(ThreadPoolExecutor.java:635)
cnt-9_1   | 	at java.base/java.lang.Thread.run(Thread.java:840)
cnt-2_1   | [pool-4-thread-1] ERROR org.example.Main - Failed to send message
cnt-2_1   | java.lang.IllegalStateException: Timeout on blocking read for 17400000000 NANOSECONDS
cnt-2_1   | 	at reactor.core.publisher.BlockingSingleSubscriber.blockingGet(BlockingSingleSubscriber.java:124)
cnt-2_1   | 	at reactor.core.publisher.Mono.block(Mono.java:1766)
cnt-2_1   | 	at com.azure.messaging.servicebus.ServiceBusSenderClient.sendMessage(ServiceBusSenderClient.java:266)
cnt-2_1   | 	at org.example.Main.lambda$schedulePublishing$3(Main.java:84)
cnt-2_1   | 	at java.base/java.util.concurrent.Executors$RunnableAdapter.call(Executors.java:539)
cnt-2_1   | 	at java.base/java.util.concurrent.FutureTask.runAndReset(FutureTask.java:305)
cnt-2_1   | 	at java.base/java.util.concurrent.ScheduledThreadPoolExecutor$ScheduledFutureTask.run(ScheduledThreadPoolExecutor.java:305)
cnt-2_1   | 	at java.base/java.util.concurrent.ThreadPoolExecutor.runWorker(ThreadPoolExecutor.java:1136)
cnt-2_1   | 	at java.base/java.util.concurrent.ThreadPoolExecutor$Worker.run(ThreadPoolExecutor.java:635)
cnt-2_1   | 	at java.base/java.lang.Thread.run(Thread.java:840)
cnt-9_1   | [pool-7-thread-1] ERROR org.example.Main - Failed to send message
cnt-9_1   | java.lang.IllegalStateException: Timeout on blocking read for 17400000000 NANOSECONDS
cnt-8_1   | [pool-5-thread-1] ERROR org.example.Main - Failed to send message
cnt-8_1   | java.lang.IllegalStateException: Timeout on blocking read for 17400000000 NANOSECONDS
cnt-9_1   | 	at reactor.core.publisher.BlockingSingleSubscriber.blockingGet(BlockingSingleSubscriber.java:124)
cnt-9_1   | 	at reactor.core.publisher.Mono.block(Mono.java:1766)
cnt-9_1   | 	at com.azure.messaging.servicebus.ServiceBusSenderClient.sendMessage(ServiceBusSenderClient.java:266)
cnt-9_1   | 	at org.example.Main.lambda$schedulePublishing$3(Main.java:84)
cnt-8_1   | 	at reactor.core.publisher.BlockingSingleSubscriber.blockingGet(BlockingSingleSubscriber.java:124)
cnt-8_1   | 	at reactor.core.publisher.Mono.block(Mono.java:1766)
cnt-8_1   | 	at com.azure.messaging.servicebus.ServiceBusSenderClient.sendMessage(ServiceBusSenderClient.java:266)
cnt-3_1   | [pool-5-thread-1] ERROR org.example.Main - Failed to send message
cnt-9_1   | 	at java.base/java.util.concurrent.Executors$RunnableAdapter.call(Executors.java:539)
cnt-9_1   | 	at java.base/java.util.concurrent.FutureTask.runAndReset(FutureTask.java:305)
cnt-9_1   | 	at java.base/java.util.concurrent.ScheduledThreadPoolExecutor$ScheduledFutureTask.run(ScheduledThreadPoolExecutor.java:305)
cnt-9_1   | 	at java.base/java.util.concurrent.ThreadPoolExecutor.runWorker(ThreadPoolExecutor.java:1136)
cnt-8_1   | 	at org.example.Main.lambda$schedulePublishing$3(Main.java:84)
cnt-8_1   | 	at java.base/java.util.concurrent.Executors$RunnableAdapter.call(Executors.java:539)
cnt-8_1   | 	at java.base/java.util.concurrent.FutureTask.runAndReset(FutureTask.java:305)
cnt-8_1   | 	at java.base/java.util.concurrent.ScheduledThreadPoolExecutor$ScheduledFutureTask.run(ScheduledThreadPoolExecutor.java:305)
cnt-8_1   | 	at java.base/java.util.concurrent.ThreadPoolExecutor.runWorker(ThreadPoolExecutor.java:1136)
cnt-9_1   | 	at java.base/java.util.concurrent.ThreadPoolExecutor$Worker.run(ThreadPoolExecutor.java:635)
cnt-9_1   | 	at java.base/java.lang.Thread.run(Thread.java:840)
cnt-3_1   | java.lang.IllegalStateException: Timeout on blocking read for 17400000000 NANOSECONDS
cnt-8_1   | 	at java.base/java.util.concurrent.ThreadPoolExecutor$Worker.run(ThreadPoolExecutor.java:635)
cnt-8_1   | 	at java.base/java.lang.Thread.run(Thread.java:840)
cnt-3_1   | 	at reactor.core.publisher.BlockingSingleSubscriber.blockingGet(BlockingSingleSubscriber.java:124)
cnt-3_1   | 	at reactor.core.publisher.Mono.block(Mono.java:1766)
cnt-3_1   | 	at com.azure.messaging.servicebus.ServiceBusSenderClient.sendMessage(ServiceBusSenderClient.java:266)
cnt-3_1   | 	at org.example.Main.lambda$schedulePublishing$3(Main.java:84)
cnt-3_1   | 	at java.base/java.util.concurrent.Executors$RunnableAdapter.call(Executors.java:539)
cnt-3_1   | 	at java.base/java.util.concurrent.FutureTask.runAndReset(FutureTask.java:305)
cnt-3_1   | 	at java.base/java.util.concurrent.ScheduledThreadPoolExecutor$ScheduledFutureTask.run(ScheduledThreadPoolExecutor.java:305)
cnt-3_1   | 	at java.base/java.util.concurrent.ThreadPoolExecutor.runWorker(ThreadPoolExecutor.java:1136)
cnt-3_1   | 	at java.base/java.util.concurrent.ThreadPoolExecutor$Worker.run(ThreadPoolExecutor.java:635)
cnt-3_1   | 	at java.base/java.lang.Thread.run(Thread.java:840)
cnt-3_1   | Blocking read error encountered with 652dd8b4-4c5f-48ba-83e0-310d43c3daa3. No more restarts.
cnt-10_1  | [pool-4-thread-1] ERROR org.example.Main - Failed to send message
cnt-10_1  | java.lang.IllegalStateException: Timeout on blocking read for 17400000000 NANOSECONDS
cnt-10_1  | 	at reactor.core.publisher.BlockingSingleSubscriber.blockingGet(BlockingSingleSubscriber.java:124)
cnt-10_1  | 	at reactor.core.publisher.Mono.block(Mono.java:1766)
cnt-10_1  | 	at com.azure.messaging.servicebus.ServiceBusSenderClient.sendMessage(ServiceBusSenderClient.java:266)
cnt-10_1  | 	at org.example.Main.lambda$schedulePublishing$3(Main.java:84)
cnt-10_1  | 	at java.base/java.util.concurrent.Executors$RunnableAdapter.call(Executors.java:539)
cnt-10_1  | 	at java.base/java.util.concurrent.FutureTask.runAndReset(FutureTask.java:305)
cnt-10_1  | 	at java.base/java.util.concurrent.ScheduledThreadPoolExecutor$ScheduledFutureTask.run(ScheduledThreadPoolExecutor.java:305)
cnt-10_1  | 	at java.base/java.util.concurrent.ThreadPoolExecutor.runWorker(ThreadPoolExecutor.java:1136)
cnt-10_1  | 	at java.base/java.util.concurrent.ThreadPoolExecutor$Worker.run(ThreadPoolExecutor.java:635)
cnt-10_1  | 	at java.base/java.lang.Thread.run(Thread.java:840)
cnt-10_1  | [pool-8-thread-1] ERROR org.example.Main - Failed to send message
cnt-10_1  | java.lang.IllegalStateException: Timeout on blocking read for 17400000000 NANOSECONDS
cnt-10_1  | 	at reactor.core.publisher.BlockingSingleSubscriber.blockingGet(BlockingSingleSubscriber.java:124)
cnt-10_1  | 	at reactor.core.publisher.Mono.block(Mono.java:1766)
cnt-10_1  | 	at com.azure.messaging.servicebus.ServiceBusSenderClient.sendMessage(ServiceBusSenderClient.java:266)
cnt-10_1  | 	at org.example.Main.lambda$schedulePublishing$3(Main.java:84)
cnt-10_1  | 	at java.base/java.util.concurrent.Executors$RunnableAdapter.call(Executors.java:539)
cnt-10_1  | 	at java.base/java.util.concurrent.FutureTask.runAndReset(FutureTask.java:305)
cnt-10_1  | 	at java.base/java.util.concurrent.ScheduledThreadPoolExecutor$ScheduledFutureTask.run(ScheduledThreadPoolExecutor.java:305)
cnt-10_1  | 	at java.base/java.util.concurrent.ThreadPoolExecutor.runWorker(ThreadPoolExecutor.java:1136)
cnt-10_1  | 	at java.base/java.util.concurrent.ThreadPoolExecutor$Worker.run(ThreadPoolExecutor.java:635)
cnt-10_1  | 	at java.base/java.lang.Thread.run(Thread.java:840)
cnt-4_1   | 2024-10-14T14:03:11.765653080 | Message sent in 886ms. 59ff28ce-50ff-40ec-b305-ad5ccd72a010
cnt-2_1   | 2024-10-14T14:03:13.069505012 | Message sent in 507ms. 0d9b36d2-7a6d-47fe-850e-b18f89a6ca86
cnt-9_1   | Sending message at 2024-10-14T14:03:13.411816433. 2a1292f5-e629-4934-af0c-5494c08a20c8
cnt-9_1   | Sending message at 2024-10-14T14:03:13.770831854. 6fd2081c-4739-4ff9-a6e8-840bf41a9fa6
cnt-7_1   | Sending message at 2024-10-14T14:03:13.868673465. 247f1782-4cc9-4713-8c97-3bdabd04fb3c
cnt-10_1  | 2024-10-14T14:03:17.963592569 | Message sent in 528ms. 8798b7e3-cdc9-4394-a322-ed172abed205
cnt-8_1   | 2024-10-14T14:03:20.905161897 | Message sent in 8251ms. 50cd97e1-8f13-4699-9dfe-227d87427ea6
cnt-10_1  | Sending message at 2024-10-14T14:03:21.135523844. 10564d50-41c0-4b42-ba49-76ee92708a73
cnt-10_1  | Sending message at 2024-10-14T14:03:21.525624768. cafb0c3e-6b14-479b-b009-55f15eb01c3f
cnt-5_1   | Sending message at 2024-10-14T14:03:21.576549526. 298ab7bf-5b04-4b9d-ad1a-3e436ad0a30f
cnt-2_1   | Sending message at 2024-10-14T14:03:22.155713213. 0d9b36d2-7a6d-47fe-850e-b18f89a6ca86
cnt-9_1   | Sending message at 2024-10-14T14:03:22.185385239. 74905987-0fb2-404b-ac07-9229d11ef037
cnt-4_1   | Sending message at 2024-10-14T14:03:22.247903914. 66b3b317-136d-4d04-8d96-521b51969a4f
cnt-3_1   | Sending message at 2024-10-14T14:03:22.402687329. d0dec037-ac46-40fe-9f2b-dd3c1a4be427
cnt-10_1  | 2024-10-14T14:03:22.455360934 | Message sent in 500ms. 8798b7e3-cdc9-4394-a322-ed172abed205
cnt-9_1   | Sending message at 2024-10-14T14:03:23.039614957. 2a1292f5-e629-4934-af0c-5494c08a20c8
cnt-5_1   | Sending message at 2024-10-14T14:03:23.085474173. 298ab7bf-5b04-4b9d-ad1a-3e436ad0a30f
cnt-1_1   | Sending message at 2024-10-14T14:03:23.291072408. 86a3ff58-0e3b-4e2d-a3bc-37ec964b7921
cnt-2_1   | Sending message at 2024-10-14T14:03:23.659850733. 0d9b36d2-7a6d-47fe-850e-b18f89a6ca86
cnt-6_1   | Sending message at 2024-10-14T14:03:23.789643216. 2b6893d5-db5c-4bdf-aefe-d5cb17f1dcb6
cnt-2_1   | 2024-10-14T14:03:24.018183922 | Message sent in 504ms. d1f4d49a-1d8f-426e-a3fa-57f98f4a1559
cnt-7_1   | 2024-10-14T14:03:24.890813233 | Message sent in 580ms. 798622e8-081e-4a13-87f3-4b7cf71caf78
cnt-9_1   | Sending message at 2024-10-14T14:03:24.928176320. d1f36265-cfe3-44ee-b729-d713a4870998
cnt-8_1   | 2024-10-14T14:03:24.965283572 | Message sent in 501ms. ef23e18e-91d9-4c31-a0f8-12277ea104af
cnt-10_1  | 2024-10-14T14:03:25.086260551 | Message sent in 545ms. cafb0c3e-6b14-479b-b009-55f15eb01c3f
cnt-3_1   | Sending message at 2024-10-14T14:03:25.159434277. 24edde12-a215-41df-a49d-d32f5214b2e4
cnt-6_1   | Sending message at 2024-10-14T14:03:25.289405247. 2b6893d5-db5c-4bdf-aefe-d5cb17f1dcb6
cnt-4_1   | Sending message at 2024-10-14T14:03:25.302387762. eae04f22-1257-49ec-88a5-721017f8e951
cnt-7_1   | 2024-10-14T14:03:25.523427880 | Message sent in 531ms. 247f1782-4cc9-4713-8c97-3bdabd04fb3c
cnt-9_1   | 2024-10-14T14:03:25.556443859 | Message sent in 510ms. 6fd2081c-4739-4ff9-a6e8-840bf41a9fa6
cnt-7_1   | 2024-10-14T14:03:25.561017501 | Message sent in 514ms. f62f98ba-a015-4393-a56a-d093c8691def
cnt-1_1   | Sending message at 2024-10-14T14:03:25.561935018. 32fb008c-8530-4407-a05a-df3228b53862
cnt-6_1   | Sending message at 2024-10-14T14:03:25.932695929. 361a92b8-2d41-454f-8d80-1bcecc415e37
cnt-5_1   | Sending message at 2024-10-14T14:03:26.151960326. 298ab7bf-5b04-4b9d-ad1a-3e436ad0a30f
cnt-7_1   | Sending message at 2024-10-14T14:03:26.819178211. 19bbb39f-4bf1-4f6a-833a-3ca90ef6b59c
cnt-5_1   | Sending message at 2024-10-14T14:03:26.847271713. b2b1babf-85e0-4fb4-8bcc-813191f023d8
cnt-7_1   | 2024-10-14T14:03:26.877710773 | Message sent in 1000ms. 71a36a41-3afe-4c58-ac93-1785bce9fec0
cnt-10_1  | Sending message at 2024-10-14T14:03:28.152442682. ed4f86db-d924-4b86-99d9-20d51de5c04c
cnt-1_1   | Sending message at 2024-10-14T14:03:28.502942565. a9f4ea63-2926-426d-b736-039641a0cb6c
cnt-1_1   | 2024-10-14T14:03:29.107082088 | Message sent in 604ms. a9f4ea63-2926-426d-b736-039641a0cb6c
cnt-4_1   | Sending message at 2024-10-14T14:03:30.115211092. 39e5c1dd-d8cf-40e1-843b-5859b9354d03
cnt-9_1   | 2024-10-14T14:03:30.442213725 | Message sent in 574ms. 2a1292f5-e629-4934-af0c-5494c08a20c8
cnt-6_1   | 2024-10-14T14:03:30.798341682 | Message sent in 838ms. 954be502-d7bd-498f-a284-dae92264172c
cnt-9_1   | 2024-10-14T14:03:30.893250488 | Message sent in 933ms. d1f36265-cfe3-44ee-b729-d713a4870998
cnt-5_1   | 2024-10-14T14:03:31.899752223 | Message sent in 515ms. d70e38f6-1ed1-4020-9433-4dc0d15c23ff
cnt-4_1   | 2024-10-14T14:03:32.653150776 | Message sent in 779ms. 39e5c1dd-d8cf-40e1-843b-5859b9354d03
cnt-10_1  | Sending message at 2024-10-14T14:03:32.869146125. cafb0c3e-6b14-479b-b009-55f15eb01c3f
cnt-6_1   | Sending message at 2024-10-14T14:03:33.540208003. 2b6893d5-db5c-4bdf-aefe-d5cb17f1dcb6
cnt-1_1   | 2024-10-14T14:03:33.623716138 | Message sent in 652ms. 86a3ff58-0e3b-4e2d-a3bc-37ec964b7921
cnt-7_1   | 2024-10-14T14:03:34.103956055 | Message sent in 550ms. 19bbb39f-4bf1-4f6a-833a-3ca90ef6b59c
cnt-10_1  | Sending message at 2024-10-14T14:03:35.930870912. 10564d50-41c0-4b42-ba49-76ee92708a73
cnt-1_1   | Sending message at 2024-10-14T14:03:36.127535041. 86a3ff58-0e3b-4e2d-a3bc-37ec964b7921
cnt-9_1   | 2024-10-14T14:03:43.358620289 | Message sent in 7016ms. 6fd2081c-4739-4ff9-a6e8-840bf41a9fa6
cnt-10_1  | Sending message at 2024-10-14T14:03:44.644638649. 8798b7e3-cdc9-4394-a322-ed172abed205
cnt-9_1   | [pool-7-thread-1] ERROR org.example.Main - Failed to send message
cnt-9_1   | java.lang.IllegalStateException: Timeout on blocking read for 17400000000 NANOSECONDS
cnt-9_1   | 	at reactor.core.publisher.BlockingSingleSubscriber.blockingGet(BlockingSingleSubscriber.java:124)
cnt-9_1   | 	at reactor.core.publisher.Mono.block(Mono.java:1766)
cnt-9_1   | 	at com.azure.messaging.servicebus.ServiceBusSenderClient.sendMessage(ServiceBusSenderClient.java:266)
cnt-9_1   | 	at org.example.Main.lambda$schedulePublishing$3(Main.java:84)
cnt-9_1   | 	at java.base/java.util.concurrent.Executors$RunnableAdapter.call(Executors.java:539)
cnt-9_1   | 	at java.base/java.util.concurrent.FutureTask.runAndReset(FutureTask.java:305)
cnt-9_1   | 	at java.base/java.util.concurrent.ScheduledThreadPoolExecutor$ScheduledFutureTask.run(ScheduledThreadPoolExecutor.java:305)
cnt-9_1   | 	at java.base/java.util.concurrent.ThreadPoolExecutor.runWorker(ThreadPoolExecutor.java:1136)
cnt-9_1   | 	at java.base/java.util.concurrent.ThreadPoolExecutor$Worker.run(ThreadPoolExecutor.java:635)
cnt-9_1   | 	at java.base/java.lang.Thread.run(Thread.java:840)
cnt-10_1  | [pool-4-thread-1] ERROR org.example.Main - Failed to send message
cnt-10_1  | java.lang.IllegalStateException: Timeout on blocking read for 17400000000 NANOSECONDS
cnt-10_1  | 	at reactor.core.publisher.BlockingSingleSubscriber.blockingGet(BlockingSingleSubscriber.java:124)
cnt-10_1  | 	at reactor.core.publisher.Mono.block(Mono.java:1766)
cnt-10_1  | 	at com.azure.messaging.servicebus.ServiceBusSenderClient.sendMessage(ServiceBusSenderClient.java:266)
cnt-10_1  | 	at org.example.Main.lambda$schedulePublishing$3(Main.java:84)
cnt-10_1  | 	at java.base/java.util.concurrent.Executors$RunnableAdapter.call(Executors.java:539)
cnt-10_1  | 	at java.base/java.util.concurrent.FutureTask.runAndReset(FutureTask.java:305)
cnt-10_1  | 	at java.base/java.util.concurrent.ScheduledThreadPoolExecutor$ScheduledFutureTask.run(ScheduledThreadPoolExecutor.java:305)
cnt-10_1  | 	at java.base/java.util.concurrent.ThreadPoolExecutor.runWorker(ThreadPoolExecutor.java:1136)
cnt-10_1  | 	at java.base/java.util.concurrent.ThreadPoolExecutor$Worker.run(ThreadPoolExecutor.java:635)
cnt-10_1  | 	at java.base/java.lang.Thread.run(Thread.java:840)
cnt-3_1   | [pool-6-thread-1] ERROR org.example.Main - Failed to send message
cnt-3_1   | java.lang.IllegalStateException: Timeout on blocking read for 17400000000 NANOSECONDS
