cnt-3_1   | 	at reactor.core.publisher.BlockingSingleSubscriber.blockingGet(BlockingSingleSubscriber.java:124)
cnt-3_1   | 	at reactor.core.publisher.Mono.block(Mono.java:1766)
cnt-3_1   | 	at com.azure.messaging.servicebus.ServiceBusSenderClient.sendMessage(ServiceBusSenderClient.java:266)
cnt-3_1   | 	at org.example.Main.lambda$schedulePublishing$3(Main.java:84)
cnt-3_1   | 	at java.base/java.util.concurrent.Executors$RunnableAdapter.call(Executors.java:539)
cnt-3_1   | 	at java.base/java.util.concurrent.FutureTask.runAndReset(FutureTask.java:305)
cnt-3_1   | 	at java.base/java.util.concurrent.ScheduledThreadPoolExecutor$ScheduledFutureTask.run(ScheduledThreadPoolExecutor.java:305)
cnt-3_1   | 	at java.base/java.util.concurrent.ThreadPoolExecutor.runWorker(ThreadPoolExecutor.java:1136)
cnt-3_1   | 	at java.base/java.util.concurrent.ThreadPoolExecutor$Worker.run(ThreadPoolExecutor.java:635)
cnt-3_1   | 	at java.base/java.lang.Thread.run(Thread.java:840)
cnt-2_1   | [pool-8-thread-1] ERROR org.example.Main - Failed to send message
cnt-2_1   | java.lang.IllegalStateException: Timeout on blocking read for 17400000000 NANOSECONDS
cnt-2_1   | 	at reactor.core.publisher.BlockingSingleSubscriber.blockingGet(BlockingSingleSubscriber.java:124)
cnt-2_1   | 	at reactor.core.publisher.Mono.block(Mono.java:1766)
cnt-2_1   | 	at com.azure.messaging.servicebus.ServiceBusSenderClient.sendMessage(ServiceBusSenderClient.java:266)
cnt-2_1   | 	at org.example.Main.lambda$schedulePublishing$3(Main.java:84)
cnt-2_1   | 	at java.base/java.util.concurrent.Executors$RunnableAdapter.call(Executors.java:539)
cnt-2_1   | 	at java.base/java.util.concurrent.FutureTask.runAndReset(FutureTask.java:305)
cnt-2_1   | 	at java.base/java.util.concurrent.ScheduledThreadPoolExecutor$ScheduledFutureTask.run(ScheduledThreadPoolExecutor.java:305)
cnt-2_1   | 	at java.base/java.util.concurrent.ThreadPoolExecutor.runWorker(ThreadPoolExecutor.java:1136)
cnt-2_1   | 	at java.base/java.util.concurrent.ThreadPoolExecutor$Worker.run(ThreadPoolExecutor.java:635)
cnt-2_1   | 	at java.base/java.lang.Thread.run(Thread.java:840)
cnt-2_1   | [pool-7-thread-1] ERROR org.example.Main - Failed to send message
cnt-2_1   | java.lang.IllegalStateException: Timeout on blocking read for 17400000000 NANOSECONDS
cnt-2_1   | 	at reactor.core.publisher.BlockingSingleSubscriber.blockingGet(BlockingSingleSubscriber.java:124)
cnt-2_1   | 	at reactor.core.publisher.Mono.block(Mono.java:1766)
cnt-2_1   | 	at com.azure.messaging.servicebus.ServiceBusSenderClient.sendMessage(ServiceBusSenderClient.java:266)
cnt-2_1   | 	at org.example.Main.lambda$schedulePublishing$3(Main.java:84)
cnt-2_1   | 	at java.base/java.util.concurrent.Executors$RunnableAdapter.call(Executors.java:539)
cnt-2_1   | 	at java.base/java.util.concurrent.FutureTask.runAndReset(FutureTask.java:305)
cnt-2_1   | 	at java.base/java.util.concurrent.ScheduledThreadPoolExecutor$ScheduledFutureTask.run(ScheduledThreadPoolExecutor.java:305)
cnt-2_1   | 	at java.base/java.util.concurrent.ThreadPoolExecutor.runWorker(ThreadPoolExecutor.java:1136)
cnt-2_1   | 	at java.base/java.util.concurrent.ThreadPoolExecutor$Worker.run(ThreadPoolExecutor.java:635)
cnt-2_1   | 	at java.base/java.lang.Thread.run(Thread.java:840)
cnt-9_1   | Sending message at 2024-10-14T14:03:46.261654540. d1f36265-cfe3-44ee-b729-d713a4870998
cnt-5_1   | 2024-10-14T14:03:46.352158364 | Message sent in 519ms. 298ab7bf-5b04-4b9d-ad1a-3e436ad0a30f
cnt-5_1   | 2024-10-14T14:03:46.556856172 | Message sent in 495ms. b2b1babf-85e0-4fb4-8bcc-813191f023d8
cnt-10_1  | 2024-10-14T14:03:46.651887064 | Message sent in 502ms. 8798b7e3-cdc9-4394-a322-ed172abed205
cnt-5_1   | 2024-10-14T14:03:46.704438505 | Message sent in 498ms. 9baed7f4-5620-4fb5-a61e-884401d69991
cnt-10_1  | Sending message at 2024-10-14T14:03:47.227602669. 10564d50-41c0-4b42-ba49-76ee92708a73
cnt-2_1   | Sending message at 2024-10-14T14:03:47.464552401. 66336b34-9454-48db-b97c-08dde1234535
cnt-5_1   | Sending message at 2024-10-14T14:03:47.557118245. b2b1babf-85e0-4fb4-8bcc-813191f023d8
cnt-6_1   | Sending message at 2024-10-14T14:03:47.771254279. 2b6893d5-db5c-4bdf-aefe-d5cb17f1dcb6
cnt-1_1   | Sending message at 2024-10-14T14:03:47.827008673. a9f4ea63-2926-426d-b736-039641a0cb6c
cnt-6_1   | 2024-10-14T14:03:54.973484397 | Message sent in 7096ms. f39e411b-6797-4f11-a202-039998ad0210
cnt-9_1   | 2024-10-14T14:03:55.055456100 | Message sent in 8495ms. 315b060b-3e69-4a02-a751-35811e317df7
cnt-6_1   | 2024-10-14T14:03:55.105463296 | Message sent in 7333ms. 244e6634-8539-43a0-b8d6-00a6fe97f371
cnt-6_1   | 2024-10-14T14:03:55.178352187 | Message sent in 7592ms. 361a92b8-2d41-454f-8d80-1bcecc415e37
cnt-10_1  | 2024-10-14T14:03:55.577825773 | Message sent in 7032ms. cafb0c3e-6b14-479b-b009-55f15eb01c3f
cnt-8_1   | 2024-10-14T14:03:55.862408923 | Message sent in 7199ms. ef23e18e-91d9-4c31-a0f8-12277ea104af
cnt-10_1  | 2024-10-14T14:03:55.901746211 | Message sent in 7170ms. 10564d50-41c0-4b42-ba49-76ee92708a73
cnt-3_1   | Sending message at 2024-10-14T14:03:55.943018252. d0dec037-ac46-40fe-9f2b-dd3c1a4be427
cnt-3_1   | Sending message at 2024-10-14T14:03:55.944053883. d1e634c5-f378-4bbf-84e2-5acf70c6986e
cnt-4_1   | Sending message at 2024-10-14T14:03:56.159703755. 66b3b317-136d-4d04-8d96-521b51969a4f
cnt-6_1   | 2024-10-14T14:03:56.478649273 | Message sent in 517ms. 954be502-d7bd-498f-a284-dae92264172c
cnt-10_1  | Sending message at 2024-10-14T14:03:56.902044495. 10564d50-41c0-4b42-ba49-76ee92708a73
cnt-8_1   | Sending message at 2024-10-14T14:03:57.662584804. 11fe69f9-cc56-48a5-aa07-85e47a8c339a
cnt-2_1   | 2024-10-14T14:03:58.259423238 | Message sent in 604ms. 327ae42e-a65e-4d34-a73d-99e3d02e9240
cnt-2_1   | Sending message at 2024-10-14T14:03:58.276496421. b1b98a77-721f-4ffa-91b0-af2bcf385a7b
cnt-9_1   | 2024-10-14T14:03:58.391103455 | Message sent in 737ms. 6fd2081c-4739-4ff9-a6e8-840bf41a9fa6
cnt-7_1   | Sending message at 2024-10-14T14:03:58.487323343. 71a36a41-3afe-4c58-ac93-1785bce9fec0
cnt-7_1   | 2024-10-14T14:03:58.915418868 | Message sent in 428ms. 71a36a41-3afe-4c58-ac93-1785bce9fec0
cnt-5_1   | Sending message at 2024-10-14T14:03:59.008744649. 9baed7f4-5620-4fb5-a61e-884401d69991
cnt-1_1   | 2024-10-14T14:03:59.323001603 | Message sent in 670ms. aa390ad5-1ae8-4aa7-8928-7ebb537b3ed5
cnt-3_1   | 2024-10-14T14:03:59.353797232 | Message sent in 866ms. 73ec49fb-4e73-42b1-b3b2-e76396a21c77
cnt-3_1   | Sending message at 2024-10-14T14:04:00.354153048. 73ec49fb-4e73-42b1-b3b2-e76396a21c77
cnt-7_1   | Scheduled exit. Godbyeeeeeeeeeeeeeee...
cnt-5_1   | 2024-10-14T14:04:00.970198757 | Message sent in 358ms. d70e38f6-1ed1-4020-9433-4dc0d15c23ff
asb-debug_cnt-7_1 exited with code 69
cnt-2_1   | Sending message at 2024-10-14T14:04:01.423784631. 66336b34-9454-48db-b97c-08dde1234535
cnt-6_1   | Sending message at 2024-10-14T14:04:01.579054712. 954be502-d7bd-498f-a284-dae92264172c
cnt-1_1   | Sending message at 2024-10-14T14:04:01.794028648. aa390ad5-1ae8-4aa7-8928-7ebb537b3ed5
cnt-7_1   | Starting the application. Logging messages with probability 0.05...
cnt-9_1   | 2024-10-14T14:04:02.922486344 | Message sent in 513ms. d1f36265-cfe3-44ee-b729-d713a4870998
cnt-5_1   | 2024-10-14T14:04:02.967587264 | Message sent in 505ms. 298ab7bf-5b04-4b9d-ad1a-3e436ad0a30f
cnt-10_1  | Sending message at 2024-10-14T14:04:02.971832308. 8798b7e3-cdc9-4394-a322-ed172abed205
cnt-6_1   | Sending message at 2024-10-14T14:04:03.054723689. 244e6634-8539-43a0-b8d6-00a6fe97f371
cnt-7_1   | Sending message at 2024-10-14T14:04:03.483836427. 39ae864f-453d-4ae0-a5fd-814f180f73d8
cnt-6_1   | Scheduled exit. Godbyeeeeeeeeeeeeeee...
asb-debug_cnt-6_1 exited with code 69
cnt-7_1   | Sending message at 2024-10-14T14:04:05.482601665. ed067e96-424e-4dfb-adda-e7d22133f16f
cnt-6_1   | Starting the application. Logging messages with probability 0.05...
cnt-7_1   | 2024-10-14T14:04:07.958845267 | Message sent in 509ms. d0b4b1c8-1add-4690-a0aa-8dc371bb00a0
cnt-1_1   | Scheduled exit. Godbyeeeeeeeeeeeeeee...
asb-debug_cnt-1_1 exited with code 69
cnt-1_1   | Starting the application. Logging messages with probability 0.05...
cnt-7_1   | 2024-10-14T14:04:10.280001552 | Message sent in 517ms. ed067e96-424e-4dfb-adda-e7d22133f16f
cnt-10_1  | 2024-10-14T14:04:10.343947387 | Message sent in 7371ms. 8798b7e3-cdc9-4394-a322-ed172abed205
cnt-10_1  | 2024-10-14T14:04:10.482634511 | Message sent in 7448ms. 6869603d-ed4b-419e-bd66-0572e4a92db8
cnt-3_1   | 2024-10-14T14:04:11.341330688 | Message sent in 503ms. d1e634c5-f378-4bbf-84e2-5acf70c6986e
cnt-9_1   | 2024-10-14T14:04:11.807683976 | Message sent in 710ms. 74905987-0fb2-404b-ac07-9229d11ef037
cnt-2_1   | Sending message at 2024-10-14T14:04:12.103524931. 327ae42e-a65e-4d34-a73d-99e3d02e9240
cnt-5_1   | Sending message at 2024-10-14T14:04:12.116237893. d70e38f6-1ed1-4020-9433-4dc0d15c23ff
cnt-4_1   | Sending message at 2024-10-14T14:04:13.052393498. 39e5c1dd-d8cf-40e1-843b-5859b9354d03
cnt-5_1   | Sending message at 2024-10-14T14:04:13.149428792. b2b1babf-85e0-4fb4-8bcc-813191f023d8
cnt-9_1   | 2024-10-14T14:04:19.318998358 | Message sent in 7264ms. 2a1292f5-e629-4934-af0c-5494c08a20c8
cnt-7_1   | Sending message at 2024-10-14T14:04:20.183762445. 39ae864f-453d-4ae0-a5fd-814f180f73d8
cnt-2_1   | Sending message at 2024-10-14T14:04:20.188742621. 327ae42e-a65e-4d34-a73d-99e3d02e9240
cnt-3_1   | Sending message at 2024-10-14T14:04:20.203122549. 73ec49fb-4e73-42b1-b3b2-e76396a21c77
cnt-6_1   | Sending message at 2024-10-14T14:04:20.449079387. c7a4c63d-bf7a-48ae-bce7-5e413c11a74c
cnt-2_1   | 2024-10-14T14:04:20.659029529 | Message sent in 478ms. ef375814-6220-4775-a0d7-506c3dda378b
cnt-4_1   | 2024-10-14T14:04:20.699789007 | Message sent in 511ms. 66b3b317-136d-4d04-8d96-521b51969a4f
cnt-3_1   | 2024-10-14T14:04:20.700477786 | Message sent in 497ms. 73ec49fb-4e73-42b1-b3b2-e76396a21c77
cnt-3_1   | 2024-10-14T14:04:20.926055867 | Message sent in 478ms. d1e634c5-f378-4bbf-84e2-5acf70c6986e
cnt-9_1   | Sending message at 2024-10-14T14:04:21.093680900. 6fd2081c-4739-4ff9-a6e8-840bf41a9fa6
cnt-2_1   | Sending message at 2024-10-14T14:04:21.659308959. ef375814-6220-4775-a0d7-506c3dda378b
cnt-4_1   | Sending message at 2024-10-14T14:04:21.700068692. 66b3b317-136d-4d04-8d96-521b51969a4f
cnt-1_1   | 2024-10-14T14:04:21.848921641 | Message sent in 500ms. 01b3549b-c7c4-4090-b74c-422f90022082
cnt-2_1   | 2024-10-14T14:04:21.992848042 | Message sent in 601ms. d1f4d49a-1d8f-426e-a3fa-57f98f4a1559
cnt-4_1   | Sending message at 2024-10-14T14:04:22.825374238. 42edea4d-b770-46c5-bf93-78bc082a43f8
cnt-4_1   | Sending message at 2024-10-14T14:04:22.909651544. eae04f22-1257-49ec-88a5-721017f8e951
cnt-4_1   | 2024-10-14T14:04:24.753187165 | Message sent in 500ms. 39e5c1dd-d8cf-40e1-843b-5859b9354d03
cnt-2_1   | Sending message at 2024-10-14T14:04:25.615018612. 66336b34-9454-48db-b97c-08dde1234535
cnt-4_1   | Sending message at 2024-10-14T14:04:27.249031400. 39e5c1dd-d8cf-40e1-843b-5859b9354d03
cnt-8_1   | Sending message at 2024-10-14T14:04:28.708586716. bcaef864-519b-486a-8b41-744296e556c2
cnt-3_1   | 2024-10-14T14:04:29.816484847 | Message sent in 6953ms. d0dec037-ac46-40fe-9f2b-dd3c1a4be427
cnt-4_1   | 2024-10-14T14:04:29.857167248 | Message sent in 7032ms. 42edea4d-b770-46c5-bf93-78bc082a43f8
cnt-6_1   | 2024-10-14T14:04:30.003158809 | Message sent in 7303ms. 8a0ce1ba-4212-4adb-a373-cebdc5c2e001
cnt-8_1   | Sending message at 2024-10-14T14:04:30.965691860. 08fd4198-a190-46a4-9c6f-6704d603b4a8
cnt-8_1   | 2024-10-14T14:04:31.672855039 | Message sent in 497ms. 11fe69f9-cc56-48a5-aa07-85e47a8c339a
cnt-5_1   | Sending message at 2024-10-14T14:04:31.676757970. f8cefb9d-bd0c-439e-a2a3-5d0599bfd908
cnt-2_1   | 2024-10-14T14:04:31.751216886 | Message sent in 507ms. d1f4d49a-1d8f-426e-a3fa-57f98f4a1559
cnt-2_1   | 2024-10-14T14:04:32.087388370 | Message sent in 495ms. b1b98a77-721f-4ffa-91b0-af2bcf385a7b
cnt-9_1   | 2024-10-14T14:04:32.797371489 | Message sent in 514ms. d1f36265-cfe3-44ee-b729-d713a4870998
cnt-4_1   | 2024-10-14T14:04:32.948560644 | Message sent in 526ms. 42edea4d-b770-46c5-bf93-78bc082a43f8
cnt-3_1   | Sending message at 2024-10-14T14:04:33.059609984. 720fd4a2-04d6-4131-a4ac-ac3f319e09e4
cnt-10_1  | 2024-10-14T14:04:33.345659141 | Message sent in 543ms. 10564d50-41c0-4b42-ba49-76ee92708a73
cnt-8_1   | Sending message at 2024-10-14T14:04:33.840202523. ef23e18e-91d9-4c31-a0f8-12277ea104af
cnt-4_1   | Sending message at 2024-10-14T14:04:34.173236163. 66b3b317-136d-4d04-8d96-521b51969a4f
cnt-7_1   | 2024-10-14T14:04:35.029748891 | Message sent in 555ms. d0b4b1c8-1add-4690-a0aa-8dc371bb00a0
cnt-2_1   | Sending message at 2024-10-14T14:04:35.908115721. d1f4d49a-1d8f-426e-a3fa-57f98f4a1559
cnt-3_1   | 2024-10-14T14:04:36.022624208 | Message sent in 616ms. d0dec037-ac46-40fe-9f2b-dd3c1a4be427
cnt-9_1   | Sending message at 2024-10-14T14:04:36.030448379. 2a1292f5-e629-4934-af0c-5494c08a20c8
cnt-2_1   | 2024-10-14T14:04:36.136462863 | Message sent in 503ms. ef375814-6220-4775-a0d7-506c3dda378b
cnt-9_1   | 2024-10-14T14:04:36.136460746 | Message sent in 598ms. 315b060b-3e69-4a02-a751-35811e317df7
cnt-4_1   | Sending message at 2024-10-14T14:04:36.319043857. 59ff28ce-50ff-40ec-b305-ad5ccd72a010
cnt-4_1   | 2024-10-14T14:04:36.381333437 | Message sent in 590ms. eae04f22-1257-49ec-88a5-721017f8e951
cnt-7_1   | 2024-10-14T14:04:37.010269847 | Message sent in 670ms. 47f6b0e0-861c-422c-8a91-348180fe094e
cnt-8_1   | 2024-10-14T14:04:37.580880626 | Message sent in 600ms. ef23e18e-91d9-4c31-a0f8-12277ea104af
cnt-3_1   | Sending message at 2024-10-14T14:04:38.687185559. d0dec037-ac46-40fe-9f2b-dd3c1a4be427
cnt-7_1   | 2024-10-14T14:04:38.885473001 | Message sent in 875ms. 47f6b0e0-861c-422c-8a91-348180fe094e
cnt-10_1  | Sending message at 2024-10-14T14:04:39.016597675. 8798b7e3-cdc9-4394-a322-ed172abed205
cnt-5_1   | Sending message at 2024-10-14T14:04:39.081538639. 298ab7bf-5b04-4b9d-ad1a-3e436ad0a30f
cnt-1_1   | 2024-10-14T14:04:39.469394922 | Message sent in 573ms. 35f411f2-6053-4477-bb1c-5b15b18e2241
cnt-2_1   | 2024-10-14T14:04:39.686759271 | Message sent in 522ms. d1f4d49a-1d8f-426e-a3fa-57f98f4a1559
cnt-7_1   | 2024-10-14T14:04:39.693278817 | Message sent in 507ms. d0b4b1c8-1add-4690-a0aa-8dc371bb00a0
cnt-10_1  | 2024-10-14T14:04:41.096374468 | Message sent in 526ms. 6869603d-ed4b-419e-bd66-0572e4a92db8
cnt-4_1   | 2024-10-14T14:04:42.734123605 | Message sent in 1017ms. 59ff28ce-50ff-40ec-b305-ad5ccd72a010
cnt-7_1   | 2024-10-14T14:04:42.748281278 | Message sent in 545ms. d0b4b1c8-1add-4690-a0aa-8dc371bb00a0
cnt-3_1   | Sending message at 2024-10-14T14:04:43.781112083. d0dec037-ac46-40fe-9f2b-dd3c1a4be427
cnt-2_1   | 2024-10-14T14:04:44.182159748 | Message sent in 486ms. 66336b34-9454-48db-b97c-08dde1234535
cnt-4_1   | 2024-10-14T14:04:44.311118408 | Message sent in 563ms. 39e5c1dd-d8cf-40e1-843b-5859b9354d03
cnt-9_1   | Sending message at 2024-10-14T14:04:45.249482013. 6fd2081c-4739-4ff9-a6e8-840bf41a9fa6
cnt-8_1   | Sending message at 2024-10-14T14:04:45.260447944. 50cd97e1-8f13-4699-9dfe-227d87427ea6
cnt-1_1   | Sending message at 2024-10-14T14:04:45.636906434. 9d4b9c9a-7afc-411c-8098-b43e331fbafc
cnt-9_1   | 2024-10-14T14:04:45.872788696 | Message sent in 512ms. d1f36265-cfe3-44ee-b729-d713a4870998
cnt-3_1   | Sending message at 2024-10-14T14:04:46.716586417. 73ec49fb-4e73-42b1-b3b2-e76396a21c77
cnt-9_1   | Sending message at 2024-10-14T14:04:47.178137074. 2a1292f5-e629-4934-af0c-5494c08a20c8
cnt-9_1   | 2024-10-14T14:04:47.676455843 | Message sent in 761ms. 74905987-0fb2-404b-ac07-9229d11ef037
cnt-1_1   | Sending message at 2024-10-14T14:04:48.582818825. 9faaaa85-538a-4674-ab2b-fccd0f031e23
cnt-8_1   | 2024-10-14T14:04:49.440025479 | Message sent in 862ms. 50cd97e1-8f13-4699-9dfe-227d87427ea6
cnt-9_1   | 2024-10-14T14:04:49.454529765 | Message sent in 800ms. 6fd2081c-4739-4ff9-a6e8-840bf41a9fa6
cnt-3_1   | 2024-10-14T14:04:49.692233162 | Message sent in 1047ms. 73ec49fb-4e73-42b1-b3b2-e76396a21c77
cnt-10_1  | 2024-10-14T14:04:49.717732197 | Message sent in 7774ms. c20f9c6a-f3df-4812-bd62-18f67fee0bd1
cnt-6_1   | Sending message at 2024-10-14T14:04:50.707498636. d8c80485-3fa1-4b44-81ca-f8f71b6ef368
cnt-1_1   | Sending message at 2024-10-14T14:04:50.718128864. 9d4b9c9a-7afc-411c-8098-b43e331fbafc
cnt-1_1   | 2024-10-14T14:04:50.987430185 | Message sent in 532ms. 01b3549b-c7c4-4090-b74c-422f90022082
cnt-2_1   | 2024-10-14T14:04:51.009468230 | Message sent in 564ms. ef375814-6220-4775-a0d7-506c3dda378b
cnt-7_1   | 2024-10-14T14:04:51.171285409 | Message sent in 486ms. d0b4b1c8-1add-4690-a0aa-8dc371bb00a0
cnt-2_1   | Sending message at 2024-10-14T14:04:51.194689462. 66336b34-9454-48db-b97c-08dde1234535
cnt-2_1   | 2024-10-14T14:04:51.308201902 | Message sent in 608ms. b1b98a77-721f-4ffa-91b0-af2bcf385a7b
cnt-1_1   | 2024-10-14T14:04:51.308423677 | Message sent in 590ms. 9d4b9c9a-7afc-411c-8098-b43e331fbafc
cnt-7_1   | 2024-10-14T14:04:51.731581535 | Message sent in 778ms. ed067e96-424e-4dfb-adda-e7d22133f16f
cnt-5_1   | Sending message at 2024-10-14T14:04:52.731319973. b2b1babf-85e0-4fb4-8bcc-813191f023d8
cnt-2_1   | Sending message at 2024-10-14T14:04:52.731518489. 327ae42e-a65e-4d34-a73d-99e3d02e9240
cnt-7_1   | Sending message at 2024-10-14T14:04:53.201996611. 39ae864f-453d-4ae0-a5fd-814f180f73d8
cnt-4_1   | 2024-10-14T14:04:53.204582618 | Message sent in 473ms. 42edea4d-b770-46c5-bf93-78bc082a43f8
cnt-2_1   | 2024-10-14T14:04:53.613823686 | Message sent in 687ms. 66336b34-9454-48db-b97c-08dde1234535
cnt-1_1   | 2024-10-14T14:04:53.614614967 | Message sent in 523ms. 35f411f2-6053-4477-bb1c-5b15b18e2241
cnt-3_1   | Sending message at 2024-10-14T14:04:54.792050927. bb206308-7c8c-4266-8bec-b1522d4a6e8d
cnt-3_1   | 2024-10-14T14:04:54.896618576 | Message sent in 740ms. d0dec037-ac46-40fe-9f2b-dd3c1a4be427
cnt-5_1   | 2024-10-14T14:04:54.901895287 | Message sent in 745ms. f8cefb9d-bd0c-439e-a2a3-5d0599bfd908
cnt-7_1   | 2024-10-14T14:04:54.968581608 | Message sent in 580ms. ed067e96-424e-4dfb-adda-e7d22133f16f
cnt-7_1   | 2024-10-14T14:04:55.536847886 | Message sent in 500ms. 39ae864f-453d-4ae0-a5fd-814f180f73d8
cnt-7_1   | Sending message at 2024-10-14T14:04:55.659332311. d0b4b1c8-1add-4690-a0aa-8dc371bb00a0
cnt-4_1   | Sending message at 2024-10-14T14:04:55.891933661. 66b3b317-136d-4d04-8d96-521b51969a4f
cnt-7_1   | Scheduled exit. Godbyeeeeeeeeeeeeeee...
asb-debug_cnt-7_1 exited with code 69
cnt-7_1   | Starting the application. Logging messages with probability 0.05...
cnt-2_1   | Sending message at 2024-10-14T14:05:04.218689202. 327ae42e-a65e-4d34-a73d-99e3d02e9240
cnt-9_1   | 2024-10-14T14:05:04.935371305 | Message sent in 7465ms. d1f36265-cfe3-44ee-b729-d713a4870998
cnt-8_1   | Sending message at 2024-10-14T14:05:05.620649687. 11fe69f9-cc56-48a5-aa07-85e47a8c339a
cnt-4_1   | Sending message at 2024-10-14T14:05:06.009120180. 42edea4d-b770-46c5-bf93-78bc082a43f8
cnt-1_1   | Sending message at 2024-10-14T14:05:06.034976760. 9d4b9c9a-7afc-411c-8098-b43e331fbafc
cnt-3_1   | 2024-10-14T14:05:06.323422470 | Message sent in 510ms. bb206308-7c8c-4266-8bec-b1522d4a6e8d
cnt-4_1   | 2024-10-14T14:05:06.336305574 | Message sent in 534ms. eae04f22-1257-49ec-88a5-721017f8e951
cnt-6_1   | Scheduled exit. Godbyeeeeeeeeeeeeeee...
cnt-3_1   | 2024-10-14T14:05:06.723801044 | Message sent in 482ms. 720fd4a2-04d6-4131-a4ac-ac3f319e09e4
asb-debug_cnt-6_1 exited with code 69
cnt-4_1   | Sending message at 2024-10-14T14:05:07.336649094. eae04f22-1257-49ec-88a5-721017f8e951
cnt-6_1   | Starting the application. Logging messages with probability 0.05...
cnt-7_1   | Sending message at 2024-10-14T14:05:08.141807523. cd3427fd-9cc4-44aa-b0db-2fd62f36645d
cnt-2_1   | 2024-10-14T14:05:08.174528992 | Message sent in 566ms. ef375814-6220-4775-a0d7-506c3dda378b
cnt-5_1   | Sending message at 2024-10-14T14:05:08.902384042. 298ab7bf-5b04-4b9d-ad1a-3e436ad0a30f
cnt-9_1   | Sending message at 2024-10-14T14:05:09.060904474. d1f36265-cfe3-44ee-b729-d713a4870998
cnt-10_1  | Sending message at 2024-10-14T14:05:10.110201407. c20f9c6a-f3df-4812-bd62-18f67fee0bd1
cnt-1_1   | Scheduled exit. Godbyeeeeeeeeeeeeeee...
cnt-2_1   | Sending message at 2024-10-14T14:05:10.498282985. 66336b34-9454-48db-b97c-08dde1234535
asb-debug_cnt-1_1 exited with code 69
cnt-8_1   | Sending message at 2024-10-14T14:05:10.844163046. 50cd97e1-8f13-4699-9dfe-227d87427ea6
cnt-5_1   | Sending message at 2024-10-14T14:05:10.899930092. d70e38f6-1ed1-4020-9433-4dc0d15c23ff
cnt-1_1   | Starting the application. Logging messages with probability 0.05...
cnt-4_1   | 2024-10-14T14:05:11.405892456 | Message sent in 635ms. 66b3b317-136d-4d04-8d96-521b51969a4f
cnt-1_1   | Sending message at 2024-10-14T14:05:11.937472736. d928eb30-082b-49ff-b8e2-9636b7074914
cnt-3_1   | Sending message at 2024-10-14T14:05:12.250849514. 73ec49fb-4e73-42b1-b3b2-e76396a21c77
cnt-7_1   | 2024-10-14T14:05:12.890603405 | Message sent in 628ms. 086a5758-e6ef-4e2b-b349-62ab864e210c
cnt-9_1   | Sending message at 2024-10-14T14:05:13.933042210. d1f36265-cfe3-44ee-b729-d713a4870998
cnt-7_1   | 2024-10-14T14:05:20.451083409 | Message sent in 7249ms. 2c63e512-cd0c-4631-850b-78ee28cce560
cnt-3_1   | 2024-10-14T14:05:21.176453847 | Message sent in 7293ms. 73ec49fb-4e73-42b1-b3b2-e76396a21c77
cnt-8_1   | Sending message at 2024-10-14T14:05:21.918454775. 08fd4198-a190-46a4-9c6f-6704d603b4a8
cnt-10_1  | 2024-10-14T14:05:21.970785141 | Message sent in 491ms. cafb0c3e-6b14-479b-b009-55f15eb01c3f
cnt-7_1   | 2024-10-14T14:05:21.971142104 | Message sent in 520ms. 2c63e512-cd0c-4631-850b-78ee28cce560
cnt-9_1   | Sending message at 2024-10-14T14:05:22.853525642. 74905987-0fb2-404b-ac07-9229d11ef037
cnt-10_1  | 2024-10-14T14:05:23.011535866 | Message sent in 1021ms. 8798b7e3-cdc9-4394-a322-ed172abed205
cnt-3_1   | Sending message at 2024-10-14T14:05:24.013672088. 73ec49fb-4e73-42b1-b3b2-e76396a21c77
cnt-9_1   | 2024-10-14T14:05:24.144813694 | Message sent in 763ms. 6fd2081c-4739-4ff9-a6e8-840bf41a9fa6
cnt-5_1   | 2024-10-14T14:05:24.191187107 | Message sent in 723ms. b2b1babf-85e0-4fb4-8bcc-813191f023d8
cnt-3_1   | 2024-10-14T14:05:24.191288941 | Message sent in 781ms. bb206308-7c8c-4266-8bec-b1522d4a6e8d
cnt-8_1   | Sending message at 2024-10-14T14:05:24.349511028. 11fe69f9-cc56-48a5-aa07-85e47a8c339a
cnt-8_1   | [pool-6-thread-1] ERROR org.example.Main - Failed to send message
cnt-8_1   | java.lang.IllegalStateException: Timeout on blocking read for 17400000000 NANOSECONDS
cnt-8_1   | 	at reactor.core.publisher.BlockingSingleSubscriber.blockingGet(BlockingSingleSubscriber.java:124)
cnt-8_1   | 	at reactor.core.publisher.Mono.block(Mono.java:1766)
cnt-8_1   | 	at com.azure.messaging.servicebus.ServiceBusSenderClient.sendMessage(ServiceBusSenderClient.java:266)
cnt-8_1   | 	at org.example.Main.lambda$schedulePublishing$3(Main.java:84)
cnt-8_1   | 	at java.base/java.util.concurrent.Executors$RunnableAdapter.call(Executors.java:539)
cnt-8_1   | 	at java.base/java.util.concurrent.FutureTask.runAndReset(FutureTask.java:305)
cnt-8_1   | 	at java.base/java.util.concurrent.ScheduledThreadPoolExecutor$ScheduledFutureTask.run(ScheduledThreadPoolExecutor.java:305)
cnt-8_1   | 	at java.base/java.util.concurrent.ThreadPoolExecutor.runWorker(ThreadPoolExecutor.java:1136)
cnt-8_1   | 	at java.base/java.util.concurrent.ThreadPoolExecutor$Worker.run(ThreadPoolExecutor.java:635)
cnt-8_1   | 	at java.base/java.lang.Thread.run(Thread.java:840)
cnt-7_1   | [pool-5-thread-1] ERROR org.example.Main - Failed to send message
cnt-7_1   | java.lang.IllegalStateException: Timeout on blocking read for 17400000000 NANOSECONDS
cnt-7_1   | 	at reactor.core.publisher.BlockingSingleSubscriber.blockingGet(BlockingSingleSubscriber.java:124)
cnt-7_1   | 	at reactor.core.publisher.Mono.block(Mono.java:1766)
cnt-7_1   | 	at com.azure.messaging.servicebus.ServiceBusSenderClient.sendMessage(ServiceBusSenderClient.java:266)
cnt-7_1   | 	at org.example.Main.lambda$schedulePublishing$3(Main.java:84)
cnt-7_1   | 	at java.base/java.util.concurrent.Executors$RunnableAdapter.call(Executors.java:539)
cnt-7_1   | 	at java.base/java.util.concurrent.FutureTask.runAndReset(FutureTask.java:305)
cnt-7_1   | 	at java.base/java.util.concurrent.ScheduledThreadPoolExecutor$ScheduledFutureTask.run(ScheduledThreadPoolExecutor.java:305)
cnt-7_1   | 	at java.base/java.util.concurrent.ThreadPoolExecutor.runWorker(ThreadPoolExecutor.java:1136)
cnt-7_1   | 	at java.base/java.util.concurrent.ThreadPoolExecutor$Worker.run(ThreadPoolExecutor.java:635)
cnt-7_1   | 	at java.base/java.lang.Thread.run(Thread.java:840)
cnt-7_1   | Blocking read error encountered with 8bfa773c-7d6b-4145-a193-416877b15b17. No more restarts.
cnt-3_1   | [pool-7-thread-1] ERROR org.example.Main - Failed to send message
cnt-3_1   | java.lang.IllegalStateException: Timeout on blocking read for 17400000000 NANOSECONDS
cnt-3_1   | 	at reactor.core.publisher.BlockingSingleSubscriber.blockingGet(BlockingSingleSubscriber.java:124)
cnt-3_1   | 	at reactor.core.publisher.Mono.block(Mono.java:1766)
cnt-3_1   | 	at com.azure.messaging.servicebus.ServiceBusSenderClient.sendMessage(ServiceBusSenderClient.java:266)
cnt-3_1   | 	at org.example.Main.lambda$schedulePublishing$3(Main.java:84)
cnt-3_1   | 	at java.base/java.util.concurrent.Executors$RunnableAdapter.call(Executors.java:539)
cnt-3_1   | 	at java.base/java.util.concurrent.FutureTask.runAndReset(FutureTask.java:305)
cnt-3_1   | 	at java.base/java.util.concurrent.ScheduledThreadPoolExecutor$ScheduledFutureTask.run(ScheduledThreadPoolExecutor.java:305)
cnt-3_1   | 	at java.base/java.util.concurrent.ThreadPoolExecutor.runWorker(ThreadPoolExecutor.java:1136)
cnt-3_1   | 	at java.base/java.util.concurrent.ThreadPoolExecutor$Worker.run(ThreadPoolExecutor.java:635)
cnt-3_1   | 	at java.base/java.lang.Thread.run(Thread.java:840)
cnt-9_1   | 2024-10-14T14:05:25.580113002 | Message sent in 435ms. 6fd2081c-4739-4ff9-a6e8-840bf41a9fa6
cnt-2_1   | Sending message at 2024-10-14T14:05:26.180508071. 66336b34-9454-48db-b97c-08dde1234535
cnt-4_1   | Sending message at 2024-10-14T14:05:26.316006422. eae04f22-1257-49ec-88a5-721017f8e951
cnt-7_1   | 2024-10-14T14:05:26.857191547 | Message sent in 1173ms. 5da45e31-e9b4-4f48-aa0a-050394ee24a5
cnt-5_1   | 2024-10-14T14:05:27.212680092 | Message sent in 1482ms. d70e38f6-1ed1-4020-9433-4dc0d15c23ff
cnt-9_1   | Sending message at 2024-10-14T14:05:27.639485605. d1f36265-cfe3-44ee-b729-d713a4870998
cnt-7_1   | Sending message at 2024-10-14T14:05:27.667286819. 086a5758-e6ef-4e2b-b349-62ab864e210c
cnt-8_1   | Sending message at 2024-10-14T14:05:27.750310089. 50cd97e1-8f13-4699-9dfe-227d87427ea6
cnt-7_1   | 2024-10-14T14:05:27.927202087 | Message sent in 260ms. 086a5758-e6ef-4e2b-b349-62ab864e210c
cnt-9_1   | Sending message at 2024-10-14T14:05:28.002176273. 74905987-0fb2-404b-ac07-9229d11ef037
cnt-9_1   | 2024-10-14T14:05:28.085781431 | Message sent in 307ms. 315b060b-3e69-4a02-a751-35811e317df7
cnt-8_1   | 2024-10-14T14:05:29.096544042 | Message sent in 584ms. 08fd4198-a190-46a4-9c6f-6704d603b4a8
cnt-4_1   | 2024-10-14T14:05:29.851963818 | Message sent in 508ms. 42edea4d-b770-46c5-bf93-78bc082a43f8
cnt-8_1   | Sending message at 2024-10-14T14:05:30.096806283. 08fd4198-a190-46a4-9c6f-6704d603b4a8
cnt-5_1   | Sending message at 2024-10-14T14:05:30.098786647. b2b1babf-85e0-4fb4-8bcc-813191f023d8
cnt-2_1   | Sending message at 2024-10-14T14:05:30.354369448. ef375814-6220-4775-a0d7-506c3dda378b
cnt-10_1  | 2024-10-14T14:05:31.465155441 | Message sent in 549ms. cafb0c3e-6b14-479b-b009-55f15eb01c3f
cnt-3_1   | Sending message at 2024-10-14T14:05:31.586515240. bb206308-7c8c-4266-8bec-b1522d4a6e8d
cnt-9_1   | 2024-10-14T14:05:31.670488779 | Message sent in 489ms. 6fd2081c-4739-4ff9-a6e8-840bf41a9fa6
cnt-2_1   | Sending message at 2024-10-14T14:05:31.724057441. ef375814-6220-4775-a0d7-506c3dda378b
cnt-7_1   | Sending message at 2024-10-14T14:05:32.056203977. 086a5758-e6ef-4e2b-b349-62ab864e210c
cnt-5_1   | 2024-10-14T14:05:32.061315880 | Message sent in 487ms. b2b1babf-85e0-4fb4-8bcc-813191f023d8
cnt-8_1   | 2024-10-14T14:05:32.390860474 | Message sent in 507ms. 50cd97e1-8f13-4699-9dfe-227d87427ea6
cnt-10_1  | Sending message at 2024-10-14T14:05:32.450835714. 8798b7e3-cdc9-4394-a322-ed172abed205
cnt-9_1   | Sending message at 2024-10-14T14:05:32.670788260. 6fd2081c-4739-4ff9-a6e8-840bf41a9fa6
cnt-9_1   | 2024-10-14T14:05:32.696297927 | Message sent in 686ms. 315b060b-3e69-4a02-a751-35811e317df7
cnt-7_1   | 2024-10-14T14:05:33.051213695 | Message sent in 643ms. 5da45e31-e9b4-4f48-aa0a-050394ee24a5
cnt-2_1   | Sending message at 2024-10-14T14:05:33.253067676. b1b98a77-721f-4ffa-91b0-af2bcf385a7b
cnt-7_1   | 2024-10-14T14:05:33.578654645 | Message sent in 930ms. 2c63e512-cd0c-4631-850b-78ee28cce560
cnt-3_1   | 2024-10-14T14:05:34.488959907 | Message sent in 1154ms. 720fd4a2-04d6-4131-a4ac-ac3f319e09e4
cnt-7_1   | Sending message at 2024-10-14T14:05:34.508873171. cd3427fd-9cc4-44aa-b0db-2fd62f36645d
cnt-8_1   | Sending message at 2024-10-14T14:05:35.201439549. 08fd4198-a190-46a4-9c6f-6704d603b4a8
cnt-10_1  | 2024-10-14T14:05:35.276871089 | Message sent in 700ms. cafb0c3e-6b14-479b-b009-55f15eb01c3f
cnt-9_1   | Sending message at 2024-10-14T14:05:35.335520056. d1f36265-cfe3-44ee-b729-d713a4870998
cnt-9_1   | 2024-10-14T14:05:35.517501900 | Message sent in 820ms. 2a1292f5-e629-4934-af0c-5494c08a20c8
cnt-3_1   | 2024-10-14T14:05:35.765570838 | Message sent in 690ms. bb206308-7c8c-4266-8bec-b1522d4a6e8d
cnt-1_1   | Sending message at 2024-10-14T14:05:36.440515632. fa84644b-563f-4c94-936c-2cb7de299972
cnt-5_1   | Sending message at 2024-10-14T14:05:36.635013333. 298ab7bf-5b04-4b9d-ad1a-3e436ad0a30f
cnt-8_1   | Sending message at 2024-10-14T14:05:36.748150303. 50cd97e1-8f13-4699-9dfe-227d87427ea6
cnt-8_1   | Sending message at 2024-10-14T14:05:36.765889964. 08fd4198-a190-46a4-9c6f-6704d603b4a8
cnt-3_1   | Sending message at 2024-10-14T14:05:37.232669051. d0dec037-ac46-40fe-9f2b-dd3c1a4be427
cnt-5_1   | 2024-10-14T14:05:37.340561739 | Message sent in 596ms. b2b1babf-85e0-4fb4-8bcc-813191f023d8
cnt-7_1   | Sending message at 2024-10-14T14:05:37.635684619. cc6cdbfb-5f3f-4c96-ada9-328434e6b5c5
cnt-2_1   | Sending message at 2024-10-14T14:05:38.321989642. ef375814-6220-4775-a0d7-506c3dda378b
cnt-9_1   | Sending message at 2024-10-14T14:05:38.331255193. 6fd2081c-4739-4ff9-a6e8-840bf41a9fa6
cnt-1_1   | Sending message at 2024-10-14T14:05:41.550493342. fa84644b-563f-4c94-936c-2cb7de299972
cnt-2_1   | 2024-10-14T14:05:42.140432936 | Message sent in 590ms. b1b98a77-721f-4ffa-91b0-af2bcf385a7b
cnt-7_1   | Sending message at 2024-10-14T14:05:42.542021139. cc6cdbfb-5f3f-4c96-ada9-328434e6b5c5
cnt-7_1   | Sending message at 2024-10-14T14:05:42.574197170. cd3427fd-9cc4-44aa-b0db-2fd62f36645d
cnt-6_1   | 2024-10-14T14:05:42.744985139 | Message sent in 818ms. 7eee8592-d61a-4a50-9565-9201ea035486
cnt-10_1  | 2024-10-14T14:05:43.191164696 | Message sent in 839ms. 8798b7e3-cdc9-4394-a322-ed172abed205
cnt-6_1   | 2024-10-14T14:05:43.903023384 | Message sent in 518ms. cbbeb57c-4fad-43a0-bd44-7aa3aa38923d
cnt-10_1  | 2024-10-14T14:05:43.961248250 | Message sent in 370ms. c20f9c6a-f3df-4812-bd62-18f67fee0bd1
cnt-9_1   | Sending message at 2024-10-14T14:05:44.208800474. 74905987-0fb2-404b-ac07-9229d11ef037
cnt-6_1   | 2024-10-14T14:05:45.411056254 | Message sent in 507ms. cbbeb57c-4fad-43a0-bd44-7aa3aa38923d
cnt-10_1  | Sending message at 2024-10-14T14:05:46.144342747. cafb0c3e-6b14-479b-b009-55f15eb01c3f
cnt-1_1   | Sending message at 2024-10-14T14:05:46.279539686. fa84644b-563f-4c94-936c-2cb7de299972
cnt-4_1   | 2024-10-14T14:05:47.186080923 | Message sent in 1037ms. 59ff28ce-50ff-40ec-b305-ad5ccd72a010
cnt-3_1   | 2024-10-14T14:05:47.226734731 | Message sent in 1073ms. 73ec49fb-4e73-42b1-b3b2-e76396a21c77
cnt-5_1   | Sending message at 2024-10-14T14:05:48.167957224. d70e38f6-1ed1-4020-9433-4dc0d15c23ff
cnt-7_1   | Sending message at 2024-10-14T14:05:48.220571751. 2c63e512-cd0c-4631-850b-78ee28cce560
cnt-8_1   | Sending message at 2024-10-14T14:05:48.226831791. 0498b2b9-3ed9-444e-bcbb-6669f0a7a15d
cnt-3_1   | Sending message at 2024-10-14T14:05:48.643255422. d0dec037-ac46-40fe-9f2b-dd3c1a4be427
cnt-10_1  | Sending message at 2024-10-14T14:05:49.133387995. 8798b7e3-cdc9-4394-a322-ed172abed205
cnt-7_1   | Sending message at 2024-10-14T14:05:50.157276713. cc6cdbfb-5f3f-4c96-ada9-328434e6b5c5
cnt-9_1   | Sending message at 2024-10-14T14:05:50.183848522. 6fd2081c-4739-4ff9-a6e8-840bf41a9fa6
cnt-8_1   | Sending message at 2024-10-14T14:05:50.215793880. 11fe69f9-cc56-48a5-aa07-85e47a8c339a
cnt-5_1   | Sending message at 2024-10-14T14:05:50.246587006. 9baed7f4-5620-4fb5-a61e-884401d69991
cnt-10_1  | Sending message at 2024-10-14T14:05:50.653368276. cafb0c3e-6b14-479b-b009-55f15eb01c3f
cnt-3_1   | 2024-10-14T14:05:50.664327741 | Message sent in 511ms. 720fd4a2-04d6-4131-a4ac-ac3f319e09e4
cnt-7_1   | 2024-10-14T14:05:52.130589283 | Message sent in 485ms. cd3427fd-9cc4-44aa-b0db-2fd62f36645d
cnt-6_1   | Sending message at 2024-10-14T14:05:52.248615546. 7eee8592-d61a-4a50-9565-9201ea035486
cnt-9_1   | Sending message at 2024-10-14T14:05:54.086898459. d1f36265-cfe3-44ee-b729-d713a4870998
cnt-2_1   | Sending message at 2024-10-14T14:05:54.204699075. d1f4d49a-1d8f-426e-a3fa-57f98f4a1559
cnt-1_1   | 2024-10-14T14:05:54.308552476 | Message sent in 631ms. fa84644b-563f-4c94-936c-2cb7de299972
cnt-2_1   | 2024-10-14T14:05:55.238227228 | Message sent in 1034ms. d1f4d49a-1d8f-426e-a3fa-57f98f4a1559
cnt-10_1  | Sending message at 2024-10-14T14:05:55.592482489. 6869603d-ed4b-419e-bd66-0572e4a92db8
cnt-8_1   | 2024-10-14T14:05:55.628309720 | Message sent in 501ms. 50cd97e1-8f13-4699-9dfe-227d87427ea6
cnt-10_1  | 2024-10-14T14:05:56.097795271 | Message sent in 505ms. 6869603d-ed4b-419e-bd66-0572e4a92db8
cnt-5_1   | Sending message at 2024-10-14T14:05:56.140088423. 9baed7f4-5620-4fb5-a61e-884401d69991
cnt-2_1   | Sending message at 2024-10-14T14:05:56.173005847. 327ae42e-a65e-4d34-a73d-99e3d02e9240
cnt-6_1   | Sending message at 2024-10-14T14:05:56.625010669. 97351fe7-48ad-4103-9f98-22021fe47f0a
cnt-5_1   | Sending message at 2024-10-14T14:05:57.601607327. d70e38f6-1ed1-4020-9433-4dc0d15c23ff
cnt-1_1   | Sending message at 2024-10-14T14:05:58.040157020. d928eb30-082b-49ff-b8e2-9636b7074914
cnt-9_1   | Sending message at 2024-10-14T14:05:58.070378987. d1f36265-cfe3-44ee-b729-d713a4870998
cnt-1_1   | 2024-10-14T14:05:59.128186929 | Message sent in 1088ms. d928eb30-082b-49ff-b8e2-9636b7074914
cnt-4_1   | 2024-10-14T14:05:59.135241182 | Message sent in 1085ms. 39e5c1dd-d8cf-40e1-843b-5859b9354d03
cnt-3_1   | Sending message at 2024-10-14T14:05:59.562690854. 720fd4a2-04d6-4131-a4ac-ac3f319e09e4
cnt-10_1  | Sending message at 2024-10-14T14:06:00.278186200. cafb0c3e-6b14-479b-b009-55f15eb01c3f
cnt-6_1   | Sending message at 2024-10-14T14:06:00.811768974. cbbeb57c-4fad-43a0-bd44-7aa3aa38923d
cnt-5_1   | 2024-10-14T14:06:02.222159884 | Message sent in 512ms. f8cefb9d-bd0c-439e-a2a3-5d0599bfd908
cnt-3_1   | 2024-10-14T14:06:03.247550979 | Message sent in 863ms. d0dec037-ac46-40fe-9f2b-dd3c1a4be427
cnt-6_1   | Sending message at 2024-10-14T14:06:03.937311554. 7eee8592-d61a-4a50-9565-9201ea035486
cnt-5_1   | Sending message at 2024-10-14T14:06:03.939516050. 298ab7bf-5b04-4b9d-ad1a-3e436ad0a30f
cnt-7_1   | Sending message at 2024-10-14T14:06:04.016429095. 2c63e512-cd0c-4631-850b-78ee28cce560
cnt-6_1   | Sending message at 2024-10-14T14:06:04.060246491. cbbeb57c-4fad-43a0-bd44-7aa3aa38923d
cnt-7_1   | Sending message at 2024-10-14T14:06:04.252880427. 5da45e31-e9b4-4f48-aa0a-050394ee24a5
cnt-9_1   | Sending message at 2024-10-14T14:06:04.304349686. 2a1292f5-e629-4934-af0c-5494c08a20c8
cnt-3_1   | 2024-10-14T14:06:04.953507522 | Message sent in 1006ms. 73ec49fb-4e73-42b1-b3b2-e76396a21c77
cnt-3_1   | 2024-10-14T14:06:05.078044702 | Message sent in 812ms. 720fd4a2-04d6-4131-a4ac-ac3f319e09e4
cnt-5_1   | 2024-10-14T14:06:05.424886940 | Message sent in 515ms. 9baed7f4-5620-4fb5-a61e-884401d69991
cnt-9_1   | Sending message at 2024-10-14T14:06:06.114894593. d1f36265-cfe3-44ee-b729-d713a4870998
cnt-8_1   | Sending message at 2024-10-14T14:06:06.119588174. 0498b2b9-3ed9-444e-bcbb-6669f0a7a15d
cnt-10_1  | 2024-10-14T14:06:07.345779853 | Message sent in 1329ms. 6869603d-ed4b-419e-bd66-0572e4a92db8
cnt-6_1   | 2024-10-14T14:06:07.488380268 | Message sent in 569ms. 97351fe7-48ad-4103-9f98-22021fe47f0a
cnt-4_1   | 2024-10-14T14:06:07.614530812 | Message sent in 1521ms. 39e5c1dd-d8cf-40e1-843b-5859b9354d03
cnt-1_1   | 2024-10-14T14:06:07.614781424 | Message sent in 1557ms. fa84644b-563f-4c94-936c-2cb7de299972
cnt-9_1   | 2024-10-14T14:06:07.614670060 | Message sent in 1499ms. d1f36265-cfe3-44ee-b729-d713a4870998
cnt-9_1   | 2024-10-14T14:06:08.222966676 | Message sent in 543ms. 6fd2081c-4739-4ff9-a6e8-840bf41a9fa6
cnt-6_1   | Scheduled exit. Godbyeeeeeeeeeeeeeee...
cnt-7_1   | Sending message at 2024-10-14T14:06:08.293705742. 086a5758-e6ef-4e2b-b349-62ab864e210c
cnt-2_1   | Sending message at 2024-10-14T14:06:08.458593864. d1f4d49a-1d8f-426e-a3fa-57f98f4a1559
cnt-8_1   | Sending message at 2024-10-14T14:06:08.543085428. 50cd97e1-8f13-4699-9dfe-227d87427ea6
asb-debug_cnt-6_1 exited with code 69
cnt-9_1   | Sending message at 2024-10-14T14:06:08.614776862. 315b060b-3e69-4a02-a751-35811e317df7
cnt-1_1   | Sending message at 2024-10-14T14:06:08.614910279. 1aefa82a-1d08-4656-8611-e14a83576db8
cnt-8_1   | 2024-10-14T14:06:09.059685462 | Message sent in 516ms. 50cd97e1-8f13-4699-9dfe-227d87427ea6
cnt-6_1   | Starting the application. Logging messages with probability 0.05...
cnt-9_1   | Sending message at 2024-10-14T14:06:09.343023477. 74905987-0fb2-404b-ac07-9229d11ef037
cnt-7_1   | Sending message at 2024-10-14T14:06:09.728973265. 2c63e512-cd0c-4631-850b-78ee28cce560
cnt-10_1  | 2024-10-14T14:06:10.676956010 | Message sent in 545ms. 10564d50-41c0-4b42-ba49-76ee92708a73
cnt-9_1   | 2024-10-14T14:06:10.703698780 | Message sent in 529ms. d1f36265-cfe3-44ee-b729-d713a4870998
cnt-1_1   | 2024-10-14T14:06:11.106794139 | Message sent in 473ms. 0f884a4f-a01e-45aa-a578-20cdf93f77ef
cnt-7_1   | Sending message at 2024-10-14T14:06:11.226018805. 2c63e512-cd0c-4631-850b-78ee28cce560
cnt-7_1   | Sending message at 2024-10-14T14:06:11.261407384. 086a5758-e6ef-4e2b-b349-62ab864e210c
cnt-2_1   | Sending message at 2024-10-14T14:06:11.666067665. b1b98a77-721f-4ffa-91b0-af2bcf385a7b
cnt-3_1   | Sending message at 2024-10-14T14:06:11.674930020. d0dec037-ac46-40fe-9f2b-dd3c1a4be427
cnt-1_1   | 2024-10-14T14:06:11.763552543 | Message sent in 496ms. c464c601-9be3-41ee-a93f-c2237aaacfb5
cnt-1_1   | Scheduled exit. Godbyeeeeeeeeeeeeeee...
cnt-5_1   | 2024-10-14T14:06:12.319495196 | Message sent in 641ms. b2b1babf-85e0-4fb4-8bcc-813191f023d8
cnt-7_1   | 2024-10-14T14:06:12.326505189 | Message sent in 627ms. 5da45e31-e9b4-4f48-aa0a-050394ee24a5
cnt-4_1   | 2024-10-14T14:06:12.330505087 | Message sent in 645ms. 39e5c1dd-d8cf-40e1-843b-5859b9354d03
asb-debug_cnt-1_1 exited with code 69
cnt-7_1   | 2024-10-14T14:06:13.260295257 | Message sent in 515ms. 086a5758-e6ef-4e2b-b349-62ab864e210c
cnt-1_1   | Starting the application. Logging messages with probability 0.05...
cnt-10_1  | 2024-10-14T14:06:13.627259079 | Message sent in 488ms. c20f9c6a-f3df-4812-bd62-18f67fee0bd1
cnt-6_1   | Sending message at 2024-10-14T14:06:13.710076705. ab73925f-955d-46c0-b57a-cbd272590ec1
cnt-3_1   | Sending message at 2024-10-14T14:06:14.426489425. bb206308-7c8c-4266-8bec-b1522d4a6e8d
cnt-1_1   | Sending message at 2024-10-14T14:06:15.994954323. 21dabbbf-3fe8-40d1-b91a-6e6ea4b76308
cnt-1_1   | Sending message at 2024-10-14T14:06:21.251566471. 1f330938-4b40-467b-a9ba-36aff585748f
cnt-7_1   | Sending message at 2024-10-14T14:06:21.414579513. cc6cdbfb-5f3f-4c96-ada9-328434e6b5c5
cnt-5_1   | Sending message at 2024-10-14T14:06:21.430107786. d70e38f6-1ed1-4020-9433-4dc0d15c23ff
cnt-10_1  | 2024-10-14T14:06:21.595806783 | Message sent in 7204ms. 6869603d-ed4b-419e-bd66-0572e4a92db8
cnt-3_1   | 2024-10-14T14:06:21.823660817 | Message sent in 508ms. d0dec037-ac46-40fe-9f2b-dd3c1a4be427
cnt-9_1   | Sending message at 2024-10-14T14:06:22.011513227. 2a1292f5-e629-4934-af0c-5494c08a20c8
cnt-6_1   | 2024-10-14T14:06:22.128601592 | Message sent in 481ms. e67b4912-1464-4bf3-b227-eed486aa65bf
cnt-10_1  | Sending message at 2024-10-14T14:06:22.182430445. cafb0c3e-6b14-479b-b009-55f15eb01c3f
cnt-9_1   | 2024-10-14T14:06:22.393917287 | Message sent in 496ms. 6fd2081c-4739-4ff9-a6e8-840bf41a9fa6
cnt-1_1   | Sending message at 2024-10-14T14:06:22.751974040. 1f330938-4b40-467b-a9ba-36aff585748f
cnt-2_1   | Sending message at 2024-10-14T14:06:22.812906370. b1b98a77-721f-4ffa-91b0-af2bcf385a7b
cnt-5_1   | Sending message at 2024-10-14T14:06:23.523276114. 9baed7f4-5620-4fb5-a61e-884401d69991
cnt-6_1   | Sending message at 2024-10-14T14:06:24.082584807. 1b4f0e34-1786-42d7-a079-e0b85cffd43a
cnt-10_1  | 2024-10-14T14:06:24.658216878 | Message sent in 549ms. 6869603d-ed4b-419e-bd66-0572e4a92db8
cnt-10_1  | Sending message at 2024-10-14T14:06:25.172558187. cafb0c3e-6b14-479b-b009-55f15eb01c3f
cnt-5_1   | Sending message at 2024-10-14T14:06:25.424843681. 298ab7bf-5b04-4b9d-ad1a-3e436ad0a30f
cnt-2_1   | 2024-10-14T14:06:25.635183345 | Message sent in 503ms. ef375814-6220-4775-a0d7-506c3dda378b
cnt-4_1   | 2024-10-14T14:06:25.643764170 | Message sent in 526ms. 39e5c1dd-d8cf-40e1-843b-5859b9354d03
cnt-10_1  | 2024-10-14T14:06:25.682115766 | Message sent in 510ms. cafb0c3e-6b14-479b-b009-55f15eb01c3f
cnt-9_1   | 2024-10-14T14:06:25.726976219 | Message sent in 573ms. 2a1292f5-e629-4934-af0c-5494c08a20c8
cnt-4_1   | Sending message at 2024-10-14T14:06:26.365229203. eae04f22-1257-49ec-88a5-721017f8e951
cnt-9_1   | Sending message at 2024-10-14T14:06:26.691974222. 74905987-0fb2-404b-ac07-9229d11ef037
cnt-7_1   | 2024-10-14T14:06:33.917972877 | Message sent in 7256ms. cc6cdbfb-5f3f-4c96-ada9-328434e6b5c5
cnt-1_1   | 2024-10-14T14:06:34.553709603 | Message sent in 7279ms. aa66dc8e-80e4-484c-861b-ecfe1fabc4d2
cnt-3_1   | Sending message at 2024-10-14T14:06:34.565721768. d0dec037-ac46-40fe-9f2b-dd3c1a4be427
cnt-5_1   | Sending message at 2024-10-14T14:06:34.991345803. d70e38f6-1ed1-4020-9433-4dc0d15c23ff
cnt-5_1   | Sending message at 2024-10-14T14:06:35.035935570. 9baed7f4-5620-4fb5-a61e-884401d69991
cnt-1_1   | Sending message at 2024-10-14T14:06:35.439690505. 1f330938-4b40-467b-a9ba-36aff585748f
cnt-4_1   | Sending message at 2024-10-14T14:06:35.471371972. 59ff28ce-50ff-40ec-b305-ad5ccd72a010
cnt-6_1   | 2024-10-14T14:06:35.833264637 | Message sent in 481ms. 1b4f0e34-1786-42d7-a079-e0b85cffd43a
cnt-8_1   | 2024-10-14T14:06:36.564872049 | Message sent in 680ms. 50cd97e1-8f13-4699-9dfe-227d87427ea6
cnt-8_1   | Sending message at 2024-10-14T14:06:36.884618884. 08fd4198-a190-46a4-9c6f-6704d603b4a8
cnt-3_1   | Sending message at 2024-10-14T14:06:37.580043325. d0dec037-ac46-40fe-9f2b-dd3c1a4be427
cnt-10_1  | 2024-10-14T14:06:38.338222051 | Message sent in 501ms. 8798b7e3-cdc9-4394-a322-ed172abed205
cnt-2_1   | 2024-10-14T14:06:38.574824644 | Message sent in 483ms. b1b98a77-721f-4ffa-91b0-af2bcf385a7b
cnt-3_1   | 2024-10-14T14:06:38.735560444 | Message sent in 516ms. bb206308-7c8c-4266-8bec-b1522d4a6e8d
cnt-7_1   | 2024-10-14T14:06:38.756663528 | Message sent in 608ms. 5da45e31-e9b4-4f48-aa0a-050394ee24a5
cnt-8_1   | Sending message at 2024-10-14T14:06:39.141114102. 50cd97e1-8f13-4699-9dfe-227d87427ea6
cnt-6_1   | Sending message at 2024-10-14T14:06:39.614837767. ab73925f-955d-46c0-b57a-cbd272590ec1
cnt-5_1   | 2024-10-14T14:06:40.161223326 | Message sent in 527ms. d70e38f6-1ed1-4020-9433-4dc0d15c23ff
cnt-2_1   | 2024-10-14T14:06:40.336035805 | Message sent in 490ms. 66336b34-9454-48db-b97c-08dde1234535
cnt-1_1   | Sending message at 2024-10-14T14:06:41.433542346. 1f330938-4b40-467b-a9ba-36aff585748f
cnt-1_1   | Sending message at 2024-10-14T14:06:41.691877831. aa66dc8e-80e4-484c-861b-ecfe1fabc4d2
cnt-4_1   | 2024-10-14T14:06:41.811203751 | Message sent in 923ms. eae04f22-1257-49ec-88a5-721017f8e951
cnt-2_1   | 2024-10-14T14:06:41.838053578 | Message sent in 502ms. 66336b34-9454-48db-b97c-08dde1234535
cnt-3_1   | Sending message at 2024-10-14T14:06:42.811935554. 90e9c2fd-a5d8-4a5c-a9d5-0cffa249e12c
cnt-2_1   | Sending message at 2024-10-14T14:06:42.854666824. 327ae42e-a65e-4d34-a73d-99e3d02e9240
cnt-1_1   | Sending message at 2024-10-14T14:06:42.870677219. f04927a2-ac27-4aec-aea9-94a0723c3677
cnt-1_1   | Sending message at 2024-10-14T14:06:43.237427175. 21dabbbf-3fe8-40d1-b91a-6e6ea4b76308
cnt-1_1   | 2024-10-14T14:06:43.773323846 | Message sent in 526ms. aa66dc8e-80e4-484c-861b-ecfe1fabc4d2
cnt-1_1   | Sending message at 2024-10-14T14:06:44.735537489. e00cef0a-1186-4edd-bf82-612ec3fec9b3
cnt-1_1   | Sending message at 2024-10-14T14:06:44.738421488. f04927a2-ac27-4aec-aea9-94a0723c3677
cnt-10_1  | Sending message at 2024-10-14T14:06:44.740334726. 6869603d-ed4b-419e-bd66-0572e4a92db8
cnt-7_1   | 2024-10-14T14:06:45.436012430 | Message sent in 716ms. cd3427fd-9cc4-44aa-b0db-2fd62f36645d
cnt-5_1   | 2024-10-14T14:06:45.453467824 | Message sent in 708ms. b2b1babf-85e0-4fb4-8bcc-813191f023d8
cnt-4_1   | 2024-10-14T14:06:45.483689701 | Message sent in 744ms. 39e5c1dd-d8cf-40e1-843b-5859b9354d03
cnt-7_1   | 2024-10-14T14:06:47.228010483 | Message sent in 857ms. cc6cdbfb-5f3f-4c96-ada9-328434e6b5c5
cnt-10_1  | 2024-10-14T14:06:47.247007289 | Message sent in 796ms. 10564d50-41c0-4b42-ba49-76ee92708a73
cnt-7_1   | Sending message at 2024-10-14T14:06:48.295233063. cd3427fd-9cc4-44aa-b0db-2fd62f36645d
cnt-1_1   | Sending message at 2024-10-14T14:06:49.652461971. e00cef0a-1186-4edd-bf82-612ec3fec9b3
cnt-10_1  | 2024-10-14T14:06:49.705718617 | Message sent in 499ms. 8798b7e3-cdc9-4394-a322-ed172abed205
cnt-3_1   | Sending message at 2024-10-14T14:06:49.716108403. 720fd4a2-04d6-4131-a4ac-ac3f319e09e4
cnt-6_1   | Sending message at 2024-10-14T14:06:49.729074636. 1b4f0e34-1786-42d7-a079-e0b85cffd43a
cnt-8_1   | Sending message at 2024-10-14T14:06:50.159400619. 50cd97e1-8f13-4699-9dfe-227d87427ea6
cnt-9_1   | Sending message at 2024-10-14T14:06:50.856749018. 6fd2081c-4739-4ff9-a6e8-840bf41a9fa6
cnt-4_1   | 2024-10-14T14:06:57.039143420 | Message sent in 7131ms. 39e5c1dd-d8cf-40e1-843b-5859b9354d03
cnt-5_1   | Sending message at 2024-10-14T14:06:57.918999264. f8cefb9d-bd0c-439e-a2a3-5d0599bfd908
cnt-4_1   | Sending message at 2024-10-14T14:06:58.014218930. 59ff28ce-50ff-40ec-b305-ad5ccd72a010
cnt-9_1   | Sending message at 2024-10-14T14:06:58.193713467. d1f36265-cfe3-44ee-b729-d713a4870998
cnt-8_1   | 2024-10-14T14:06:58.726287933 | Message sent in 683ms. 08fd4198-a190-46a4-9c6f-6704d603b4a8
cnt-3_1   | Sending message at 2024-10-14T14:06:58.785330149. bb206308-7c8c-4266-8bec-b1522d4a6e8d
cnt-2_1   | Sending message at 2024-10-14T14:06:59.122645480. b1b98a77-721f-4ffa-91b0-af2bcf385a7b
cnt-7_1   | Sending message at 2024-10-14T14:06:59.457407277. cc6cdbfb-5f3f-4c96-ada9-328434e6b5c5
cnt-8_1   | Sending message at 2024-10-14T14:06:59.466479557. bcaef864-519b-486a-8b41-744296e556c2
cnt-7_1   | 2024-10-14T14:06:59.666416475 | Message sent in 479ms. 086a5758-e6ef-4e2b-b349-62ab864e210c
cnt-5_1   | 2024-10-14T14:06:59.987854450 | Message sent in 518ms. f8cefb9d-bd0c-439e-a2a3-5d0599bfd908
cnt-9_1   | Sending message at 2024-10-14T14:07:00.005292209. 315b060b-3e69-4a02-a751-35811e317df7
cnt-6_1   | 2024-10-14T14:07:00.251334325 | Message sent in 525ms. 1b4f0e34-1786-42d7-a079-e0b85cffd43a
cnt-6_1   | 2024-10-14T14:07:00.675011105 | Message sent in 501ms. f918e939-06b9-4826-9a57-e091238f437d
cnt-10_1  | Sending message at 2024-10-14T14:07:01.423478252. 6869603d-ed4b-419e-bd66-0572e4a92db8
cnt-8_1   | Sending message at 2024-10-14T14:07:07.253248910. 0498b2b9-3ed9-444e-bcbb-6669f0a7a15d
cnt-1_1   | 2024-10-14T14:07:08.067572756 | Message sent in 7075ms. e00cef0a-1186-4edd-bf82-612ec3fec9b3
cnt-2_1   | 2024-10-14T14:07:08.293438588 | Message sent in 7331ms. d1f4d49a-1d8f-426e-a3fa-57f98f4a1559
cnt-2_1   | 2024-10-14T14:07:08.574360189 | Message sent in 7048ms. 327ae42e-a65e-4d34-a73d-99e3d02e9240
cnt-8_1   | 2024-10-14T14:07:09.159720987 | Message sent in 487ms. 11fe69f9-cc56-48a5-aa07-85e47a8c339a
cnt-2_1   | 2024-10-14T14:07:09.386347038 | Message sent in 7275ms. b1b98a77-721f-4ffa-91b0-af2bcf385a7b
cnt-10_1  | Sending message at 2024-10-14T14:07:09.518697170. 6869603d-ed4b-419e-bd66-0572e4a92db8
cnt-6_1   | Scheduled exit. Godbyeeeeeeeeeeeeeee...
cnt-4_1   | Sending message at 2024-10-14T14:07:09.883368149. 42edea4d-b770-46c5-bf93-78bc082a43f8
asb-debug_cnt-6_1 exited with code 69
cnt-6_1   | Starting the application. Logging messages with probability 0.05...
cnt-7_1   | Sending message at 2024-10-14T14:07:11.338513318. 5da45e31-e9b4-4f48-aa0a-050394ee24a5
cnt-10_1  | Sending message at 2024-10-14T14:07:11.342946861. 8798b7e3-cdc9-4394-a322-ed172abed205
cnt-5_1   | 2024-10-14T14:07:11.564110290 | Message sent in 516ms. 298ab7bf-5b04-4b9d-ad1a-3e436ad0a30f
cnt-8_1   | Sending message at 2024-10-14T14:07:11.636464824. 11fe69f9-cc56-48a5-aa07-85e47a8c339a
cnt-3_1   | 2024-10-14T14:07:11.656696967 | Message sent in 503ms. 90e9c2fd-a5d8-4a5c-a9d5-0cffa249e12c
cnt-8_1   | Sending message at 2024-10-14T14:07:11.787522233. 0498b2b9-3ed9-444e-bcbb-6669f0a7a15d
cnt-2_1   | Sending message at 2024-10-14T14:07:11.871277116. b1b98a77-721f-4ffa-91b0-af2bcf385a7b
cnt-2_1   | Sending message at 2024-10-14T14:07:12.216905970. 66336b34-9454-48db-b97c-08dde1234535
cnt-1_1   | 2024-10-14T14:07:12.609665392 | Message sent in 504ms. e00cef0a-1186-4edd-bf82-612ec3fec9b3
cnt-2_1   | 2024-10-14T14:07:12.722195754 | Message sent in 505ms. 66336b34-9454-48db-b97c-08dde1234535
cnt-5_1   | 2024-10-14T14:07:13.066899855 | Message sent in 502ms. 298ab7bf-5b04-4b9d-ad1a-3e436ad0a30f
cnt-1_1   | 2024-10-14T14:07:13.366169283 | Message sent in 509ms. f04927a2-ac27-4aec-aea9-94a0723c3677
