cnt-7_1   | Sending message at 2024-10-15T07:01:40.492764383. 09bd8e50-d72c-42ac-8343-eb9389a4af69
cnt-9_1   | 2024-10-15T07:01:41.433920862 | Message sent in 865ms. fdaa9e05-529f-4974-8e76-6d1f3f83cca3
cnt-7_1   | Sending message at 2024-10-15T07:01:41.521700539. 1f5e06e6-dd41-4496-b52f-c76870f2590e
cnt-9_1   | Sending message at 2024-10-15T07:01:42.418790597. 3b136072-c7c3-44e0-92ce-75ddcf18ee64
cnt-10_1  | Sending message at 2024-10-15T07:01:42.418792283. bb876dee-5e48-4ee3-83f4-e5bc01a0b36a
cnt-5_1   | Sending message at 2024-10-15T07:01:42.449269679. a2b379ae-d26f-4d4d-8e1f-3addba9c0899
cnt-10_1  | Sending message at 2024-10-15T07:01:43.496818276. 3b79632a-1702-4a23-b832-261640842578
cnt-6_1   | 2024-10-15T07:01:43.693618173 | Message sent in 1274ms. dd357149-2b53-4648-893a-ed34c5b59bb0
cnt-4_1   | Sending message at 2024-10-15T07:01:44.278877965. 9b7921f9-59d1-4646-925e-2a0cbfbcea54
cnt-8_1   | Sending message at 2024-10-15T07:01:44.615725641. 2b5751a8-4611-4b3a-b459-eba5d529cf26
cnt-7_1   | 2024-10-15T07:01:44.874667394 | Message sent in 554ms. 77da0f23-2472-46eb-926d-f5c0e121e0b2
cnt-4_1   | 2024-10-15T07:01:45.129738017 | Message sent in 514ms. 567a910c-7469-4649-a201-7b88a745e5bd
cnt-2_1   | 2024-10-15T07:01:45.129821520 | Message sent in 514ms. 301441c2-8176-4dc9-b27b-e89d6d8876bf
cnt-8_1   | 2024-10-15T07:01:45.643256488 | Message sent in 505ms. eef6d190-c5fa-4b37-8d81-80a444a28e6c
cnt-3_1   | 2024-10-15T07:01:45.666624751 | Message sent in 528ms. 29e21eaa-9b34-49eb-ac4c-47494e06a0fa
cnt-4_1   | 2024-10-15T07:01:46.667671791 | Message sent in 538ms. 567a910c-7469-4649-a201-7b88a745e5bd
cnt-7_1   | 2024-10-15T07:01:47.866743372 | Message sent in 586ms. 2aec121b-738d-407b-8a3a-a49542198e1a
cnt-9_1   | 2024-10-15T07:01:47.985398034 | Message sent in 567ms. 65b060e8-26de-41a3-b26f-299a8dd3c1c1
cnt-8_1   | Sending message at 2024-10-15T07:01:48.187759968. 98be4747-ace5-4606-9292-5a42ddede0dc
cnt-2_1   | 2024-10-15T07:01:48.307891266 | Message sent in 638ms. 301441c2-8176-4dc9-b27b-e89d6d8876bf
cnt-4_1   | Sending message at 2024-10-15T07:01:48.878804255. 12b5c701-b700-41e4-ad51-18eae358846e
cnt-3_1   | Sending message at 2024-10-15T07:01:49.593252526. 5623b795-5821-43f1-96cf-61cde31fa77b
cnt-9_1   | Sending message at 2024-10-15T07:01:50.194763029. c765af6e-7c2a-46f1-bd4e-fcb2129e983e
cnt-1_1   | Sending message at 2024-10-15T07:01:50.223133589. d45759a7-e3c1-405b-925c-d75373b9dbbe
cnt-8_1   | Sending message at 2024-10-15T07:01:50.403522710. de01eef9-d1c0-4b2e-8844-823f1cbad704
cnt-3_1   | 2024-10-15T07:01:50.450118525 | Message sent in 515ms. adaf9426-d3c6-4a8d-a6db-0042ac9d9f13
cnt-9_1   | Sending message at 2024-10-15T07:01:50.527438733. 65b060e8-26de-41a3-b26f-299a8dd3c1c1
cnt-8_1   | Sending message at 2024-10-15T07:01:50.859488407. 2b5751a8-4611-4b3a-b459-eba5d529cf26
cnt-8_1   | Sending message at 2024-10-15T07:01:51.030745718. a262c7e1-de6d-4c15-8d1e-c83d4ee24730
cnt-8_1   | 2024-10-15T07:01:51.039477666 | Message sent in 636ms. de01eef9-d1c0-4b2e-8844-823f1cbad704
cnt-1_1   | 2024-10-15T07:01:51.606793605 | Message sent in 536ms. a51a85f9-8010-49f8-aa90-5a77784bd37a
cnt-9_1   | 2024-10-15T07:01:52.287097898 | Message sent in 498ms. 3b136072-c7c3-44e0-92ce-75ddcf18ee64
cnt-2_1   | 2024-10-15T07:01:52.294672293 | Message sent in 502ms. 4168d58a-d5b7-421f-affa-a63e33440592
cnt-1_1   | Sending message at 2024-10-15T07:01:52.607084499. a51a85f9-8010-49f8-aa90-5a77784bd37a
cnt-5_1   | Sending message at 2024-10-15T07:01:52.873934107. 5416b13c-9f1b-4ad4-ab93-cabe457a775b
cnt-8_1   | 2024-10-15T07:01:53.131683575 | Message sent in 480ms. eef6d190-c5fa-4b37-8d81-80a444a28e6c
cnt-10_1  | 2024-10-15T07:01:53.247535024 | Message sent in 486ms. 3b79632a-1702-4a23-b832-261640842578
cnt-10_1  | Sending message at 2024-10-15T07:01:53.252248145. 2ac45634-bcaa-4c83-8aca-d54cd26d3cf9
cnt-1_1   | 2024-10-15T07:01:53.731958391 | Message sent in 508ms. d45759a7-e3c1-405b-925c-d75373b9dbbe
cnt-9_1   | 2024-10-15T07:01:53.778519542 | Message sent in 491ms. 3b136072-c7c3-44e0-92ce-75ddcf18ee64
cnt-10_1  | Sending message at 2024-10-15T07:01:54.002748799. 9d14c3f2-b990-4dd4-8e7c-690afb47ce6c
cnt-5_1   | 2024-10-15T07:01:55.361025849 | Message sent in 541ms. a2b379ae-d26f-4d4d-8e1f-3addba9c0899
cnt-10_1  | Sending message at 2024-10-15T07:01:55.950169763. 295540fb-cac7-45ca-85a0-71e7b5d4eeb8
cnt-5_1   | Sending message at 2024-10-15T07:01:56.324784282. 356b0eb5-8279-4601-ade3-026f63e4ebb0
cnt-5_1   | 2024-10-15T07:01:56.844961021 | Message sent in 693ms. 8d98626f-200e-4365-886a-6b94755072a8
cnt-7_1   | 2024-10-15T07:01:56.879168730 | Message sent in 508ms. 2aec121b-738d-407b-8a3a-a49542198e1a
cnt-9_1   | 2024-10-15T07:01:58.461897397 | Message sent in 599ms. 3b136072-c7c3-44e0-92ce-75ddcf18ee64
cnt-1_1   | 2024-10-15T07:01:58.504227309 | Message sent in 616ms. 29655972-e6a3-41de-9fc7-4221063c9444
cnt-7_1   | 2024-10-15T07:01:59.688522902 | Message sent in 632ms. 09bd8e50-d72c-42ac-8343-eb9389a4af69
cnt-8_1   | 2024-10-15T07:02:01.762539996 | Message sent in 662ms. de01eef9-d1c0-4b2e-8844-823f1cbad704
cnt-7_1   | Sending message at 2024-10-15T07:02:02.499507222. 1f5e06e6-dd41-4496-b52f-c76870f2590e
cnt-3_1   | Sending message at 2024-10-15T07:02:02.537129064. 50c584e2-3417-4eae-bb96-6c8ea04272d7
cnt-7_1   | Sending message at 2024-10-15T07:02:02.734901361. 2aec121b-738d-407b-8a3a-a49542198e1a
cnt-7_1   | 2024-10-15T07:02:02.872711889 | Message sent in 373ms. 1f5e06e6-dd41-4496-b52f-c76870f2590e
cnt-8_1   | 2024-10-15T07:02:02.888862235 | Message sent in 384ms. 98be4747-ace5-4606-9292-5a42ddede0dc
cnt-1_1   | 2024-10-15T07:02:03.003303528 | Message sent in 509ms. 8e922780-13cc-4f6b-ac6e-7f3895a69ed2
cnt-2_1   | 2024-10-15T07:02:03.162235890 | Message sent in 275ms. 4168d58a-d5b7-421f-affa-a63e33440592
cnt-8_1   | Sending message at 2024-10-15T07:02:03.889148884. 98be4747-ace5-4606-9292-5a42ddede0dc
cnt-6_1   | Sending message at 2024-10-15T07:02:04.054905646. b19681d3-00b3-4435-9b77-d5d7cbe4cb74
cnt-8_1   | 2024-10-15T07:02:04.813943219 | Message sent in 756ms. eef6d190-c5fa-4b37-8d81-80a444a28e6c
cnt-4_1   | 2024-10-15T07:02:04.820032716 | Message sent in 766ms. 9b7921f9-59d1-4646-925e-2a0cbfbcea54
cnt-3_1   | Sending message at 2024-10-15T07:02:05.805680651. 50c584e2-3417-4eae-bb96-6c8ea04272d7
cnt-4_1   | Sending message at 2024-10-15T07:02:05.820443290. 9b7921f9-59d1-4646-925e-2a0cbfbcea54
cnt-9_1   | 2024-10-15T07:02:06.286880761 | Message sent in 502ms. 65b060e8-26de-41a3-b26f-299a8dd3c1c1
cnt-6_1   | Sending message at 2024-10-15T07:02:06.684775946. dd357149-2b53-4648-893a-ed34c5b59bb0
cnt-7_1   | 2024-10-15T07:02:07.033143042 | Message sent in 1236ms. 09bd8e50-d72c-42ac-8343-eb9389a4af69
cnt-6_1   | 2024-10-15T07:02:07.326475865 | Message sent in 568ms. 0a2bce24-71cb-4ca1-998c-33e236f143b3
cnt-6_1   | 2024-10-15T07:02:07.809064918 | Message sent in 533ms. b19681d3-00b3-4435-9b77-d5d7cbe4cb74
cnt-4_1   | Sending message at 2024-10-15T07:02:07.920333351. 567a910c-7469-4649-a201-7b88a745e5bd
cnt-3_1   | Sending message at 2024-10-15T07:02:08.343069712. 79cda186-d031-4e37-ab5f-b8d0f0a29b21
cnt-6_1   | 2024-10-15T07:02:08.690991076 | Message sent in 647ms. 55271a59-82e5-45da-a0f4-3cbe2e010140
cnt-1_1   | Sending message at 2024-10-15T07:02:08.774459988. 8e922780-13cc-4f6b-ac6e-7f3895a69ed2
cnt-4_1   | Sending message at 2024-10-15T07:02:08.802956105. 12b5c701-b700-41e4-ad51-18eae358846e
cnt-6_1   | Sending message at 2024-10-15T07:02:09.691207461. 55271a59-82e5-45da-a0f4-3cbe2e010140
cnt-10_1  | Sending message at 2024-10-15T07:02:09.706413914. 3b79632a-1702-4a23-b832-261640842578
cnt-7_1   | Sending message at 2024-10-15T07:02:09.714874737. 09bd8e50-d72c-42ac-8343-eb9389a4af69
cnt-7_1   | Sending message at 2024-10-15T07:02:09.786751657. 77da0f23-2472-46eb-926d-f5c0e121e0b2
cnt-5_1   | Sending message at 2024-10-15T07:02:10.268185793. 5416b13c-9f1b-4ad4-ab93-cabe457a775b
cnt-7_1   | Sending message at 2024-10-15T07:02:10.844235090. 1f5e06e6-dd41-4496-b52f-c76870f2590e
cnt-8_1   | Sending message at 2024-10-15T07:02:11.157043639. de01eef9-d1c0-4b2e-8844-823f1cbad704
cnt-10_1  | Sending message at 2024-10-15T07:02:11.609715432. 3b79632a-1702-4a23-b832-261640842578
cnt-9_1   | Sending message at 2024-10-15T07:02:11.619057883. fdaa9e05-529f-4974-8e76-6d1f3f83cca3
cnt-8_1   | Sending message at 2024-10-15T07:02:11.714602846. 98be4747-ace5-4606-9292-5a42ddede0dc
cnt-5_1   | Sending message at 2024-10-15T07:02:13.572280461. 356b0eb5-8279-4601-ade3-026f63e4ebb0
cnt-10_1  | 2024-10-15T07:02:13.600759802 | Message sent in 510ms. 295540fb-cac7-45ca-85a0-71e7b5d4eeb8
cnt-3_1   | 2024-10-15T07:02:13.670545027 | Message sent in 497ms. 5623b795-5821-43f1-96cf-61cde31fa77b
cnt-4_1   | Sending message at 2024-10-15T07:02:14.258538556. 2a80a850-eaf6-47f0-9a4c-02ea5d7324cf
cnt-2_1   | Sending message at 2024-10-15T07:02:14.342089364. 301441c2-8176-4dc9-b27b-e89d6d8876bf
cnt-10_1  | Sending message at 2024-10-15T07:02:14.601342487. 295540fb-cac7-45ca-85a0-71e7b5d4eeb8
cnt-5_1   | 2024-10-15T07:02:14.757909012 | Message sent in 585ms. a2b379ae-d26f-4d4d-8e1f-3addba9c0899
cnt-3_1   | 2024-10-15T07:02:14.775429862 | Message sent in 897ms. 79cda186-d031-4e37-ab5f-b8d0f0a29b21
cnt-5_1   | 2024-10-15T07:02:18.022977326 | Message sent in 716ms. a2b379ae-d26f-4d4d-8e1f-3addba9c0899
cnt-6_1   | Sending message at 2024-10-15T07:02:18.503695069. 55271a59-82e5-45da-a0f4-3cbe2e010140
cnt-5_1   | Sending message at 2024-10-15T07:02:19.022357248. 5613cd9b-3a7a-414f-b33a-7b8e2c5f4e0e
cnt-9_1   | Sending message at 2024-10-15T07:02:19.026353862. 666ce9ac-87ea-46bf-bd01-fea2626071f5
cnt-3_1   | Sending message at 2024-10-15T07:02:19.192508080. adaf9426-d3c6-4a8d-a6db-0042ac9d9f13
cnt-9_1   | 2024-10-15T07:02:19.814070106 | Message sent in 788ms. 666ce9ac-87ea-46bf-bd01-fea2626071f5
cnt-1_1   | Sending message at 2024-10-15T07:02:19.968314839. a51a85f9-8010-49f8-aa90-5a77784bd37a
cnt-9_1   | 2024-10-15T07:02:20.292925062 | Message sent in 756ms. 65b060e8-26de-41a3-b26f-299a8dd3c1c1
cnt-5_1   | Sending message at 2024-10-15T07:02:20.393221409. 356b0eb5-8279-4601-ade3-026f63e4ebb0
cnt-6_1   | 2024-10-15T07:02:20.786272441 | Message sent in 383ms. 0a2bce24-71cb-4ca1-998c-33e236f143b3
cnt-3_1   | Sending message at 2024-10-15T07:02:21.371550662. 5623b795-5821-43f1-96cf-61cde31fa77b
cnt-4_1   | 2024-10-15T07:02:21.376866056 | Message sent in 526ms. 2a80a850-eaf6-47f0-9a4c-02ea5d7324cf
cnt-6_1   | Sending message at 2024-10-15T07:02:21.786463809. 0a2bce24-71cb-4ca1-998c-33e236f143b3
cnt-5_1   | 2024-10-15T07:02:21.798104384 | Message sent in 487ms. 5416b13c-9f1b-4ad4-ab93-cabe457a775b
cnt-2_1   | Sending message at 2024-10-15T07:02:22.066731888. 98bff2e6-90b4-49b7-8606-d741b847e7ab
cnt-2_1   | 2024-10-15T07:02:22.288573521 | Message sent in 982ms. 301441c2-8176-4dc9-b27b-e89d6d8876bf
cnt-9_1   | 2024-10-15T07:02:22.463719903 | Message sent in 666ms. fdaa9e05-529f-4974-8e76-6d1f3f83cca3
cnt-5_1   | 2024-10-15T07:02:22.892019387 | Message sent in 525ms. a2b379ae-d26f-4d4d-8e1f-3addba9c0899
cnt-4_1   | 2024-10-15T07:02:22.904354663 | Message sent in 527ms. 2a80a850-eaf6-47f0-9a4c-02ea5d7324cf
cnt-8_1   | Sending message at 2024-10-15T07:02:23.264256705. 2b5751a8-4611-4b3a-b459-eba5d529cf26
cnt-8_1   | Sending message at 2024-10-15T07:02:23.266258180. 98be4747-ace5-4606-9292-5a42ddede0dc
cnt-1_1   | Sending message at 2024-10-15T07:02:23.327307811. d45759a7-e3c1-405b-925c-d75373b9dbbe
cnt-1_1   | Sending message at 2024-10-15T07:02:23.337178122. b962ec96-b503-4fa8-8235-954e1c5cad26
cnt-1_1   | 2024-10-15T07:02:24.197527745 | Message sent in 825ms. a51a85f9-8010-49f8-aa90-5a77784bd37a
cnt-9_1   | 2024-10-15T07:02:24.393794222 | Message sent in 503ms. 666ce9ac-87ea-46bf-bd01-fea2626071f5
cnt-6_1   | Sending message at 2024-10-15T07:02:25.396555448. b19681d3-00b3-4435-9b77-d5d7cbe4cb74
cnt-3_1   | Sending message at 2024-10-15T07:02:25.605140619. 50c584e2-3417-4eae-bb96-6c8ea04272d7
cnt-7_1   | Sending message at 2024-10-15T07:02:25.785404939. 09bd8e50-d72c-42ac-8343-eb9389a4af69
cnt-6_1   | Sending message at 2024-10-15T07:02:25.814280742. a9161609-0c1e-4602-94dd-abba8dfaecb7
cnt-9_1   | Sending message at 2024-10-15T07:02:25.852153191. 65b060e8-26de-41a3-b26f-299a8dd3c1c1
cnt-1_1   | Scheduled exit. Godbyeeeeeeeeeeeeeee...
cnt-8_1   | 2024-10-15T07:02:26.172591712 | Message sent in 995ms. de01eef9-d1c0-4b2e-8844-823f1cbad704
asb-debug_cnt-1_1 exited with code 69
cnt-1_1   | Starting the application. Logging messages with probability 0.05...
cnt-3_1   | 2024-10-15T07:02:28.207671628 | Message sent in 958ms. adaf9426-d3c6-4a8d-a6db-0042ac9d9f13
cnt-9_1   | 2024-10-15T07:02:28.219626409 | Message sent in 958ms. 3b136072-c7c3-44e0-92ce-75ddcf18ee64
cnt-6_1   | Sending message at 2024-10-15T07:02:28.885422870. dd357149-2b53-4648-893a-ed34c5b59bb0
cnt-6_1   | 2024-10-15T07:02:29.388177515 | Message sent in 503ms. dd357149-2b53-4648-893a-ed34c5b59bb0
cnt-7_1   | 2024-10-15T07:02:29.399827198 | Message sent in 484ms. 77da0f23-2472-46eb-926d-f5c0e121e0b2
cnt-9_1   | 2024-10-15T07:02:29.676135466 | Message sent in 497ms. fdaa9e05-529f-4974-8e76-6d1f3f83cca3
cnt-8_1   | Sending message at 2024-10-15T07:02:30.424455148. a262c7e1-de6d-4c15-8d1e-c83d4ee24730
cnt-2_1   | Scheduled exit. Godbyeeeeeeeeeeeeeee...
cnt-9_1   | Sending message at 2024-10-15T07:02:30.700394937. 65b060e8-26de-41a3-b26f-299a8dd3c1c1
asb-debug_cnt-2_1 exited with code 69
cnt-7_1   | 2024-10-15T07:02:31.191779381 | Message sent in 791ms. 77da0f23-2472-46eb-926d-f5c0e121e0b2
cnt-2_1   | Starting the application. Logging messages with probability 0.05...
cnt-5_1   | Sending message at 2024-10-15T07:02:31.706217805. 8d98626f-200e-4365-886a-6b94755072a8
cnt-9_1   | Sending message at 2024-10-15T07:02:32.483324138. 65b060e8-26de-41a3-b26f-299a8dd3c1c1
cnt-10_1  | 2024-10-15T07:02:33.062709869 | Message sent in 566ms. 3b79632a-1702-4a23-b832-261640842578
cnt-3_1   | Sending message at 2024-10-15T07:02:33.304118276. 29e21eaa-9b34-49eb-ac4c-47494e06a0fa
cnt-8_1   | 2024-10-15T07:02:33.370030066 | Message sent in 7142ms. 2b5751a8-4611-4b3a-b459-eba5d529cf26
cnt-5_1   | Sending message at 2024-10-15T07:02:33.709192255. 5613cd9b-3a7a-414f-b33a-7b8e2c5f4e0e
cnt-10_1  | Sending message at 2024-10-15T07:02:34.063111636. 3b79632a-1702-4a23-b832-261640842578
cnt-7_1   | 2024-10-15T07:02:34.241118745 | Message sent in 560ms. 77da0f23-2472-46eb-926d-f5c0e121e0b2
cnt-5_1   | 2024-10-15T07:02:34.349539081 | Message sent in 575ms. a2b379ae-d26f-4d4d-8e1f-3addba9c0899
cnt-3_1   | 2024-10-15T07:02:35.388560169 | Message sent in 591ms. 29e21eaa-9b34-49eb-ac4c-47494e06a0fa
cnt-3_1   | 2024-10-15T07:02:36.074612688 | Message sent in 586ms. adaf9426-d3c6-4a8d-a6db-0042ac9d9f13
cnt-2_1   | Sending message at 2024-10-15T07:02:36.701141363. 22bfd567-89a0-4577-9ec2-5d66483c2062
cnt-8_1   | 2024-10-15T07:02:36.908918827 | Message sent in 904ms. 2b5751a8-4611-4b3a-b459-eba5d529cf26
cnt-10_1  | 2024-10-15T07:02:37.058117996 | Message sent in 764ms. 295540fb-cac7-45ca-85a0-71e7b5d4eeb8
cnt-10_1  | 2024-10-15T07:02:37.323593389 | Message sent in 638ms. 9d14c3f2-b990-4dd4-8e7c-690afb47ce6c
cnt-10_1  | Sending message at 2024-10-15T07:02:37.330688890. bb876dee-5e48-4ee3-83f4-e5bc01a0b36a
cnt-9_1   | Sending message at 2024-10-15T07:02:37.332677710. c765af6e-7c2a-46f1-bd4e-fcb2129e983e
cnt-1_1   | Sending message at 2024-10-15T07:02:37.333042575. ba70a812-e07a-44db-87bc-b65e3023b047
cnt-6_1   | 2024-10-15T07:02:44.574426325 | Message sent in 7270ms. dd357149-2b53-4648-893a-ed34c5b59bb0
cnt-1_1   | 2024-10-15T07:02:45.214425786 | Message sent in 7212ms. 7b0c8e96-4529-4c2a-a8f5-3fe56eeb9ccd
cnt-8_1   | 2024-10-15T07:02:45.252025574 | Message sent in 7233ms. eef6d190-c5fa-4b37-8d81-80a444a28e6c
cnt-6_1   | Sending message at 2024-10-15T07:02:45.674362770. 0a2bce24-71cb-4ca1-998c-33e236f143b3
cnt-2_1   | Sending message at 2024-10-15T07:02:46.147076711. 4221bca6-318a-4ad9-89f8-d9f0545ce631
cnt-8_1   | Sending message at 2024-10-15T07:02:46.252189543. de01eef9-d1c0-4b2e-8844-823f1cbad704
cnt-10_1  | 2024-10-15T07:02:47.427751052 | Message sent in 502ms. 3b79632a-1702-4a23-b832-261640842578
cnt-6_1   | 2024-10-15T07:02:47.555968695 | Message sent in 501ms. dd357149-2b53-4648-893a-ed34c5b59bb0
cnt-4_1   | Sending message at 2024-10-15T07:02:48.527060178. 9b7921f9-59d1-4646-925e-2a0cbfbcea54
cnt-10_1  | Sending message at 2024-10-15T07:02:48.590890747. bb876dee-5e48-4ee3-83f4-e5bc01a0b36a
cnt-7_1   | Sending message at 2024-10-15T07:02:49.402974758. 2aec121b-738d-407b-8a3a-a49542198e1a
cnt-2_1   | 2024-10-15T07:02:50.029605267 | Message sent in 626ms. 4221bca6-318a-4ad9-89f8-d9f0545ce631
cnt-4_1   | Sending message at 2024-10-15T07:02:50.465528869. 2a80a850-eaf6-47f0-9a4c-02ea5d7324cf
cnt-1_1   | Sending message at 2024-10-15T07:02:53.163063776. 0e1fee12-ddd9-4750-933d-7d285d244159
cnt-1_1   | 2024-10-15T07:02:56.651372659 | Message sent in 498ms. 7b0c8e96-4529-4c2a-a8f5-3fe56eeb9ccd
cnt-10_1  | 2024-10-15T07:02:57.028246939 | Message sent in 6906ms. 3b79632a-1702-4a23-b832-261640842578
cnt-10_1  | Sending message at 2024-10-15T07:02:57.674130872. 9d14c3f2-b990-4dd4-8e7c-690afb47ce6c
cnt-6_1   | 2024-10-15T07:02:57.793138814 | Message sent in 7295ms. a9161609-0c1e-4602-94dd-abba8dfaecb7
cnt-4_1   | 2024-10-15T07:02:58.187830790 | Message sent in 485ms. 567a910c-7469-4649-a201-7b88a745e5bd
cnt-7_1   | 2024-10-15T07:02:58.611391217 | Message sent in 7353ms. 4725dccf-870c-493e-9728-29ea658caf87
cnt-7_1   | Sending message at 2024-10-15T07:02:58.784769544. 09bd8e50-d72c-42ac-8343-eb9389a4af69
cnt-1_1   | Sending message at 2024-10-15T07:02:59.143418330. 7b0c8e96-4529-4c2a-a8f5-3fe56eeb9ccd
cnt-10_1  | 2024-10-15T07:02:59.659517870 | Message sent in 490ms. 9d14c3f2-b990-4dd4-8e7c-690afb47ce6c
cnt-2_1   | 2024-10-15T07:02:59.964892208 | Message sent in 479ms. b7935fe5-cb8f-4762-885d-08a43a177098
cnt-10_1  | Sending message at 2024-10-15T07:03:00.038752767. bb876dee-5e48-4ee3-83f4-e5bc01a0b36a
cnt-2_1   | 2024-10-15T07:03:00.045507613 | Message sent in 497ms. 22bfd567-89a0-4577-9ec2-5d66483c2062
cnt-5_1   | Sending message at 2024-10-15T07:03:00.134926715. 5416b13c-9f1b-4ad4-ab93-cabe457a775b
cnt-8_1   | Sending message at 2024-10-15T07:03:00.340306090. de01eef9-d1c0-4b2e-8844-823f1cbad704
cnt-5_1   | Sending message at 2024-10-15T07:03:01.138924490. 5613cd9b-3a7a-414f-b33a-7b8e2c5f4e0e
cnt-1_1   | 2024-10-15T07:03:01.158778834 | Message sent in 499ms. 7b0c8e96-4529-4c2a-a8f5-3fe56eeb9ccd
cnt-4_1   | 2024-10-15T07:03:01.175525499 | Message sent in 493ms. 567a910c-7469-4649-a201-7b88a745e5bd
cnt-7_1   | 2024-10-15T07:03:01.225375584 | Message sent in 480ms. 77da0f23-2472-46eb-926d-f5c0e121e0b2
cnt-9_1   | Sending message at 2024-10-15T07:03:02.144207393. 666ce9ac-87ea-46bf-bd01-fea2626071f5
cnt-5_1   | 2024-10-15T07:03:03.211734743 | Message sent in 1566ms. 5416b13c-9f1b-4ad4-ab93-cabe457a775b
cnt-9_1   | Sending message at 2024-10-15T07:03:03.918612099. 3b136072-c7c3-44e0-92ce-75ddcf18ee64
cnt-7_1   | 2024-10-15T07:03:03.936054851 | Message sent in 1132ms. 4725dccf-870c-493e-9728-29ea658caf87
cnt-7_1   | 2024-10-15T07:03:04.469146604 | Message sent in 497ms. 1f5e06e6-dd41-4496-b52f-c76870f2590e
cnt-3_1   | 2024-10-15T07:03:04.581911502 | Message sent in 492ms. 5623b795-5821-43f1-96cf-61cde31fa77b
cnt-4_1   | Sending message at 2024-10-15T07:03:04.878884232. bdb509a5-6140-4fcf-b968-7d3d72b694cd
cnt-9_1   | Sending message at 2024-10-15T07:03:04.938405718. 65b060e8-26de-41a3-b26f-299a8dd3c1c1
cnt-10_1  | 2024-10-15T07:03:06.125885342 | Message sent in 516ms. 9d14c3f2-b990-4dd4-8e7c-690afb47ce6c
cnt-1_1   | 2024-10-15T07:03:06.149574102 | Message sent in 510ms. 7b0c8e96-4529-4c2a-a8f5-3fe56eeb9ccd
cnt-4_1   | Sending message at 2024-10-15T07:03:06.516391264. 2a80a850-eaf6-47f0-9a4c-02ea5d7324cf
cnt-7_1   | 2024-10-15T07:03:07.498437873 | Message sent in 969ms. 77da0f23-2472-46eb-926d-f5c0e121e0b2
cnt-7_1   | 2024-10-15T07:03:07.498492766 | Message sent in 858ms. 09bd8e50-d72c-42ac-8343-eb9389a4af69
cnt-9_1   | 2024-10-15T07:03:07.525496996 | Message sent in 885ms. fdaa9e05-529f-4974-8e76-6d1f3f83cca3
cnt-6_1   | 2024-10-15T07:03:07.862262198 | Message sent in 940ms. a9161609-0c1e-4602-94dd-abba8dfaecb7
cnt-7_1   | Sending message at 2024-10-15T07:03:08.499003102. 2aec121b-738d-407b-8a3a-a49542198e1a
cnt-1_1   | Sending message at 2024-10-15T07:03:08.862446799. 0c30a98a-2563-41bf-b5bb-d2e3ffb2888c
cnt-4_1   | Sending message at 2024-10-15T07:03:08.862479556. 567a910c-7469-4649-a201-7b88a745e5bd
cnt-9_1   | Sending message at 2024-10-15T07:03:08.866234968. 666ce9ac-87ea-46bf-bd01-fea2626071f5
cnt-5_1   | 2024-10-15T07:03:09.528671274 | Message sent in 666ms. 356b0eb5-8279-4601-ade3-026f63e4ebb0
cnt-8_1   | Sending message at 2024-10-15T07:03:10.109226744. de01eef9-d1c0-4b2e-8844-823f1cbad704
cnt-9_1   | 2024-10-15T07:03:10.756790016 | Message sent in 491ms. c765af6e-7c2a-46f1-bd4e-fcb2129e983e
cnt-6_1   | 2024-10-15T07:03:10.832183655 | Message sent in 547ms. 0a2bce24-71cb-4ca1-998c-33e236f143b3
cnt-8_1   | Sending message at 2024-10-15T07:03:11.698113421. 98be4747-ace5-4606-9292-5a42ddede0dc
cnt-9_1   | Sending message at 2024-10-15T07:03:11.757058038. c765af6e-7c2a-46f1-bd4e-fcb2129e983e
cnt-7_1   | Sending message at 2024-10-15T07:03:11.828941259. 77da0f23-2472-46eb-926d-f5c0e121e0b2
cnt-4_1   | Sending message at 2024-10-15T07:03:12.037507219. 567a910c-7469-4649-a201-7b88a745e5bd
cnt-2_1   | 2024-10-15T07:03:12.307137478 | Message sent in 488ms. b7935fe5-cb8f-4762-885d-08a43a177098
cnt-4_1   | Sending message at 2024-10-15T07:03:12.882760138. 9b7921f9-59d1-4646-925e-2a0cbfbcea54
cnt-2_1   | 2024-10-15T07:03:19.959291855 | Message sent in 7083ms. 22bfd567-89a0-4577-9ec2-5d66483c2062
cnt-7_1   | 2024-10-15T07:03:20.007730990 | Message sent in 7070ms. 4725dccf-870c-493e-9728-29ea658caf87
cnt-4_1   | 2024-10-15T07:03:20.348472640 | Message sent in 7029ms. 2a80a850-eaf6-47f0-9a4c-02ea5d7324cf
cnt-1_1   | Sending message at 2024-10-15T07:03:20.565432205. 0e1fee12-ddd9-4750-933d-7d285d244159
cnt-8_1   | 2024-10-15T07:03:20.900946061 | Message sent in 626ms. 2b5751a8-4611-4b3a-b459-eba5d529cf26
cnt-9_1   | 2024-10-15T07:03:21.746103938 | Message sent in 495ms. 65b060e8-26de-41a3-b26f-299a8dd3c1c1
cnt-7_1   | 2024-10-15T07:03:21.836929326 | Message sent in 477ms. 09bd8e50-d72c-42ac-8343-eb9389a4af69
cnt-3_1   | Sending message at 2024-10-15T07:03:21.882529337. 5623b795-5821-43f1-96cf-61cde31fa77b
cnt-2_1   | Sending message at 2024-10-15T07:03:21.976734424. 4221bca6-318a-4ad9-89f8-d9f0545ce631
cnt-1_1   | Sending message at 2024-10-15T07:03:22.116697217. 0e1fee12-ddd9-4750-933d-7d285d244159
cnt-2_1   | Sending message at 2024-10-15T07:03:22.611586280. 571ebb65-acd7-4eb7-ab61-7e09ed513ba6
cnt-8_1   | Sending message at 2024-10-15T07:03:22.639423856. 98be4747-ace5-4606-9292-5a42ddede0dc
cnt-4_1   | Sending message at 2024-10-15T07:03:22.826735425. 2a80a850-eaf6-47f0-9a4c-02ea5d7324cf
cnt-7_1   | Sending message at 2024-10-15T07:03:22.854223566. 1f5e06e6-dd41-4496-b52f-c76870f2590e
cnt-6_1   | Sending message at 2024-10-15T07:03:22.989163658. a9161609-0c1e-4602-94dd-abba8dfaecb7
cnt-5_1   | Sending message at 2024-10-15T07:03:23.197354611. 356b0eb5-8279-4601-ade3-026f63e4ebb0
cnt-1_1   | Sending message at 2024-10-15T07:03:23.602871938. 0e1fee12-ddd9-4750-933d-7d285d244159
cnt-3_1   | 2024-10-15T07:03:23.848589672 | Message sent in 488ms. 5623b795-5821-43f1-96cf-61cde31fa77b
cnt-5_1   | Sending message at 2024-10-15T07:03:24.331437070. a2b379ae-d26f-4d4d-8e1f-3addba9c0899
cnt-7_1   | Sending message at 2024-10-15T07:03:24.342808645. 1f5e06e6-dd41-4496-b52f-c76870f2590e
cnt-1_1   | Scheduled exit. Godbyeeeeeeeeeeeeeee...
asb-debug_cnt-1_1 exited with code 69
cnt-1_1   | Starting the application. Logging messages with probability 0.05...
cnt-10_1  | 2024-10-15T07:03:31.036305214 | Message sent in 7281ms. 295540fb-cac7-45ca-85a0-71e7b5d4eeb8
cnt-2_1   | Scheduled exit. Godbyeeeeeeeeeeeeeee...
asb-debug_cnt-2_1 exited with code 69
cnt-8_1   | 2024-10-15T07:03:32.164998566 | Message sent in 7296ms. 2b5751a8-4611-4b3a-b459-eba5d529cf26
cnt-1_1   | Sending message at 2024-10-15T07:03:32.318744882. e9e41729-4779-4e4d-bf17-fcdda4367321
cnt-2_1   | Starting the application. Logging messages with probability 0.05...
cnt-3_1   | Sending message at 2024-10-15T07:03:32.911124830. adaf9426-d3c6-4a8d-a6db-0042ac9d9f13
cnt-7_1   | 2024-10-15T07:03:34.625192259 | Message sent in 546ms. 4725dccf-870c-493e-9728-29ea658caf87
cnt-9_1   | 2024-10-15T07:03:34.677388981 | Message sent in 552ms. 3b136072-c7c3-44e0-92ce-75ddcf18ee64
cnt-8_1   | Sending message at 2024-10-15T07:03:34.739913233. 2b5751a8-4611-4b3a-b459-eba5d529cf26
cnt-8_1   | 2024-10-15T07:03:35.059840838 | Message sent in 490ms. eef6d190-c5fa-4b37-8d81-80a444a28e6c
cnt-5_1   | Sending message at 2024-10-15T07:03:35.272456876. 5613cd9b-3a7a-414f-b33a-7b8e2c5f4e0e
cnt-4_1   | Sending message at 2024-10-15T07:03:35.292971078. 12b5c701-b700-41e4-ad51-18eae358846e
cnt-5_1   | Sending message at 2024-10-15T07:03:36.752895139. 5613cd9b-3a7a-414f-b33a-7b8e2c5f4e0e
cnt-6_1   | 2024-10-15T07:03:37.061052247 | Message sent in 1093ms. a9161609-0c1e-4602-94dd-abba8dfaecb7
cnt-1_1   | 2024-10-15T07:03:37.290275768 | Message sent in 500ms. e9e41729-4779-4e4d-bf17-fcdda4367321
cnt-4_1   | 2024-10-15T07:03:37.634924773 | Message sent in 513ms. 9b7921f9-59d1-4646-925e-2a0cbfbcea54
cnt-6_1   | Sending message at 2024-10-15T07:03:38.061313549. a9161609-0c1e-4602-94dd-abba8dfaecb7
cnt-3_1   | 2024-10-15T07:03:38.438855870 | Message sent in 479ms. adaf9426-d3c6-4a8d-a6db-0042ac9d9f13
cnt-2_1   | Sending message at 2024-10-15T07:03:38.610408922. e3aea433-2d3b-4b7f-bfd5-eebfa2cdd473
cnt-8_1   | 2024-10-15T07:03:39.009099804 | Message sent in 1017ms. eef6d190-c5fa-4b37-8d81-80a444a28e6c
cnt-6_1   | 2024-10-15T07:03:39.043846519 | Message sent in 770ms. dd357149-2b53-4648-893a-ed34c5b59bb0
cnt-6_1   | 2024-10-15T07:03:39.045951668 | Message sent in 1049ms. b19681d3-00b3-4435-9b77-d5d7cbe4cb74
cnt-1_1   | 2024-10-15T07:03:39.064523125 | Message sent in 768ms. e9e41729-4779-4e4d-bf17-fcdda4367321
cnt-3_1   | 2024-10-15T07:03:39.863410329 | Message sent in 479ms. 79cda186-d031-4e37-ab5f-b8d0f0a29b21
cnt-7_1   | 2024-10-15T07:03:39.947102353 | Message sent in 502ms. 09bd8e50-d72c-42ac-8343-eb9389a4af69
cnt-10_1  | Sending message at 2024-10-15T07:03:40.253325398. 3b79632a-1702-4a23-b832-261640842578
cnt-8_1   | 2024-10-15T07:03:41.054246714 | Message sent in 780ms. a262c7e1-de6d-4c15-8d1e-c83d4ee24730
cnt-1_1   | 2024-10-15T07:03:41.109420724 | Message sent in 971ms. 43973cea-453e-4e91-b2eb-315a24bb7162
cnt-6_1   | 2024-10-15T07:03:41.125141316 | Message sent in 1020ms. 55271a59-82e5-45da-a0f4-3cbe2e010140
cnt-1_1   | Sending message at 2024-10-15T07:03:42.109854639. 43973cea-453e-4e91-b2eb-315a24bb7162
cnt-2_1   | Sending message at 2024-10-15T07:03:42.138201781. f509a1e3-adf5-486b-a3e2-78c0751a3081
cnt-6_1   | Sending message at 2024-10-15T07:03:42.176120615. a9161609-0c1e-4602-94dd-abba8dfaecb7
cnt-3_1   | Sending message at 2024-10-15T07:03:42.343755007. 79cda186-d031-4e37-ab5f-b8d0f0a29b21
cnt-8_1   | 2024-10-15T07:03:42.503927110 | Message sent in 495ms. 98be4747-ace5-4606-9292-5a42ddede0dc
cnt-4_1   | Sending message at 2024-10-15T07:03:43.087750204. 12b5c701-b700-41e4-ad51-18eae358846e
cnt-3_1   | 2024-10-15T07:03:43.101618227 | Message sent in 655ms. adaf9426-d3c6-4a8d-a6db-0042ac9d9f13
cnt-10_1  | 2024-10-15T07:03:43.173108428 | Message sent in 1052ms. 3b79632a-1702-4a23-b832-261640842578
cnt-9_1   | 2024-10-15T07:03:44.249409837 | Message sent in 735ms. 65b060e8-26de-41a3-b26f-299a8dd3c1c1
cnt-6_1   | 2024-10-15T07:03:44.528726970 | Message sent in 538ms. 55271a59-82e5-45da-a0f4-3cbe2e010140
cnt-4_1   | Sending message at 2024-10-15T07:03:44.621333254. 12b5c701-b700-41e4-ad51-18eae358846e
cnt-3_1   | Sending message at 2024-10-15T07:03:45.274159425. 50c584e2-3417-4eae-bb96-6c8ea04272d7
cnt-10_1  | 2024-10-15T07:03:45.903048737 | Message sent in 654ms. bb876dee-5e48-4ee3-83f4-e5bc01a0b36a
cnt-6_1   | Sending message at 2024-10-15T07:03:46.016138668. b19681d3-00b3-4435-9b77-d5d7cbe4cb74
cnt-2_1   | 2024-10-15T07:03:46.015320626 | Message sent in 513ms. e3aea433-2d3b-4b7f-bfd5-eebfa2cdd473
cnt-1_1   | Sending message at 2024-10-15T07:03:46.196046587. e9e41729-4779-4e4d-bf17-fcdda4367321
cnt-5_1   | Sending message at 2024-10-15T07:03:46.210913904. 5416b13c-9f1b-4ad4-ab93-cabe457a775b
cnt-9_1   | Sending message at 2024-10-15T07:03:46.910862695. 65b060e8-26de-41a3-b26f-299a8dd3c1c1
cnt-6_1   | 2024-10-15T07:03:46.923101838 | Message sent in 907ms. b19681d3-00b3-4435-9b77-d5d7cbe4cb74
cnt-4_1   | 2024-10-15T07:03:46.930412722 | Message sent in 749ms. 12b5c701-b700-41e4-ad51-18eae358846e
cnt-1_1   | 2024-10-15T07:03:46.981635865 | Message sent in 785ms. e9e41729-4779-4e4d-bf17-fcdda4367321
cnt-5_1   | 2024-10-15T07:03:46.993099037 | Message sent in 812ms. 5613cd9b-3a7a-414f-b33a-7b8e2c5f4e0e
cnt-8_1   | 2024-10-15T07:03:48.434018442 | Message sent in 514ms. eef6d190-c5fa-4b37-8d81-80a444a28e6c
cnt-8_1   | Sending message at 2024-10-15T07:03:48.445273041. de01eef9-d1c0-4b2e-8844-823f1cbad704
cnt-2_1   | Sending message at 2024-10-15T07:03:48.518113432. 72b95c85-6b21-425e-aca3-f3c07c551a5a
cnt-2_1   | 2024-10-15T07:03:48.613517523 | Message sent in 700ms. c807d75c-79f4-497a-ac47-f979935389b7
cnt-10_1  | 2024-10-15T07:03:49.204001233 | Message sent in 643ms. bb876dee-5e48-4ee3-83f4-e5bc01a0b36a
cnt-2_1   | 2024-10-15T07:03:49.304961961 | Message sent in 581ms. e3aea433-2d3b-4b7f-bfd5-eebfa2cdd473
cnt-8_1   | Sending message at 2024-10-15T07:03:49.434474881. eef6d190-c5fa-4b37-8d81-80a444a28e6c
cnt-6_1   | 2024-10-15T07:03:49.456306449 | Message sent in 814ms. 55271a59-82e5-45da-a0f4-3cbe2e010140
cnt-8_1   | Sending message at 2024-10-15T07:03:51.993499947. de01eef9-d1c0-4b2e-8844-823f1cbad704
cnt-6_1   | 2024-10-15T07:03:52.203152152 | Message sent in 780ms. 0a2bce24-71cb-4ca1-998c-33e236f143b3
cnt-3_1   | Sending message at 2024-10-15T07:03:52.209062740. 50c584e2-3417-4eae-bb96-6c8ea04272d7
cnt-3_1   | 2024-10-15T07:03:52.242018745 | Message sent in 621ms. 29e21eaa-9b34-49eb-ac4c-47494e06a0fa
cnt-6_1   | 2024-10-15T07:03:52.250843846 | Message sent in 629ms. b19681d3-00b3-4435-9b77-d5d7cbe4cb74
cnt-9_1   | Sending message at 2024-10-15T07:03:52.310582540. 65b060e8-26de-41a3-b26f-299a8dd3c1c1
cnt-9_1   | Sending message at 2024-10-15T07:03:53.789032335. 3b136072-c7c3-44e0-92ce-75ddcf18ee64
cnt-6_1   | Sending message at 2024-10-15T07:03:53.801616556. a9161609-0c1e-4602-94dd-abba8dfaecb7
cnt-5_1   | Sending message at 2024-10-15T07:03:53.816237712. 5416b13c-9f1b-4ad4-ab93-cabe457a775b
cnt-1_1   | Sending message at 2024-10-15T07:03:53.828022734. c56862d1-4dcb-42e0-a4b3-d4db23a59e9d
cnt-7_1   | Sending message at 2024-10-15T07:03:53.831519165. 1f5e06e6-dd41-4496-b52f-c76870f2590e
cnt-8_1   | Sending message at 2024-10-15T07:03:53.875057167. a262c7e1-de6d-4c15-8d1e-c83d4ee24730
cnt-9_1   | Sending message at 2024-10-15T07:03:53.880961791. 666ce9ac-87ea-46bf-bd01-fea2626071f5
cnt-1_1   | 2024-10-15T07:03:53.901420444 | Message sent in 519ms. 05ffe717-9d17-4180-8b94-33fcfc65219c
cnt-3_1   | Sending message at 2024-10-15T07:03:54.226667984. adaf9426-d3c6-4a8d-a6db-0042ac9d9f13
cnt-3_1   | 2024-10-15T07:03:54.773548346 | Message sent in 852ms. 5623b795-5821-43f1-96cf-61cde31fa77b
cnt-8_1   | 2024-10-15T07:03:54.773942728 | Message sent in 898ms. a262c7e1-de6d-4c15-8d1e-c83d4ee24730
cnt-10_1  | Sending message at 2024-10-15T07:03:54.883199867. 2ac45634-bcaa-4c83-8aca-d54cd26d3cf9
cnt-1_1   | Sending message at 2024-10-15T07:03:54.901661283. 05ffe717-9d17-4180-8b94-33fcfc65219c
cnt-2_1   | 2024-10-15T07:03:55.209822451 | Message sent in 512ms. c807d75c-79f4-497a-ac47-f979935389b7
cnt-3_1   | Sending message at 2024-10-15T07:03:55.277740434. 79cda186-d031-4e37-ab5f-b8d0f0a29b21
cnt-10_1  | 2024-10-15T07:03:56.704499226 | Message sent in 909ms. 295540fb-cac7-45ca-85a0-71e7b5d4eeb8
cnt-6_1   | 2024-10-15T07:03:57.233778797 | Message sent in 479ms. dd357149-2b53-4648-893a-ed34c5b59bb0
cnt-3_1   | Sending message at 2024-10-15T07:03:57.267989071. 5623b795-5821-43f1-96cf-61cde31fa77b
cnt-8_1   | Sending message at 2024-10-15T07:03:57.711639340. 98be4747-ace5-4606-9292-5a42ddede0dc
cnt-4_1   | 2024-10-15T07:03:58.226323142 | Message sent in 521ms. 12b5c701-b700-41e4-ad51-18eae358846e
cnt-7_1   | 2024-10-15T07:03:58.261557114 | Message sent in 567ms. 4725dccf-870c-493e-9728-29ea658caf87
cnt-3_1   | 2024-10-15T07:03:58.703796104 | Message sent in 477ms. 79cda186-d031-4e37-ab5f-b8d0f0a29b21
cnt-10_1  | 2024-10-15T07:03:59.275861120 | Message sent in 500ms. bb876dee-5e48-4ee3-83f4-e5bc01a0b36a
cnt-1_1   | Sending message at 2024-10-15T07:03:59.639881843. 05ffe717-9d17-4180-8b94-33fcfc65219c
cnt-8_1   | 2024-10-15T07:04:00.169149748 | Message sent in 476ms. de01eef9-d1c0-4b2e-8844-823f1cbad704
cnt-2_1   | 2024-10-15T07:04:00.728739759 | Message sent in 1034ms. 72b95c85-6b21-425e-aca3-f3c07c551a5a
cnt-6_1   | Sending message at 2024-10-15T07:04:00.784450032. b19681d3-00b3-4435-9b77-d5d7cbe4cb74
cnt-10_1  | Sending message at 2024-10-15T07:04:02.060299158. bb876dee-5e48-4ee3-83f4-e5bc01a0b36a
cnt-8_1   | 2024-10-15T07:04:02.250279747 | Message sent in 488ms. a262c7e1-de6d-4c15-8d1e-c83d4ee24730
cnt-3_1   | 2024-10-15T07:04:02.318997790 | Message sent in 513ms. 50c584e2-3417-4eae-bb96-6c8ea04272d7
cnt-6_1   | Sending message at 2024-10-15T07:04:02.377095476. b19681d3-00b3-4435-9b77-d5d7cbe4cb74
cnt-5_1   | Sending message at 2024-10-15T07:04:02.601858297. 5613cd9b-3a7a-414f-b33a-7b8e2c5f4e0e
cnt-9_1   | 2024-10-15T07:04:02.774889773 | Message sent in 673ms. 65b060e8-26de-41a3-b26f-299a8dd3c1c1
cnt-7_1   | Sending message at 2024-10-15T07:04:03.808586998. 2aec121b-738d-407b-8a3a-a49542198e1a
cnt-4_1   | 2024-10-15T07:04:04.680306471 | Message sent in 883ms. 12b5c701-b700-41e4-ad51-18eae358846e
cnt-5_1   | 2024-10-15T07:04:05.693872010 | Message sent in 588ms. 8d98626f-200e-4365-886a-6b94755072a8
cnt-9_1   | 2024-10-15T07:04:05.791254158 | Message sent in 592ms. 3b136072-c7c3-44e0-92ce-75ddcf18ee64
cnt-1_1   | Sending message at 2024-10-15T07:04:06.024085630. e9e41729-4779-4e4d-bf17-fcdda4367321
cnt-8_1   | 2024-10-15T07:04:06.403022300 | Message sent in 662ms. 98be4747-ace5-4606-9292-5a42ddede0dc
cnt-5_1   | 2024-10-15T07:04:06.599812603 | Message sent in 666ms. 5613cd9b-3a7a-414f-b33a-7b8e2c5f4e0e
cnt-8_1   | 2024-10-15T07:04:07.211705005 | Message sent in 538ms. a262c7e1-de6d-4c15-8d1e-c83d4ee24730
cnt-4_1   | Sending message at 2024-10-15T07:04:07.260818447. 12b5c701-b700-41e4-ad51-18eae358846e
cnt-9_1   | Sending message at 2024-10-15T07:04:07.415659704. 65b060e8-26de-41a3-b26f-299a8dd3c1c1
cnt-7_1   | Sending message at 2024-10-15T07:04:07.758111516. 77da0f23-2472-46eb-926d-f5c0e121e0b2
cnt-6_1   | Sending message at 2024-10-15T07:04:08.034515902. dd357149-2b53-4648-893a-ed34c5b59bb0
cnt-7_1   | 2024-10-15T07:04:08.310809240 | Message sent in 728ms. 2aec121b-738d-407b-8a3a-a49542198e1a
cnt-8_1   | 2024-10-15T07:04:08.311076333 | Message sent in 729ms. de01eef9-d1c0-4b2e-8844-823f1cbad704
cnt-9_1   | Sending message at 2024-10-15T07:04:08.318133655. 3b136072-c7c3-44e0-92ce-75ddcf18ee64
cnt-10_1  | 2024-10-15T07:04:08.341437136 | Message sent in 566ms. 3b79632a-1702-4a23-b832-261640842578
cnt-7_1   | Sending message at 2024-10-15T07:04:08.722250747. 09bd8e50-d72c-42ac-8343-eb9389a4af69
cnt-9_1   | Sending message at 2024-10-15T07:04:09.032232910. 65b060e8-26de-41a3-b26f-299a8dd3c1c1
cnt-3_1   | 2024-10-15T07:04:09.402067615 | Message sent in 521ms. 29e21eaa-9b34-49eb-ac4c-47494e06a0fa
cnt-4_1   | 2024-10-15T07:04:09.834403256 | Message sent in 524ms. 567a910c-7469-4649-a201-7b88a745e5bd
cnt-3_1   | Sending message at 2024-10-15T07:04:09.995982508. 5623b795-5821-43f1-96cf-61cde31fa77b
cnt-4_1   | 2024-10-15T07:04:10.369289034 | Message sent in 528ms. 2a80a850-eaf6-47f0-9a4c-02ea5d7324cf
cnt-5_1   | 2024-10-15T07:04:10.500562505 | Message sent in 489ms. 5416b13c-9f1b-4ad4-ab93-cabe457a775b
cnt-10_1  | Sending message at 2024-10-15T07:04:10.851170060. 3b79632a-1702-4a23-b832-261640842578
cnt-1_1   | 2024-10-15T07:04:11.332443692 | Message sent in 499ms. 70198c2a-f3b4-4b07-b403-c828102d041b
cnt-2_1   | 2024-10-15T07:04:11.357481189 | Message sent in 521ms. f509a1e3-adf5-486b-a3e2-78c0751a3081
cnt-9_1   | 2024-10-15T07:04:11.831729136 | Message sent in 504ms. c765af6e-7c2a-46f1-bd4e-fcb2129e983e
cnt-10_1  | Sending message at 2024-10-15T07:04:12.081514125. 295540fb-cac7-45ca-85a0-71e7b5d4eeb8
cnt-2_1   | 2024-10-15T07:04:12.355017961 | Message sent in 873ms. d5c08cae-ecff-4c3e-b7fb-d74b487f768f
cnt-4_1   | 2024-10-15T07:04:12.385406936 | Message sent in 1016ms. 2a80a850-eaf6-47f0-9a4c-02ea5d7324cf
cnt-5_1   | 2024-10-15T07:04:12.829112732 | Message sent in 483ms. 5613cd9b-3a7a-414f-b33a-7b8e2c5f4e0e
cnt-5_1   | Sending message at 2024-10-15T07:04:13.829431969. 5613cd9b-3a7a-414f-b33a-7b8e2c5f4e0e
cnt-2_1   | 2024-10-15T07:04:14.212251137 | Message sent in 626ms. c807d75c-79f4-497a-ac47-f979935389b7
cnt-1_1   | Sending message at 2024-10-15T07:04:14.266462267. e9e41729-4779-4e4d-bf17-fcdda4367321
cnt-6_1   | 2024-10-15T07:04:14.285136020 | Message sent in 727ms. b19681d3-00b3-4435-9b77-d5d7cbe4cb74
cnt-10_1  | 2024-10-15T07:04:14.299682857 | Message sent in 717ms. 295540fb-cac7-45ca-85a0-71e7b5d4eeb8
cnt-2_1   | Sending message at 2024-10-15T07:04:14.953058443. d5c08cae-ecff-4c3e-b7fb-d74b487f768f
cnt-9_1   | 2024-10-15T07:04:14.977821773 | Message sent in 536ms. c765af6e-7c2a-46f1-bd4e-fcb2129e983e
cnt-5_1   | Sending message at 2024-10-15T07:04:15.285118460. 356b0eb5-8279-4601-ade3-026f63e4ebb0
cnt-6_1   | Sending message at 2024-10-15T07:04:15.285408485. b19681d3-00b3-4435-9b77-d5d7cbe4cb74
cnt-5_1   | 2024-10-15T07:04:15.477779728 | Message sent in 631ms. 5416b13c-9f1b-4ad4-ab93-cabe457a775b
cnt-1_1   | 2024-10-15T07:04:15.949224307 | Message sent in 627ms. 70198c2a-f3b4-4b07-b403-c828102d041b
cnt-5_1   | Sending message at 2024-10-15T07:04:16.919416823. 356b0eb5-8279-4601-ade3-026f63e4ebb0
cnt-1_1   | Sending message at 2024-10-15T07:04:16.967357981. 05ffe717-9d17-4180-8b94-33fcfc65219c
cnt-3_1   | 2024-10-15T07:04:23.772216561 | Message sent in 7466ms. 50c584e2-3417-4eae-bb96-6c8ea04272d7
cnt-9_1   | 2024-10-15T07:04:24.038527214 | Message sent in 7416ms. 3b136072-c7c3-44e0-92ce-75ddcf18ee64
cnt-7_1   | 2024-10-15T07:04:24.049514059 | Message sent in 7179ms. 2aec121b-738d-407b-8a3a-a49542198e1a
cnt-1_1   | 2024-10-15T07:04:24.071907059 | Message sent in 7366ms. 43973cea-453e-4e91-b2eb-315a24bb7162
cnt-2_1   | Sending message at 2024-10-15T07:04:24.223484362. e3aea433-2d3b-4b7f-bfd5-eebfa2cdd473
cnt-10_1  | 2024-10-15T07:04:24.403026772 | Message sent in 7389ms. 3b79632a-1702-4a23-b832-261640842578
cnt-8_1   | Sending message at 2024-10-15T07:04:25.064068209. de01eef9-d1c0-4b2e-8844-823f1cbad704
cnt-10_1  | Sending message at 2024-10-15T07:04:25.158112417. bb876dee-5e48-4ee3-83f4-e5bc01a0b36a
cnt-3_1   | 2024-10-15T07:04:25.270945548 | Message sent in 498ms. 50c584e2-3417-4eae-bb96-6c8ea04272d7
cnt-7_1   | 2024-10-15T07:04:25.421338502 | Message sent in 372ms. 2aec121b-738d-407b-8a3a-a49542198e1a
cnt-4_1   | Sending message at 2024-10-15T07:04:25.544921071. bdb509a5-6140-4fcf-b968-7d3d72b694cd
cnt-10_1  | 2024-10-15T07:04:25.656868332 | Message sent in 498ms. bb876dee-5e48-4ee3-83f4-e5bc01a0b36a
cnt-9_1   | 2024-10-15T07:04:26.953817090 | Message sent in 515ms. 3b136072-c7c3-44e0-92ce-75ddcf18ee64
cnt-1_1   | 2024-10-15T07:04:27.174215348 | Message sent in 487ms. 70198c2a-f3b4-4b07-b403-c828102d041b
cnt-4_1   | [pool-5-thread-1] ERROR org.example.Main - Failed to send message
cnt-4_1   | java.lang.IllegalStateException: Timeout on blocking read for 17400000000 NANOSECONDS
cnt-4_1   | 	at reactor.core.publisher.BlockingSingleSubscriber.blockingGet(BlockingSingleSubscriber.java:124)
cnt-4_1   | 	at reactor.core.publisher.Mono.block(Mono.java:1766)
cnt-4_1   | 	at com.azure.messaging.servicebus.ServiceBusSenderClient.sendMessage(ServiceBusSenderClient.java:266)
cnt-4_1   | 	at org.example.Main.lambda$schedulePublishing$3(Main.java:84)
cnt-4_1   | 	at java.base/java.util.concurrent.Executors$RunnableAdapter.call(Executors.java:539)
cnt-4_1   | 	at java.base/java.util.concurrent.FutureTask.runAndReset(FutureTask.java:305)
cnt-4_1   | 	at java.base/java.util.concurrent.ScheduledThreadPoolExecutor$ScheduledFutureTask.run(ScheduledThreadPoolExecutor.java:305)
cnt-4_1   | 	at java.base/java.util.concurrent.ThreadPoolExecutor.runWorker(ThreadPoolExecutor.java:1136)
cnt-4_1   | 	at java.base/java.util.concurrent.ThreadPoolExecutor$Worker.run(ThreadPoolExecutor.java:635)
cnt-4_1   | 	at java.base/java.lang.Thread.run(Thread.java:840)
cnt-9_1   | [pool-8-thread-1] ERROR org.example.Main - Failed to send message
cnt-9_1   | java.lang.IllegalStateException: Timeout on blocking read for 17400000000 NANOSECONDS
cnt-9_1   | 	at reactor.core.publisher.BlockingSingleSubscriber.blockingGet(BlockingSingleSubscriber.java:124)
cnt-9_1   | 	at reactor.core.publisher.Mono.block(Mono.java:1766)
cnt-9_1   | 	at com.azure.messaging.servicebus.ServiceBusSenderClient.sendMessage(ServiceBusSenderClient.java:266)
cnt-9_1   | 	at org.example.Main.lambda$schedulePublishing$3(Main.java:84)
cnt-9_1   | 	at java.base/java.util.concurrent.Executors$RunnableAdapter.call(Executors.java:539)
cnt-9_1   | 	at java.base/java.util.concurrent.FutureTask.runAndReset(FutureTask.java:305)
cnt-9_1   | 	at java.base/java.util.concurrent.ScheduledThreadPoolExecutor$ScheduledFutureTask.run(ScheduledThreadPoolExecutor.java:305)
cnt-9_1   | 	at java.base/java.util.concurrent.ThreadPoolExecutor.runWorker(ThreadPoolExecutor.java:1136)
cnt-9_1   | 	at java.base/java.util.concurrent.ThreadPoolExecutor$Worker.run(ThreadPoolExecutor.java:635)
cnt-9_1   | 	at java.base/java.lang.Thread.run(Thread.java:840)
cnt-7_1   | [pool-5-thread-1] ERROR org.example.Main - Failed to send message
cnt-7_1   | java.lang.IllegalStateException: Timeout on blocking read for 17400000000 NANOSECONDS
cnt-7_1   | 	at reactor.core.publisher.BlockingSingleSubscriber.blockingGet(BlockingSingleSubscriber.java:124)
cnt-7_1   | 	at reactor.core.publisher.Mono.block(Mono.java:1766)
cnt-7_1   | 	at com.azure.messaging.servicebus.ServiceBusSenderClient.sendMessage(ServiceBusSenderClient.java:266)
cnt-7_1   | 	at org.example.Main.lambda$schedulePublishing$3(Main.java:84)
cnt-7_1   | 	at java.base/java.util.concurrent.Executors$RunnableAdapter.call(Executors.java:539)
cnt-7_1   | 	at java.base/java.util.concurrent.FutureTask.runAndReset(FutureTask.java:305)
cnt-7_1   | 	at java.base/java.util.concurrent.ScheduledThreadPoolExecutor$ScheduledFutureTask.run(ScheduledThreadPoolExecutor.java:305)
cnt-7_1   | 	at java.base/java.util.concurrent.ThreadPoolExecutor.runWorker(ThreadPoolExecutor.java:1136)
cnt-7_1   | 	at java.base/java.util.concurrent.ThreadPoolExecutor$Worker.run(ThreadPoolExecutor.java:635)
cnt-7_1   | 	at java.base/java.lang.Thread.run(Thread.java:840)
cnt-3_1   | Sending message at 2024-10-15T07:04:27.744089073. 50c584e2-3417-4eae-bb96-6c8ea04272d7
cnt-3_1   | [pool-7-thread-1] ERROR org.example.Main - Failed to send message
cnt-3_1   | java.lang.IllegalStateException: Timeout on blocking read for 17400000000 NANOSECONDS
cnt-3_1   | 	at reactor.core.publisher.BlockingSingleSubscriber.blockingGet(BlockingSingleSubscriber.java:124)
cnt-3_1   | 	at reactor.core.publisher.Mono.block(Mono.java:1766)
cnt-3_1   | 	at com.azure.messaging.servicebus.ServiceBusSenderClient.sendMessage(ServiceBusSenderClient.java:266)
cnt-3_1   | 	at org.example.Main.lambda$schedulePublishing$3(Main.java:84)
cnt-3_1   | 	at java.base/java.util.concurrent.Executors$RunnableAdapter.call(Executors.java:539)
cnt-3_1   | 	at java.base/java.util.concurrent.FutureTask.runAndReset(FutureTask.java:305)
cnt-3_1   | 	at java.base/java.util.concurrent.ScheduledThreadPoolExecutor$ScheduledFutureTask.run(ScheduledThreadPoolExecutor.java:305)
cnt-3_1   | 	at java.base/java.util.concurrent.ThreadPoolExecutor.runWorker(ThreadPoolExecutor.java:1136)
cnt-3_1   | 	at java.base/java.util.concurrent.ThreadPoolExecutor$Worker.run(ThreadPoolExecutor.java:635)
cnt-3_1   | 	at java.base/java.lang.Thread.run(Thread.java:840)
cnt-4_1   | [pool-8-thread-1] ERROR org.example.Main - Failed to send message
cnt-4_1   | java.lang.IllegalStateException: Timeout on blocking read for 17400000000 NANOSECONDS
cnt-4_1   | 	at reactor.core.publisher.BlockingSingleSubscriber.blockingGet(BlockingSingleSubscriber.java:124)
cnt-4_1   | 	at reactor.core.publisher.Mono.block(Mono.java:1766)
cnt-4_1   | 	at com.azure.messaging.servicebus.ServiceBusSenderClient.sendMessage(ServiceBusSenderClient.java:266)
cnt-4_1   | 	at org.example.Main.lambda$schedulePublishing$3(Main.java:84)
cnt-4_1   | 	at java.base/java.util.concurrent.Executors$RunnableAdapter.call(Executors.java:539)
cnt-4_1   | 	at java.base/java.util.concurrent.FutureTask.runAndReset(FutureTask.java:305)
cnt-4_1   | 	at java.base/java.util.concurrent.ScheduledThreadPoolExecutor$ScheduledFutureTask.run(ScheduledThreadPoolExecutor.java:305)
cnt-4_1   | 	at java.base/java.util.concurrent.ThreadPoolExecutor.runWorker(ThreadPoolExecutor.java:1136)
cnt-4_1   | 	at java.base/java.util.concurrent.ThreadPoolExecutor$Worker.run(ThreadPoolExecutor.java:635)
cnt-4_1   | 	at java.base/java.lang.Thread.run(Thread.java:840)
cnt-1_1   | [pool-5-thread-1] ERROR org.example.Main - Failed to send message
cnt-1_1   | java.lang.IllegalStateException: Timeout on blocking read for 17400000000 NANOSECONDS
cnt-1_1   | 	at reactor.core.publisher.BlockingSingleSubscriber.blockingGet(BlockingSingleSubscriber.java:124)
cnt-1_1   | 	at reactor.core.publisher.Mono.block(Mono.java:1766)
cnt-1_1   | 	at com.azure.messaging.servicebus.ServiceBusSenderClient.sendMessage(ServiceBusSenderClient.java:266)
cnt-1_1   | 	at org.example.Main.lambda$schedulePublishing$3(Main.java:84)
cnt-1_1   | 	at java.base/java.util.concurrent.Executors$RunnableAdapter.call(Executors.java:539)
cnt-1_1   | 	at java.base/java.util.concurrent.FutureTask.runAndReset(FutureTask.java:305)
cnt-1_1   | 	at java.base/java.util.concurrent.ScheduledThreadPoolExecutor$ScheduledFutureTask.run(ScheduledThreadPoolExecutor.java:305)
cnt-1_1   | 	at java.base/java.util.concurrent.ThreadPoolExecutor.runWorker(ThreadPoolExecutor.java:1136)
cnt-1_1   | 	at java.base/java.util.concurrent.ThreadPoolExecutor$Worker.run(ThreadPoolExecutor.java:635)
cnt-1_1   | 	at java.base/java.lang.Thread.run(Thread.java:840)
cnt-1_1   | Blocking read error encountered with c56862d1-4dcb-42e0-a4b3-d4db23a59e9d. No more restarts.
cnt-7_1   | [pool-8-thread-1] ERROR org.example.Main - Failed to send message
cnt-7_1   | java.lang.IllegalStateException: Timeout on blocking read for 17400000000 NANOSECONDS
cnt-7_1   | 	at reactor.core.publisher.BlockingSingleSubscriber.blockingGet(BlockingSingleSubscriber.java:124)
cnt-7_1   | 	at reactor.core.publisher.Mono.block(Mono.java:1766)
cnt-7_1   | 	at com.azure.messaging.servicebus.ServiceBusSenderClient.sendMessage(ServiceBusSenderClient.java:266)
cnt-7_1   | 	at org.example.Main.lambda$schedulePublishing$3(Main.java:84)
cnt-7_1   | 	at java.base/java.util.concurrent.Executors$RunnableAdapter.call(Executors.java:539)
cnt-7_1   | 	at java.base/java.util.concurrent.FutureTask.runAndReset(FutureTask.java:305)
cnt-7_1   | 	at java.base/java.util.concurrent.ScheduledThreadPoolExecutor$ScheduledFutureTask.run(ScheduledThreadPoolExecutor.java:305)
cnt-7_1   | 	at java.base/java.util.concurrent.ThreadPoolExecutor.runWorker(ThreadPoolExecutor.java:1136)
cnt-7_1   | 	at java.base/java.util.concurrent.ThreadPoolExecutor$Worker.run(ThreadPoolExecutor.java:635)
cnt-7_1   | 	at java.base/java.lang.Thread.run(Thread.java:840)
cnt-10_1  | [pool-7-thread-1] ERROR org.example.Main - Failed to send message
cnt-10_1  | java.lang.IllegalStateException: Timeout on blocking read for 17400000000 NANOSECONDS
cnt-10_1  | 	at reactor.core.publisher.BlockingSingleSubscriber.blockingGet(BlockingSingleSubscriber.java:124)
cnt-10_1  | 	at reactor.core.publisher.Mono.block(Mono.java:1766)
cnt-10_1  | 	at com.azure.messaging.servicebus.ServiceBusSenderClient.sendMessage(ServiceBusSenderClient.java:266)
cnt-10_1  | 	at org.example.Main.lambda$schedulePublishing$3(Main.java:84)
cnt-10_1  | 	at java.base/java.util.concurrent.Executors$RunnableAdapter.call(Executors.java:539)
cnt-10_1  | 	at java.base/java.util.concurrent.FutureTask.runAndReset(FutureTask.java:305)
cnt-10_1  | 	at java.base/java.util.concurrent.ScheduledThreadPoolExecutor$ScheduledFutureTask.run(ScheduledThreadPoolExecutor.java:305)
cnt-10_1  | 	at java.base/java.util.concurrent.ThreadPoolExecutor.runWorker(ThreadPoolExecutor.java:1136)
cnt-10_1  | 	at java.base/java.util.concurrent.ThreadPoolExecutor$Worker.run(ThreadPoolExecutor.java:635)
cnt-10_1  | 	at java.base/java.lang.Thread.run(Thread.java:840)
cnt-8_1   | [pool-5-thread-1] ERROR org.example.Main - Failed to send message
cnt-8_1   | java.lang.IllegalStateException: Timeout on blocking read for 17400000000 NANOSECONDS
cnt-8_1   | 	at reactor.core.publisher.BlockingSingleSubscriber.blockingGet(BlockingSingleSubscriber.java:124)
cnt-8_1   | 	at reactor.core.publisher.Mono.block(Mono.java:1766)
cnt-8_1   | 	at com.azure.messaging.servicebus.ServiceBusSenderClient.sendMessage(ServiceBusSenderClient.java:266)
cnt-8_1   | 	at org.example.Main.lambda$schedulePublishing$3(Main.java:84)
cnt-8_1   | 	at java.base/java.util.concurrent.Executors$RunnableAdapter.call(Executors.java:539)
cnt-8_1   | 	at java.base/java.util.concurrent.FutureTask.runAndReset(FutureTask.java:305)
cnt-8_1   | 	at java.base/java.util.concurrent.ScheduledThreadPoolExecutor$ScheduledFutureTask.run(ScheduledThreadPoolExecutor.java:305)
