cnt-2_1   | Sending message at 2024-10-15T07:06:43.361450825. 11de13e5-dc37-40ec-a1c2-b40859044bff
cnt-5_1   | 2024-10-15T07:06:43.450029969 | Message sent in 490ms. 7b026bf0-b4be-4641-adb2-072dcaef7254
cnt-1_1   | Sending message at 2024-10-15T07:06:43.477460134. 157196f7-c621-4bc2-a98a-5e977084b0eb
cnt-10_1  | Sending message at 2024-10-15T07:06:43.498179901. bd09cf2d-94da-4244-ba9c-c30780596b33
cnt-9_1   | Sending message at 2024-10-15T07:06:43.539809738. fdaa9e05-529f-4974-8e76-6d1f3f83cca3
cnt-6_1   | 2024-10-15T07:06:43.935330918 | Message sent in 526ms. 55271a59-82e5-45da-a0f4-3cbe2e010140
cnt-6_1   | Sending message at 2024-10-15T07:06:44.290427355. 72c9499e-51ea-4525-8c20-03af96bd5e34
cnt-2_1   | Sending message at 2024-10-15T07:06:44.855462710. 11de13e5-dc37-40ec-a1c2-b40859044bff
cnt-1_1   | Sending message at 2024-10-15T07:06:44.965266477. 157196f7-c621-4bc2-a98a-5e977084b0eb
cnt-1_1   | Sending message at 2024-10-15T07:06:45.396898919. 49a439e6-0e64-4218-bf11-03af91d7b36f
cnt-6_1   | 2024-10-15T07:06:45.433738220 | Message sent in 498ms. 55271a59-82e5-45da-a0f4-3cbe2e010140
cnt-5_1   | Sending message at 2024-10-15T07:06:45.813366626. 356b0eb5-8279-4601-ade3-026f63e4ebb0
cnt-4_1   | Sending message at 2024-10-15T07:06:46.111418343. 567a910c-7469-4649-a201-7b88a745e5bd
cnt-5_1   | Sending message at 2024-10-15T07:06:46.661169317. 5cbbe7de-7472-438d-844a-b02144864bdc
cnt-10_1  | Sending message at 2024-10-15T07:06:46.877370332. 056bd9f5-d952-4cd6-ae9f-351cee99f563
cnt-1_1   | Sending message at 2024-10-15T07:06:46.885024601. a5593467-41df-42ce-adcb-e43f02653427
cnt-5_1   | Sending message at 2024-10-15T07:06:47.841266622. 7b026bf0-b4be-4641-adb2-072dcaef7254
cnt-8_1   | Sending message at 2024-10-15T07:06:47.950120240. eef6d190-c5fa-4b37-8d81-80a444a28e6c
cnt-7_1   | Sending message at 2024-10-15T07:06:48.131530239. b42ab6f6-40c0-47e8-8dc1-ae19bc376f48
cnt-2_1   | 2024-10-15T07:06:48.817341992 | Message sent in 950ms. 2b50ee40-03e6-474e-898e-a266f96d3367
cnt-3_1   | 2024-10-15T07:06:50.312940611 | Message sent in 500ms. adaf9426-d3c6-4a8d-a6db-0042ac9d9f13
cnt-1_1   | 2024-10-15T07:06:51.321810524 | Message sent in 484ms. e9e41729-4779-4e4d-bf17-fcdda4367321
cnt-6_1   | 2024-10-15T07:06:51.813923879 | Message sent in 495ms. 53b1df0f-bacc-4238-987e-66d7cefefba2
cnt-2_1   | 2024-10-15T07:06:51.851880265 | Message sent in 507ms. 2b50ee40-03e6-474e-898e-a266f96d3367
cnt-1_1   | Sending message at 2024-10-15T07:06:52.322256934. e9e41729-4779-4e4d-bf17-fcdda4367321
cnt-8_1   | Sending message at 2024-10-15T07:06:54.400119123. 8d1b4f2d-9e52-4d5f-8db6-f6b11b5f7e3b
cnt-1_1   | Sending message at 2024-10-15T07:06:54.402422770. 157196f7-c621-4bc2-a98a-5e977084b0eb
cnt-8_1   | Sending message at 2024-10-15T07:06:54.414253050. a262c7e1-de6d-4c15-8d1e-c83d4ee24730
cnt-5_1   | 2024-10-15T07:06:54.829421773 | Message sent in 547ms. a9841e6d-dbad-4fee-b80d-fc51b74c3b2f
cnt-6_1   | Sending message at 2024-10-15T07:06:55.971904040. a9161609-0c1e-4602-94dd-abba8dfaecb7
cnt-10_1  | 2024-10-15T07:06:56.100138283 | Message sent in 7708ms. 056bd9f5-d952-4cd6-ae9f-351cee99f563
cnt-9_1   | 2024-10-15T07:06:56.244416852 | Message sent in 811ms. 2055602e-3ec9-4699-b013-58ac0efb71cc
cnt-1_1   | 2024-10-15T07:06:56.244450896 | Message sent in 820ms. e9e41729-4779-4e4d-bf17-fcdda4367321
cnt-3_1   | 2024-10-15T07:06:56.500613857 | Message sent in 671ms. adaf9426-d3c6-4a8d-a6db-0042ac9d9f13
cnt-8_1   | 2024-10-15T07:06:56.618139703 | Message sent in 515ms. eef6d190-c5fa-4b37-8d81-80a444a28e6c
cnt-5_1   | Sending message at 2024-10-15T07:06:57.375626062. a9841e6d-dbad-4fee-b80d-fc51b74c3b2f
cnt-2_1   | 2024-10-15T07:06:57.701240408 | Message sent in 598ms. d531ef9d-6ca7-4c0d-b427-ec1de969a241
cnt-6_1   | 2024-10-15T07:06:57.870938886 | Message sent in 627ms. 72c9499e-51ea-4525-8c20-03af96bd5e34
cnt-5_1   | 2024-10-15T07:06:57.882582698 | Message sent in 507ms. a9841e6d-dbad-4fee-b80d-fc51b74c3b2f
cnt-8_1   | 2024-10-15T07:06:58.149878950 | Message sent in 539ms. a262c7e1-de6d-4c15-8d1e-c83d4ee24730
cnt-2_1   | Sending message at 2024-10-15T07:06:58.172933116. 5248892f-e83b-49d9-ac1d-79e3174b40ae
cnt-2_1   | 2024-10-15T07:06:58.692447362 | Message sent in 519ms. 5248892f-e83b-49d9-ac1d-79e3174b40ae
cnt-6_1   | Sending message at 2024-10-15T07:06:58.871234729. 72c9499e-51ea-4525-8c20-03af96bd5e34
cnt-3_1   | Sending message at 2024-10-15T07:06:58.872038753. 3d0b7535-f860-49df-8759-6a513948daa8
cnt-10_1  | Sending message at 2024-10-15T07:06:59.016107324. bd09cf2d-94da-4244-ba9c-c30780596b33
cnt-8_1   | Sending message at 2024-10-15T07:06:59.150127179. a262c7e1-de6d-4c15-8d1e-c83d4ee24730
cnt-4_1   | 2024-10-15T07:06:59.312100040 | Message sent in 549ms. 2a80a850-eaf6-47f0-9a4c-02ea5d7324cf
cnt-10_1  | Sending message at 2024-10-15T07:07:00.319375293. 056bd9f5-d952-4cd6-ae9f-351cee99f563
cnt-6_1   | 2024-10-15T07:07:00.977129689 | Message sent in 510ms. 46b5a3e9-76f1-453e-9830-dda4e8320cf2
cnt-4_1   | Sending message at 2024-10-15T07:07:01.422391733. 89ac1cbf-a905-4477-bfba-ea70af9b56f8
cnt-8_1   | Sending message at 2024-10-15T07:07:02.019642365. 30627bff-8bfb-4e62-bb62-c64a9911b93a
cnt-1_1   | Sending message at 2024-10-15T07:07:02.038812042. e9e41729-4779-4e4d-bf17-fcdda4367321
cnt-8_1   | Sending message at 2024-10-15T07:07:02.336562519. eef6d190-c5fa-4b37-8d81-80a444a28e6c
cnt-10_1  | 2024-10-15T07:07:02.737811695 | Message sent in 634ms. c22f11a9-b8fc-400e-bc67-09c1e112e35f
cnt-3_1   | 2024-10-15T07:07:02.960201216 | Message sent in 913ms. 5623b795-5821-43f1-96cf-61cde31fa77b
cnt-5_1   | Sending message at 2024-10-15T07:07:03.520906126. 356b0eb5-8279-4601-ade3-026f63e4ebb0
cnt-3_1   | Sending message at 2024-10-15T07:07:03.953367203. 3d0b7535-f860-49df-8759-6a513948daa8
cnt-3_1   | Sending message at 2024-10-15T07:07:03.960466945. 5623b795-5821-43f1-96cf-61cde31fa77b
cnt-6_1   | 2024-10-15T07:07:04.366554541 | Message sent in 681ms. 46b5a3e9-76f1-453e-9830-dda4e8320cf2
cnt-5_1   | 2024-10-15T07:07:04.366557086 | Message sent in 882ms. 5cbbe7de-7472-438d-844a-b02144864bdc
cnt-4_1   | 2024-10-15T07:07:04.737672201 | Message sent in 496ms. 567a910c-7469-4649-a201-7b88a745e5bd
cnt-4_1   | Sending message at 2024-10-15T07:07:05.329740688. 89ac1cbf-a905-4477-bfba-ea70af9b56f8
cnt-8_1   | Sending message at 2024-10-15T07:07:07.208153627. de01eef9-d1c0-4b2e-8844-823f1cbad704
cnt-3_1   | Sending message at 2024-10-15T07:07:07.238272594. 17c9977b-6590-4de5-91f7-35cff6fe9365
cnt-4_1   | Sending message at 2024-10-15T07:07:08.797823382. bdb509a5-6140-4fcf-b968-7d3d72b694cd
cnt-10_1  | 2024-10-15T07:07:09.189517998 | Message sent in 479ms. 61c954d7-34cc-49ea-a17c-2c786fdb17b1
cnt-4_1   | Sending message at 2024-10-15T07:07:09.792088702. 2a80a850-eaf6-47f0-9a4c-02ea5d7324cf
cnt-9_1   | Sending message at 2024-10-15T07:07:10.359061093. 45195e14-b9ce-4589-b469-8fdcbd6fd7c9
cnt-4_1   | Sending message at 2024-10-15T07:07:10.370238814. bdb509a5-6140-4fcf-b968-7d3d72b694cd
cnt-9_1   | 2024-10-15T07:07:10.950855053 | Message sent in 591ms. 45195e14-b9ce-4589-b469-8fdcbd6fd7c9
cnt-10_1  | Sending message at 2024-10-15T07:07:11.150725196. bcca4cb3-20b9-4b02-b9e7-6a4243b90593
cnt-10_1  | Sending message at 2024-10-15T07:07:11.733004864. 61c954d7-34cc-49ea-a17c-2c786fdb17b1
cnt-8_1   | 2024-10-15T07:07:12.489751120 | Message sent in 744ms. de01eef9-d1c0-4b2e-8844-823f1cbad704
cnt-10_1  | 2024-10-15T07:07:12.730721882 | Message sent in 822ms. c22f11a9-b8fc-400e-bc67-09c1e112e35f
cnt-7_1   | 2024-10-15T07:07:12.784323109 | Message sent in 7319ms. a56e4c63-2d71-4f22-b9c2-5352619067ac
cnt-8_1   | 2024-10-15T07:07:13.250466884 | Message sent in 1057ms. eef6d190-c5fa-4b37-8d81-80a444a28e6c
cnt-8_1   | Sending message at 2024-10-15T07:07:14.089336815. a262c7e1-de6d-4c15-8d1e-c83d4ee24730
cnt-3_1   | 2024-10-15T07:07:14.098002651 | Message sent in 374ms. 79cda186-d031-4e37-ab5f-b8d0f0a29b21
cnt-7_1   | Sending message at 2024-10-15T07:07:14.250551936. 19714887-b4c8-429c-93e8-0240ef1c01ba
cnt-3_1   | Sending message at 2024-10-15T07:07:14.250873957. 3d0b7535-f860-49df-8759-6a513948daa8
cnt-1_1   | Sending message at 2024-10-15T07:07:14.250874214. 2ddf9c0f-3942-40b7-aaff-b4c51b1c6a0f
cnt-7_1   | 2024-10-15T07:07:14.736982693 | Message sent in 488ms. 2620dde4-69d4-47c3-99c0-835d93553eef
cnt-7_1   | 2024-10-15T07:07:14.870766862 | Message sent in 620ms. 19714887-b4c8-429c-93e8-0240ef1c01ba
cnt-2_1   | Sending message at 2024-10-15T07:07:15.084778543. 5248892f-e83b-49d9-ac1d-79e3174b40ae
cnt-9_1   | Sending message at 2024-10-15T07:07:15.866732918. 45195e14-b9ce-4589-b469-8fdcbd6fd7c9
cnt-4_1   | Sending message at 2024-10-15T07:07:15.869918504. bdb509a5-6140-4fcf-b968-7d3d72b694cd
cnt-9_1   | Sending message at 2024-10-15T07:07:16.188829454. fdaa9e05-529f-4974-8e76-6d1f3f83cca3
cnt-10_1  | Sending message at 2024-10-15T07:07:17.742616866. bcca4cb3-20b9-4b02-b9e7-6a4243b90593
cnt-4_1   | 2024-10-15T07:07:18.211160891 | Message sent in 505ms. 2a80a850-eaf6-47f0-9a4c-02ea5d7324cf
cnt-9_1   | 2024-10-15T07:07:18.220120929 | Message sent in 511ms. fdaa9e05-529f-4974-8e76-6d1f3f83cca3
cnt-1_1   | Sending message at 2024-10-15T07:07:18.988878409. 49a439e6-0e64-4218-bf11-03af91d7b36f
cnt-6_1   | 2024-10-15T07:07:19.461866289 | Message sent in 492ms. 53b1df0f-bacc-4238-987e-66d7cefefba2
cnt-3_1   | Sending message at 2024-10-15T07:07:19.661144437. 79cda186-d031-4e37-ab5f-b8d0f0a29b21
cnt-6_1   | 2024-10-15T07:07:20.294114242 | Message sent in 833ms. 46b5a3e9-76f1-453e-9830-dda4e8320cf2
cnt-9_1   | Sending message at 2024-10-15T07:07:20.910155773. 45195e14-b9ce-4589-b469-8fdcbd6fd7c9
cnt-2_1   | Sending message at 2024-10-15T07:07:21.174000260. ee49c806-5e1b-4e7c-ba06-cf07949d9220
cnt-7_1   | 2024-10-15T07:07:22.277064827 | Message sent in 1139ms. 134a219d-5ce7-4abf-8f21-3f180acc560e
cnt-7_1   | Sending message at 2024-10-15T07:07:23.379586545. 19714887-b4c8-429c-93e8-0240ef1c01ba
cnt-2_1   | Sending message at 2024-10-15T07:07:23.442495952. ee49c806-5e1b-4e7c-ba06-cf07949d9220
cnt-1_1   | 2024-10-15T07:07:24.847977637 | Message sent in 1066ms. a5593467-41df-42ce-adcb-e43f02653427
cnt-7_1   | Sending message at 2024-10-15T07:07:25.843023938. a56e4c63-2d71-4f22-b9c2-5352619067ac
cnt-1_1   | Sending message at 2024-10-15T07:07:26.390283413. e9e41729-4779-4e4d-bf17-fcdda4367321
cnt-10_1  | 2024-10-15T07:07:26.470738904 | Message sent in 1140ms. 056bd9f5-d952-4cd6-ae9f-351cee99f563
cnt-6_1   | Sending message at 2024-10-15T07:07:26.959902921. a9161609-0c1e-4602-94dd-abba8dfaecb7
cnt-6_1   | Sending message at 2024-10-15T07:07:27.487849576. 46b5a3e9-76f1-453e-9830-dda4e8320cf2
cnt-2_1   | Sending message at 2024-10-15T07:07:27.660250957. 5248892f-e83b-49d9-ac1d-79e3174b40ae
cnt-8_1   | 2024-10-15T07:07:28.211595123 | Message sent in 851ms. de01eef9-d1c0-4b2e-8844-823f1cbad704
cnt-6_1   | Sending message at 2024-10-15T07:07:29.205420821. 72c9499e-51ea-4525-8c20-03af96bd5e34
cnt-10_1  | Sending message at 2024-10-15T07:07:29.211804378. 056bd9f5-d952-4cd6-ae9f-351cee99f563
cnt-4_1   | Sending message at 2024-10-15T07:07:29.258771436. bdb509a5-6140-4fcf-b968-7d3d72b694cd
cnt-8_1   | 2024-10-15T07:07:29.509269200 | Message sent in 703ms. eef6d190-c5fa-4b37-8d81-80a444a28e6c
cnt-9_1   | 2024-10-15T07:07:29.588614324 | Message sent in 591ms. c765af6e-7c2a-46f1-bd4e-fcb2129e983e
cnt-9_1   | 2024-10-15T07:07:29.648801716 | Message sent in 842ms. 45195e14-b9ce-4589-b469-8fdcbd6fd7c9
cnt-9_1   | 2024-10-15T07:07:29.813318167 | Message sent in 587ms. fdaa9e05-529f-4974-8e76-6d1f3f83cca3
cnt-6_1   | 2024-10-15T07:07:29.826543679 | Message sent in 600ms. 46b5a3e9-76f1-453e-9830-dda4e8320cf2
cnt-6_1   | 2024-10-15T07:07:30.028496020 | Message sent in 823ms. 72c9499e-51ea-4525-8c20-03af96bd5e34
cnt-2_1   | Scheduled exit. Godbyeeeeeeeeeeeeeee...
asb-debug_cnt-2_1 exited with code 69
cnt-2_1   | Starting the application. Logging messages with probability 0.05...
cnt-6_1   | 2024-10-15T07:07:37.601803019 | Message sent in 6953ms. a9161609-0c1e-4602-94dd-abba8dfaecb7
cnt-4_1   | 2024-10-15T07:07:38.100185727 | Message sent in 7169ms. bdb509a5-6140-4fcf-b968-7d3d72b694cd
cnt-9_1   | 2024-10-15T07:07:38.446536737 | Message sent in 7333ms. 8ccd7e63-6c1c-4daf-9db1-97305f861e97
cnt-5_1   | Sending message at 2024-10-15T07:07:38.959170322. 5416b13c-9f1b-4ad4-ab93-cabe457a775b
cnt-4_1   | Sending message at 2024-10-15T07:07:39.100569510. bdb509a5-6140-4fcf-b968-7d3d72b694cd
cnt-8_1   | 2024-10-15T07:07:39.143437677 | Message sent in 486ms. a262c7e1-de6d-4c15-8d1e-c83d4ee24730
cnt-7_1   | 2024-10-15T07:07:39.222751636 | Message sent in 7276ms. 2620dde4-69d4-47c3-99c0-835d93553eef
cnt-9_1   | 2024-10-15T07:07:39.484051706 | Message sent in 503ms. 45195e14-b9ce-4589-b469-8fdcbd6fd7c9
cnt-8_1   | Sending message at 2024-10-15T07:07:40.114491525. 30627bff-8bfb-4e62-bb62-c64a9911b93a
cnt-2_1   | 2024-10-15T07:07:40.158876733 | Message sent in 1698ms. dd04e8f4-9131-4ae9-95f5-9439df63a752
cnt-9_1   | Sending message at 2024-10-15T07:07:40.260360151. 2055602e-3ec9-4699-b013-58ac0efb71cc
cnt-1_1   | 2024-10-15T07:07:40.439921031 | Message sent in 514ms. a5593467-41df-42ce-adcb-e43f02653427
cnt-9_1   | 2024-10-15T07:07:41.210330741 | Message sent in 726ms. 45195e14-b9ce-4589-b469-8fdcbd6fd7c9
cnt-1_1   | Sending message at 2024-10-15T07:07:41.440120374. a5593467-41df-42ce-adcb-e43f02653427
cnt-4_1   | Sending message at 2024-10-15T07:07:41.704679455. 2250bd05-2a7d-4ecf-b91b-772ff4c9ba20
cnt-4_1   | Sending message at 2024-10-15T07:07:41.714467744. 89ac1cbf-a905-4477-bfba-ea70af9b56f8
cnt-1_1   | 2024-10-15T07:07:41.953418271 | Message sent in 513ms. a5593467-41df-42ce-adcb-e43f02653427
cnt-9_1   | 2024-10-15T07:07:42.235040841 | Message sent in 483ms. 2055602e-3ec9-4699-b013-58ac0efb71cc
cnt-8_1   | Sending message at 2024-10-15T07:07:42.591186215. 8d1b4f2d-9e52-4d5f-8db6-f6b11b5f7e3b
cnt-1_1   | 2024-10-15T07:07:42.725618862 | Message sent in 513ms. 2ddf9c0f-3942-40b7-aaff-b4c51b1c6a0f
cnt-1_1   | Sending message at 2024-10-15T07:07:42.953752889. a5593467-41df-42ce-adcb-e43f02653427
cnt-7_1   | Sending message at 2024-10-15T07:07:43.676942740. a56e4c63-2d71-4f22-b9c2-5352619067ac
cnt-1_1   | 2024-10-15T07:07:49.134987438 | Message sent in 358ms. 2ddf9c0f-3942-40b7-aaff-b4c51b1c6a0f
cnt-3_1   | 2024-10-15T07:07:49.865116460 | Message sent in 7466ms. 17c9977b-6590-4de5-91f7-35cff6fe9365
cnt-7_1   | 2024-10-15T07:07:49.937596467 | Message sent in 7716ms. b42ab6f6-40c0-47e8-8dc1-ae19bc376f48
cnt-10_1  | 2024-10-15T07:07:49.965187234 | Message sent in 7744ms. 056bd9f5-d952-4cd6-ae9f-351cee99f563
cnt-8_1   | 2024-10-15T07:07:50.013979439 | Message sent in 7071ms. eef6d190-c5fa-4b37-8d81-80a444a28e6c
cnt-6_1   | 2024-10-15T07:07:50.514127028 | Message sent in 7427ms. 55271a59-82e5-45da-a0f4-3cbe2e010140
cnt-8_1   | Sending message at 2024-10-15T07:07:51.280816463. a262c7e1-de6d-4c15-8d1e-c83d4ee24730
cnt-6_1   | Sending message at 2024-10-15T07:07:51.401697072. a9161609-0c1e-4602-94dd-abba8dfaecb7
cnt-9_1   | Sending message at 2024-10-15T07:07:51.487764374. c765af6e-7c2a-46f1-bd4e-fcb2129e983e
cnt-7_1   | Sending message at 2024-10-15T07:07:51.665995560. a56e4c63-2d71-4f22-b9c2-5352619067ac
cnt-5_1   | Sending message at 2024-10-15T07:07:51.875968551. a9841e6d-dbad-4fee-b80d-fc51b74c3b2f
cnt-6_1   | 2024-10-15T07:07:51.997922294 | Message sent in 507ms. 53b1df0f-bacc-4238-987e-66d7cefefba2
cnt-9_1   | 2024-10-15T07:07:52.825449280 | Message sent in 494ms. fdaa9e05-529f-4974-8e76-6d1f3f83cca3
cnt-4_1   | Sending message at 2024-10-15T07:07:52.924831006. 2250bd05-2a7d-4ecf-b91b-772ff4c9ba20
cnt-1_1   | Sending message at 2024-10-15T07:07:52.972868559. 49a439e6-0e64-4218-bf11-03af91d7b36f
cnt-7_1   | Sending message at 2024-10-15T07:07:54.875908054. a56e4c63-2d71-4f22-b9c2-5352619067ac
cnt-8_1   | Sending message at 2024-10-15T07:07:54.875765193. de01eef9-d1c0-4b2e-8844-823f1cbad704
cnt-7_1   | Sending message at 2024-10-15T07:07:54.927295515. 2620dde4-69d4-47c3-99c0-835d93553eef
cnt-3_1   | 2024-10-15T07:07:55.388808352 | Message sent in 512ms. 79cda186-d031-4e37-ab5f-b8d0f0a29b21
cnt-3_1   | 2024-10-15T07:07:55.907856520 | Message sent in 539ms. 17c9977b-6590-4de5-91f7-35cff6fe9365
cnt-2_1   | 2024-10-15T07:07:56.866067333 | Message sent in 492ms. 7ab44f5f-ff04-4ed7-8811-fd34d506e85b
cnt-3_1   | 2024-10-15T07:07:56.919825178 | Message sent in 530ms. 79cda186-d031-4e37-ab5f-b8d0f0a29b21
cnt-8_1   | Sending message at 2024-10-15T07:07:57.839130640. eef6d190-c5fa-4b37-8d81-80a444a28e6c
cnt-2_1   | Sending message at 2024-10-15T07:07:57.879224925. cd249c30-d0b1-4403-9b2b-33cc43aae8d9
cnt-2_1   | 2024-10-15T07:07:58.916005413 | Message sent in 582ms. 5fe7474d-c3b3-4d06-9245-4a46db7812a7
cnt-6_1   | Sending message at 2024-10-15T07:07:59.315569108. a9161609-0c1e-4602-94dd-abba8dfaecb7
cnt-2_1   | Sending message at 2024-10-15T07:07:59.739602095. 068efc07-eedf-4389-8593-5725fa4b9b14
cnt-3_1   | Sending message at 2024-10-15T07:07:59.766629891. 79cda186-d031-4e37-ab5f-b8d0f0a29b21
cnt-3_1   | Sending message at 2024-10-15T07:07:59.785298676. adaf9426-d3c6-4a8d-a6db-0042ac9d9f13
cnt-7_1   | Sending message at 2024-10-15T07:07:59.804210626. 2620dde4-69d4-47c3-99c0-835d93553eef
cnt-9_1   | 2024-10-15T07:08:00.173351421 | Message sent in 784ms. 2055602e-3ec9-4699-b013-58ac0efb71cc
cnt-1_1   | 2024-10-15T07:08:01.120645507 | Message sent in 718ms. a5593467-41df-42ce-adcb-e43f02653427
cnt-6_1   | Sending message at 2024-10-15T07:08:01.518591986. 46b5a3e9-76f1-453e-9830-dda4e8320cf2
cnt-4_1   | Sending message at 2024-10-15T07:08:01.739859561. bdb509a5-6140-4fcf-b968-7d3d72b694cd
cnt-5_1   | Sending message at 2024-10-15T07:08:02.589978854. 5cbbe7de-7472-438d-844a-b02144864bdc
cnt-1_1   | Sending message at 2024-10-15T07:08:02.608356952. 49a439e6-0e64-4218-bf11-03af91d7b36f
cnt-2_1   | 2024-10-15T07:08:02.665681298 | Message sent in 930ms. cd249c30-d0b1-4403-9b2b-33cc43aae8d9
cnt-7_1   | 2024-10-15T07:08:02.665506980 | Message sent in 939ms. 19714887-b4c8-429c-93e8-0240ef1c01ba
cnt-7_1   | Sending message at 2024-10-15T07:08:03.673746236. 19714887-b4c8-429c-93e8-0240ef1c01ba
cnt-1_1   | Sending message at 2024-10-15T07:08:03.890332868. a5593467-41df-42ce-adcb-e43f02653427
cnt-7_1   | 2024-10-15T07:08:04.127506919 | Message sent in 454ms. 19714887-b4c8-429c-93e8-0240ef1c01ba
cnt-4_1   | 2024-10-15T07:08:04.188806291 | Message sent in 513ms. 567a910c-7469-4649-a201-7b88a745e5bd
cnt-4_1   | 2024-10-15T07:08:04.207206429 | Message sent in 542ms. bdb509a5-6140-4fcf-b968-7d3d72b694cd
cnt-8_1   | Sending message at 2024-10-15T07:08:04.422531898. 30627bff-8bfb-4e62-bb62-c64a9911b93a
cnt-10_1  | 2024-10-15T07:08:04.634163594 | Message sent in 969ms. bd09cf2d-94da-4244-ba9c-c30780596b33
cnt-2_1   | 2024-10-15T07:08:05.132533750 | Message sent in 427ms. 068efc07-eedf-4389-8593-5725fa4b9b14
cnt-3_1   | Sending message at 2024-10-15T07:08:05.313600668. 5623b795-5821-43f1-96cf-61cde31fa77b
cnt-4_1   | Sending message at 2024-10-15T07:08:05.640434599. 2250bd05-2a7d-4ecf-b91b-772ff4c9ba20
cnt-2_1   | 2024-10-15T07:08:05.744574025 | Message sent in 589ms. cd249c30-d0b1-4403-9b2b-33cc43aae8d9
cnt-4_1   | 2024-10-15T07:08:05.830862617 | Message sent in 641ms. 567a910c-7469-4649-a201-7b88a745e5bd
cnt-5_1   | 2024-10-15T07:08:05.858308190 | Message sent in 563ms. 7b026bf0-b4be-4641-adb2-072dcaef7254
cnt-8_1   | Sending message at 2024-10-15T07:08:05.898194020. eef6d190-c5fa-4b37-8d81-80a444a28e6c
cnt-4_1   | 2024-10-15T07:08:06.206994453 | Message sent in 566ms. 89ac1cbf-a905-4477-bfba-ea70af9b56f8
cnt-8_1   | Sending message at 2024-10-15T07:08:06.832977862. de01eef9-d1c0-4b2e-8844-823f1cbad704
cnt-7_1   | 2024-10-15T07:08:07.030620087 | Message sent in 1325ms. 134a219d-5ce7-4abf-8f21-3f180acc560e
cnt-2_1   | Sending message at 2024-10-15T07:08:07.331898081. dd04e8f4-9131-4ae9-95f5-9439df63a752
cnt-9_1   | Sending message at 2024-10-15T07:08:08.018094912. 45195e14-b9ce-4589-b469-8fdcbd6fd7c9
cnt-6_1   | Sending message at 2024-10-15T07:08:08.019884373. 55271a59-82e5-45da-a0f4-3cbe2e010140
cnt-7_1   | Sending message at 2024-10-15T07:08:08.096818105. 2620dde4-69d4-47c3-99c0-835d93553eef
cnt-6_1   | Sending message at 2024-10-15T07:08:08.545460330. 53b1df0f-bacc-4238-987e-66d7cefefba2
cnt-9_1   | 2024-10-15T07:08:08.971594696 | Message sent in 938ms. 2055602e-3ec9-4699-b013-58ac0efb71cc
cnt-5_1   | Sending message at 2024-10-15T07:08:08.988768700. 356b0eb5-8279-4601-ade3-026f63e4ebb0
cnt-10_1  | 2024-10-15T07:08:09.487583111 | Message sent in 504ms. bd09cf2d-94da-4244-ba9c-c30780596b33
cnt-5_1   | 2024-10-15T07:08:10.034246747 | Message sent in 489ms. 5cbbe7de-7472-438d-844a-b02144864bdc
cnt-5_1   | 2024-10-15T07:08:10.364348627 | Message sent in 538ms. 5416b13c-9f1b-4ad4-ab93-cabe457a775b
cnt-3_1   | 2024-10-15T07:08:10.690215761 | Message sent in 518ms. 3d0b7535-f860-49df-8759-6a513948daa8
cnt-1_1   | 2024-10-15T07:08:10.752473083 | Message sent in 580ms. 157196f7-c621-4bc2-a98a-5e977084b0eb
cnt-1_1   | 2024-10-15T07:08:11.213020044 | Message sent in 480ms. e9e41729-4779-4e4d-bf17-fcdda4367321
cnt-10_1  | Sending message at 2024-10-15T07:08:11.387405026. 61c954d7-34cc-49ea-a17c-2c786fdb17b1
cnt-8_1   | Sending message at 2024-10-15T07:08:11.560901. de01eef9-d1c0-4b2e-8844-823f1cbad704
cnt-7_1   | Sending message at 2024-10-15T07:08:12.849179660. b42ab6f6-40c0-47e8-8dc1-ae19bc376f48
cnt-6_1   | Sending message at 2024-10-15T07:08:12.872871360. a9161609-0c1e-4602-94dd-abba8dfaecb7
cnt-1_1   | Sending message at 2024-10-15T07:08:14.456660578. 2ddf9c0f-3942-40b7-aaff-b4c51b1c6a0f
cnt-4_1   | 2024-10-15T07:08:14.605383258 | Message sent in 897ms. 2250bd05-2a7d-4ecf-b91b-772ff4c9ba20
cnt-1_1   | 2024-10-15T07:08:14.731819879 | Message sent in 534ms. 49a439e6-0e64-4218-bf11-03af91d7b36f
cnt-7_1   | 2024-10-15T07:08:15.194559914 | Message sent in 486ms. b42ab6f6-40c0-47e8-8dc1-ae19bc376f48
cnt-6_1   | Sending message at 2024-10-15T07:08:16.245372449. 55271a59-82e5-45da-a0f4-3cbe2e010140
cnt-8_1   | 2024-10-15T07:08:17.772779108 | Message sent in 509ms. 30627bff-8bfb-4e62-bb62-c64a9911b93a
cnt-1_1   | Sending message at 2024-10-15T07:08:18.028769733. 2ddf9c0f-3942-40b7-aaff-b4c51b1c6a0f
cnt-2_1   | 2024-10-15T07:08:18.124749105 | Message sent in 566ms. dd04e8f4-9131-4ae9-95f5-9439df63a752
cnt-6_1   | 2024-10-15T07:08:18.538157663 | Message sent in 510ms. 55271a59-82e5-45da-a0f4-3cbe2e010140
cnt-6_1   | Sending message at 2024-10-15T07:08:19.124484255. 72c9499e-51ea-4525-8c20-03af96bd5e34
cnt-1_1   | Sending message at 2024-10-15T07:08:19.143535502. e9e41729-4779-4e4d-bf17-fcdda4367321
cnt-6_1   | Sending message at 2024-10-15T07:08:19.500148689. 46b5a3e9-76f1-453e-9830-dda4e8320cf2
cnt-1_1   | Sending message at 2024-10-15T07:08:20.643669572. 157196f7-c621-4bc2-a98a-5e977084b0eb
cnt-3_1   | Sending message at 2024-10-15T07:08:20.749159601. 17c9977b-6590-4de5-91f7-35cff6fe9365
cnt-9_1   | 2024-10-15T07:08:20.958400065 | Message sent in 7590ms. 8ccd7e63-6c1c-4daf-9db1-97305f861e97
cnt-5_1   | 2024-10-15T07:08:21.016190348 | Message sent in 7651ms. a9841e6d-dbad-4fee-b80d-fc51b74c3b2f
cnt-3_1   | 2024-10-15T07:08:21.034221785 | Message sent in 7626ms. 79cda186-d031-4e37-ab5f-b8d0f0a29b21
cnt-6_1   | 2024-10-15T07:08:21.261840036 | Message sent in 601ms. 72c9499e-51ea-4525-8c20-03af96bd5e34
cnt-1_1   | 2024-10-15T07:08:21.279970186 | Message sent in 636ms. 157196f7-c621-4bc2-a98a-5e977084b0eb
cnt-9_1   | Sending message at 2024-10-15T07:08:21.363193062. fdaa9e05-529f-4974-8e76-6d1f3f83cca3
cnt-8_1   | Sending message at 2024-10-15T07:08:22.690849014. eef6d190-c5fa-4b37-8d81-80a444a28e6c
cnt-5_1   | Sending message at 2024-10-15T07:08:22.929385453. 5416b13c-9f1b-4ad4-ab93-cabe457a775b
cnt-2_1   | Sending message at 2024-10-15T07:08:23.660106910. 7ab44f5f-ff04-4ed7-8811-fd34d506e85b
cnt-4_1   | Sending message at 2024-10-15T07:08:24.097411332. 567a910c-7469-4649-a201-7b88a745e5bd
cnt-1_1   | 2024-10-15T07:08:30.889350152 | Message sent in 7007ms. 157196f7-c621-4bc2-a98a-5e977084b0eb
cnt-3_1   | 2024-10-15T07:08:31.053341831 | Message sent in 7280ms. adaf9426-d3c6-4a8d-a6db-0042ac9d9f13
cnt-4_1   | 2024-10-15T07:08:31.327383502 | Message sent in 7220ms. 2250bd05-2a7d-4ecf-b91b-772ff4c9ba20
cnt-4_1   | Sending message at 2024-10-15T07:08:31.852171310. 2a80a850-eaf6-47f0-9a4c-02ea5d7324cf
cnt-5_1   | Sending message at 2024-10-15T07:08:32.090346184. 356b0eb5-8279-4601-ade3-026f63e4ebb0
cnt-2_1   | 2024-10-15T07:08:32.300844197 | Message sent in 499ms. dd04e8f4-9131-4ae9-95f5-9439df63a752
cnt-6_1   | Sending message at 2024-10-15T07:08:33.357030648. a9161609-0c1e-4602-94dd-abba8dfaecb7
cnt-1_1   | Sending message at 2024-10-15T07:08:33.451720298. e9e41729-4779-4e4d-bf17-fcdda4367321
cnt-4_1   | Sending message at 2024-10-15T07:08:33.759199626. 567a910c-7469-4649-a201-7b88a745e5bd
cnt-9_1   | Sending message at 2024-10-15T07:08:34.474480892. 2055602e-3ec9-4699-b013-58ac0efb71cc
cnt-3_1   | Sending message at 2024-10-15T07:08:35.097366301. 5623b795-5821-43f1-96cf-61cde31fa77b
cnt-2_1   | Sending message at 2024-10-15T07:08:35.485256368. cd249c30-d0b1-4403-9b2b-33cc43aae8d9
cnt-2_1   | Sending message at 2024-10-15T07:08:36.657146204. dd04e8f4-9131-4ae9-95f5-9439df63a752
cnt-2_1   | Scheduled exit. Godbyeeeeeeeeeeeeeee...
asb-debug_cnt-2_1 exited with code 69
cnt-2_1   | Starting the application. Logging messages with probability 0.05...
cnt-3_1   | 2024-10-15T07:08:42.939426509 | Message sent in 7465ms. 3d0b7535-f860-49df-8759-6a513948daa8
cnt-3_1   | 2024-10-15T07:08:43.775713112 | Message sent in 7118ms. 5623b795-5821-43f1-96cf-61cde31fa77b
cnt-6_1   | Sending message at 2024-10-15T07:08:43.910917544. 53b1df0f-bacc-4238-987e-66d7cefefba2
cnt-7_1   | Sending message at 2024-10-15T07:08:43.925793632. a56e4c63-2d71-4f22-b9c2-5352619067ac
cnt-3_1   | 2024-10-15T07:08:44.282635070 | Message sent in 504ms. 17c9977b-6590-4de5-91f7-35cff6fe9365
cnt-2_1   | 2024-10-15T07:08:44.401562114 | Message sent in 492ms. 40a684ff-d10c-4e6d-95af-94b6a9c8336e
cnt-4_1   | Sending message at 2024-10-15T07:08:45.299638009. 2250bd05-2a7d-4ecf-b91b-772ff4c9ba20
cnt-2_1   | Sending message at 2024-10-15T07:08:45.407195660. 40a684ff-d10c-4e6d-95af-94b6a9c8336e
cnt-3_1   | Sending message at 2024-10-15T07:08:45.412485095. adaf9426-d3c6-4a8d-a6db-0042ac9d9f13
cnt-7_1   | Sending message at 2024-10-15T07:08:45.452645642. 134a219d-5ce7-4abf-8f21-3f180acc560e
cnt-10_1  | Sending message at 2024-10-15T07:08:46.262676404. c22f11a9-b8fc-400e-bc67-09c1e112e35f
cnt-9_1   | 2024-10-15T07:08:46.545226686 | Message sent in 490ms. 2055602e-3ec9-4699-b013-58ac0efb71cc
cnt-6_1   | 2024-10-15T07:08:46.709760582 | Message sent in 497ms. a9161609-0c1e-4602-94dd-abba8dfaecb7
cnt-2_1   | Sending message at 2024-10-15T07:08:47.188534452. 163be696-1c01-4430-a3b5-3b85c4c50d51
cnt-1_1   | Sending message at 2024-10-15T07:08:47.691392410. 2ddf9c0f-3942-40b7-aaff-b4c51b1c6a0f
cnt-2_1   | 2024-10-15T07:08:47.776479177 | Message sent in 574ms. 163be696-1c01-4430-a3b5-3b85c4c50d51
cnt-8_1   | 2024-10-15T07:08:47.833992981 | Message sent in 656ms. a262c7e1-de6d-4c15-8d1e-c83d4ee24730
cnt-6_1   | 2024-10-15T07:08:48.208163213 | Message sent in 486ms. 46b5a3e9-76f1-453e-9830-dda4e8320cf2
cnt-5_1   | 2024-10-15T07:08:48.316497219 | Message sent in 490ms. 5416b13c-9f1b-4ad4-ab93-cabe457a775b
cnt-7_1   | 2024-10-15T07:08:49.178906157 | Message sent in 740ms. 134a219d-5ce7-4abf-8f21-3f180acc560e
cnt-6_1   | Sending message at 2024-10-15T07:08:50.163493369. 72c9499e-51ea-4525-8c20-03af96bd5e34
cnt-7_1   | Sending message at 2024-10-15T07:08:50.177279725. b42ab6f6-40c0-47e8-8dc1-ae19bc376f48
cnt-4_1   | Sending message at 2024-10-15T07:08:50.194595442. 567a910c-7469-4649-a201-7b88a745e5bd
cnt-9_1   | Sending message at 2024-10-15T07:08:50.195536258. 8ccd7e63-6c1c-4daf-9db1-97305f861e97
cnt-3_1   | Sending message at 2024-10-15T07:08:52.455759076. 3d0b7535-f860-49df-8759-6a513948daa8
cnt-1_1   | Sending message at 2024-10-15T07:08:52.757884492. 2ddf9c0f-3942-40b7-aaff-b4c51b1c6a0f
cnt-4_1   | 2024-10-15T07:08:53.014815327 | Message sent in 652ms. 89ac1cbf-a905-4477-bfba-ea70af9b56f8
cnt-7_1   | 2024-10-15T07:08:53.025655213 | Message sent in 762ms. 134a219d-5ce7-4abf-8f21-3f180acc560e
cnt-8_1   | Sending message at 2024-10-15T07:08:53.202412894. de01eef9-d1c0-4b2e-8844-823f1cbad704
cnt-8_1   | 2024-10-15T07:08:53.214846829 | Message sent in 653ms. 30627bff-8bfb-4e62-bb62-c64a9911b93a
cnt-9_1   | Sending message at 2024-10-15T07:08:54.163046583. 45195e14-b9ce-4589-b469-8fdcbd6fd7c9
cnt-5_1   | Sending message at 2024-10-15T07:08:54.459152024. 5416b13c-9f1b-4ad4-ab93-cabe457a775b
cnt-6_1   | 2024-10-15T07:08:55.090557538 | Message sent in 880ms. a9161609-0c1e-4602-94dd-abba8dfaecb7
cnt-10_1  | Sending message at 2024-10-15T07:08:56.088708237. c22f11a9-b8fc-400e-bc67-09c1e112e35f
cnt-7_1   | Sending message at 2024-10-15T07:08:57.508884579. 134a219d-5ce7-4abf-8f21-3f180acc560e
cnt-1_1   | Sending message at 2024-10-15T07:08:57.981830807. 2ddf9c0f-3942-40b7-aaff-b4c51b1c6a0f
cnt-4_1   | Sending message at 2024-10-15T07:08:57.994621743. 567a910c-7469-4649-a201-7b88a745e5bd
cnt-1_1   | 2024-10-15T07:08:58.597969634 | Message sent in 616ms. 2ddf9c0f-3942-40b7-aaff-b4c51b1c6a0f
cnt-6_1   | 2024-10-15T07:08:58.947267699 | Message sent in 495ms. 53b1df0f-bacc-4238-987e-66d7cefefba2
cnt-10_1  | Sending message at 2024-10-15T07:08:59.532737415. 61c954d7-34cc-49ea-a17c-2c786fdb17b1
cnt-3_1   | 2024-10-15T07:08:59.658483485 | Message sent in 594ms. adaf9426-d3c6-4a8d-a6db-0042ac9d9f13
cnt-1_1   | 2024-10-15T07:08:59.761540168 | Message sent in 410ms. 49a439e6-0e64-4218-bf11-03af91d7b36f
cnt-6_1   | 2024-10-15T07:09:00.241046421 | Message sent in 639ms. a9161609-0c1e-4602-94dd-abba8dfaecb7
cnt-7_1   | Sending message at 2024-10-15T07:09:00.688314879. 134a219d-5ce7-4abf-8f21-3f180acc560e
cnt-3_1   | Sending message at 2024-10-15T07:09:01.250572187. 79cda186-d031-4e37-ab5f-b8d0f0a29b21
cnt-9_1   | Sending message at 2024-10-15T07:09:01.270081115. fdaa9e05-529f-4974-8e76-6d1f3f83cca3
cnt-8_1   | 2024-10-15T07:09:01.359606190 | Message sent in 536ms. eef6d190-c5fa-4b37-8d81-80a444a28e6c
cnt-4_1   | 2024-10-15T07:09:01.939756544 | Message sent in 498ms. 2a80a850-eaf6-47f0-9a4c-02ea5d7324cf
cnt-8_1   | Sending message at 2024-10-15T07:09:02.310801823. 30627bff-8bfb-4e62-bb62-c64a9911b93a
cnt-10_1  | Sending message at 2024-10-15T07:09:02.634078626. c22f11a9-b8fc-400e-bc67-09c1e112e35f
cnt-7_1   | 2024-10-15T07:09:02.874692794 | Message sent in 482ms. 134a219d-5ce7-4abf-8f21-3f180acc560e
cnt-5_1   | Sending message at 2024-10-15T07:09:02.956013196. 7b026bf0-b4be-4641-adb2-072dcaef7254
cnt-5_1   | 2024-10-15T07:09:04.286724463 | Message sent in 515ms. a9841e6d-dbad-4fee-b80d-fc51b74c3b2f
cnt-8_1   | Sending message at 2024-10-15T07:09:04.340956353. 8d1b4f2d-9e52-4d5f-8db6-f6b11b5f7e3b
cnt-3_1   | Sending message at 2024-10-15T07:09:04.421894446. 3d0b7535-f860-49df-8759-6a513948daa8
cnt-8_1   | 2024-10-15T07:09:04.484116738 | Message sent in 629ms. eef6d190-c5fa-4b37-8d81-80a444a28e6c
cnt-3_1   | 2024-10-15T07:09:04.953183092 | Message sent in 484ms. 79cda186-d031-4e37-ab5f-b8d0f0a29b21
cnt-4_1   | 2024-10-15T07:09:04.986296662 | Message sent in 484ms. 2a80a850-eaf6-47f0-9a4c-02ea5d7324cf
cnt-8_1   | 2024-10-15T07:09:05.107280989 | Message sent in 483ms. de01eef9-d1c0-4b2e-8844-823f1cbad704
cnt-6_1   | Sending message at 2024-10-15T07:09:05.762896405. 46b5a3e9-76f1-453e-9830-dda4e8320cf2
cnt-9_1   | 2024-10-15T07:09:06.257317100 | Message sent in 489ms. 2055602e-3ec9-4699-b013-58ac0efb71cc
cnt-2_1   | 2024-10-15T07:09:06.684877453 | Message sent in 922ms. bde2ea11-a95f-46ff-878e-eada81a50e8e
cnt-10_1  | 2024-10-15T07:09:06.739736222 | Message sent in 803ms. 61c954d7-34cc-49ea-a17c-2c786fdb17b1
cnt-6_1   | 2024-10-15T07:09:06.958424082 | Message sent in 627ms. 72c9499e-51ea-4525-8c20-03af96bd5e34
cnt-2_1   | Sending message at 2024-10-15T07:09:07.277463361. 163be696-1c01-4430-a3b5-3b85c4c50d51
cnt-3_1   | 2024-10-15T07:09:07.296627674 | Message sent in 497ms. adaf9426-d3c6-4a8d-a6db-0042ac9d9f13
cnt-8_1   | 2024-10-15T07:09:07.514764357 | Message sent in 489ms. eef6d190-c5fa-4b37-8d81-80a444a28e6c
cnt-1_1   | Sending message at 2024-10-15T07:09:07.768627595. 157196f7-c621-4bc2-a98a-5e977084b0eb
cnt-5_1   | Sending message at 2024-10-15T07:09:08.434809810. 5cbbe7de-7472-438d-844a-b02144864bdc
cnt-2_1   | 2024-10-15T07:09:08.689415581 | Message sent in 1004ms. bde2ea11-a95f-46ff-878e-eada81a50e8e
cnt-4_1   | 2024-10-15T07:09:08.890152514 | Message sent in 575ms. 89ac1cbf-a905-4477-bfba-ea70af9b56f8
cnt-3_1   | Sending message at 2024-10-15T07:09:09.688100243. 79cda186-d031-4e37-ab5f-b8d0f0a29b21
cnt-2_1   | Sending message at 2024-10-15T07:09:09.688533331. 6e50ea8b-3f0e-401e-a0e4-ca34eafcc435
cnt-1_1   | Sending message at 2024-10-15T07:09:10.354259445. e9e41729-4779-4e4d-bf17-fcdda4367321
cnt-1_1   | 2024-10-15T07:09:10.916502133 | Message sent in 932ms. 49a439e6-0e64-4218-bf11-03af91d7b36f
cnt-3_1   | Sending message at 2024-10-15T07:09:11.267054185. 3d0b7535-f860-49df-8759-6a513948daa8
cnt-1_1   | Sending message at 2024-10-15T07:09:11.447267115. 2ddf9c0f-3942-40b7-aaff-b4c51b1c6a0f
cnt-10_1  | Sending message at 2024-10-15T07:09:11.967287930. bd09cf2d-94da-4244-ba9c-c30780596b33
cnt-2_1   | 2024-10-15T07:09:12.037822752 | Message sent in 595ms. 6e50ea8b-3f0e-401e-a0e4-ca34eafcc435
cnt-9_1   | 2024-10-15T07:09:12.684641383 | Message sent in 519ms. 2055602e-3ec9-4699-b013-58ac0efb71cc
cnt-4_1   | 2024-10-15T07:09:13.433005917 | Message sent in 545ms. 2250bd05-2a7d-4ecf-b91b-772ff4c9ba20
cnt-2_1   | Sending message at 2024-10-15T07:09:13.500240315. 40a684ff-d10c-4e6d-95af-94b6a9c8336e
cnt-1_1   | 2024-10-15T07:09:13.744600065 | Message sent in 537ms. 157196f7-c621-4bc2-a98a-5e977084b0eb
cnt-3_1   | Sending message at 2024-10-15T07:09:14.416653347. 3d0b7535-f860-49df-8759-6a513948daa8
cnt-3_1   | Sending message at 2024-10-15T07:09:14.540705984. 5623b795-5821-43f1-96cf-61cde31fa77b
cnt-10_1  | Sending message at 2024-10-15T07:09:14.632194830. c22f11a9-b8fc-400e-bc67-09c1e112e35f
cnt-10_1  | Sending message at 2024-10-15T07:09:15.021076138. 61c954d7-34cc-49ea-a17c-2c786fdb17b1
cnt-7_1   | Sending message at 2024-10-15T07:09:15.130745363. 134a219d-5ce7-4abf-8f21-3f180acc560e
cnt-5_1   | 2024-10-15T07:09:15.387527901 | Message sent in 7384ms. 7b026bf0-b4be-4641-adb2-072dcaef7254
cnt-4_1   | Sending message at 2024-10-15T07:09:16.136250620. 2a80a850-eaf6-47f0-9a4c-02ea5d7324cf
cnt-3_1   | Sending message at 2024-10-15T07:09:16.153491168. 79cda186-d031-4e37-ab5f-b8d0f0a29b21
cnt-6_1   | Sending message at 2024-10-15T07:09:16.388078408. 72c9499e-51ea-4525-8c20-03af96bd5e34
cnt-9_1   | 2024-10-15T07:09:16.670191783 | Message sent in 523ms. c765af6e-7c2a-46f1-bd4e-fcb2129e983e
cnt-4_1   | 2024-10-15T07:09:16.920777810 | Message sent in 524ms. 567a910c-7469-4649-a201-7b88a745e5bd
cnt-3_1   | 2024-10-15T07:09:17.178463298 | Message sent in 491ms. 17c9977b-6590-4de5-91f7-35cff6fe9365
cnt-1_1   | 2024-10-15T07:09:17.622086549 | Message sent in 518ms. e9e41729-4779-4e4d-bf17-fcdda4367321
cnt-5_1   | Sending message at 2024-10-15T07:09:18.016776084. a9841e6d-dbad-4fee-b80d-fc51b74c3b2f
cnt-7_1   | 2024-10-15T07:09:18.518895061 | Message sent in 524ms. b42ab6f6-40c0-47e8-8dc1-ae19bc376f48
cnt-6_1   | Sending message at 2024-10-15T07:09:18.660959272. a9161609-0c1e-4602-94dd-abba8dfaecb7
cnt-5_1   | 2024-10-15T07:09:18.788616620 | Message sent in 559ms. 5cbbe7de-7472-438d-844a-b02144864bdc
cnt-9_1   | 2024-10-15T07:09:19.112753846 | Message sent in 475ms. 2055602e-3ec9-4699-b013-58ac0efb71cc
cnt-7_1   | Sending message at 2024-10-15T07:09:19.519150195. b42ab6f6-40c0-47e8-8dc1-ae19bc376f48
cnt-7_1   | 2024-10-15T07:09:19.884621017 | Message sent in 511ms. 2620dde4-69d4-47c3-99c0-835d93553eef
cnt-6_1   | Sending message at 2024-10-15T07:09:20.146467242. a9161609-0c1e-4602-94dd-abba8dfaecb7
cnt-2_1   | Sending message at 2024-10-15T07:09:20.830964025. 6e50ea8b-3f0e-401e-a0e4-ca34eafcc435
cnt-4_1   | Sending message at 2024-10-15T07:09:20.912317825. 567a910c-7469-4649-a201-7b88a745e5bd
cnt-8_1   | Sending message at 2024-10-15T07:09:20.985739628. 30627bff-8bfb-4e62-bb62-c64a9911b93a
cnt-8_1   | 2024-10-15T07:09:21.748600137 | Message sent in 473ms. a262c7e1-de6d-4c15-8d1e-c83d4ee24730
cnt-4_1   | Sending message at 2024-10-15T07:09:22.438818132. 567a910c-7469-4649-a201-7b88a745e5bd
cnt-8_1   | Sending message at 2024-10-15T07:09:22.462414049. 30627bff-8bfb-4e62-bb62-c64a9911b93a
cnt-5_1   | Sending message at 2024-10-15T07:09:22.813501699. 5cbbe7de-7472-438d-844a-b02144864bdc
cnt-3_1   | 2024-10-15T07:09:22.962445426 | Message sent in 506ms. adaf9426-d3c6-4a8d-a6db-0042ac9d9f13
cnt-6_1   | Sending message at 2024-10-15T07:09:23.797085011. 46b5a3e9-76f1-453e-9830-dda4e8320cf2
cnt-7_1   | Sending message at 2024-10-15T07:09:23.973501459. a56e4c63-2d71-4f22-b9c2-5352619067ac
cnt-2_1   | Sending message at 2024-10-15T07:09:24.179385932. 218e95b7-c227-49a6-96b0-81a8cb8c609f
cnt-2_1   | 2024-10-15T07:09:24.506737810 | Message sent in 604ms. 40a684ff-d10c-4e6d-95af-94b6a9c8336e
cnt-5_1   | 2024-10-15T07:09:24.537568991 | Message sent in 583ms. a9841e6d-dbad-4fee-b80d-fc51b74c3b2f
cnt-4_1   | Sending message at 2024-10-15T07:09:24.721368203. bdb509a5-6140-4fcf-b968-7d3d72b694cd
cnt-1_1   | Sending message at 2024-10-15T07:09:26.349938033. a5593467-41df-42ce-adcb-e43f02653427
cnt-7_1   | 2024-10-15T07:09:26.493493556 | Message sent in 481ms. 19714887-b4c8-429c-93e8-0240ef1c01ba
cnt-10_1  | Sending message at 2024-10-15T07:09:27.205532282. 61c954d7-34cc-49ea-a17c-2c786fdb17b1
cnt-9_1   | 2024-10-15T07:09:28.115346996 | Message sent in 931ms. 45195e14-b9ce-4589-b469-8fdcbd6fd7c9
cnt-1_1   | 2024-10-15T07:09:35.097815350 | Message sent in 7388ms. 2ddf9c0f-3942-40b7-aaff-b4c51b1c6a0f
cnt-1_1   | 2024-10-15T07:09:35.195570416 | Message sent in 7164ms. e9e41729-4779-4e4d-bf17-fcdda4367321
cnt-3_1   | 2024-10-15T07:09:36.173413888 | Message sent in 7060ms. adaf9426-d3c6-4a8d-a6db-0042ac9d9f13
cnt-2_1   | 2024-10-15T07:09:36.271730098 | Message sent in 475ms. 218e95b7-c227-49a6-96b0-81a8cb8c609f
cnt-7_1   | Sending message at 2024-10-15T07:09:37.278019033. 19714887-b4c8-429c-93e8-0240ef1c01ba
cnt-6_1   | 2024-10-15T07:09:37.689636499 | Message sent in 503ms. 53b1df0f-bacc-4238-987e-66d7cefefba2
cnt-7_1   | 2024-10-15T07:09:37.847767458 | Message sent in 496ms. b42ab6f6-40c0-47e8-8dc1-ae19bc376f48
cnt-8_1   | Sending message at 2024-10-15T07:09:38.503027856. 8d1b4f2d-9e52-4d5f-8db6-f6b11b5f7e3b
cnt-2_1   | Sending message at 2024-10-15T07:09:38.772338133. 218e95b7-c227-49a6-96b0-81a8cb8c609f
cnt-2_1   | Scheduled exit. Godbyeeeeeeeeeeeeeee...
cnt-1_1   | Sending message at 2024-10-15T07:09:38.804008058. 49a439e6-0e64-4218-bf11-03af91d7b36f
asb-debug_cnt-2_1 exited with code 69
cnt-8_1   | 2024-10-15T07:09:39.210327274 | Message sent in 487ms. eef6d190-c5fa-4b37-8d81-80a444a28e6c
cnt-2_1   | Starting the application. Logging messages with probability 0.05...
cnt-1_1   | Sending message at 2024-10-15T07:09:39.668170746. 157196f7-c621-4bc2-a98a-5e977084b0eb
cnt-5_1   | Sending message at 2024-10-15T07:09:39.970969911. 7b026bf0-b4be-4641-adb2-072dcaef7254
cnt-9_1   | Sending message at 2024-10-15T07:09:40.292678088. fdaa9e05-529f-4974-8e76-6d1f3f83cca3
cnt-7_1   | Sending message at 2024-10-15T07:09:40.328478801. 19714887-b4c8-429c-93e8-0240ef1c01ba
cnt-5_1   | Sending message at 2024-10-15T07:09:40.487705465. 5cbbe7de-7472-438d-844a-b02144864bdc
cnt-9_1   | Sending message at 2024-10-15T07:09:40.507706966. 45195e14-b9ce-4589-b469-8fdcbd6fd7c9
cnt-1_1   | Sending message at 2024-10-15T07:09:40.715928142. a5593467-41df-42ce-adcb-e43f02653427
cnt-2_1   | Sending message at 2024-10-15T07:09:40.934800770. d8f0e9dc-75fd-4ccd-a961-ce3c5dce29c8
cnt-2_1   | Sending message at 2024-10-15T07:09:43.935000301. a2a7233b-8a00-4b84-a9c1-b53508778641
cnt-9_1   | 2024-10-15T07:09:47.247529090 | Message sent in 6955ms. fdaa9e05-529f-4974-8e76-6d1f3f83cca3
cnt-7_1   | 2024-10-15T07:09:47.509615723 | Message sent in 7181ms. 19714887-b4c8-429c-93e8-0240ef1c01ba
cnt-5_1   | 2024-10-15T07:09:47.920534495 | Message sent in 7431ms. 5cbbe7de-7472-438d-844a-b02144864bdc
cnt-9_1   | 2024-10-15T07:09:47.934694304 | Message sent in 7358ms. c765af6e-7c2a-46f1-bd4e-fcb2129e983e
cnt-7_1   | Sending message at 2024-10-15T07:09:48.499552501. 134a219d-5ce7-4abf-8f21-3f180acc560e
cnt-7_1   | Sending message at 2024-10-15T07:09:48.566126028. b42ab6f6-40c0-47e8-8dc1-ae19bc376f48
cnt-5_1   | Sending message at 2024-10-15T07:09:49.268620135. 356b0eb5-8279-4601-ade3-026f63e4ebb0
cnt-10_1  | 2024-10-15T07:09:49.614905326 | Message sent in 485ms. 056bd9f5-d952-4cd6-ae9f-351cee99f563
cnt-8_1   | Sending message at 2024-10-15T07:09:49.943284912. 30627bff-8bfb-4e62-bb62-c64a9911b93a
cnt-1_1   | 2024-10-15T07:09:50.106643479 | Message sent in 752ms. 157196f7-c621-4bc2-a98a-5e977084b0eb
cnt-9_1   | 2024-10-15T07:09:50.261964151 | Message sent in 508ms. fdaa9e05-529f-4974-8e76-6d1f3f83cca3
cnt-9_1   | Sending message at 2024-10-15T07:09:50.439572064. 2055602e-3ec9-4699-b013-58ac0efb71cc
cnt-10_1  | 2024-10-15T07:09:50.900246342 | Message sent in 483ms. 61c954d7-34cc-49ea-a17c-2c786fdb17b1
cnt-8_1   | 2024-10-15T07:09:50.924944559 | Message sent in 494ms. de01eef9-d1c0-4b2e-8844-823f1cbad704
cnt-10_1  | Sending message at 2024-10-15T07:09:51.319285177. bd09cf2d-94da-4244-ba9c-c30780596b33
cnt-8_1   | Sending message at 2024-10-15T07:09:51.457326423. eef6d190-c5fa-4b37-8d81-80a444a28e6c
cnt-5_1   | 2024-10-15T07:09:51.633096449 | Message sent in 507ms. 5416b13c-9f1b-4ad4-ab93-cabe457a775b
cnt-7_1   | 2024-10-15T07:09:51.934234655 | Message sent in 486ms. a56e4c63-2d71-4f22-b9c2-5352619067ac
cnt-7_1   | 2024-10-15T07:09:51.968967842 | Message sent in 491ms. 134a219d-5ce7-4abf-8f21-3f180acc560e
cnt-4_1   | Sending message at 2024-10-15T07:09:52.163258324. bdb509a5-6140-4fcf-b968-7d3d72b694cd
cnt-8_1   | 2024-10-15T07:09:52.410663979 | Message sent in 485ms. de01eef9-d1c0-4b2e-8844-823f1cbad704
cnt-4_1   | 2024-10-15T07:09:52.674164133 | Message sent in 511ms. bdb509a5-6140-4fcf-b968-7d3d72b694cd
cnt-9_1   | Sending message at 2024-10-15T07:09:52.890894795. 8ccd7e63-6c1c-4daf-9db1-97305f861e97
cnt-7_1   | Sending message at 2024-10-15T07:09:53.023547534. b42ab6f6-40c0-47e8-8dc1-ae19bc376f48
cnt-5_1   | 2024-10-15T07:09:53.933350893 | Message sent in 512ms. 5cbbe7de-7472-438d-844a-b02144864bdc
cnt-2_1   | 2024-10-15T07:09:54.369462843 | Message sent in 510ms. 0e440f77-ca0e-4bca-bd22-46093cbd34a2
cnt-6_1   | Sending message at 2024-10-15T07:09:54.925551717. 55271a59-82e5-45da-a0f4-3cbe2e010140
cnt-4_1   | Sending message at 2024-10-15T07:09:55.188966724. bdb509a5-6140-4fcf-b968-7d3d72b694cd
cnt-2_1   | 2024-10-15T07:09:55.526675958 | Message sent in 874ms. a2a7233b-8a00-4b84-a9c1-b53508778641
cnt-4_1   | 2024-10-15T07:09:55.570249043 | Message sent in 536ms. 89ac1cbf-a905-4477-bfba-ea70af9b56f8
cnt-2_1   | Sending message at 2024-10-15T07:09:55.672243198. d59c508c-1467-491e-b503-4dc2c7a56951
cnt-7_1   | Sending message at 2024-10-15T07:09:56.562776147. 2620dde4-69d4-47c3-99c0-835d93553eef
cnt-4_1   | 2024-10-15T07:09:57.700801621 | Message sent in 1149ms. 2250bd05-2a7d-4ecf-b91b-772ff4c9ba20
cnt-2_1   | 2024-10-15T07:09:57.900200243 | Message sent in 1218ms. d8f0e9dc-75fd-4ccd-a961-ce3c5dce29c8
cnt-6_1   | 2024-10-15T07:09:57.904006827 | Message sent in 1370ms. 46b5a3e9-76f1-453e-9830-dda4e8320cf2
cnt-8_1   | 2024-10-15T07:09:57.950102880 | Message sent in 1398ms. eef6d190-c5fa-4b37-8d81-80a444a28e6c
cnt-1_1   | 2024-10-15T07:09:57.950191312 | Message sent in 1403ms. 157196f7-c621-4bc2-a98a-5e977084b0eb
cnt-1_1   | Sending message at 2024-10-15T07:09:58.926085. 49a439e6-0e64-4218-bf11-03af91d7b36f
cnt-5_1   | 2024-10-15T07:09:59.385013231 | Message sent in 463ms. 7b026bf0-b4be-4641-adb2-072dcaef7254
cnt-9_1   | Sending message at 2024-10-15T07:10:00.648393704. 8ccd7e63-6c1c-4daf-9db1-97305f861e97
cnt-7_1   | 2024-10-15T07:10:01.417418502 | Message sent in 372ms. b42ab6f6-40c0-47e8-8dc1-ae19bc376f48
cnt-2_1   | Sending message at 2024-10-15T07:10:01.542149859. 6730bd87-79cc-447c-9b4d-6a09f48f0bcb
cnt-9_1   | 2024-10-15T07:10:02.102060963 | Message sent in 286ms. fdaa9e05-529f-4974-8e76-6d1f3f83cca3
cnt-7_1   | Sending message at 2024-10-15T07:10:02.954743190. a56e4c63-2d71-4f22-b9c2-5352619067ac
cnt-3_1   | Sending message at 2024-10-15T07:10:02.988695415. 17c9977b-6590-4de5-91f7-35cff6fe9365
cnt-2_1   | Sending message at 2024-10-15T07:10:03.003474063. 6730bd87-79cc-447c-9b4d-6a09f48f0bcb
cnt-2_1   | 2024-10-15T07:10:03.009023597 | Message sent in 739ms. a2a7233b-8a00-4b84-a9c1-b53508778641
cnt-6_1   | 2024-10-15T07:10:03.098420393 | Message sent in 672ms. 46b5a3e9-76f1-453e-9830-dda4e8320cf2
cnt-4_1   | Sending message at 2024-10-15T07:10:03.254962034. 2a80a850-eaf6-47f0-9a4c-02ea5d7324cf
cnt-2_1   | 2024-10-15T07:10:03.535779052 | Message sent in 642ms. d59c508c-1467-491e-b503-4dc2c7a56951
cnt-9_1   | 2024-10-15T07:10:03.703788804 | Message sent in 749ms. 2055602e-3ec9-4699-b013-58ac0efb71cc
cnt-8_1   | Sending message at 2024-10-15T07:10:03.841604946. a262c7e1-de6d-4c15-8d1e-c83d4ee24730
cnt-7_1   | 2024-10-15T07:10:03.869575076 | Message sent in 878ms. 2620dde4-69d4-47c3-99c0-835d93553eef
cnt-1_1   | 2024-10-15T07:10:03.981899997 | Message sent in 678ms. 49a439e6-0e64-4218-bf11-03af91d7b36f
cnt-4_1   | Sending message at 2024-10-15T07:10:04.098499540. 567a910c-7469-4649-a201-7b88a745e5bd
cnt-10_1  | Sending message at 2024-10-15T07:10:04.308032217. 056bd9f5-d952-4cd6-ae9f-351cee99f563
cnt-8_1   | 2024-10-15T07:10:04.381216592 | Message sent in 759ms. 30627bff-8bfb-4e62-bb62-c64a9911b93a
cnt-5_1   | Sending message at 2024-10-15T07:10:04.688538031. 5416b13c-9f1b-4ad4-ab93-cabe457a775b
cnt-1_1   | Sending message at 2024-10-15T07:10:04.815881758. 157196f7-c621-4bc2-a98a-5e977084b0eb
cnt-6_1   | Sending message at 2024-10-15T07:10:04.903420793. 53b1df0f-bacc-4238-987e-66d7cefefba2
cnt-4_1   | Sending message at 2024-10-15T07:10:04.981831741. 2a80a850-eaf6-47f0-9a4c-02ea5d7324cf
cnt-7_1   | 2024-10-15T07:10:05.129867852 | Message sent in 481ms. b42ab6f6-40c0-47e8-8dc1-ae19bc376f48
cnt-10_1  | Sending message at 2024-10-15T07:10:05.709360027. bd09cf2d-94da-4244-ba9c-c30780596b33
cnt-10_1  | Sending message at 2024-10-15T07:10:05.826864459. 056bd9f5-d952-4cd6-ae9f-351cee99f563
cnt-6_1   | Sending message at 2024-10-15T07:10:06.849820754. 72c9499e-51ea-4525-8c20-03af96bd5e34
cnt-1_1   | 2024-10-15T07:10:07.272880993 | Message sent in 729ms. 49a439e6-0e64-4218-bf11-03af91d7b36f
cnt-3_1   | Sending message at 2024-10-15T07:10:08.279322602. 17c9977b-6590-4de5-91f7-35cff6fe9365
cnt-5_1   | 2024-10-15T07:10:08.297822588 | Message sent in 476ms. 7b026bf0-b4be-4641-adb2-072dcaef7254
cnt-4_1   | 2024-10-15T07:10:08.774033902 | Message sent in 527ms. 89ac1cbf-a905-4477-bfba-ea70af9b56f8
cnt-2_1   | Sending message at 2024-10-15T07:10:09.065722362. d59c508c-1467-491e-b503-4dc2c7a56951
cnt-6_1   | Sending message at 2024-10-15T07:10:09.380258195. a9161609-0c1e-4602-94dd-abba8dfaecb7
cnt-4_1   | Sending message at 2024-10-15T07:10:09.774146122. 2a80a850-eaf6-47f0-9a4c-02ea5d7324cf
cnt-7_1   | 2024-10-15T07:10:10.229428922 | Message sent in 483ms. 134a219d-5ce7-4abf-8f21-3f180acc560e
cnt-7_1   | Sending message at 2024-10-15T07:10:10.800010567. a56e4c63-2d71-4f22-b9c2-5352619067ac
cnt-7_1   | Sending message at 2024-10-15T07:10:11.257594029. 2620dde4-69d4-47c3-99c0-835d93553eef
cnt-7_1   | 2024-10-15T07:10:11.264431361 | Message sent in 518ms. 19714887-b4c8-429c-93e8-0240ef1c01ba
cnt-3_1   | 2024-10-15T07:10:11.813747557 | Message sent in 501ms. 17c9977b-6590-4de5-91f7-35cff6fe9365
cnt-7_1   | 2024-10-15T07:10:12.784254651 | Message sent in 520ms. 19714887-b4c8-429c-93e8-0240ef1c01ba
cnt-8_1   | Sending message at 2024-10-15T07:10:13.389053365. de01eef9-d1c0-4b2e-8844-823f1cbad704
cnt-5_1   | Sending message at 2024-10-15T07:10:13.779822381. 7b026bf0-b4be-4641-adb2-072dcaef7254
cnt-6_1   | Sending message at 2024-10-15T07:10:14.412255853. 55271a59-82e5-45da-a0f4-3cbe2e010140
cnt-3_1   | Sending message at 2024-10-15T07:10:14.413698259. 17c9977b-6590-4de5-91f7-35cff6fe9365
cnt-5_1   | Sending message at 2024-10-15T07:10:14.484326767. 5cbbe7de-7472-438d-844a-b02144864bdc
cnt-4_1   | Sending message at 2024-10-15T07:10:14.502544103. 2a80a850-eaf6-47f0-9a4c-02ea5d7324cf
cnt-7_1   | 2024-10-15T07:10:21.146955939 | Message sent in 7348ms. a56e4c63-2d71-4f22-b9c2-5352619067ac
cnt-5_1   | 2024-10-15T07:10:22.506946233 | Message sent in 484ms. 5416b13c-9f1b-4ad4-ab93-cabe457a775b
cnt-7_1   | Sending message at 2024-10-15T07:10:23.624856345. a56e4c63-2d71-4f22-b9c2-5352619067ac
cnt-6_1   | [pool-4-thread-1] ERROR org.example.Main - Failed to send message
cnt-6_1   | java.lang.IllegalStateException: Timeout on blocking read for 17400000000 NANOSECONDS
cnt-6_1   | 	at reactor.core.publisher.BlockingSingleSubscriber.blockingGet(BlockingSingleSubscriber.java:124)
cnt-6_1   | 	at reactor.core.publisher.Mono.block(Mono.java:1766)
cnt-6_1   | 	at com.azure.messaging.servicebus.ServiceBusSenderClient.sendMessage(ServiceBusSenderClient.java:266)
cnt-6_1   | 	at org.example.Main.lambda$schedulePublishing$3(Main.java:84)
cnt-6_1   | 	at java.base/java.util.concurrent.Executors$RunnableAdapter.call(Executors.java:539)
cnt-6_1   | 	at java.base/java.util.concurrent.FutureTask.runAndReset(FutureTask.java:305)
cnt-6_1   | 	at java.base/java.util.concurrent.ScheduledThreadPoolExecutor$ScheduledFutureTask.run(ScheduledThreadPoolExecutor.java:305)
cnt-6_1   | 	at java.base/java.util.concurrent.ThreadPoolExecutor.runWorker(ThreadPoolExecutor.java:1136)
cnt-6_1   | 	at java.base/java.util.concurrent.ThreadPoolExecutor$Worker.run(ThreadPoolExecutor.java:635)
cnt-6_1   | 	at java.base/java.lang.Thread.run(Thread.java:840)
cnt-8_1   | [pool-5-thread-1] ERROR org.example.Main - Failed to send message
