cnt-1_1   | 	at java.base/java.lang.Thread.run(Thread.java:840)
cnt-1_1   | Blocking read error encountered with 4d5f8f42-688f-4507-a7ab-ed9003557cb5. No more restarts.
cnt-6_1   | 2024-10-14T14:55:10.218856607 | Message sent in 241ms. 03297eef-1c51-4dc1-89bc-1bed0f7f4998
cnt-10_1  | 2024-10-14T14:55:11.094922347 | Message sent in 358ms. aacef573-9f95-4ef4-a194-11be36c427b5
cnt-4_1   | Sending message at 2024-10-14T14:55:11.916007690. ffa57ce2-061a-4676-8df5-11168e96aea3
cnt-9_1   | Sending message at 2024-10-14T14:55:13.272049599. a9b6349c-1d0f-4e03-abca-5574946bb5c3
cnt-9_1   | 2024-10-14T14:55:13.948349536 | Message sent in 676ms. a9b6349c-1d0f-4e03-abca-5574946bb5c3
cnt-9_1   | 2024-10-14T14:55:15.164840053 | Message sent in 450ms. 412f0ffd-e505-4f91-916a-2db2d0375d72
cnt-8_1   | 2024-10-14T14:55:18.085604193 | Message sent in 451ms. 8ff4b98f-3633-4a4f-8770-1703223ba6ca
cnt-10_1  | 2024-10-14T14:55:19.027853574 | Message sent in 6995ms. 03ca182a-7b1c-48ce-bdb6-308c6844afa8
cnt-4_1   | 2024-10-14T14:55:19.067218554 | Message sent in 7247ms. 4be54a40-64dc-45a1-983c-516bc4088a26
cnt-4_1   | 2024-10-14T14:55:20.699259121 | Message sent in 449ms. bd494906-0bbe-4601-982e-af79d897f33d
cnt-9_1   | Sending message at 2024-10-14T14:55:20.744542504. fb1bee57-7cfd-43e1-b6b5-31a619ea6108
cnt-7_1   | 2024-10-14T14:55:21.209184674 | Message sent in 465ms. 833dcbf8-0be9-4363-b34d-93be8f8b6538
cnt-10_1  | Sending message at 2024-10-14T14:55:21.477658385. 03ca182a-7b1c-48ce-bdb6-308c6844afa8
cnt-9_1   | Sending message at 2024-10-14T14:55:22.212930992. 412f0ffd-e505-4f91-916a-2db2d0375d72
cnt-3_1   | 2024-10-14T14:55:22.228115098 | Message sent in 454ms. 2536bc03-f705-4655-81e4-c23655262c9e
cnt-10_1  | 2024-10-14T14:55:22.235977421 | Message sent in 450ms. aacef573-9f95-4ef4-a194-11be36c427b5
cnt-2_1   | Sending message at 2024-10-14T14:55:22.650099020. 598a6047-7336-4d45-9376-09ff14bd4c40
cnt-8_1   | Sending message at 2024-10-14T14:55:22.833183606. 7e6c3c8e-1886-43a3-a829-700057e1cd35
cnt-6_1   | Sending message at 2024-10-14T14:55:23.135130455. 6e2f511c-15c2-4c2e-a402-270958f3220d
cnt-10_1  | Sending message at 2024-10-14T14:55:23.236234095. aacef573-9f95-4ef4-a194-11be36c427b5
cnt-8_1   | Sending message at 2024-10-14T14:55:23.804062021. 8ff4b98f-3633-4a4f-8770-1703223ba6ca
cnt-1_1   | 2024-10-14T14:55:24.171529775 | Message sent in 461ms. ef3e2f96-22e1-4f6b-8177-e8e75a95369b
cnt-4_1   | Sending message at 2024-10-14T14:55:24.322500192. ab934ad1-ca7d-4a0d-9036-c3293836ff00
cnt-8_1   | Sending message at 2024-10-14T14:55:24.322801194. 7e6c3c8e-1886-43a3-a829-700057e1cd35
cnt-10_1  | Sending message at 2024-10-14T14:55:24.402341835. 03ca182a-7b1c-48ce-bdb6-308c6844afa8
cnt-10_1  | Sending message at 2024-10-14T14:55:24.708983710. aacef573-9f95-4ef4-a194-11be36c427b5
cnt-1_1   | Sending message at 2024-10-14T14:55:24.738535238. da7b2966-b3af-4ca5-8be4-bcdc4f16f748
cnt-7_1   | 2024-10-14T14:55:24.864593594 | Message sent in 462ms. c77a7bc8-fc5e-4bce-b4db-96d052ca0a64
cnt-9_1   | Sending message at 2024-10-14T14:55:25.171522047. 412f0ffd-e505-4f91-916a-2db2d0375d72
cnt-4_1   | Sending message at 2024-10-14T14:55:25.834979350. ab934ad1-ca7d-4a0d-9036-c3293836ff00
cnt-3_1   | 2024-10-14T14:55:26.031463471 | Message sent in 913ms. 2cac95d2-366b-4d26-9580-ac850906b54e
cnt-3_1   | Sending message at 2024-10-14T14:55:26.218523386. 2536bc03-f705-4655-81e4-c23655262c9e
cnt-9_1   | 2024-10-14T14:55:26.365703370 | Message sent in 1897ms. 7a49d961-8006-43d7-9982-345cacaa4491
cnt-7_1   | Sending message at 2024-10-14T14:55:27.023785001. 35861776-be0d-460e-aa83-e83845496011
cnt-10_1  | Sending message at 2024-10-14T14:55:27.035744705. 1e7864d9-9578-423d-a736-0c83b82f9fbf
cnt-4_1   | Sending message at 2024-10-14T14:55:27.299082767. ab934ad1-ca7d-4a0d-9036-c3293836ff00
cnt-7_1   | Sending message at 2024-10-14T14:55:29.054461422. 35861776-be0d-460e-aa83-e83845496011
cnt-10_1  | 2024-10-14T14:55:30.086612744 | Message sent in 1033ms. 81620b1f-c8bd-421f-8c8e-f13438eadbf2
cnt-7_1   | Sending message at 2024-10-14T14:55:30.459992327. 833dcbf8-0be9-4363-b34d-93be8f8b6538
cnt-3_1   | Sending message at 2024-10-14T14:55:31.173813598. 2536bc03-f705-4655-81e4-c23655262c9e
cnt-9_1   | 2024-10-14T14:55:31.655512551 | Message sent in 2416ms. b745af12-8e25-4212-86bb-b5f40dbaad41
cnt-3_1   | 2024-10-14T14:55:31.885257078 | Message sent in 586ms. b6ad59ab-490a-4c89-b2c8-90ea2658fdc9
cnt-3_1   | Sending message at 2024-10-14T14:55:32.664661130. 106444fa-8497-4c01-9cb4-0549083f28a5
cnt-5_1   | Sending message at 2024-10-14T14:55:32.741827056. 503fc42a-626f-4b57-972f-b8af9b65f90a
cnt-5_1   | 2024-10-14T14:55:33.138118040 | Message sent in 516ms. f65faca5-bf12-4eec-a915-aecf98e1afe8
cnt-5_1   | Sending message at 2024-10-14T14:55:33.381736604. d1ca4583-20bd-4c54-8ee1-ce35581bf5a8
cnt-7_1   | 2024-10-14T14:55:33.878779408 | Message sent in 451ms. c4b07c2e-da40-45e9-8f6b-9aec3d25579b
cnt-3_1   | Sending message at 2024-10-14T14:55:34.195918893. 106444fa-8497-4c01-9cb4-0549083f28a5
cnt-3_1   | 2024-10-14T14:55:34.428811886 | Message sent in 7157ms. d6a7dc10-a388-4583-9a98-750d49400516
cnt-7_1   | Sending message at 2024-10-14T14:55:34.859448814. 833dcbf8-0be9-4363-b34d-93be8f8b6538
cnt-5_1   | Sending message at 2024-10-14T14:55:35.519129287. ce81d6ba-ddad-425a-85ee-9caa707ee7c3
cnt-8_1   | 2024-10-14T14:55:35.597032969 | Message sent in 463ms. 7e6c3c8e-1886-43a3-a829-700057e1cd35
cnt-3_1   | 2024-10-14T14:55:36.003417691 | Message sent in 444ms. 2536bc03-f705-4655-81e4-c23655262c9e
cnt-3_1   | 2024-10-14T14:55:36.095242532 | Message sent in 453ms. 106444fa-8497-4c01-9cb4-0549083f28a5
cnt-4_1   | 2024-10-14T14:55:36.122556433 | Message sent in 448ms. bd494906-0bbe-4601-982e-af79d897f33d
cnt-5_1   | 2024-10-14T14:55:36.127117816 | Message sent in 453ms. 503fc42a-626f-4b57-972f-b8af9b65f90a
cnt-7_1   | Sending message at 2024-10-14T14:55:36.322770855. c4b07c2e-da40-45e9-8f6b-9aec3d25579b
cnt-7_1   | 2024-10-14T14:55:36.758481757 | Message sent in 447ms. 833dcbf8-0be9-4363-b34d-93be8f8b6538
cnt-4_1   | Sending message at 2024-10-14T14:55:36.930896671. 4be54a40-64dc-45a1-983c-516bc4088a26
cnt-2_1   | Sending message at 2024-10-14T14:55:36.958558971. b7bfd364-7eb2-49b3-a51d-f6f0c355a768
cnt-8_1   | Sending message at 2024-10-14T14:55:38.048570151. 7e6c3c8e-1886-43a3-a829-700057e1cd35
cnt-1_1   | Sending message at 2024-10-14T14:55:39.293591319. ef3e2f96-22e1-4f6b-8177-e8e75a95369b
cnt-8_1   | 2024-10-14T14:55:40.089035383 | Message sent in 1088ms. eb0f3e61-f6e3-4117-a382-6ffc6486efbb
cnt-10_1  | Sending message at 2024-10-14T14:55:40.309935157. 81620b1f-c8bd-421f-8c8e-f13438eadbf2
cnt-7_1   | 2024-10-14T14:55:42.679444224 | Message sent in 515ms. c77a7bc8-fc5e-4bce-b4db-96d052ca0a64
cnt-2_1   | 2024-10-14T14:55:42.915267981 | Message sent in 574ms. 677adc98-f17a-4ef6-b47a-19b0b794db58
cnt-9_1   | Sending message at 2024-10-14T14:55:43.123731049. fb1bee57-7cfd-43e1-b6b5-31a619ea6108
cnt-6_1   | 2024-10-14T14:55:43.192088467 | Message sent in 565ms. 6e2f511c-15c2-4c2e-a402-270958f3220d
cnt-5_1   | Sending message at 2024-10-14T14:55:44.383576271. 503fc42a-626f-4b57-972f-b8af9b65f90a
cnt-2_1   | 2024-10-14T14:55:44.428363141 | Message sent in 513ms. 677adc98-f17a-4ef6-b47a-19b0b794db58
cnt-8_1   | 2024-10-14T14:55:44.428379799 | Message sent in 513ms. 9c759098-97e2-42eb-a931-bc4726d3a0bb
cnt-10_1  | 2024-10-14T14:55:44.603958070 | Message sent in 449ms. 81620b1f-c8bd-421f-8c8e-f13438eadbf2
cnt-9_1   | 2024-10-14T14:55:45.356523376 | Message sent in 450ms. a9b6349c-1d0f-4e03-abca-5574946bb5c3
cnt-3_1   | Sending message at 2024-10-14T14:55:45.604704198. 2536bc03-f705-4655-81e4-c23655262c9e
cnt-5_1   | Sending message at 2024-10-14T14:55:45.651593814. ce81d6ba-ddad-425a-85ee-9caa707ee7c3
cnt-4_1   | Sending message at 2024-10-14T14:55:45.833705537. 4be54a40-64dc-45a1-983c-516bc4088a26
cnt-2_1   | 2024-10-14T14:55:45.860220156 | Message sent in 349ms. 95017fff-27ca-417c-b487-0587e58fb2df
cnt-2_1   | 2024-10-14T14:55:45.885817380 | Message sent in 457ms. 677adc98-f17a-4ef6-b47a-19b0b794db58
cnt-6_1   | 2024-10-14T14:55:46.111198592 | Message sent in 454ms. 6e2f511c-15c2-4c2e-a402-270958f3220d
cnt-1_1   | 2024-10-14T14:55:46.537144960 | Message sent in 455ms. ef3e2f96-22e1-4f6b-8177-e8e75a95369b
cnt-4_1   | Sending message at 2024-10-14T14:55:46.837909031. ab934ad1-ca7d-4a0d-9036-c3293836ff00
cnt-8_1   | Sending message at 2024-10-14T14:55:47.112533794. 8ff4b98f-3633-4a4f-8770-1703223ba6ca
cnt-1_1   | 2024-10-14T14:55:47.672452981 | Message sent in 566ms. 73fc517a-24b0-4778-9652-88628f35d88d
cnt-7_1   | Sending message at 2024-10-14T14:55:48.728073633. 833dcbf8-0be9-4363-b34d-93be8f8b6538
cnt-9_1   | 2024-10-14T14:55:49.589204840 | Message sent in 1478ms. 412f0ffd-e505-4f91-916a-2db2d0375d72
cnt-3_1   | 2024-10-14T14:55:49.772157847 | Message sent in 446ms. 106444fa-8497-4c01-9cb4-0549083f28a5
cnt-6_1   | 2024-10-14T14:55:50.523185184 | Message sent in 1516ms. 9595513a-538d-4ef2-901f-01f41278e1e1
cnt-2_1   | 2024-10-14T14:55:51.611250046 | Message sent in 1021ms. 677adc98-f17a-4ef6-b47a-19b0b794db58
cnt-10_1  | 2024-10-14T14:55:51.641761482 | Message sent in 1044ms. aacef573-9f95-4ef4-a194-11be36c427b5
cnt-2_1   | Sending message at 2024-10-14T14:55:52.611457820. 677adc98-f17a-4ef6-b47a-19b0b794db58
cnt-1_1   | Sending message at 2024-10-14T14:55:52.646164083. 73fc517a-24b0-4778-9652-88628f35d88d
cnt-1_1   | Sending message at 2024-10-14T14:55:52.650430960. da7b2966-b3af-4ca5-8be4-bcdc4f16f748
cnt-7_1   | 2024-10-14T14:55:53.098032411 | Message sent in 471ms. c77a7bc8-fc5e-4bce-b4db-96d052ca0a64
cnt-10_1  | 2024-10-14T14:55:53.104818430 | Message sent in 463ms. 6030b4ad-e02c-475e-bb2f-af014c1c5250
cnt-9_1   | 2024-10-14T14:55:54.678871356 | Message sent in 585ms. 412f0ffd-e505-4f91-916a-2db2d0375d72
cnt-7_1   | Sending message at 2024-10-14T14:55:55.714519676. c77a7bc8-fc5e-4bce-b4db-96d052ca0a64
cnt-7_1   | 2024-10-14T14:55:55.785368913 | Message sent in 7075ms. c4b07c2e-da40-45e9-8f6b-9aec3d25579b
cnt-1_1   | 2024-10-14T14:55:55.970874389 | Message sent in 6933ms. add28c95-0db4-4d3c-8af3-26d5cd7303dc
cnt-4_1   | 2024-10-14T14:55:56.815905847 | Message sent in 885ms. 9f228e64-15e3-42c4-aaef-2cfdbdd19690
cnt-6_1   | Sending message at 2024-10-14T14:55:56.823473306. 88f4dcc8-e62b-4df4-af54-4f1b4c9eba0b
cnt-8_1   | Sending message at 2024-10-14T14:55:56.832161808. 8ff4b98f-3633-4a4f-8770-1703223ba6ca
cnt-5_1   | Sending message at 2024-10-14T14:55:57.236646539. d1ca4583-20bd-4c54-8ee1-ce35581bf5a8
cnt-1_1   | Sending message at 2024-10-14T14:55:57.394289584. da7b2966-b3af-4ca5-8be4-bcdc4f16f748
cnt-2_1   | 2024-10-14T14:55:57.445660114 | Message sent in 475ms. 1469aae5-22c8-4c5e-aa6a-95a19b68abf3
cnt-3_1   | 2024-10-14T14:55:57.717245445 | Message sent in 527ms. d6a7dc10-a388-4583-9a98-750d49400516
cnt-3_1   | Sending message at 2024-10-14T14:55:58.449768636. 2536bc03-f705-4655-81e4-c23655262c9e
cnt-8_1   | Sending message at 2024-10-14T14:55:58.894836064. 9c759098-97e2-42eb-a931-bc4726d3a0bb
cnt-10_1  | Sending message at 2024-10-14T14:55:58.908751581. 03ca182a-7b1c-48ce-bdb6-308c6844afa8
cnt-2_1   | Sending message at 2024-10-14T14:56:00.112919382. 95017fff-27ca-417c-b487-0587e58fb2df
cnt-9_1   | 2024-10-14T14:56:00.133328280 | Message sent in 464ms. fb1bee57-7cfd-43e1-b6b5-31a619ea6108
cnt-5_1   | Sending message at 2024-10-14T14:56:00.326452714. d1ca4583-20bd-4c54-8ee1-ce35581bf5a8
cnt-2_1   | Sending message at 2024-10-14T14:56:00.354987629. 677adc98-f17a-4ef6-b47a-19b0b794db58
cnt-5_1   | Sending message at 2024-10-14T14:56:00.421866107. 503fc42a-626f-4b57-972f-b8af9b65f90a
cnt-9_1   | Sending message at 2024-10-14T14:56:00.587886420. 412f0ffd-e505-4f91-916a-2db2d0375d72
cnt-10_1  | 2024-10-14T14:56:00.793576572 | Message sent in 444ms. 03ca182a-7b1c-48ce-bdb6-308c6844afa8
cnt-7_1   | Sending message at 2024-10-14T14:56:01.541653124. 833dcbf8-0be9-4363-b34d-93be8f8b6538
cnt-10_1  | 2024-10-14T14:56:02.241177799 | Message sent in 448ms. 03ca182a-7b1c-48ce-bdb6-308c6844afa8
cnt-7_1   | 2024-10-14T14:56:02.281653384 | Message sent in 446ms. c77a7bc8-fc5e-4bce-b4db-96d052ca0a64
cnt-8_1   | Sending message at 2024-10-14T14:56:02.300458688. eb0f3e61-f6e3-4117-a382-6ffc6486efbb
cnt-10_1  | 2024-10-14T14:56:03.260399323 | Message sent in 904ms. 1e7864d9-9578-423d-a736-0c83b82f9fbf
cnt-6_1   | 2024-10-14T14:56:03.265526540 | Message sent in 2847ms. 88f4dcc8-e62b-4df4-af54-4f1b4c9eba0b
cnt-2_1   | 2024-10-14T14:56:03.745598831 | Message sent in 469ms. 598a6047-7336-4d45-9376-09ff14bd4c40
cnt-4_1   | 2024-10-14T14:56:03.761204011 | Message sent in 451ms. ab934ad1-ca7d-4a0d-9036-c3293836ff00
cnt-3_1   | Sending message at 2024-10-14T14:56:03.767012724. 106444fa-8497-4c01-9cb4-0549083f28a5
cnt-5_1   | 2024-10-14T14:56:04.226510949 | Message sent in 459ms. bd38caea-72bf-41e4-9d44-fb33f80d2146
cnt-3_1   | Sending message at 2024-10-14T14:56:04.333274797. 2536bc03-f705-4655-81e4-c23655262c9e
cnt-4_1   | Sending message at 2024-10-14T14:56:04.442101753. 9f228e64-15e3-42c4-aaef-2cfdbdd19690
cnt-8_1   | Sending message at 2024-10-14T14:56:04.697486274. 9c759098-97e2-42eb-a931-bc4726d3a0bb
cnt-1_1   | 2024-10-14T14:56:05.187934177 | Message sent in 918ms. da7b2966-b3af-4ca5-8be4-bcdc4f16f748
cnt-5_1   | 2024-10-14T14:56:05.202116116 | Message sent in 735ms. f65faca5-bf12-4eec-a915-aecf98e1afe8
cnt-3_1   | 2024-10-14T14:56:05.700416636 | Message sent in 470ms. b6ad59ab-490a-4c89-b2c8-90ea2658fdc9
cnt-6_1   | Sending message at 2024-10-14T14:56:06.209015034. 9595513a-538d-4ef2-901f-01f41278e1e1
cnt-9_1   | 2024-10-14T14:56:07.174830019 | Message sent in 955ms. fb1bee57-7cfd-43e1-b6b5-31a619ea6108
cnt-10_1  | 2024-10-14T14:56:07.220971351 | Message sent in 1018ms. 81620b1f-c8bd-421f-8c8e-f13438eadbf2
cnt-1_1   | 2024-10-14T14:56:08.066715525 | Message sent in 444ms. 73fc517a-24b0-4778-9652-88628f35d88d
cnt-7_1   | 2024-10-14T14:56:08.672475168 | Message sent in 498ms. 35861776-be0d-460e-aa83-e83845496011
cnt-2_1   | Sending message at 2024-10-14T14:56:09.107155395. b7bfd364-7eb2-49b3-a51d-f6f0c355a768
cnt-3_1   | Sending message at 2024-10-14T14:56:09.615747295. d6a7dc10-a388-4583-9a98-750d49400516
cnt-2_1   | Sending message at 2024-10-14T14:56:09.698902185. 1469aae5-22c8-4c5e-aa6a-95a19b68abf3
cnt-3_1   | 2024-10-14T14:56:09.832095938 | Message sent in 727ms. 2536bc03-f705-4655-81e4-c23655262c9e
cnt-2_1   | Sending message at 2024-10-14T14:56:10.098856509. 598a6047-7336-4d45-9376-09ff14bd4c40
cnt-10_1  | Sending message at 2024-10-14T14:56:10.815525725. 1e7864d9-9578-423d-a736-0c83b82f9fbf
cnt-2_1   | Sending message at 2024-10-14T14:56:11.353684765. 1469aae5-22c8-4c5e-aa6a-95a19b68abf3
cnt-7_1   | Sending message at 2024-10-14T14:56:11.378199489. b27e9fe7-2dd6-4289-87aa-bec66db5e12c
cnt-3_1   | Sending message at 2024-10-14T14:56:11.396723834. 106444fa-8497-4c01-9cb4-0549083f28a5
cnt-2_1   | Sending message at 2024-10-14T14:56:11.627008959. 677adc98-f17a-4ef6-b47a-19b0b794db58
cnt-10_1  | 2024-10-14T14:56:11.791528978 | Message sent in 443ms. 6030b4ad-e02c-475e-bb2f-af014c1c5250
cnt-5_1   | Sending message at 2024-10-14T14:56:12.692461582. d1ca4583-20bd-4c54-8ee1-ce35581bf5a8
cnt-8_1   | Sending message at 2024-10-14T14:56:12.894547258. 7e6c3c8e-1886-43a3-a829-700057e1cd35
cnt-5_1   | 2024-10-14T14:56:20.497394687 | Message sent in 6870ms. ce81d6ba-ddad-425a-85ee-9caa707ee7c3
cnt-4_1   | Sending message at 2024-10-14T14:56:20.929886056. bd494906-0bbe-4601-982e-af79d897f33d
cnt-5_1   | 2024-10-14T14:56:22.089896927 | Message sent in 592ms. ce81d6ba-ddad-425a-85ee-9caa707ee7c3
cnt-2_1   | 2024-10-14T14:56:22.893963318 | Message sent in 829ms. 95017fff-27ca-417c-b487-0587e58fb2df
cnt-8_1   | Sending message at 2024-10-14T14:56:23.199132205. 8ff4b98f-3633-4a4f-8770-1703223ba6ca
cnt-3_1   | 2024-10-14T14:56:23.222165954 | Message sent in 573ms. 106444fa-8497-4c01-9cb4-0549083f28a5
cnt-9_1   | [pool-5-thread-1] ERROR org.example.Main - Failed to send message
cnt-9_1   | java.lang.IllegalStateException: Timeout on blocking read for 17400000000 NANOSECONDS
cnt-9_1   | 	at reactor.core.publisher.BlockingSingleSubscriber.blockingGet(BlockingSingleSubscriber.java:124)
cnt-9_1   | 	at reactor.core.publisher.Mono.block(Mono.java:1766)
cnt-9_1   | 	at com.azure.messaging.servicebus.ServiceBusSenderClient.sendMessage(ServiceBusSenderClient.java:266)
cnt-9_1   | 	at org.example.Main.lambda$schedulePublishing$3(Main.java:84)
cnt-9_1   | 	at java.base/java.util.concurrent.Executors$RunnableAdapter.call(Executors.java:539)
cnt-9_1   | 	at java.base/java.util.concurrent.FutureTask.runAndReset(FutureTask.java:305)
cnt-9_1   | 	at java.base/java.util.concurrent.ScheduledThreadPoolExecutor$ScheduledFutureTask.run(ScheduledThreadPoolExecutor.java:305)
cnt-9_1   | 	at java.base/java.util.concurrent.ThreadPoolExecutor.runWorker(ThreadPoolExecutor.java:1136)
cnt-9_1   | 	at java.base/java.util.concurrent.ThreadPoolExecutor$Worker.run(ThreadPoolExecutor.java:635)
cnt-9_1   | 	at java.base/java.lang.Thread.run(Thread.java:840)
cnt-5_1   | [pool-6-thread-1] ERROR org.example.Main - Failed to send message
cnt-5_1   | java.lang.IllegalStateException: Timeout on blocking read for 17400000000 NANOSECONDS
cnt-5_1   | 	at reactor.core.publisher.BlockingSingleSubscriber.blockingGet(BlockingSingleSubscriber.java:124)
cnt-5_1   | 	at reactor.core.publisher.Mono.block(Mono.java:1766)
cnt-5_1   | 	at com.azure.messaging.servicebus.ServiceBusSenderClient.sendMessage(ServiceBusSenderClient.java:266)
cnt-5_1   | 	at org.example.Main.lambda$schedulePublishing$3(Main.java:84)
cnt-5_1   | 	at java.base/java.util.concurrent.Executors$RunnableAdapter.call(Executors.java:539)
cnt-5_1   | 	at java.base/java.util.concurrent.FutureTask.runAndReset(FutureTask.java:305)
cnt-5_1   | 	at java.base/java.util.concurrent.ScheduledThreadPoolExecutor$ScheduledFutureTask.run(ScheduledThreadPoolExecutor.java:305)
cnt-5_1   | 	at java.base/java.util.concurrent.ThreadPoolExecutor.runWorker(ThreadPoolExecutor.java:1136)
cnt-5_1   | 	at java.base/java.util.concurrent.ThreadPoolExecutor$Worker.run(ThreadPoolExecutor.java:635)
cnt-5_1   | 	at java.base/java.lang.Thread.run(Thread.java:840)
cnt-3_1   | [pool-8-thread-1] ERROR org.example.Main - Failed to send message
cnt-3_1   | java.lang.IllegalStateException: Timeout on blocking read for 17400000000 NANOSECONDS
cnt-3_1   | 	at reactor.core.publisher.BlockingSingleSubscriber.blockingGet(BlockingSingleSubscriber.java:124)
cnt-3_1   | 	at reactor.core.publisher.Mono.block(Mono.java:1766)
cnt-3_1   | 	at com.azure.messaging.servicebus.ServiceBusSenderClient.sendMessage(ServiceBusSenderClient.java:266)
cnt-3_1   | 	at org.example.Main.lambda$schedulePublishing$3(Main.java:84)
cnt-3_1   | 	at java.base/java.util.concurrent.Executors$RunnableAdapter.call(Executors.java:539)
cnt-3_1   | 	at java.base/java.util.concurrent.FutureTask.runAndReset(FutureTask.java:305)
cnt-3_1   | 	at java.base/java.util.concurrent.ScheduledThreadPoolExecutor$ScheduledFutureTask.run(ScheduledThreadPoolExecutor.java:305)
cnt-3_1   | 	at java.base/java.util.concurrent.ThreadPoolExecutor.runWorker(ThreadPoolExecutor.java:1136)
cnt-3_1   | 	at java.base/java.util.concurrent.ThreadPoolExecutor$Worker.run(ThreadPoolExecutor.java:635)
cnt-3_1   | 	at java.base/java.lang.Thread.run(Thread.java:840)
cnt-1_1   | [pool-6-thread-1] ERROR org.example.Main - Failed to send message
cnt-1_1   | java.lang.IllegalStateException: Timeout on blocking read for 17400000000 NANOSECONDS
cnt-1_1   | 	at reactor.core.publisher.BlockingSingleSubscriber.blockingGet(BlockingSingleSubscriber.java:124)
cnt-1_1   | 	at reactor.core.publisher.Mono.block(Mono.java:1766)
cnt-1_1   | 	at com.azure.messaging.servicebus.ServiceBusSenderClient.sendMessage(ServiceBusSenderClient.java:266)
cnt-1_1   | 	at org.example.Main.lambda$schedulePublishing$3(Main.java:84)
cnt-1_1   | 	at java.base/java.util.concurrent.Executors$RunnableAdapter.call(Executors.java:539)
cnt-1_1   | 	at java.base/java.util.concurrent.FutureTask.runAndReset(FutureTask.java:305)
cnt-1_1   | 	at java.base/java.util.concurrent.ScheduledThreadPoolExecutor$ScheduledFutureTask.run(ScheduledThreadPoolExecutor.java:305)
cnt-1_1   | 	at java.base/java.util.concurrent.ThreadPoolExecutor.runWorker(ThreadPoolExecutor.java:1136)
cnt-1_1   | 	at java.base/java.util.concurrent.ThreadPoolExecutor$Worker.run(ThreadPoolExecutor.java:635)
cnt-1_1   | 	at java.base/java.lang.Thread.run(Thread.java:840)
cnt-6_1   | Sending message at 2024-10-14T14:56:24.317638835. 8943ca9b-60ac-4b26-8483-868aa371a76c
cnt-8_1   | Sending message at 2024-10-14T14:56:24.477232806. 9c759098-97e2-42eb-a931-bc4726d3a0bb
cnt-10_1  | Sending message at 2024-10-14T14:56:24.582721817. 81620b1f-c8bd-421f-8c8e-f13438eadbf2
cnt-1_1   | Sending message at 2024-10-14T14:56:24.968334340. add28c95-0db4-4d3c-8af3-26d5cd7303dc
cnt-10_1  | Sending message at 2024-10-14T14:56:25.392561336. 6030b4ad-e02c-475e-bb2f-af014c1c5250
cnt-2_1   | 2024-10-14T14:56:25.497013529 | Message sent in 793ms. 677adc98-f17a-4ef6-b47a-19b0b794db58
cnt-3_1   | Sending message at 2024-10-14T14:56:25.584793461. 2cac95d2-366b-4d26-9580-ac850906b54e
cnt-2_1   | Sending message at 2024-10-14T14:56:25.644087420. 1469aae5-22c8-4c5e-aa6a-95a19b68abf3
cnt-4_1   | Sending message at 2024-10-14T14:56:25.874020067. ab934ad1-ca7d-4a0d-9036-c3293836ff00
cnt-1_1   | 2024-10-14T14:56:27.684716363 | Message sent in 253ms. da7b2966-b3af-4ca5-8be4-bcdc4f16f748
cnt-4_1   | Sending message at 2024-10-14T14:56:27.731456172. ab934ad1-ca7d-4a0d-9036-c3293836ff00
cnt-9_1   | Sending message at 2024-10-14T14:56:27.788642362. 7a49d961-8006-43d7-9982-345cacaa4491
cnt-5_1   | 2024-10-14T14:56:27.886084975 | Message sent in 458ms. f65faca5-bf12-4eec-a915-aecf98e1afe8
cnt-4_1   | 2024-10-14T14:56:28.103669181 | Message sent in 372ms. ab934ad1-ca7d-4a0d-9036-c3293836ff00
cnt-6_1   | [pool-7-thread-1] ERROR org.example.Main - Failed to send message
cnt-6_1   | java.lang.IllegalStateException: Timeout on blocking read for 17400000000 NANOSECONDS
cnt-6_1   | 	at reactor.core.publisher.BlockingSingleSubscriber.blockingGet(BlockingSingleSubscriber.java:124)
cnt-6_1   | 	at reactor.core.publisher.Mono.block(Mono.java:1766)
cnt-6_1   | 	at com.azure.messaging.servicebus.ServiceBusSenderClient.sendMessage(ServiceBusSenderClient.java:266)
cnt-6_1   | 	at org.example.Main.lambda$schedulePublishing$3(Main.java:84)
cnt-6_1   | 	at java.base/java.util.concurrent.Executors$RunnableAdapter.call(Executors.java:539)
cnt-6_1   | 	at java.base/java.util.concurrent.FutureTask.runAndReset(FutureTask.java:305)
cnt-6_1   | 	at java.base/java.util.concurrent.ScheduledThreadPoolExecutor$ScheduledFutureTask.run(ScheduledThreadPoolExecutor.java:305)
cnt-6_1   | 	at java.base/java.util.concurrent.ThreadPoolExecutor.runWorker(ThreadPoolExecutor.java:1136)
cnt-6_1   | 	at java.base/java.util.concurrent.ThreadPoolExecutor$Worker.run(ThreadPoolExecutor.java:635)
cnt-6_1   | 	at java.base/java.lang.Thread.run(Thread.java:840)
cnt-8_1   | 2024-10-14T14:56:28.268709279 | Message sent in 676ms. 9c759098-97e2-42eb-a931-bc4726d3a0bb
cnt-2_1   | 2024-10-14T14:56:28.553208407 | Message sent in 513ms. 677adc98-f17a-4ef6-b47a-19b0b794db58
cnt-1_1   | 2024-10-14T14:56:28.553362501 | Message sent in 513ms. c74cdd7e-34ff-4c4e-a1cc-2ac27d97fe25
cnt-5_1   | 2024-10-14T14:56:28.613711657 | Message sent in 465ms. ce81d6ba-ddad-425a-85ee-9caa707ee7c3
cnt-4_1   | Sending message at 2024-10-14T14:56:29.103941743. ab934ad1-ca7d-4a0d-9036-c3293836ff00
cnt-1_1   | 2024-10-14T14:56:30.274329669 | Message sent in 721ms. c74cdd7e-34ff-4c4e-a1cc-2ac27d97fe25
cnt-5_1   | Sending message at 2024-10-14T14:56:30.343377706. f65faca5-bf12-4eec-a915-aecf98e1afe8
cnt-4_1   | 2024-10-14T14:56:31.603915869 | Message sent in 490ms. ab934ad1-ca7d-4a0d-9036-c3293836ff00
cnt-1_1   | 2024-10-14T14:56:31.700187125 | Message sent in 448ms. add28c95-0db4-4d3c-8af3-26d5cd7303dc
cnt-7_1   | 2024-10-14T14:56:32.535396050 | Message sent in 464ms. b27e9fe7-2dd6-4289-87aa-bec66db5e12c
cnt-6_1   | Sending message at 2024-10-14T14:56:32.850749519. 6e2f511c-15c2-4c2e-a402-270958f3220d
cnt-1_1   | Sending message at 2024-10-14T14:56:32.935321503. da7b2966-b3af-4ca5-8be4-bcdc4f16f748
cnt-1_1   | 2024-10-14T14:56:33.143811821 | Message sent in 443ms. add28c95-0db4-4d3c-8af3-26d5cd7303dc
cnt-1_1   | Sending message at 2024-10-14T14:56:34.626442487. 73fc517a-24b0-4778-9652-88628f35d88d
cnt-8_1   | 2024-10-14T14:56:34.688535807 | Message sent in 506ms. 8ff4b98f-3633-4a4f-8770-1703223ba6ca
cnt-2_1   | 2024-10-14T14:56:35.510021854 | Message sent in 441ms. b7bfd364-7eb2-49b3-a51d-f6f0c355a768
cnt-7_1   | 2024-10-14T14:56:35.541792948 | Message sent in 444ms. c4b07c2e-da40-45e9-8f6b-9aec3d25579b
cnt-8_1   | Sending message at 2024-10-14T14:56:35.688807060. 8ff4b98f-3633-4a4f-8770-1703223ba6ca
cnt-7_1   | Sending message at 2024-10-14T14:56:35.936516567. c77a7bc8-fc5e-4bce-b4db-96d052ca0a64
cnt-4_1   | Sending message at 2024-10-14T14:56:35.993832905. 4be54a40-64dc-45a1-983c-516bc4088a26
cnt-7_1   | Sending message at 2024-10-14T14:56:36.542037853. c4b07c2e-da40-45e9-8f6b-9aec3d25579b
cnt-7_1   | 2024-10-14T14:56:37.266480680 | Message sent in 845ms. 833dcbf8-0be9-4363-b34d-93be8f8b6538
cnt-7_1   | 2024-10-14T14:56:37.278518617 | Message sent in 828ms. b27e9fe7-2dd6-4289-87aa-bec66db5e12c
cnt-6_1   | 2024-10-14T14:56:37.375160528 | Message sent in 441ms. 61d4dda5-acf2-45f2-87b5-897b9e440109
cnt-3_1   | Sending message at 2024-10-14T14:56:38.018923375. 2536bc03-f705-4655-81e4-c23655262c9e
cnt-1_1   | Sending message at 2024-10-14T14:56:38.024648990. da7b2966-b3af-4ca5-8be4-bcdc4f16f748
cnt-6_1   | Sending message at 2024-10-14T14:56:38.375522832. 61d4dda5-acf2-45f2-87b5-897b9e440109
cnt-7_1   | Sending message at 2024-10-14T14:56:39.753009568. c4b07c2e-da40-45e9-8f6b-9aec3d25579b
cnt-5_1   | 2024-10-14T14:56:40.373688023 | Message sent in 777ms. ce81d6ba-ddad-425a-85ee-9caa707ee7c3
cnt-5_1   | 2024-10-14T14:56:40.458105387 | Message sent in 857ms. 7b661cb5-dfff-4019-9d30-b8124a4babf4
cnt-2_1   | 2024-10-14T14:56:41.082727513 | Message sent in 1167ms. 1469aae5-22c8-4c5e-aa6a-95a19b68abf3
cnt-1_1   | Sending message at 2024-10-14T14:56:41.498908613. add28c95-0db4-4d3c-8af3-26d5cd7303dc
cnt-10_1  | Sending message at 2024-10-14T14:56:41.959385596. 03ca182a-7b1c-48ce-bdb6-308c6844afa8
cnt-1_1   | 2024-10-14T14:56:42.113552283 | Message sent in 719ms. 3acaa9c4-c153-4dc7-b164-00608d6ea9ba
cnt-4_1   | 2024-10-14T14:56:42.241057680 | Message sent in 713ms. ab934ad1-ca7d-4a0d-9036-c3293836ff00
cnt-7_1   | 2024-10-14T14:56:42.546450047 | Message sent in 668ms. 833dcbf8-0be9-4363-b34d-93be8f8b6538
cnt-9_1   | 2024-10-14T14:56:42.706951500 | Message sent in 650ms. a9b6349c-1d0f-4e03-abca-5574946bb5c3
cnt-7_1   | 2024-10-14T14:56:42.772255732 | Message sent in 910ms. b27e9fe7-2dd6-4289-87aa-bec66db5e12c
cnt-7_1   | 2024-10-14T14:56:42.803774381 | Message sent in 831ms. c77a7bc8-fc5e-4bce-b4db-96d052ca0a64
cnt-10_1  | 2024-10-14T14:56:42.848998679 | Message sent in 902ms. aacef573-9f95-4ef4-a194-11be36c427b5
cnt-5_1   | Sending message at 2024-10-14T14:56:43.550480124. 7b661cb5-dfff-4019-9d30-b8124a4babf4
cnt-1_1   | 2024-10-14T14:56:43.557483077 | Message sent in 452ms. add28c95-0db4-4d3c-8af3-26d5cd7303dc
cnt-3_1   | Sending message at 2024-10-14T14:56:43.613466818. 32524890-6848-4823-9194-fab33ef11597
cnt-4_1   | 2024-10-14T14:56:43.944293821 | Message sent in 703ms. ab934ad1-ca7d-4a0d-9036-c3293836ff00
cnt-1_1   | Sending message at 2024-10-14T14:56:44.566824103. 3acaa9c4-c153-4dc7-b164-00608d6ea9ba
cnt-10_1  | 2024-10-14T14:56:44.641684650 | Message sent in 837ms. 81620b1f-c8bd-421f-8c8e-f13438eadbf2
cnt-10_1  | 2024-10-14T14:56:44.796489806 | Message sent in 960ms. 03ca182a-7b1c-48ce-bdb6-308c6844afa8
cnt-6_1   | 2024-10-14T14:56:44.817576127 | Message sent in 970ms. 61d4dda5-acf2-45f2-87b5-897b9e440109
cnt-1_1   | 2024-10-14T14:56:45.108615596 | Message sent in 551ms. add28c95-0db4-4d3c-8af3-26d5cd7303dc
cnt-10_1  | Sending message at 2024-10-14T14:56:45.641867963. 81620b1f-c8bd-421f-8c8e-f13438eadbf2
cnt-2_1   | Sending message at 2024-10-14T14:56:45.713983601. 95017fff-27ca-417c-b487-0587e58fb2df
cnt-5_1   | Sending message at 2024-10-14T14:56:45.818532118. 503fc42a-626f-4b57-972f-b8af9b65f90a
cnt-10_1  | [pool-7-thread-1] ERROR org.example.Main - Failed to send message
cnt-10_1  | java.lang.IllegalStateException: Timeout on blocking read for 17400000000 NANOSECONDS
cnt-10_1  | 	at reactor.core.publisher.BlockingSingleSubscriber.blockingGet(BlockingSingleSubscriber.java:124)
cnt-10_1  | 	at reactor.core.publisher.Mono.block(Mono.java:1766)
cnt-10_1  | 	at com.azure.messaging.servicebus.ServiceBusSenderClient.sendMessage(ServiceBusSenderClient.java:266)
cnt-10_1  | 	at org.example.Main.lambda$schedulePublishing$3(Main.java:84)
cnt-10_1  | 	at java.base/java.util.concurrent.Executors$RunnableAdapter.call(Executors.java:539)
cnt-10_1  | 	at java.base/java.util.concurrent.FutureTask.runAndReset(FutureTask.java:305)
cnt-10_1  | 	at java.base/java.util.concurrent.ScheduledThreadPoolExecutor$ScheduledFutureTask.run(ScheduledThreadPoolExecutor.java:305)
cnt-10_1  | 	at java.base/java.util.concurrent.ThreadPoolExecutor.runWorker(ThreadPoolExecutor.java:1136)
cnt-10_1  | 	at java.base/java.util.concurrent.ThreadPoolExecutor$Worker.run(ThreadPoolExecutor.java:635)
cnt-10_1  | 	at java.base/java.lang.Thread.run(Thread.java:840)
cnt-9_1   | 2024-10-14T14:56:46.974331541 | Message sent in 1138ms. af48a26b-14ca-488b-b8d2-124d87c7c852
cnt-1_1   | 2024-10-14T14:56:47.299869599 | Message sent in 1191ms. add28c95-0db4-4d3c-8af3-26d5cd7303dc
cnt-7_1   | 2024-10-14T14:56:47.401617359 | Message sent in 522ms. 35861776-be0d-460e-aa83-e83845496011
cnt-4_1   | 2024-10-14T14:56:47.444710250 | Message sent in 1625ms. 4be54a40-64dc-45a1-983c-516bc4088a26
cnt-5_1   | 2024-10-14T14:56:47.503038808 | Message sent in 485ms. f65faca5-bf12-4eec-a915-aecf98e1afe8
cnt-10_1  | 2024-10-14T14:56:48.490085139 | Message sent in 505ms. 6030b4ad-e02c-475e-bb2f-af014c1c5250
cnt-9_1   | 2024-10-14T14:56:48.497473219 | Message sent in 523ms. af48a26b-14ca-488b-b8d2-124d87c7c852
cnt-10_1  | 2024-10-14T14:56:49.074400431 | Message sent in 464ms. aacef573-9f95-4ef4-a194-11be36c427b5
cnt-5_1   | 2024-10-14T14:56:49.993061157 | Message sent in 493ms. ce81d6ba-ddad-425a-85ee-9caa707ee7c3
cnt-10_1  | Sending message at 2024-10-14T14:56:50.074589473. aacef573-9f95-4ef4-a194-11be36c427b5
cnt-6_1   | 2024-10-14T14:56:50.326509182 | Message sent in 465ms. 6e2f511c-15c2-4c2e-a402-270958f3220d
cnt-6_1   | Sending message at 2024-10-14T14:56:50.588857026. 03297eef-1c51-4dc1-89bc-1bed0f7f4998
cnt-8_1   | Sending message at 2024-10-14T14:56:50.978908722. 212a096e-ae9e-41bb-a1b8-93144bed80a4
cnt-6_1   | 2024-10-14T14:56:51.032655205 | Message sent in 443ms. 03297eef-1c51-4dc1-89bc-1bed0f7f4998
cnt-4_1   | Sending message at 2024-10-14T14:56:51.298029302. ffa57ce2-061a-4676-8df5-11168e96aea3
cnt-3_1   | Sending message at 2024-10-14T14:56:51.469581679. 2cac95d2-366b-4d26-9580-ac850906b54e
cnt-9_1   | Sending message at 2024-10-14T14:56:51.609016153. 7a49d961-8006-43d7-9982-345cacaa4491
cnt-2_1   | Sending message at 2024-10-14T14:56:52.742440514. 677adc98-f17a-4ef6-b47a-19b0b794db58
cnt-2_1   | 2024-10-14T14:56:52.941507925 | Message sent in 489ms. b7bfd364-7eb2-49b3-a51d-f6f0c355a768
cnt-6_1   | Sending message at 2024-10-14T14:56:53.187118086. 61d4dda5-acf2-45f2-87b5-897b9e440109
cnt-10_1  | Sending message at 2024-10-14T14:56:53.761958675. 81620b1f-c8bd-421f-8c8e-f13438eadbf2
cnt-2_1   | Sending message at 2024-10-14T14:56:53.940068243. 1469aae5-22c8-4c5e-aa6a-95a19b68abf3
cnt-2_1   | Sending message at 2024-10-14T14:56:53.941707662. b7bfd364-7eb2-49b3-a51d-f6f0c355a768
cnt-9_1   | Sending message at 2024-10-14T14:56:55.504064007. fb1bee57-7cfd-43e1-b6b5-31a619ea6108
cnt-1_1   | Sending message at 2024-10-14T14:56:55.722362346. add28c95-0db4-4d3c-8af3-26d5cd7303dc
cnt-9_1   | Sending message at 2024-10-14T14:56:57.087646534. fb1bee57-7cfd-43e1-b6b5-31a619ea6108
cnt-5_1   | Sending message at 2024-10-14T14:56:57.099626632. ce81d6ba-ddad-425a-85ee-9caa707ee7c3
cnt-7_1   | 2024-10-14T14:56:57.428223487 | Message sent in 747ms. b27e9fe7-2dd6-4289-87aa-bec66db5e12c
cnt-1_1   | 2024-10-14T14:56:58.205295466 | Message sent in 1011ms. add28c95-0db4-4d3c-8af3-26d5cd7303dc
cnt-2_1   | 2024-10-14T14:56:58.206389083 | Message sent in 987ms. 677adc98-f17a-4ef6-b47a-19b0b794db58
cnt-3_1   | Sending message at 2024-10-14T14:56:58.422164310. 32524890-6848-4823-9194-fab33ef11597
cnt-10_1  | 2024-10-14T14:56:58.928815651 | Message sent in 509ms. a1868194-0238-4181-aff5-9f3914bb4d7a
cnt-7_1   | 2024-10-14T14:56:58.941383070 | Message sent in 522ms. 35861776-be0d-460e-aa83-e83845496011
cnt-8_1   | Sending message at 2024-10-14T14:56:59.178981996. 8ff4b98f-3633-4a4f-8770-1703223ba6ca
cnt-9_1   | 2024-10-14T14:56:59.426647933 | Message sent in 498ms. fb1bee57-7cfd-43e1-b6b5-31a619ea6108
cnt-5_1   | 2024-10-14T14:56:59.474763039 | Message sent in 545ms. d1ca4583-20bd-4c54-8ee1-ce35581bf5a8
cnt-7_1   | Sending message at 2024-10-14T14:56:59.941149338. c77a7bc8-fc5e-4bce-b4db-96d052ca0a64
cnt-1_1   | 2024-10-14T14:57:00.624387462 | Message sent in 473ms. c74cdd7e-34ff-4c4e-a1cc-2ac27d97fe25
cnt-8_1   | Sending message at 2024-10-14T14:57:00.866394138. 212a096e-ae9e-41bb-a1b8-93144bed80a4
cnt-5_1   | Sending message at 2024-10-14T14:57:00.972619575. 503fc42a-626f-4b57-972f-b8af9b65f90a
cnt-2_1   | Sending message at 2024-10-14T14:57:01.004452921. 677adc98-f17a-4ef6-b47a-19b0b794db58
cnt-6_1   | 2024-10-14T14:57:01.850951587 | Message sent in 723ms. 8943ca9b-60ac-4b26-8483-868aa371a76c
cnt-2_1   | 2024-10-14T14:57:02.068093239 | Message sent in 445ms. 598a6047-7336-4d45-9376-09ff14bd4c40
cnt-8_1   | Sending message at 2024-10-14T14:57:02.310628932. 212a096e-ae9e-41bb-a1b8-93144bed80a4
cnt-4_1   | 2024-10-14T14:57:02.340127632 | Message sent in 2301ms. 9f228e64-15e3-42c4-aaef-2cfdbdd19690
cnt-9_1   | 2024-10-14T14:57:02.349362882 | Message sent in 453ms. fb1bee57-7cfd-43e1-b6b5-31a619ea6108
cnt-5_1   | Sending message at 2024-10-14T14:57:02.417898349. 503fc42a-626f-4b57-972f-b8af9b65f90a
cnt-7_1   | Sending message at 2024-10-14T14:57:02.455137625. c4b07c2e-da40-45e9-8f6b-9aec3d25579b
cnt-1_1   | Sending message at 2024-10-14T14:57:02.949029221. da7b2966-b3af-4ca5-8be4-bcdc4f16f748
cnt-1_1   | Sending message at 2024-10-14T14:57:03.303474083. 3acaa9c4-c153-4dc7-b164-00608d6ea9ba
cnt-9_1   | Sending message at 2024-10-14T14:57:03.349585344. fb1bee57-7cfd-43e1-b6b5-31a619ea6108
cnt-10_1  | 2024-10-14T14:57:03.485269228 | Message sent in 605ms. 03ca182a-7b1c-48ce-bdb6-308c6844afa8
cnt-2_1   | 2024-10-14T14:57:03.817687039 | Message sent in 749ms. 598a6047-7336-4d45-9376-09ff14bd4c40
cnt-10_1  | 2024-10-14T14:57:03.821437284 | Message sent in 894ms. aacef573-9f95-4ef4-a194-11be36c427b5
cnt-5_1   | Sending message at 2024-10-14T14:57:05.873672189. ce81d6ba-ddad-425a-85ee-9caa707ee7c3
cnt-3_1   | Sending message at 2024-10-14T14:57:05.905950973. 2cac95d2-366b-4d26-9580-ac850906b54e
cnt-4_1   | 2024-10-14T14:57:06.216221562 | Message sent in 440ms. ffa57ce2-061a-4676-8df5-11168e96aea3
cnt-6_1   | Sending message at 2024-10-14T14:57:06.282909335. 61d4dda5-acf2-45f2-87b5-897b9e440109
cnt-1_1   | 2024-10-14T14:57:06.759789400 | Message sent in 473ms. c74cdd7e-34ff-4c4e-a1cc-2ac27d97fe25
cnt-8_1   | 2024-10-14T14:57:06.775053934 | Message sent in 484ms. 9c759098-97e2-42eb-a931-bc4726d3a0bb
cnt-2_1   | Sending message at 2024-10-14T14:57:07.177729843. b7bfd364-7eb2-49b3-a51d-f6f0c355a768
cnt-10_1  | Sending message at 2024-10-14T14:57:07.774181006. 6030b4ad-e02c-475e-bb2f-af014c1c5250
cnt-8_1   | 2024-10-14T14:57:07.802960014 | Message sent in 865ms. 8ff4b98f-3633-4a4f-8770-1703223ba6ca
cnt-6_1   | 2024-10-14T14:57:08.196046828 | Message sent in 452ms. 6e2f511c-15c2-4c2e-a402-270958f3220d
cnt-3_1   | 2024-10-14T14:57:08.206474874 | Message sent in 451ms. d6a7dc10-a388-4583-9a98-750d49400516
cnt-8_1   | 2024-10-14T14:57:08.754324051 | Message sent in 460ms. eb0f3e61-f6e3-4117-a382-6ffc6486efbb
cnt-6_1   | 2024-10-14T14:57:16.217038933 | Message sent in 7021ms. 6e2f511c-15c2-4c2e-a402-270958f3220d
cnt-9_1   | 2024-10-14T14:57:16.608276010 | Message sent in 6854ms. af48a26b-14ca-488b-b8d2-124d87c7c852
cnt-5_1   | 2024-10-14T14:57:16.825003544 | Message sent in 7070ms. f65faca5-bf12-4eec-a915-aecf98e1afe8
cnt-4_1   | Sending message at 2024-10-14T14:57:17.446364978. ab934ad1-ca7d-4a0d-9036-c3293836ff00
cnt-4_1   | 2024-10-14T14:57:17.556546170 | Message sent in 448ms. bd494906-0bbe-4601-982e-af79d897f33d
cnt-4_1   | Sending message at 2024-10-14T14:57:18.895783980. ab934ad1-ca7d-4a0d-9036-c3293836ff00
cnt-9_1   | [pool-8-thread-1] ERROR org.example.Main - Failed to send message
cnt-9_1   | java.lang.IllegalStateException: Timeout on blocking read for 17400000000 NANOSECONDS
cnt-9_1   | 	at reactor.core.publisher.BlockingSingleSubscriber.blockingGet(BlockingSingleSubscriber.java:124)
cnt-9_1   | 	at reactor.core.publisher.Mono.block(Mono.java:1766)
cnt-9_1   | 	at com.azure.messaging.servicebus.ServiceBusSenderClient.sendMessage(ServiceBusSenderClient.java:266)
cnt-9_1   | 	at org.example.Main.lambda$schedulePublishing$3(Main.java:84)
cnt-9_1   | 	at java.base/java.util.concurrent.Executors$RunnableAdapter.call(Executors.java:539)
cnt-9_1   | 	at java.base/java.util.concurrent.FutureTask.runAndReset(FutureTask.java:305)
cnt-9_1   | 	at java.base/java.util.concurrent.ScheduledThreadPoolExecutor$ScheduledFutureTask.run(ScheduledThreadPoolExecutor.java:305)
cnt-9_1   | 	at java.base/java.util.concurrent.ThreadPoolExecutor.runWorker(ThreadPoolExecutor.java:1136)
cnt-9_1   | 	at java.base/java.util.concurrent.ThreadPoolExecutor$Worker.run(ThreadPoolExecutor.java:635)
cnt-9_1   | 	at java.base/java.lang.Thread.run(Thread.java:840)
cnt-10_1  | 2024-10-14T14:57:25.964119768 | Message sent in 7109ms. a1868194-0238-4181-aff5-9f3914bb4d7a
cnt-9_1   | [pool-6-thread-1] ERROR org.example.Main - Failed to send message
cnt-9_1   | java.lang.IllegalStateException: Timeout on blocking read for 17400000000 NANOSECONDS
cnt-9_1   | 	at reactor.core.publisher.BlockingSingleSubscriber.blockingGet(BlockingSingleSubscriber.java:124)
cnt-9_1   | 	at reactor.core.publisher.Mono.block(Mono.java:1766)
cnt-9_1   | 	at com.azure.messaging.servicebus.ServiceBusSenderClient.sendMessage(ServiceBusSenderClient.java:266)
cnt-9_1   | 	at org.example.Main.lambda$schedulePublishing$3(Main.java:84)
cnt-9_1   | 	at java.base/java.util.concurrent.Executors$RunnableAdapter.call(Executors.java:539)
cnt-9_1   | 	at java.base/java.util.concurrent.FutureTask.runAndReset(FutureTask.java:305)
cnt-9_1   | 	at java.base/java.util.concurrent.ScheduledThreadPoolExecutor$ScheduledFutureTask.run(ScheduledThreadPoolExecutor.java:305)
cnt-9_1   | 	at java.base/java.util.concurrent.ThreadPoolExecutor.runWorker(ThreadPoolExecutor.java:1136)
cnt-9_1   | 	at java.base/java.util.concurrent.ThreadPoolExecutor$Worker.run(ThreadPoolExecutor.java:635)
cnt-9_1   | 	at java.base/java.lang.Thread.run(Thread.java:840)
cnt-5_1   | [pool-6-thread-1] ERROR org.example.Main - Failed to send message
cnt-5_1   | java.lang.IllegalStateException: Timeout on blocking read for 17400000000 NANOSECONDS
cnt-5_1   | 	at reactor.core.publisher.BlockingSingleSubscriber.blockingGet(BlockingSingleSubscriber.java:124)
cnt-5_1   | 	at reactor.core.publisher.Mono.block(Mono.java:1766)
cnt-5_1   | 	at com.azure.messaging.servicebus.ServiceBusSenderClient.sendMessage(ServiceBusSenderClient.java:266)
cnt-5_1   | 	at org.example.Main.lambda$schedulePublishing$3(Main.java:84)
cnt-5_1   | 	at java.base/java.util.concurrent.Executors$RunnableAdapter.call(Executors.java:539)
cnt-5_1   | 	at java.base/java.util.concurrent.FutureTask.runAndReset(FutureTask.java:305)
cnt-5_1   | 	at java.base/java.util.concurrent.ScheduledThreadPoolExecutor$ScheduledFutureTask.run(ScheduledThreadPoolExecutor.java:305)
cnt-5_1   | 	at java.base/java.util.concurrent.ThreadPoolExecutor.runWorker(ThreadPoolExecutor.java:1136)
cnt-5_1   | 	at java.base/java.util.concurrent.ThreadPoolExecutor$Worker.run(ThreadPoolExecutor.java:635)
cnt-5_1   | 	at java.base/java.lang.Thread.run(Thread.java:840)
cnt-1_1   | Sending message at 2024-10-14T14:57:27.058773537. c74cdd7e-34ff-4c4e-a1cc-2ac27d97fe25
cnt-1_1   | 2024-10-14T14:57:27.329188292 | Message sent in 7213ms. 73fc517a-24b0-4778-9652-88628f35d88d
cnt-9_1   | 2024-10-14T14:57:27.581874968 | Message sent in 451ms. fb1bee57-7cfd-43e1-b6b5-31a619ea6108
cnt-3_1   | Sending message at 2024-10-14T14:57:27.887617367. 32524890-6848-4823-9194-fab33ef11597
cnt-10_1  | Sending message at 2024-10-14T14:57:28.005085919. 6030b4ad-e02c-475e-bb2f-af014c1c5250
cnt-1_1   | Sending message at 2024-10-14T14:57:28.329496470. 73fc517a-24b0-4778-9652-88628f35d88d
cnt-2_1   | Sending message at 2024-10-14T14:57:28.776124765. b7bfd364-7eb2-49b3-a51d-f6f0c355a768
cnt-4_1   | Sending message at 2024-10-14T14:57:29.370840953. ffa57ce2-061a-4676-8df5-11168e96aea3
cnt-1_1   | Sending message at 2024-10-14T14:57:29.775607565. 73fc517a-24b0-4778-9652-88628f35d88d
cnt-7_1   | Sending message at 2024-10-14T14:57:29.788912312. 35861776-be0d-460e-aa83-e83845496011
cnt-6_1   | [pool-6-thread-1] ERROR org.example.Main - Failed to send message
cnt-6_1   | java.lang.IllegalStateException: Timeout on blocking read for 17400000000 NANOSECONDS
cnt-6_1   | 	at reactor.core.publisher.BlockingSingleSubscriber.blockingGet(BlockingSingleSubscriber.java:124)
cnt-6_1   | 	at reactor.core.publisher.Mono.block(Mono.java:1766)
cnt-6_1   | 	at com.azure.messaging.servicebus.ServiceBusSenderClient.sendMessage(ServiceBusSenderClient.java:266)
cnt-6_1   | 	at org.example.Main.lambda$schedulePublishing$3(Main.java:84)
cnt-6_1   | 	at java.base/java.util.concurrent.Executors$RunnableAdapter.call(Executors.java:539)
cnt-6_1   | 	at java.base/java.util.concurrent.FutureTask.runAndReset(FutureTask.java:305)
cnt-6_1   | 	at java.base/java.util.concurrent.ScheduledThreadPoolExecutor$ScheduledFutureTask.run(ScheduledThreadPoolExecutor.java:305)
cnt-6_1   | 	at java.base/java.util.concurrent.ThreadPoolExecutor.runWorker(ThreadPoolExecutor.java:1136)
cnt-6_1   | 	at java.base/java.util.concurrent.ThreadPoolExecutor$Worker.run(ThreadPoolExecutor.java:635)
cnt-6_1   | 	at java.base/java.lang.Thread.run(Thread.java:840)
cnt-3_1   | 2024-10-14T14:57:39.973086983 | Message sent in 462ms. 2cac95d2-366b-4d26-9580-ac850906b54e
cnt-10_1  | 2024-10-14T14:57:40.113113832 | Message sent in 444ms. 81620b1f-c8bd-421f-8c8e-f13438eadbf2
cnt-3_1   | Sending message at 2024-10-14T14:57:40.958638167. 106444fa-8497-4c01-9cb4-0549083f28a5
cnt-3_1   | Sending message at 2024-10-14T14:57:41.113676743. d6a7dc10-a388-4583-9a98-750d49400516
cnt-8_1   | Sending message at 2024-10-14T14:57:41.223697185. 9c759098-97e2-42eb-a931-bc4726d3a0bb
cnt-5_1   | [pool-6-thread-1] ERROR org.example.Main - Failed to send message
cnt-5_1   | java.lang.IllegalStateException: Timeout on blocking read for 17400000000 NANOSECONDS
cnt-5_1   | 	at reactor.core.publisher.BlockingSingleSubscriber.blockingGet(BlockingSingleSubscriber.java:124)
cnt-5_1   | 	at reactor.core.publisher.Mono.block(Mono.java:1766)
cnt-5_1   | 	at com.azure.messaging.servicebus.ServiceBusSenderClient.sendMessage(ServiceBusSenderClient.java:266)
cnt-5_1   | 	at org.example.Main.lambda$schedulePublishing$3(Main.java:84)
cnt-5_1   | 	at java.base/java.util.concurrent.Executors$RunnableAdapter.call(Executors.java:539)
cnt-5_1   | 	at java.base/java.util.concurrent.FutureTask.runAndReset(FutureTask.java:305)
cnt-5_1   | 	at java.base/java.util.concurrent.ScheduledThreadPoolExecutor$ScheduledFutureTask.run(ScheduledThreadPoolExecutor.java:305)
cnt-5_1   | 	at java.base/java.util.concurrent.ThreadPoolExecutor.runWorker(ThreadPoolExecutor.java:1136)
cnt-5_1   | 	at java.base/java.util.concurrent.ThreadPoolExecutor$Worker.run(ThreadPoolExecutor.java:635)
cnt-5_1   | 	at java.base/java.lang.Thread.run(Thread.java:840)
cnt-9_1   | [pool-5-thread-1] ERROR org.example.Main - Failed to send message
cnt-9_1   | java.lang.IllegalStateException: Timeout on blocking read for 17400000000 NANOSECONDS
cnt-9_1   | 	at reactor.core.publisher.BlockingSingleSubscriber.blockingGet(BlockingSingleSubscriber.java:124)
cnt-9_1   | 	at reactor.core.publisher.Mono.block(Mono.java:1766)
cnt-9_1   | 	at com.azure.messaging.servicebus.ServiceBusSenderClient.sendMessage(ServiceBusSenderClient.java:266)
cnt-9_1   | 	at org.example.Main.lambda$schedulePublishing$3(Main.java:84)
cnt-9_1   | 	at java.base/java.util.concurrent.Executors$RunnableAdapter.call(Executors.java:539)
cnt-9_1   | 	at java.base/java.util.concurrent.FutureTask.runAndReset(FutureTask.java:305)
cnt-9_1   | 	at java.base/java.util.concurrent.ScheduledThreadPoolExecutor$ScheduledFutureTask.run(ScheduledThreadPoolExecutor.java:305)
cnt-9_1   | 	at java.base/java.util.concurrent.ThreadPoolExecutor.runWorker(ThreadPoolExecutor.java:1136)
cnt-9_1   | 	at java.base/java.util.concurrent.ThreadPoolExecutor$Worker.run(ThreadPoolExecutor.java:635)
cnt-9_1   | 	at java.base/java.lang.Thread.run(Thread.java:840)
cnt-4_1   | [pool-6-thread-1] ERROR org.example.Main - Failed to send message
cnt-4_1   | java.lang.IllegalStateException: Timeout on blocking read for 17400000000 NANOSECONDS
cnt-4_1   | 	at reactor.core.publisher.BlockingSingleSubscriber.blockingGet(BlockingSingleSubscriber.java:124)
cnt-4_1   | 	at reactor.core.publisher.Mono.block(Mono.java:1766)
cnt-4_1   | 	at com.azure.messaging.servicebus.ServiceBusSenderClient.sendMessage(ServiceBusSenderClient.java:266)
cnt-4_1   | 	at org.example.Main.lambda$schedulePublishing$3(Main.java:84)
cnt-4_1   | 	at java.base/java.util.concurrent.Executors$RunnableAdapter.call(Executors.java:539)
cnt-4_1   | 	at java.base/java.util.concurrent.FutureTask.runAndReset(FutureTask.java:305)
cnt-4_1   | 	at java.base/java.util.concurrent.ScheduledThreadPoolExecutor$ScheduledFutureTask.run(ScheduledThreadPoolExecutor.java:305)
cnt-4_1   | 	at java.base/java.util.concurrent.ThreadPoolExecutor.runWorker(ThreadPoolExecutor.java:1136)
cnt-4_1   | 	at java.base/java.util.concurrent.ThreadPoolExecutor$Worker.run(ThreadPoolExecutor.java:635)
cnt-4_1   | 	at java.base/java.lang.Thread.run(Thread.java:840)
cnt-6_1   | [pool-7-thread-1] ERROR org.example.Main - Failed to send message
cnt-6_1   | java.lang.IllegalStateException: Timeout on blocking read for 17400000000 NANOSECONDS
cnt-6_1   | 	at reactor.core.publisher.BlockingSingleSubscriber.blockingGet(BlockingSingleSubscriber.java:124)
cnt-6_1   | 	at reactor.core.publisher.Mono.block(Mono.java:1766)
cnt-6_1   | 	at com.azure.messaging.servicebus.ServiceBusSenderClient.sendMessage(ServiceBusSenderClient.java:266)
cnt-6_1   | 	at org.example.Main.lambda$schedulePublishing$3(Main.java:84)
cnt-6_1   | 	at java.base/java.util.concurrent.Executors$RunnableAdapter.call(Executors.java:539)
cnt-6_1   | 	at java.base/java.util.concurrent.FutureTask.runAndReset(FutureTask.java:305)
cnt-6_1   | 	at java.base/java.util.concurrent.ScheduledThreadPoolExecutor$ScheduledFutureTask.run(ScheduledThreadPoolExecutor.java:305)
cnt-6_1   | 	at java.base/java.util.concurrent.ThreadPoolExecutor.runWorker(ThreadPoolExecutor.java:1136)
cnt-6_1   | 	at java.base/java.util.concurrent.ThreadPoolExecutor$Worker.run(ThreadPoolExecutor.java:635)
cnt-6_1   | 	at java.base/java.lang.Thread.run(Thread.java:840)
cnt-8_1   | [pool-8-thread-1] ERROR org.example.Main - Failed to send message
cnt-8_1   | java.lang.IllegalStateException: Timeout on blocking read for 17400000000 NANOSECONDS
cnt-8_1   | 	at reactor.core.publisher.BlockingSingleSubscriber.blockingGet(BlockingSingleSubscriber.java:124)
cnt-8_1   | 	at reactor.core.publisher.Mono.block(Mono.java:1766)
cnt-8_1   | 	at com.azure.messaging.servicebus.ServiceBusSenderClient.sendMessage(ServiceBusSenderClient.java:266)
cnt-8_1   | 	at org.example.Main.lambda$schedulePublishing$3(Main.java:84)
cnt-8_1   | 	at java.base/java.util.concurrent.Executors$RunnableAdapter.call(Executors.java:539)
cnt-8_1   | 	at java.base/java.util.concurrent.FutureTask.runAndReset(FutureTask.java:305)
cnt-8_1   | 	at java.base/java.util.concurrent.ScheduledThreadPoolExecutor$ScheduledFutureTask.run(ScheduledThreadPoolExecutor.java:305)
cnt-8_1   | 	at java.base/java.util.concurrent.ThreadPoolExecutor.runWorker(ThreadPoolExecutor.java:1136)
cnt-8_1   | 	at java.base/java.util.concurrent.ThreadPoolExecutor$Worker.run(ThreadPoolExecutor.java:635)
cnt-8_1   | 	at java.base/java.lang.Thread.run(Thread.java:840)
cnt-5_1   | [pool-4-thread-1] ERROR org.example.Main - Failed to send message
cnt-5_1   | java.lang.IllegalStateException: Timeout on blocking read for 17400000000 NANOSECONDS
cnt-5_1   | 	at reactor.core.publisher.BlockingSingleSubscriber.blockingGet(BlockingSingleSubscriber.java:124)
cnt-5_1   | 	at reactor.core.publisher.Mono.block(Mono.java:1766)
cnt-5_1   | 	at com.azure.messaging.servicebus.ServiceBusSenderClient.sendMessage(ServiceBusSenderClient.java:266)
cnt-5_1   | 	at org.example.Main.lambda$schedulePublishing$3(Main.java:84)
cnt-5_1   | 	at java.base/java.util.concurrent.Executors$RunnableAdapter.call(Executors.java:539)
cnt-5_1   | 	at java.base/java.util.concurrent.FutureTask.runAndReset(FutureTask.java:305)
cnt-5_1   | 	at java.base/java.util.concurrent.ScheduledThreadPoolExecutor$ScheduledFutureTask.run(ScheduledThreadPoolExecutor.java:305)
cnt-5_1   | 	at java.base/java.util.concurrent.ThreadPoolExecutor.runWorker(ThreadPoolExecutor.java:1136)
cnt-5_1   | 	at java.base/java.util.concurrent.ThreadPoolExecutor$Worker.run(ThreadPoolExecutor.java:635)
cnt-5_1   | 	at java.base/java.lang.Thread.run(Thread.java:840)
cnt-10_1  | [pool-6-thread-1] ERROR org.example.Main - Failed to send message
