cnt-5_1   | 2024-10-15T06:40:47.514959847 | Message sent in 784ms. 464af824-c70b-4349-84ee-25f771a563f2
cnt-6_1   | Sending message at 2024-10-15T06:40:49.199342346. 3b51fc85-b7f5-4186-8a9a-307ee80e1790
cnt-6_1   | 2024-10-15T06:40:50.247588560 | Message sent in 505ms. 7dd3e95b-f79e-47e5-a4b5-72d35a5bbbb7
cnt-2_1   | 2024-10-15T06:40:50.435226071 | Message sent in 481ms. 9c1fc8c5-6bb3-462d-bf1a-44d143e9e660
cnt-7_1   | Sending message at 2024-10-15T06:40:50.949630884. b16e2d96-2023-46df-87f6-a67861afc0b0
cnt-6_1   | Sending message at 2024-10-15T06:40:51.247767066. 7dd3e95b-f79e-47e5-a4b5-72d35a5bbbb7
cnt-7_1   | Scheduled exit. Godbyeeeeeeeeeeeeeee...
cnt-8_1   | Sending message at 2024-10-15T06:40:51.743416625. 0f793ab4-e99b-4c85-a0ef-dc7304df925b
cnt-9_1   | 2024-10-15T06:40:51.809701697 | Message sent in 776ms. 57fa5011-1664-4d1a-a3d3-1796511d9982
cnt-1_1   | Sending message at 2024-10-15T06:40:51.846380197. 6a1911f5-a6c9-4859-920b-22c704758534
cnt-1_1   | 2024-10-15T06:40:51.924112770 | Message sent in 761ms. 42ba19e9-d09e-4114-be9f-e13cf994e448
asb-debug_cnt-7_1 exited with code 69
cnt-5_1   | 2024-10-15T06:40:52.023083618 | Message sent in 834ms. 162b8641-554d-4c3a-9984-48d7bfd1b5cc
cnt-1_1   | 2024-10-15T06:40:52.028199338 | Message sent in 839ms. 32bad952-bd30-4396-8b15-82064d0f34b2
cnt-7_1   | Starting the application. Logging messages with probability 0.05...
cnt-1_1   | Sending message at 2024-10-15T06:40:53.217837200. c718bf30-86d0-4212-8a7a-08e286eaebd6
cnt-2_1   | 2024-10-15T06:40:53.367810868 | Message sent in 801ms. 36d59c45-1f63-4256-9fe9-ab4376d0b250
cnt-9_1   | Sending message at 2024-10-15T06:40:53.627862210. 680f3541-2577-4c92-9a2f-91f675066d75
cnt-1_1   | Sending message at 2024-10-15T06:40:53.660058106. 6a1911f5-a6c9-4859-920b-22c704758534
cnt-6_1   | Sending message at 2024-10-15T06:40:54.069950967. ece849e9-fda7-44e9-a087-61361bd8dafc
cnt-5_1   | 2024-10-15T06:40:54.175366523 | Message sent in 1205ms. 227a321f-48f9-4cc9-8394-71d754639206
cnt-5_1   | Sending message at 2024-10-15T06:40:54.703709490. 162b8641-554d-4c3a-9984-48d7bfd1b5cc
cnt-7_1   | 2024-10-15T06:40:54.852581452 | Message sent in 2200ms. d8cbd3e7-098c-4aee-9479-d3b6366df8bd
cnt-3_1   | 2024-10-15T06:40:54.891503318 | Message sent in 984ms. 0fa59b87-54a9-4dc5-8e6c-54ddebe3f6ac
cnt-5_1   | 2024-10-15T06:40:55.078214356 | Message sent in 498ms. 4e4b51f5-0c36-49b0-b247-9d84b6023823
cnt-4_1   | Sending message at 2024-10-15T06:40:55.083688419. 5f2ce5ca-10ed-4462-a999-30e768b4f864
cnt-6_1   | Sending message at 2024-10-15T06:40:55.847047436. 3b51fc85-b7f5-4186-8a9a-307ee80e1790
cnt-3_1   | Sending message at 2024-10-15T06:40:56.153436790. 94938f14-bf09-4528-b5bb-f7b7a1f64a2c
cnt-8_1   | 2024-10-15T06:40:56.256480193 | Message sent in 829ms. 0f793ab4-e99b-4c85-a0ef-dc7304df925b
cnt-2_1   | Sending message at 2024-10-15T06:40:56.387743471. 9c1fc8c5-6bb3-462d-bf1a-44d143e9e660
cnt-4_1   | 2024-10-15T06:40:56.502329940 | Message sent in 646ms. cff3c900-e1ba-4519-871d-908b2fc640f0
cnt-5_1   | 2024-10-15T06:40:56.504260531 | Message sent in 637ms. a7464ab6-4d48-4f24-a517-bc2f1ab56238
cnt-6_1   | Sending message at 2024-10-15T06:40:57.153757153. c5386b9a-0f02-4722-97bb-753b679c6678
cnt-6_1   | 2024-10-15T06:40:58.003818383 | Message sent in 850ms. c5386b9a-0f02-4722-97bb-753b679c6678
cnt-10_1  | 2024-10-15T06:40:58.295878459 | Message sent in 791ms. fe0dd337-5745-442b-9e2e-b04a59b3d947
cnt-2_1   | Sending message at 2024-10-15T06:40:58.478940104. 9c1fc8c5-6bb3-462d-bf1a-44d143e9e660
cnt-3_1   | 2024-10-15T06:40:59.526927752 | Message sent in 523ms. b073ffab-08d8-4c55-88d4-8fbeec61d108
cnt-8_1   | 2024-10-15T06:40:59.530667078 | Message sent in 532ms. b530b98f-10fa-47e7-8538-19ef47519993
cnt-9_1   | Sending message at 2024-10-15T06:41:00.848149445. 57fa5011-1664-4d1a-a3d3-1796511d9982
cnt-6_1   | 2024-10-15T06:41:00.931085090 | Message sent in 396ms. 81def984-0eec-4d07-8f6c-279261702c82
cnt-8_1   | Sending message at 2024-10-15T06:41:01.910744044. b530b98f-10fa-47e7-8538-19ef47519993
cnt-3_1   | Sending message at 2024-10-15T06:41:01.931141985. b073ffab-08d8-4c55-88d4-8fbeec61d108
cnt-4_1   | Sending message at 2024-10-15T06:41:02.794393650. cff3c900-e1ba-4519-871d-908b2fc640f0
cnt-1_1   | 2024-10-15T06:41:07.455979183 | Message sent in 470ms. 6a3be6ad-1674-4c22-9c75-02dabef368c0
cnt-8_1   | 2024-10-15T06:41:08.985437713 | Message sent in 6987ms. 40ca09f7-0e4f-4860-bb8d-6adbfdfa7460
cnt-3_1   | 2024-10-15T06:41:09.312040395 | Message sent in 7381ms. b073ffab-08d8-4c55-88d4-8fbeec61d108
cnt-8_1   | 2024-10-15T06:41:10.489216236 | Message sent in 504ms. 40ca09f7-0e4f-4860-bb8d-6adbfdfa7460
cnt-6_1   | Sending message at 2024-10-15T06:41:10.586992664. 81def984-0eec-4d07-8f6c-279261702c82
cnt-2_1   | 2024-10-15T06:41:10.931860841 | Message sent in 504ms. 2ff3f74b-d4f1-48bb-ad9f-b98f6ffc2955
cnt-10_1  | Sending message at 2024-10-15T06:41:11.017651581. c5d1d47b-ce7e-4143-837c-47ad613548d8
cnt-10_1  | 2024-10-15T06:41:11.155563107 | Message sent in 508ms. fe0dd337-5745-442b-9e2e-b04a59b3d947
cnt-4_1   | 2024-10-15T06:41:11.440613307 | Message sent in 642ms. 24671791-2030-4da3-a393-750c7ebb07a6
cnt-3_1   | Sending message at 2024-10-15T06:41:11.791076129. b073ffab-08d8-4c55-88d4-8fbeec61d108
cnt-10_1  | Sending message at 2024-10-15T06:41:11.929087076. 18a54b42-9a8d-45ed-8997-1c3b5aa60448
cnt-7_1   | 2024-10-15T06:41:12.921882403 | Message sent in 481ms. d8cbd3e7-098c-4aee-9479-d3b6366df8bd
cnt-7_1   | Sending message at 2024-10-15T06:41:13.922130237. d8cbd3e7-098c-4aee-9479-d3b6366df8bd
cnt-2_1   | 2024-10-15T06:41:15.841095467 | Message sent in 482ms. 044c5c09-76d4-42b2-a98b-695bad9106ce
cnt-8_1   | 2024-10-15T06:41:18.643584962 | Message sent in 7061ms. 0f793ab4-e99b-4c85-a0ef-dc7304df925b
cnt-5_1   | Sending message at 2024-10-15T06:41:19.203925346. 162b8641-554d-4c3a-9984-48d7bfd1b5cc
cnt-1_1   | 2024-10-15T06:41:19.286985672 | Message sent in 7191ms. 6a1911f5-a6c9-4859-920b-22c704758534
cnt-3_1   | Sending message at 2024-10-15T06:41:19.825990398. 94938f14-bf09-4528-b5bb-f7b7a1f64a2c
cnt-10_1  | 2024-10-15T06:41:20.743330180 | Message sent in 528ms. fe0dd337-5745-442b-9e2e-b04a59b3d947
cnt-8_1   | Sending message at 2024-10-15T06:41:21.161310557. aadced35-5d88-4784-9a36-6adf39be67a0
cnt-3_1   | Sending message at 2024-10-15T06:41:21.333849469. 185ffe90-9881-4541-8883-8247d1d11b2b
cnt-6_1   | Sending message at 2024-10-15T06:41:21.334013079. 7dd3e95b-f79e-47e5-a4b5-72d35a5bbbb7
cnt-5_1   | 2024-10-15T06:41:27.969020801 | Message sent in 7155ms. 162b8641-554d-4c3a-9984-48d7bfd1b5cc
cnt-10_1  | 2024-10-15T06:41:27.983322 | Message sent in 7180ms. c5d1d47b-ce7e-4143-837c-47ad613548d8
cnt-8_1   | 2024-10-15T06:41:28.500807445 | Message sent in 7248ms. 40ca09f7-0e4f-4860-bb8d-6adbfdfa7460
cnt-5_1   | 2024-10-15T06:41:28.718453865 | Message sent in 7390ms. 464af824-c70b-4349-84ee-25f771a563f2
cnt-7_1   | 2024-10-15T06:41:28.774807963 | Message sent in 491ms. 006a4824-c45f-41c2-9a0d-2e805162188c
cnt-6_1   | Sending message at 2024-10-15T06:41:29.612606433. ece849e9-fda7-44e9-a087-61361bd8dafc
cnt-4_1   | 2024-10-15T06:41:29.787533323 | Message sent in 477ms. 5f2ce5ca-10ed-4462-a999-30e768b4f864
cnt-3_1   | 2024-10-15T06:41:30.015134952 | Message sent in 478ms. 185ffe90-9881-4541-8883-8247d1d11b2b
cnt-1_1   | 2024-10-15T06:41:30.075045318 | Message sent in 512ms. 32bad952-bd30-4396-8b15-82064d0f34b2
cnt-8_1   | 2024-10-15T06:41:30.128186766 | Message sent in 471ms. 0f793ab4-e99b-4c85-a0ef-dc7304df925b
cnt-5_1   | Sending message at 2024-10-15T06:41:30.136661895. a7464ab6-4d48-4f24-a517-bc2f1ab56238
cnt-8_1   | Sending message at 2024-10-15T06:41:30.182779157. d90e7696-2c9a-4c46-9db5-aa11cec64ee4
cnt-4_1   | 2024-10-15T06:41:30.575478634 | Message sent in 476ms. cff3c900-e1ba-4519-871d-908b2fc640f0
cnt-5_1   | 2024-10-15T06:41:30.603071319 | Message sent in 467ms. a7464ab6-4d48-4f24-a517-bc2f1ab56238
cnt-8_1   | Sending message at 2024-10-15T06:41:30.660477039. aadced35-5d88-4784-9a36-6adf39be67a0
cnt-3_1   | 2024-10-15T06:41:30.780892567 | Message sent in 489ms. 277886ae-e0a8-46bc-8440-9b35a9ec0be3
cnt-6_1   | Sending message at 2024-10-15T06:41:31.105210436. 3b51fc85-b7f5-4186-8a9a-307ee80e1790
cnt-1_1   | Sending message at 2024-10-15T06:41:31.260936032. c718bf30-86d0-4212-8a7a-08e286eaebd6
cnt-8_1   | 2024-10-15T06:41:31.606129777 | Message sent in 478ms. 0f793ab4-e99b-4c85-a0ef-dc7304df925b
cnt-8_1   | 2024-10-15T06:41:32.609661565 | Message sent in 478ms. aadced35-5d88-4784-9a36-6adf39be67a0
cnt-5_1   | Sending message at 2024-10-15T06:41:32.677721462. 464af824-c70b-4349-84ee-25f771a563f2
cnt-2_1   | Sending message at 2024-10-15T06:41:32.838329040. 044c5c09-76d4-42b2-a98b-695bad9106ce
cnt-4_1   | Sending message at 2024-10-15T06:41:32.944639165. 24671791-2030-4da3-a393-750c7ebb07a6
cnt-7_1   | 2024-10-15T06:41:33.176339287 | Message sent in 505ms. 07520d54-90e0-438a-87cc-78d4a981b4c0
cnt-2_1   | 2024-10-15T06:41:33.403260226 | Message sent in 565ms. 044c5c09-76d4-42b2-a98b-695bad9106ce
cnt-4_1   | 2024-10-15T06:41:33.598407241 | Message sent in 522ms. cff3c900-e1ba-4519-871d-908b2fc640f0
cnt-3_1   | Sending message at 2024-10-15T06:41:34.161259067. 94938f14-bf09-4528-b5bb-f7b7a1f64a2c
cnt-7_1   | Sending message at 2024-10-15T06:41:34.403770142. d8cbd3e7-098c-4aee-9479-d3b6366df8bd
cnt-5_1   | 2024-10-15T06:41:34.849308433 | Message sent in 680ms. 464af824-c70b-4349-84ee-25f771a563f2
cnt-6_1   | 2024-10-15T06:41:34.919522686 | Message sent in 889ms. ece849e9-fda7-44e9-a087-61361bd8dafc
cnt-10_1  | 2024-10-15T06:41:35.031296033 | Message sent in 475ms. fe0dd337-5745-442b-9e2e-b04a59b3d947
cnt-2_1   | Sending message at 2024-10-15T06:41:35.109236630. 9c1fc8c5-6bb3-462d-bf1a-44d143e9e660
cnt-5_1   | 2024-10-15T06:41:35.424878058 | Message sent in 487ms. 162b8641-554d-4c3a-9984-48d7bfd1b5cc
cnt-6_1   | Sending message at 2024-10-15T06:41:35.919696996. ece849e9-fda7-44e9-a087-61361bd8dafc
cnt-7_1   | Sending message at 2024-10-15T06:41:35.958669341. d8cbd3e7-098c-4aee-9479-d3b6366df8bd
cnt-4_1   | 2024-10-15T06:41:37.051022224 | Message sent in 1078ms. 900174c0-f61d-4df9-abbe-465d15707385
cnt-3_1   | Sending message at 2024-10-15T06:41:38.046300270. 277886ae-e0a8-46bc-8440-9b35a9ec0be3
cnt-9_1   | Sending message at 2024-10-15T06:41:38.122445056. d9f64bf0-46e1-4b3a-82df-cd853eb18a37
cnt-1_1   | 2024-10-15T06:41:38.752069287 | Message sent in 712ms. c718bf30-86d0-4212-8a7a-08e286eaebd6
cnt-8_1   | Sending message at 2024-10-15T06:41:39.752206228. 0f793ab4-e99b-4c85-a0ef-dc7304df925b
cnt-10_1  | Sending message at 2024-10-15T06:41:40.272703184. fe0dd337-5745-442b-9e2e-b04a59b3d947
cnt-3_1   | Sending message at 2024-10-15T06:41:40.296097994. b073ffab-08d8-4c55-88d4-8fbeec61d108
cnt-1_1   | 2024-10-15T06:41:40.880283558 | Message sent in 723ms. 6a1911f5-a6c9-4859-920b-22c704758534
cnt-3_1   | 2024-10-15T06:41:40.891685889 | Message sent in 595ms. b073ffab-08d8-4c55-88d4-8fbeec61d108
cnt-8_1   | 2024-10-15T06:41:40.897566619 | Message sent in 625ms. 40ca09f7-0e4f-4860-bb8d-6adbfdfa7460
cnt-8_1   | Sending message at 2024-10-15T06:41:41.472252188. 0f793ab4-e99b-4c85-a0ef-dc7304df925b
cnt-1_1   | 2024-10-15T06:41:41.738220323 | Message sent in 492ms. c718bf30-86d0-4212-8a7a-08e286eaebd6
cnt-9_1   | 2024-10-15T06:41:41.839252251 | Message sent in 367ms. f0bbf988-18ed-4c92-b33b-7831053b3514
cnt-2_1   | 2024-10-15T06:41:42.219782748 | Message sent in 478ms. 044c5c09-76d4-42b2-a98b-695bad9106ce
cnt-9_1   | Sending message at 2024-10-15T06:41:42.290746409. d9f64bf0-46e1-4b3a-82df-cd853eb18a37
cnt-6_1   | 2024-10-15T06:41:42.397550757 | Message sent in 506ms. c5386b9a-0f02-4722-97bb-753b679c6678
cnt-9_1   | Sending message at 2024-10-15T06:41:42.839452859. f0bbf988-18ed-4c92-b33b-7831053b3514
cnt-2_1   | 2024-10-15T06:41:43.714789224 | Message sent in 7200ms. 36d59c45-1f63-4256-9fe9-ab4376d0b250
cnt-10_1  | 2024-10-15T06:41:43.784550108 | Message sent in 7170ms. 8dadc108-7a15-4cba-9280-70719945850e
cnt-8_1   | Sending message at 2024-10-15T06:41:44.311158161. d90e7696-2c9a-4c46-9db5-aa11cec64ee4
cnt-7_1   | 2024-10-15T06:41:51.351019728 | Message sent in 6961ms. b0d5f34b-4de0-4b56-9971-3286053cf467
cnt-2_1   | 2024-10-15T06:41:51.645599975 | Message sent in 7111ms. 9c1fc8c5-6bb3-462d-bf1a-44d143e9e660
cnt-9_1   | Sending message at 2024-10-15T06:41:51.710727270. d9f64bf0-46e1-4b3a-82df-cd853eb18a37
cnt-9_1   | 2024-10-15T06:41:52.183810742 | Message sent in 473ms. d9f64bf0-46e1-4b3a-82df-cd853eb18a37
cnt-6_1   | 2024-10-15T06:41:52.184507484 | Message sent in 7251ms. 7dd3e95b-f79e-47e5-a4b5-72d35a5bbbb7
cnt-10_1  | Sending message at 2024-10-15T06:41:52.348329486. c5d1d47b-ce7e-4143-837c-47ad613548d8
cnt-7_1   | Scheduled exit. Godbyeeeeeeeeeeeeeee...
cnt-1_1   | Sending message at 2024-10-15T06:41:52.851460579. 42ba19e9-d09e-4114-be9f-e13cf994e448
cnt-9_1   | 2024-10-15T06:41:52.999660198 | Message sent in 499ms. 680f3541-2577-4c92-9a2f-91f675066d75
asb-debug_cnt-7_1 exited with code 69
cnt-7_1   | Starting the application. Logging messages with probability 0.05...
cnt-8_1   | [pool-4-thread-1] ERROR org.example.Main - Failed to send message
cnt-8_1   | java.lang.IllegalStateException: Timeout on blocking read for 17400000000 NANOSECONDS
cnt-8_1   | 	at reactor.core.publisher.BlockingSingleSubscriber.blockingGet(BlockingSingleSubscriber.java:124)
cnt-8_1   | 	at reactor.core.publisher.Mono.block(Mono.java:1766)
cnt-8_1   | 	at com.azure.messaging.servicebus.ServiceBusSenderClient.sendMessage(ServiceBusSenderClient.java:266)
cnt-8_1   | 	at org.example.Main.lambda$schedulePublishing$3(Main.java:84)
cnt-8_1   | 	at java.base/java.util.concurrent.Executors$RunnableAdapter.call(Executors.java:539)
cnt-8_1   | 	at java.base/java.util.concurrent.FutureTask.runAndReset(FutureTask.java:305)
cnt-8_1   | 	at java.base/java.util.concurrent.ScheduledThreadPoolExecutor$ScheduledFutureTask.run(ScheduledThreadPoolExecutor.java:305)
cnt-8_1   | 	at java.base/java.util.concurrent.ThreadPoolExecutor.runWorker(ThreadPoolExecutor.java:1136)
cnt-8_1   | 	at java.base/java.util.concurrent.ThreadPoolExecutor$Worker.run(ThreadPoolExecutor.java:635)
cnt-8_1   | 	at java.base/java.lang.Thread.run(Thread.java:840)
cnt-9_1   | Sending message at 2024-10-15T06:41:54.715648326. d9f64bf0-46e1-4b3a-82df-cd853eb18a37
cnt-9_1   | Sending message at 2024-10-15T06:41:55.492937256. 680f3541-2577-4c92-9a2f-91f675066d75
cnt-6_1   | Sending message at 2024-10-15T06:41:56.307602537. 7dd3e95b-f79e-47e5-a4b5-72d35a5bbbb7
cnt-9_1   | Sending message at 2024-10-15T06:41:56.367731421. 0e60227a-a2a6-4143-97f8-74cdc3a0ba01
cnt-8_1   | Sending message at 2024-10-15T06:41:57.065462617. d90e7696-2c9a-4c46-9db5-aa11cec64ee4
cnt-9_1   | 2024-10-15T06:42:03.064610188 | Message sent in 7571ms. 680f3541-2577-4c92-9a2f-91f675066d75
cnt-1_1   | 2024-10-15T06:42:03.101737724 | Message sent in 7383ms. 6a3be6ad-1674-4c22-9c75-02dabef368c0
cnt-9_1   | Sending message at 2024-10-15T06:42:03.402018879. f0bbf988-18ed-4c92-b33b-7831053b3514
cnt-10_1  | 2024-10-15T06:42:03.409247979 | Message sent in 7541ms. fe0dd337-5745-442b-9e2e-b04a59b3d947
cnt-4_1   | 2024-10-15T06:42:03.412624385 | Message sent in 7223ms. 900174c0-f61d-4df9-abbe-465d15707385
cnt-10_1  | 2024-10-15T06:42:03.783989967 | Message sent in 6913ms. c5d1d47b-ce7e-4143-837c-47ad613548d8
cnt-1_1   | Sending message at 2024-10-15T06:42:04.162945889. 32bad952-bd30-4396-8b15-82064d0f34b2
cnt-2_1   | Sending message at 2024-10-15T06:42:04.434849834. 36d59c45-1f63-4256-9fe9-ab4376d0b250
cnt-4_1   | 2024-10-15T06:42:04.661714880 | Message sent in 470ms. 5f2ce5ca-10ed-4462-a999-30e768b4f864
cnt-1_1   | Sending message at 2024-10-15T06:42:05.668316908. 32bad952-bd30-4396-8b15-82064d0f34b2
cnt-1_1   | 2024-10-15T06:42:06.460771932 | Message sent in 488ms. 6a1911f5-a6c9-4859-920b-22c704758534
cnt-10_1  | Sending message at 2024-10-15T06:42:06.483103318. 18a54b42-9a8d-45ed-8997-1c3b5aa60448
cnt-1_1   | Sending message at 2024-10-15T06:42:07.164206503. 32bad952-bd30-4396-8b15-82064d0f34b2
cnt-9_1   | Sending message at 2024-10-15T06:42:07.347102068. 57fa5011-1664-4d1a-a3d3-1796511d9982
cnt-2_1   | 2024-10-15T06:42:07.369179472 | Message sent in 473ms. 9c1fc8c5-6bb3-462d-bf1a-44d143e9e660
cnt-7_1   | 2024-10-15T06:42:07.393428521 | Message sent in 494ms. 0de21c9d-2005-4be5-af02-6fe84dc951bc
cnt-2_1   | 2024-10-15T06:42:07.576744478 | Message sent in 508ms. 2ff3f74b-d4f1-48bb-ad9f-b98f6ffc2955
cnt-2_1   | Sending message at 2024-10-15T06:42:07.581816595. 9e35095b-6675-42b5-99b1-f1f98751e14c
cnt-3_1   | 2024-10-15T06:42:07.968780710 | Message sent in 656ms. b073ffab-08d8-4c55-88d4-8fbeec61d108
cnt-8_1   | 2024-10-15T06:42:08.174366536 | Message sent in 485ms. d90e7696-2c9a-4c46-9db5-aa11cec64ee4
cnt-4_1   | 2024-10-15T06:42:08.556562264 | Message sent in 504ms. 24671791-2030-4da3-a393-750c7ebb07a6
cnt-6_1   | Sending message at 2024-10-15T06:42:08.960467581. ece849e9-fda7-44e9-a087-61361bd8dafc
cnt-7_1   | Sending message at 2024-10-15T06:42:09.548871968. 6910856c-5711-487d-8afb-512ea624d908
cnt-4_1   | 2024-10-15T06:42:09.921636332 | Message sent in 929ms. 900174c0-f61d-4df9-abbe-465d15707385
cnt-3_1   | 2024-10-15T06:42:09.947537788 | Message sent in 979ms. b073ffab-08d8-4c55-88d4-8fbeec61d108
cnt-1_1   | Sending message at 2024-10-15T06:42:10.933147405. 32bad952-bd30-4396-8b15-82064d0f34b2
cnt-10_1  | Sending message at 2024-10-15T06:42:10.949913426. 95d97ded-3d4e-4b9f-9585-4d27025ee04b
cnt-8_1   | Sending message at 2024-10-15T06:42:11.289454984. 0f793ab4-e99b-4c85-a0ef-dc7304df925b
cnt-6_1   | 2024-10-15T06:42:11.896626983 | Message sent in 953ms. ece849e9-fda7-44e9-a087-61361bd8dafc
cnt-7_1   | 2024-10-15T06:42:11.897116975 | Message sent in 976ms. f84f82a6-0f07-485f-904a-1a9068516a0c
cnt-2_1   | 2024-10-15T06:42:11.899735265 | Message sent in 941ms. 36d59c45-1f63-4256-9fe9-ab4376d0b250
cnt-9_1   | 2024-10-15T06:42:13.583074290 | Message sent in 681ms. 0e60227a-a2a6-4143-97f8-74cdc3a0ba01
cnt-5_1   | Sending message at 2024-10-15T06:42:14.559282317. 4e4b51f5-0c36-49b0-b247-9d84b6023823
cnt-8_1   | Sending message at 2024-10-15T06:42:14.578197850. 343fdc58-621d-4caf-8ede-61e20e3cac13
cnt-1_1   | 2024-10-15T06:42:14.955079338 | Message sent in 416ms. 42ba19e9-d09e-4114-be9f-e13cf994e448
cnt-6_1   | 2024-10-15T06:42:15.175387288 | Message sent in 621ms. 81def984-0eec-4d07-8f6c-279261702c82
cnt-9_1   | 2024-10-15T06:42:15.175420509 | Message sent in 592ms. d9f64bf0-46e1-4b3a-82df-cd853eb18a37
cnt-1_1   | Sending message at 2024-10-15T06:42:15.955376652. 42ba19e9-d09e-4114-be9f-e13cf994e448
cnt-1_1   | Sending message at 2024-10-15T06:42:16.166257594. 32bad952-bd30-4396-8b15-82064d0f34b2
cnt-9_1   | Sending message at 2024-10-15T06:42:17.915816403. 57fa5011-1664-4d1a-a3d3-1796511d9982
cnt-9_1   | 2024-10-15T06:42:18.467166267 | Message sent in 552ms. d9f64bf0-46e1-4b3a-82df-cd853eb18a37
cnt-2_1   | 2024-10-15T06:42:19.236479228 | Message sent in 497ms. 9e35095b-6675-42b5-99b1-f1f98751e14c
cnt-8_1   | 2024-10-15T06:42:19.606481588 | Message sent in 467ms. 0f793ab4-e99b-4c85-a0ef-dc7304df925b
cnt-5_1   | 2024-10-15T06:42:19.875103821 | Message sent in 469ms. 464af824-c70b-4349-84ee-25f771a563f2
cnt-5_1   | 2024-10-15T06:42:20.049139287 | Message sent in 495ms. 227a321f-48f9-4cc9-8394-71d754639206
cnt-4_1   | 2024-10-15T06:42:20.059515031 | Message sent in 493ms. c5856c2b-3e1b-499d-ae58-b858232b1d0b
cnt-10_1  | Sending message at 2024-10-15T06:42:21.016331617. 95d97ded-3d4e-4b9f-9585-4d27025ee04b
cnt-6_1   | Sending message at 2024-10-15T06:42:21.114971312. ece849e9-fda7-44e9-a087-61361bd8dafc
cnt-6_1   | 2024-10-15T06:42:26.752750208 | Message sent in 6963ms. 81def984-0eec-4d07-8f6c-279261702c82
cnt-7_1   | 2024-10-15T06:42:27.863109680 | Message sent in 6981ms. f84f82a6-0f07-485f-904a-1a9068516a0c
cnt-5_1   | 2024-10-15T06:42:28.374979012 | Message sent in 7325ms. 227a321f-48f9-4cc9-8394-71d754639206
cnt-10_1  | 2024-10-15T06:42:28.404198454 | Message sent in 7243ms. fe0dd337-5745-442b-9e2e-b04a59b3d947
cnt-8_1   | Sending message at 2024-10-15T06:42:28.747860980. aadced35-5d88-4784-9a36-6adf39be67a0
cnt-2_1   | 2024-10-15T06:42:29.006713307 | Message sent in 817ms. 9e35095b-6675-42b5-99b1-f1f98751e14c
cnt-8_1   | 2024-10-15T06:42:29.006962119 | Message sent in 772ms. 40ca09f7-0e4f-4860-bb8d-6adbfdfa7460
cnt-9_1   | 2024-10-15T06:42:29.844937429 | Message sent in 665ms. d9f64bf0-46e1-4b3a-82df-cd853eb18a37
cnt-8_1   | 2024-10-15T06:42:30.906513858 | Message sent in 735ms. 0f793ab4-e99b-4c85-a0ef-dc7304df925b
cnt-7_1   | 2024-10-15T06:42:30.907364651 | Message sent in 735ms. c7bb01bf-33f6-4e70-8af5-84315f32a7e0
cnt-6_1   | Sending message at 2024-10-15T06:42:31.030830780. c5386b9a-0f02-4722-97bb-753b679c6678
cnt-6_1   | Sending message at 2024-10-15T06:42:32.178786766. 7dd3e95b-f79e-47e5-a4b5-72d35a5bbbb7
cnt-7_1   | Sending message at 2024-10-15T06:42:32.623505379. 6910856c-5711-487d-8afb-512ea624d908
cnt-9_1   | 2024-10-15T06:42:33.040402634 | Message sent in 521ms. 0e60227a-a2a6-4143-97f8-74cdc3a0ba01
cnt-7_1   | 2024-10-15T06:42:33.118600208 | Message sent in 495ms. 6910856c-5711-487d-8afb-512ea624d908
cnt-10_1  | Sending message at 2024-10-15T06:42:33.799208612. c5d1d47b-ce7e-4143-837c-47ad613548d8
cnt-3_1   | Sending message at 2024-10-15T06:42:33.815476750. b073ffab-08d8-4c55-88d4-8fbeec61d108
cnt-7_1   | Sending message at 2024-10-15T06:42:33.815839834. f84f82a6-0f07-485f-904a-1a9068516a0c
cnt-4_1   | Sending message at 2024-10-15T06:42:33.823192179. 900174c0-f61d-4df9-abbe-465d15707385
cnt-8_1   | 2024-10-15T06:42:34.035893480 | Message sent in 497ms. aadced35-5d88-4784-9a36-6adf39be67a0
cnt-9_1   | 2024-10-15T06:42:34.422432621 | Message sent in 495ms. 57fa5011-1664-4d1a-a3d3-1796511d9982
cnt-7_1   | Sending message at 2024-10-15T06:42:34.903688023. c7bb01bf-33f6-4e70-8af5-84315f32a7e0
cnt-7_1   | 2024-10-15T06:42:35.398017431 | Message sent in 495ms. c7bb01bf-33f6-4e70-8af5-84315f32a7e0
cnt-9_1   | Sending message at 2024-10-15T06:42:35.422625340. 57fa5011-1664-4d1a-a3d3-1796511d9982
cnt-2_1   | 2024-10-15T06:42:35.969324556 | Message sent in 921ms. 9c1fc8c5-6bb3-462d-bf1a-44d143e9e660
cnt-10_1  | 2024-10-15T06:42:36.113907338 | Message sent in 688ms. 8dadc108-7a15-4cba-9280-70719945850e
cnt-8_1   | 2024-10-15T06:42:36.921358251 | Message sent in 670ms. 0f793ab4-e99b-4c85-a0ef-dc7304df925b
cnt-10_1  | Sending message at 2024-10-15T06:42:36.965334533. c5d1d47b-ce7e-4143-837c-47ad613548d8
cnt-8_1   | Sending message at 2024-10-15T06:42:37.376617453. 343fdc58-621d-4caf-8ede-61e20e3cac13
cnt-2_1   | Sending message at 2024-10-15T06:42:37.962217623. 9e35095b-6675-42b5-99b1-f1f98751e14c
cnt-9_1   | 2024-10-15T06:42:38.101183841 | Message sent in 864ms. 57fa5011-1664-4d1a-a3d3-1796511d9982
cnt-4_1   | 2024-10-15T06:42:38.889796732 | Message sent in 923ms. cff3c900-e1ba-4519-871d-908b2fc640f0
cnt-7_1   | 2024-10-15T06:42:39.545740294 | Message sent in 809ms. f84f82a6-0f07-485f-904a-1a9068516a0c
cnt-9_1   | Sending message at 2024-10-15T06:42:39.828932941. f0bbf988-18ed-4c92-b33b-7831053b3514
cnt-10_1  | 2024-10-15T06:42:40.697885975 | Message sent in 787ms. fe0dd337-5745-442b-9e2e-b04a59b3d947
cnt-7_1   | 2024-10-15T06:42:41.050882388 | Message sent in 505ms. f84f82a6-0f07-485f-904a-1a9068516a0c
cnt-3_1   | 2024-10-15T06:42:41.077887729 | Message sent in 531ms. 185ffe90-9881-4541-8883-8247d1d11b2b
cnt-4_1   | 2024-10-15T06:42:41.431565306 | Message sent in 502ms. c5856c2b-3e1b-499d-ae58-b858232b1d0b
cnt-5_1   | 2024-10-15T06:42:41.641725283 | Message sent in 544ms. 227a321f-48f9-4cc9-8394-71d754639206
cnt-2_1   | 2024-10-15T06:42:42.067046276 | Message sent in 566ms. 9e35095b-6675-42b5-99b1-f1f98751e14c
cnt-7_1   | Sending message at 2024-10-15T06:42:42.087796942. 6910856c-5711-487d-8afb-512ea624d908
cnt-2_1   | 2024-10-15T06:42:42.263798924 | Message sent in 472ms. 9c1fc8c5-6bb3-462d-bf1a-44d143e9e660
cnt-1_1   | Sending message at 2024-10-15T06:42:42.487082629. 42ba19e9-d09e-4114-be9f-e13cf994e448
cnt-3_1   | 2024-10-15T06:42:43.336689921 | Message sent in 478ms. 94938f14-bf09-4528-b5bb-f7b7a1f64a2c
cnt-1_1   | Sending message at 2024-10-15T06:42:43.592529520. 6a3be6ad-1674-4c22-9c75-02dabef368c0
cnt-1_1   | Sending message at 2024-10-15T06:42:43.814589146. c718bf30-86d0-4212-8a7a-08e286eaebd6
cnt-8_1   | Sending message at 2024-10-15T06:42:43.824847734. 40ca09f7-0e4f-4860-bb8d-6adbfdfa7460
cnt-1_1   | 2024-10-15T06:42:44.673622800 | Message sent in 494ms. 42ba19e9-d09e-4114-be9f-e13cf994e448
cnt-1_1   | 2024-10-15T06:42:45.129407290 | Message sent in 806ms. 32bad952-bd30-4396-8b15-82064d0f34b2
cnt-2_1   | Sending message at 2024-10-15T06:42:45.693083341. 2ff3f74b-d4f1-48bb-ad9f-b98f6ffc2955
cnt-9_1   | Sending message at 2024-10-15T06:42:46.463049239. 680f3541-2577-4c92-9a2f-91f675066d75
cnt-10_1  | Sending message at 2024-10-15T06:42:46.901595892. 18a54b42-9a8d-45ed-8997-1c3b5aa60448
cnt-9_1   | 2024-10-15T06:42:47.078319026 | Message sent in 929ms. f0bbf988-18ed-4c92-b33b-7831053b3514
cnt-10_1  | 2024-10-15T06:42:47.394498516 | Message sent in 493ms. 18a54b42-9a8d-45ed-8997-1c3b5aa60448
cnt-6_1   | 2024-10-15T06:42:47.657505654 | Message sent in 470ms. ece849e9-fda7-44e9-a087-61361bd8dafc
cnt-7_1   | Sending message at 2024-10-15T06:42:48.112785718. cfe733da-62a4-45eb-b47b-bd4aa4b9d3b8
cnt-3_1   | 2024-10-15T06:42:48.156003284 | Message sent in 500ms. 94938f14-bf09-4528-b5bb-f7b7a1f64a2c
cnt-8_1   | Sending message at 2024-10-15T06:42:48.573202604. 343fdc58-621d-4caf-8ede-61e20e3cac13
cnt-10_1  | 2024-10-15T06:42:48.938058916 | Message sent in 811ms. fe0dd337-5745-442b-9e2e-b04a59b3d947
cnt-5_1   | 2024-10-15T06:42:49.715421650 | Message sent in 496ms. 162b8641-554d-4c3a-9984-48d7bfd1b5cc
cnt-4_1   | Sending message at 2024-10-15T06:42:49.981210358. 5f2ce5ca-10ed-4462-a999-30e768b4f864
cnt-1_1   | Sending message at 2024-10-15T06:42:49.993415595. 6a1911f5-a6c9-4859-920b-22c704758534
cnt-6_1   | Sending message at 2024-10-15T06:42:50.136469287. ece849e9-fda7-44e9-a087-61361bd8dafc
cnt-9_1   | Sending message at 2024-10-15T06:42:50.187484887. 57fa5011-1664-4d1a-a3d3-1796511d9982
cnt-9_1   | Sending message at 2024-10-15T06:42:51.462331156. f0bbf988-18ed-4c92-b33b-7831053b3514
cnt-10_1  | Sending message at 2024-10-15T06:42:51.478093833. c5d1d47b-ce7e-4143-837c-47ad613548d8
cnt-6_1   | 2024-10-15T06:42:52.163097665 | Message sent in 517ms. c5386b9a-0f02-4722-97bb-753b679c6678
cnt-7_1   | Sending message at 2024-10-15T06:42:52.526994667. cfe733da-62a4-45eb-b47b-bd4aa4b9d3b8
cnt-7_1   | 2024-10-15T06:42:52.597264388 | Message sent in 489ms. 6910856c-5711-487d-8afb-512ea624d908
cnt-2_1   | Sending message at 2024-10-15T06:42:53.050042038. 9c1fc8c5-6bb3-462d-bf1a-44d143e9e660
cnt-9_1   | 2024-10-15T06:42:53.101611849 | Message sent in 866ms. d9f64bf0-46e1-4b3a-82df-cd853eb18a37
cnt-5_1   | 2024-10-15T06:42:53.139458905 | Message sent in 718ms. 227a321f-48f9-4cc9-8394-71d754639206
cnt-7_1   | Scheduled exit. Godbyeeeeeeeeeeeeeee...
cnt-1_1   | Sending message at 2024-10-15T06:42:53.972146169. 42ba19e9-d09e-4114-be9f-e13cf994e448
cnt-8_1   | Sending message at 2024-10-15T06:42:54.063874239. 343fdc58-621d-4caf-8ede-61e20e3cac13
cnt-6_1   | Sending message at 2024-10-15T06:42:54.088579989. 3b51fc85-b7f5-4186-8a9a-307ee80e1790
asb-debug_cnt-7_1 exited with code 69
cnt-6_1   | 2024-10-15T06:42:54.327865099 | Message sent in 702ms. 81def984-0eec-4d07-8f6c-279261702c82
cnt-7_1   | Starting the application. Logging messages with probability 0.05...
cnt-8_1   | Sending message at 2024-10-15T06:42:54.721695319. d90e7696-2c9a-4c46-9db5-aa11cec64ee4
cnt-6_1   | 2024-10-15T06:42:54.780165118 | Message sent in 692ms. 3b51fc85-b7f5-4186-8a9a-307ee80e1790
cnt-4_1   | Sending message at 2024-10-15T06:42:55.278621346. c5856c2b-3e1b-499d-ae58-b858232b1d0b
cnt-9_1   | 2024-10-15T06:42:55.281197740 | Message sent in 622ms. f0bbf988-18ed-4c92-b33b-7831053b3514
cnt-6_1   | Sending message at 2024-10-15T06:42:55.328050522. 81def984-0eec-4d07-8f6c-279261702c82
cnt-6_1   | 2024-10-15T06:42:55.878111841 | Message sent in 684ms. 7dd3e95b-f79e-47e5-a4b5-72d35a5bbbb7
cnt-1_1   | Sending message at 2024-10-15T06:42:56.390829728. c718bf30-86d0-4212-8a7a-08e286eaebd6
cnt-3_1   | Sending message at 2024-10-15T06:42:56.406663890. 185ffe90-9881-4541-8883-8247d1d11b2b
cnt-8_1   | 2024-10-15T06:42:56.832864695 | Message sent in 832ms. 343fdc58-621d-4caf-8ede-61e20e3cac13
cnt-2_1   | 2024-10-15T06:42:57.065324607 | Message sent in 623ms. 36d59c45-1f63-4256-9fe9-ab4376d0b250
cnt-4_1   | Sending message at 2024-10-15T06:42:57.099275850. 900174c0-f61d-4df9-abbe-465d15707385
cnt-1_1   | 2024-10-15T06:42:57.847785535 | Message sent in 530ms. 42ba19e9-d09e-4114-be9f-e13cf994e448
cnt-3_1   | 2024-10-15T06:42:57.908856788 | Message sent in 500ms. 94938f14-bf09-4528-b5bb-f7b7a1f64a2c
cnt-9_1   | Sending message at 2024-10-15T06:42:58.075636818. 680f3541-2577-4c92-9a2f-91f675066d75
cnt-7_1   | Sending message at 2024-10-15T06:42:58.121240587. 641455a6-460d-4900-8e02-eb5a6bbd9617
cnt-8_1   | Sending message at 2024-10-15T06:42:58.188763431. 40ca09f7-0e4f-4860-bb8d-6adbfdfa7460
cnt-10_1  | 2024-10-15T06:42:58.318084620 | Message sent in 482ms. 95d97ded-3d4e-4b9f-9585-4d27025ee04b
cnt-8_1   | 2024-10-15T06:42:58.356116940 | Message sent in 479ms. aadced35-5d88-4784-9a36-6adf39be67a0
cnt-4_1   | 2024-10-15T06:42:58.387439985 | Message sent in 500ms. 5f2ce5ca-10ed-4462-a999-30e768b4f864
cnt-4_1   | 2024-10-15T06:42:59.101577774 | Message sent in 501ms. 900174c0-f61d-4df9-abbe-465d15707385
cnt-2_1   | 2024-10-15T06:42:59.505515566 | Message sent in 474ms. 044c5c09-76d4-42b2-a98b-695bad9106ce
cnt-10_1  | 2024-10-15T06:42:59.823231965 | Message sent in 505ms. 95d97ded-3d4e-4b9f-9585-4d27025ee04b
cnt-1_1   | Sending message at 2024-10-15T06:42:59.944878553. 6a1911f5-a6c9-4859-920b-22c704758534
cnt-6_1   | 2024-10-15T06:43:00.156690845 | Message sent in 525ms. 3b51fc85-b7f5-4186-8a9a-307ee80e1790
cnt-7_1   | 2024-10-15T06:43:00.760246929 | Message sent in 829ms. 965ed241-4fb1-4c58-9959-25a792a453ef
cnt-5_1   | 2024-10-15T06:43:00.767646891 | Message sent in 657ms. 464af824-c70b-4349-84ee-25f771a563f2
cnt-1_1   | Sending message at 2024-10-15T06:43:01.174227774. 6a3be6ad-1674-4c22-9c75-02dabef368c0
cnt-10_1  | Sending message at 2024-10-15T06:43:01.758728376. 8dadc108-7a15-4cba-9280-70719945850e
cnt-8_1   | 2024-10-15T06:43:02.894864411 | Message sent in 935ms. 0f793ab4-e99b-4c85-a0ef-dc7304df925b
cnt-2_1   | 2024-10-15T06:43:03.096131867 | Message sent in 857ms. 044c5c09-76d4-42b2-a98b-695bad9106ce
cnt-4_1   | 2024-10-15T06:43:03.416519489 | Message sent in 966ms. 24671791-2030-4da3-a393-750c7ebb07a6
cnt-2_1   | 2024-10-15T06:43:03.449460377 | Message sent in 976ms. 9c1fc8c5-6bb3-462d-bf1a-44d143e9e660
cnt-5_1   | 2024-10-15T06:43:03.641723590 | Message sent in 748ms. 4e4b51f5-0c36-49b0-b247-9d84b6023823
cnt-10_1  | Sending message at 2024-10-15T06:43:04.236972291. 95d97ded-3d4e-4b9f-9585-4d27025ee04b
cnt-7_1   | 2024-10-15T06:43:04.459798757 | Message sent in 866ms. 965ed241-4fb1-4c58-9959-25a792a453ef
cnt-7_1   | Sending message at 2024-10-15T06:43:05.460027303. 965ed241-4fb1-4c58-9959-25a792a453ef
cnt-3_1   | Sending message at 2024-10-15T06:43:05.750001987. 0fa59b87-54a9-4dc5-8e6c-54ddebe3f6ac
cnt-8_1   | 2024-10-15T06:43:10.891057948 | Message sent in 6996ms. 0f793ab4-e99b-4c85-a0ef-dc7304df925b
cnt-10_1  | 2024-10-15T06:43:11.334147267 | Message sent in 7097ms. 95d97ded-3d4e-4b9f-9585-4d27025ee04b
cnt-9_1   | 2024-10-15T06:43:11.559635284 | Message sent in 7119ms. 0e60227a-a2a6-4143-97f8-74cdc3a0ba01
cnt-4_1   | Sending message at 2024-10-15T06:43:12.155918068. cff3c900-e1ba-4519-871d-908b2fc640f0
cnt-9_1   | Sending message at 2024-10-15T06:43:12.559833495. 0e60227a-a2a6-4143-97f8-74cdc3a0ba01
cnt-2_1   | 2024-10-15T06:43:12.833418297 | Message sent in 7218ms. 36d59c45-1f63-4256-9fe9-ab4376d0b250
cnt-2_1   | 2024-10-15T06:43:13.141231107 | Message sent in 508ms. 9e35095b-6675-42b5-99b1-f1f98751e14c
cnt-7_1   | 2024-10-15T06:43:13.406344400 | Message sent in 695ms. 641455a6-460d-4900-8e02-eb5a6bbd9617
cnt-6_1   | Sending message at 2024-10-15T06:43:14.130276119. 3b51fc85-b7f5-4186-8a9a-307ee80e1790
cnt-8_1   | 2024-10-15T06:43:14.297892269 | Message sent in 494ms. aadced35-5d88-4784-9a36-6adf39be67a0
cnt-5_1   | 2024-10-15T06:43:14.311506242 | Message sent in 482ms. a7464ab6-4d48-4f24-a517-bc2f1ab56238
cnt-3_1   | 2024-10-15T06:43:14.328376373 | Message sent in 501ms. 277886ae-e0a8-46bc-8440-9b35a9ec0be3
cnt-9_1   | 2024-10-15T06:43:20.917599657 | Message sent in 6997ms. d9f64bf0-46e1-4b3a-82df-cd853eb18a37
cnt-4_1   | 2024-10-15T06:43:21.321717436 | Message sent in 7281ms. 24671791-2030-4da3-a393-750c7ebb07a6
cnt-6_1   | 2024-10-15T06:43:21.393838291 | Message sent in 7263ms. 3b51fc85-b7f5-4186-8a9a-307ee80e1790
cnt-4_1   | 2024-10-15T06:43:22.336609024 | Message sent in 7090ms. cff3c900-e1ba-4519-871d-908b2fc640f0
cnt-6_1   | 2024-10-15T06:43:22.415587152 | Message sent in 7096ms. c5386b9a-0f02-4722-97bb-753b679c6678
cnt-10_1  | 2024-10-15T06:43:22.457875900 | Message sent in 7369ms. 8dadc108-7a15-4cba-9280-70719945850e
cnt-2_1   | 2024-10-15T06:43:22.483460409 | Message sent in 7131ms. 2ff3f74b-d4f1-48bb-ad9f-b98f6ffc2955
cnt-3_1   | 2024-10-15T06:43:22.492251189 | Message sent in 7205ms. 0fa59b87-54a9-4dc5-8e6c-54ddebe3f6ac
cnt-2_1   | 2024-10-15T06:43:22.574130349 | Message sent in 7307ms. 9c1fc8c5-6bb3-462d-bf1a-44d143e9e660
cnt-3_1   | 2024-10-15T06:43:22.818115142 | Message sent in 468ms. b073ffab-08d8-4c55-88d4-8fbeec61d108
cnt-10_1  | Sending message at 2024-10-15T06:43:22.940167715. fe0dd337-5745-442b-9e2e-b04a59b3d947
cnt-8_1   | Sending message at 2024-10-15T06:43:23.402758544. 343fdc58-621d-4caf-8ede-61e20e3cac13
cnt-9_1   | Sending message at 2024-10-15T06:43:23.416711150. f0bbf988-18ed-4c92-b33b-7831053b3514
cnt-3_1   | Sending message at 2024-10-15T06:43:23.805946312. 185ffe90-9881-4541-8883-8247d1d11b2b
cnt-5_1   | Sending message at 2024-10-15T06:43:23.898124813. 227a321f-48f9-4cc9-8394-71d754639206
cnt-5_1   | 2024-10-15T06:43:24.486199024 | Message sent in 489ms. 162b8641-554d-4c3a-9984-48d7bfd1b5cc
cnt-10_1  | 2024-10-15T06:43:32.080237534 | Message sent in 7184ms. 18a54b42-9a8d-45ed-8997-1c3b5aa60448
cnt-7_1   | 2024-10-15T06:43:32.319582280 | Message sent in 6930ms. 641455a6-460d-4900-8e02-eb5a6bbd9617
cnt-3_1   | 2024-10-15T06:43:32.600163715 | Message sent in 7307ms. b073ffab-08d8-4c55-88d4-8fbeec61d108
cnt-1_1   | 2024-10-15T06:43:32.620565607 | Message sent in 7181ms. 42ba19e9-d09e-4114-be9f-e13cf994e448
cnt-2_1   | 2024-10-15T06:43:33.202775653 | Message sent in 472ms. 044c5c09-76d4-42b2-a98b-695bad9106ce
cnt-3_1   | 2024-10-15T06:43:33.560666321 | Message sent in 601ms. 94938f14-bf09-4528-b5bb-f7b7a1f64a2c
cnt-8_1   | 2024-10-15T06:43:33.745457854 | Message sent in 605ms. 343fdc58-621d-4caf-8ede-61e20e3cac13
cnt-1_1   | 2024-10-15T06:43:34.109439757 | Message sent in 489ms. 42ba19e9-d09e-4114-be9f-e13cf994e448
cnt-8_1   | Sending message at 2024-10-15T06:43:34.251266184. aadced35-5d88-4784-9a36-6adf39be67a0
cnt-5_1   | Sending message at 2024-10-15T06:43:34.306946008. a7464ab6-4d48-4f24-a517-bc2f1ab56238
cnt-3_1   | 2024-10-15T06:43:34.765200639 | Message sent in 481ms. 277886ae-e0a8-46bc-8440-9b35a9ec0be3
cnt-8_1   | 2024-10-15T06:43:35.234417889 | Message sent in 489ms. d90e7696-2c9a-4c46-9db5-aa11cec64ee4
cnt-1_1   | 2024-10-15T06:43:35.292128687 | Message sent in 471ms. c718bf30-86d0-4212-8a7a-08e286eaebd6
cnt-1_1   | 2024-10-15T06:43:35.308522850 | Message sent in 483ms. 6a1911f5-a6c9-4859-920b-22c704758534
cnt-2_1   | Sending message at 2024-10-15T06:43:36.248484422. 2ff3f74b-d4f1-48bb-ad9f-b98f6ffc2955
cnt-1_1   | Sending message at 2024-10-15T06:43:36.292368011. c718bf30-86d0-4212-8a7a-08e286eaebd6
cnt-8_1   | [pool-7-thread-1] ERROR org.example.Main - Failed to send message
cnt-8_1   | java.lang.IllegalStateException: Timeout on blocking read for 17400000000 NANOSECONDS
cnt-8_1   | 	at reactor.core.publisher.BlockingSingleSubscriber.blockingGet(BlockingSingleSubscriber.java:124)
cnt-8_1   | 	at reactor.core.publisher.Mono.block(Mono.java:1766)
cnt-8_1   | 	at com.azure.messaging.servicebus.ServiceBusSenderClient.sendMessage(ServiceBusSenderClient.java:266)
cnt-8_1   | 	at org.example.Main.lambda$schedulePublishing$3(Main.java:84)
cnt-8_1   | 	at java.base/java.util.concurrent.Executors$RunnableAdapter.call(Executors.java:539)
cnt-8_1   | 	at java.base/java.util.concurrent.FutureTask.runAndReset(FutureTask.java:305)
cnt-8_1   | 	at java.base/java.util.concurrent.ScheduledThreadPoolExecutor$ScheduledFutureTask.run(ScheduledThreadPoolExecutor.java:305)
cnt-8_1   | 	at java.base/java.util.concurrent.ThreadPoolExecutor.runWorker(ThreadPoolExecutor.java:1136)
cnt-8_1   | 	at java.base/java.util.concurrent.ThreadPoolExecutor$Worker.run(ThreadPoolExecutor.java:635)
cnt-8_1   | 	at java.base/java.lang.Thread.run(Thread.java:840)
cnt-10_1  | [pool-8-thread-1] ERROR org.example.Main - Failed to send message
cnt-10_1  | java.lang.IllegalStateException: Timeout on blocking read for 17400000000 NANOSECONDS
cnt-10_1  | 	at reactor.core.publisher.BlockingSingleSubscriber.blockingGet(BlockingSingleSubscriber.java:124)
cnt-10_1  | 	at reactor.core.publisher.Mono.block(Mono.java:1766)
cnt-10_1  | 	at com.azure.messaging.servicebus.ServiceBusSenderClient.sendMessage(ServiceBusSenderClient.java:266)
cnt-10_1  | 	at org.example.Main.lambda$schedulePublishing$3(Main.java:84)
cnt-10_1  | 	at java.base/java.util.concurrent.Executors$RunnableAdapter.call(Executors.java:539)
cnt-10_1  | 	at java.base/java.util.concurrent.FutureTask.runAndReset(FutureTask.java:305)
cnt-10_1  | 	at java.base/java.util.concurrent.ScheduledThreadPoolExecutor$ScheduledFutureTask.run(ScheduledThreadPoolExecutor.java:305)
cnt-10_1  | 	at java.base/java.util.concurrent.ThreadPoolExecutor.runWorker(ThreadPoolExecutor.java:1136)
cnt-10_1  | 	at java.base/java.util.concurrent.ThreadPoolExecutor$Worker.run(ThreadPoolExecutor.java:635)
cnt-10_1  | 	at java.base/java.lang.Thread.run(Thread.java:840)
cnt-4_1   | [pool-7-thread-1] ERROR org.example.Main - Failed to send message
cnt-4_1   | java.lang.IllegalStateException: Timeout on blocking read for 17400000000 NANOSECONDS
cnt-4_1   | 	at reactor.core.publisher.BlockingSingleSubscriber.blockingGet(BlockingSingleSubscriber.java:124)
cnt-4_1   | 	at reactor.core.publisher.Mono.block(Mono.java:1766)
cnt-4_1   | 	at com.azure.messaging.servicebus.ServiceBusSenderClient.sendMessage(ServiceBusSenderClient.java:266)
cnt-4_1   | 	at org.example.Main.lambda$schedulePublishing$3(Main.java:84)
cnt-4_1   | 	at java.base/java.util.concurrent.Executors$RunnableAdapter.call(Executors.java:539)
cnt-4_1   | 	at java.base/java.util.concurrent.FutureTask.runAndReset(FutureTask.java:305)
cnt-4_1   | 	at java.base/java.util.concurrent.ScheduledThreadPoolExecutor$ScheduledFutureTask.run(ScheduledThreadPoolExecutor.java:305)
cnt-4_1   | 	at java.base/java.util.concurrent.ThreadPoolExecutor.runWorker(ThreadPoolExecutor.java:1136)
cnt-4_1   | 	at java.base/java.util.concurrent.ThreadPoolExecutor$Worker.run(ThreadPoolExecutor.java:635)
cnt-4_1   | 	at java.base/java.lang.Thread.run(Thread.java:840)
cnt-6_1   | [pool-5-thread-1] ERROR org.example.Main - Failed to send message
cnt-6_1   | java.lang.IllegalStateException: Timeout on blocking read for 17400000000 NANOSECONDS
cnt-6_1   | 	at reactor.core.publisher.BlockingSingleSubscriber.blockingGet(BlockingSingleSubscriber.java:124)
cnt-6_1   | 	at reactor.core.publisher.Mono.block(Mono.java:1766)
cnt-6_1   | 	at com.azure.messaging.servicebus.ServiceBusSenderClient.sendMessage(ServiceBusSenderClient.java:266)
cnt-6_1   | 	at org.example.Main.lambda$schedulePublishing$3(Main.java:84)
cnt-6_1   | 	at java.base/java.util.concurrent.Executors$RunnableAdapter.call(Executors.java:539)
cnt-6_1   | 	at java.base/java.util.concurrent.FutureTask.runAndReset(FutureTask.java:305)
cnt-6_1   | 	at java.base/java.util.concurrent.ScheduledThreadPoolExecutor$ScheduledFutureTask.run(ScheduledThreadPoolExecutor.java:305)
cnt-6_1   | 	at java.base/java.util.concurrent.ThreadPoolExecutor.runWorker(ThreadPoolExecutor.java:1136)
cnt-6_1   | 	at java.base/java.util.concurrent.ThreadPoolExecutor$Worker.run(ThreadPoolExecutor.java:635)
cnt-6_1   | 	at java.base/java.lang.Thread.run(Thread.java:840)
cnt-8_1   | [pool-8-thread-1] ERROR org.example.Main - Failed to send message
cnt-8_1   | java.lang.IllegalStateException: Timeout on blocking read for 17400000000 NANOSECONDS
cnt-8_1   | 	at reactor.core.publisher.BlockingSingleSubscriber.blockingGet(BlockingSingleSubscriber.java:124)
cnt-8_1   | 	at reactor.core.publisher.Mono.block(Mono.java:1766)
cnt-8_1   | 	at com.azure.messaging.servicebus.ServiceBusSenderClient.sendMessage(ServiceBusSenderClient.java:266)
cnt-8_1   | 	at org.example.Main.lambda$schedulePublishing$3(Main.java:84)
cnt-8_1   | 	at java.base/java.util.concurrent.Executors$RunnableAdapter.call(Executors.java:539)
cnt-8_1   | 	at java.base/java.util.concurrent.FutureTask.runAndReset(FutureTask.java:305)
cnt-8_1   | 	at java.base/java.util.concurrent.ScheduledThreadPoolExecutor$ScheduledFutureTask.run(ScheduledThreadPoolExecutor.java:305)
cnt-8_1   | 	at java.base/java.util.concurrent.ThreadPoolExecutor.runWorker(ThreadPoolExecutor.java:1136)
cnt-8_1   | 	at java.base/java.util.concurrent.ThreadPoolExecutor$Worker.run(ThreadPoolExecutor.java:635)
cnt-8_1   | 	at java.base/java.lang.Thread.run(Thread.java:840)
cnt-5_1   | [pool-7-thread-1] ERROR org.example.Main - Failed to send message
cnt-5_1   | java.lang.IllegalStateException: Timeout on blocking read for 17400000000 NANOSECONDS
cnt-5_1   | 	at reactor.core.publisher.BlockingSingleSubscriber.blockingGet(BlockingSingleSubscriber.java:124)
cnt-5_1   | 	at reactor.core.publisher.Mono.block(Mono.java:1766)
cnt-5_1   | 	at com.azure.messaging.servicebus.ServiceBusSenderClient.sendMessage(ServiceBusSenderClient.java:266)
cnt-5_1   | 	at org.example.Main.lambda$schedulePublishing$3(Main.java:84)
cnt-5_1   | 	at java.base/java.util.concurrent.Executors$RunnableAdapter.call(Executors.java:539)
cnt-5_1   | 	at java.base/java.util.concurrent.FutureTask.runAndReset(FutureTask.java:305)
cnt-5_1   | 	at java.base/java.util.concurrent.ScheduledThreadPoolExecutor$ScheduledFutureTask.run(ScheduledThreadPoolExecutor.java:305)
cnt-5_1   | 	at java.base/java.util.concurrent.ThreadPoolExecutor.runWorker(ThreadPoolExecutor.java:1136)
cnt-5_1   | 	at java.base/java.util.concurrent.ThreadPoolExecutor$Worker.run(ThreadPoolExecutor.java:635)
cnt-5_1   | 	at java.base/java.lang.Thread.run(Thread.java:840)
cnt-4_1   | [pool-5-thread-1] ERROR org.example.Main - Failed to send message
cnt-4_1   | java.lang.IllegalStateException: Timeout on blocking read for 17400000000 NANOSECONDS
cnt-4_1   | 	at reactor.core.publisher.BlockingSingleSubscriber.blockingGet(BlockingSingleSubscriber.java:124)
cnt-4_1   | 	at reactor.core.publisher.Mono.block(Mono.java:1766)
cnt-4_1   | 	at com.azure.messaging.servicebus.ServiceBusSenderClient.sendMessage(ServiceBusSenderClient.java:266)
cnt-4_1   | 	at org.example.Main.lambda$schedulePublishing$3(Main.java:84)
cnt-4_1   | 	at java.base/java.util.concurrent.Executors$RunnableAdapter.call(Executors.java:539)
cnt-4_1   | 	at java.base/java.util.concurrent.FutureTask.runAndReset(FutureTask.java:305)
cnt-4_1   | 	at java.base/java.util.concurrent.ScheduledThreadPoolExecutor$ScheduledFutureTask.run(ScheduledThreadPoolExecutor.java:305)
cnt-4_1   | 	at java.base/java.util.concurrent.ThreadPoolExecutor.runWorker(ThreadPoolExecutor.java:1136)
cnt-4_1   | 	at java.base/java.util.concurrent.ThreadPoolExecutor$Worker.run(ThreadPoolExecutor.java:635)
cnt-4_1   | 	at java.base/java.lang.Thread.run(Thread.java:840)
cnt-3_1   | 2024-10-15T06:43:43.171128752 | Message sent in 7203ms. 0fa59b87-54a9-4dc5-8e6c-54ddebe3f6ac
cnt-10_1  | 2024-10-15T06:43:43.555346623 | Message sent in 7334ms. c5d1d47b-ce7e-4143-837c-47ad613548d8
cnt-3_1   | 2024-10-15T06:43:43.606153430 | Message sent in 466ms. 185ffe90-9881-4541-8883-8247d1d11b2b
cnt-10_1  | 2024-10-15T06:43:43.838791237 | Message sent in 7587ms. 18a54b42-9a8d-45ed-8997-1c3b5aa60448
cnt-4_1   | Sending message at 2024-10-15T06:43:44.180275908. cff3c900-e1ba-4519-871d-908b2fc640f0
cnt-5_1   | Sending message at 2024-10-15T06:43:44.536326060. 4e4b51f5-0c36-49b0-b247-9d84b6023823
cnt-6_1   | 2024-10-15T06:43:44.599792350 | Message sent in 1774ms. 825d6d02-1080-479a-a5e0-6151f0bf7ecc
cnt-3_1   | Sending message at 2024-10-15T06:43:45.534814456. 277886ae-e0a8-46bc-8440-9b35a9ec0be3
cnt-3_1   | Sending message at 2024-10-15T06:43:45.638450914. 0fa59b87-54a9-4dc5-8e6c-54ddebe3f6ac
cnt-5_1   | 2024-10-15T06:43:46.111211271 | Message sent in 492ms. bee152d7-5bd8-461b-a02a-545be483b6bf
cnt-3_1   | 2024-10-15T06:43:46.206613737 | Message sent in 469ms. 94938f14-bf09-4528-b5bb-f7b7a1f64a2c
cnt-7_1   | Sending message at 2024-10-15T06:43:46.514985155. 31bc59fa-9bca-46b9-8f5f-71c34a882b27
cnt-10_1  | 2024-10-15T06:43:46.763481719 | Message sent in 502ms. 8dadc108-7a15-4cba-9280-70719945850e
cnt-10_1  | 2024-10-15T06:43:47.015167302 | Message sent in 496ms. 18a54b42-9a8d-45ed-8997-1c3b5aa60448
cnt-5_1   | 2024-10-15T06:43:47.038052970 | Message sent in 504ms. 227a321f-48f9-4cc9-8394-71d754639206
cnt-9_1   | Sending message at 2024-10-15T06:43:47.796197363. d9f64bf0-46e1-4b3a-82df-cd853eb18a37
cnt-7_1   | Scheduled exit. Godbyeeeeeeeeeeeeeee...
asb-debug_cnt-7_1 exited with code 69
cnt-1_1   | 2024-10-15T06:43:55.252458128 | Message sent in 7220ms. 32bad952-bd30-4396-8b15-82064d0f34b2
cnt-7_1   | Starting the application. Logging messages with probability 0.05...
cnt-4_1   | 2024-10-15T06:43:55.577987431 | Message sent in 7065ms. 97297a7d-4fbc-494f-b6d2-8b76dc67995d
cnt-3_1   | Sending message at 2024-10-15T06:43:56.114311737. b073ffab-08d8-4c55-88d4-8fbeec61d108
cnt-4_1   | Sending message at 2024-10-15T06:43:57.302793807. 5f2ce5ca-10ed-4462-a999-30e768b4f864
cnt-6_1   | 2024-10-15T06:43:57.386603074 | Message sent in 873ms. 7dd3e95b-f79e-47e5-a4b5-72d35a5bbbb7
cnt-3_1   | Sending message at 2024-10-15T06:43:57.587975829. b073ffab-08d8-4c55-88d4-8fbeec61d108
cnt-3_1   | 2024-10-15T06:43:57.762232481 | Message sent in 851ms. 94938f14-bf09-4528-b5bb-f7b7a1f64a2c
cnt-10_1  | 2024-10-15T06:43:57.791547108 | Message sent in 607ms. 8dadc108-7a15-4cba-9280-70719945850e
cnt-9_1   | 2024-10-15T06:43:57.923612627 | Message sent in 547ms. 0e60227a-a2a6-4143-97f8-74cdc3a0ba01
cnt-6_1   | Sending message at 2024-10-15T06:43:58.114118061. c5386b9a-0f02-4722-97bb-753b679c6678
cnt-8_1   | Sending message at 2024-10-15T06:43:58.114195867. d90e7696-2c9a-4c46-9db5-aa11cec64ee4
cnt-2_1   | 2024-10-15T06:43:58.190945480 | Message sent in 508ms. 2ff3f74b-d4f1-48bb-ad9f-b98f6ffc2955
cnt-5_1   | Sending message at 2024-10-15T06:43:58.665741310. bee152d7-5bd8-461b-a02a-545be483b6bf
cnt-8_1   | 2024-10-15T06:43:58.867216235 | Message sent in 478ms. 69505879-073b-4087-a23b-517751586af7
cnt-2_1   | Sending message at 2024-10-15T06:43:59.164665116. 36d59c45-1f63-4256-9fe9-ab4376d0b250
cnt-3_1   | 2024-10-15T06:43:59.664290295 | Message sent in 487ms. b073ffab-08d8-4c55-88d4-8fbeec61d108
cnt-2_1   | 2024-10-15T06:43:59.683759727 | Message sent in 492ms. 2ff3f74b-d4f1-48bb-ad9f-b98f6ffc2955
cnt-5_1   | Sending message at 2024-10-15T06:44:00.259094565. a7464ab6-4d48-4f24-a517-bc2f1ab56238
cnt-3_1   | Sending message at 2024-10-15T06:44:00.285036840. 185ffe90-9881-4541-8883-8247d1d11b2b
cnt-6_1   | Sending message at 2024-10-15T06:44:00.369286916. 825d6d02-1080-479a-a5e0-6151f0bf7ecc
cnt-1_1   | 2024-10-15T06:44:00.383501551 | Message sent in 502ms. 32bad952-bd30-4396-8b15-82064d0f34b2
cnt-8_1   | 2024-10-15T06:44:01.142835217 | Message sent in 961ms. fb8cf56f-bfbe-4c6c-8682-d5d1b83e5154
cnt-2_1   | 2024-10-15T06:44:01.186482477 | Message sent in 485ms. 9e35095b-6675-42b5-99b1-f1f98751e14c
cnt-8_1   | 2024-10-15T06:44:01.577392517 | Message sent in 474ms. d90e7696-2c9a-4c46-9db5-aa11cec64ee4
cnt-7_1   | Sending message at 2024-10-15T06:44:02.605804762. 526dee8c-794d-4648-80e1-7662a62a761d
cnt-8_1   | Sending message at 2024-10-15T06:44:02.854030222. 69505879-073b-4087-a23b-517751586af7
cnt-10_1  | Sending message at 2024-10-15T06:44:02.888757385. 18a54b42-9a8d-45ed-8997-1c3b5aa60448
cnt-5_1   | 2024-10-15T06:44:03.157541507 | Message sent in 1018ms. 4e4b51f5-0c36-49b0-b247-9d84b6023823
cnt-9_1   | 2024-10-15T06:44:03.158057178 | Message sent in 997ms. 0e60227a-a2a6-4143-97f8-74cdc3a0ba01
cnt-9_1   | 2024-10-15T06:44:03.175969343 | Message sent in 1000ms. 57fa5011-1664-4d1a-a3d3-1796511d9982
cnt-7_1   | 2024-10-15T06:44:03.186742886 | Message sent in 578ms. 526dee8c-794d-4648-80e1-7662a62a761d
cnt-6_1   | 2024-10-15T06:44:03.576293901 | Message sent in 473ms. ece849e9-fda7-44e9-a087-61361bd8dafc
cnt-9_1   | Sending message at 2024-10-15T06:44:04.158271. 0e60227a-a2a6-4143-97f8-74cdc3a0ba01
cnt-8_1   | Sending message at 2024-10-15T06:44:04.185316944. 343fdc58-621d-4caf-8ede-61e20e3cac13
cnt-4_1   | Sending message at 2024-10-15T06:44:04.186659286. e25f254c-00fa-4d1e-9c50-7af0fc2f4b55
cnt-6_1   | 2024-10-15T06:44:05.062297156 | Message sent in 863ms. c5386b9a-0f02-4722-97bb-753b679c6678
cnt-7_1   | 2024-10-15T06:44:05.083663669 | Message sent in 886ms. cbab58b0-14fc-4451-b4df-300c5ac659e0
cnt-9_1   | 2024-10-15T06:44:05.089178974 | Message sent in 913ms. 57fa5011-1664-4d1a-a3d3-1796511d9982
cnt-7_1   | Sending message at 2024-10-15T06:44:05.704535652. 80d917cd-cac7-4db1-8e2d-154c7919fed9
cnt-1_1   | Sending message at 2024-10-15T06:44:06.114763298. 32bad952-bd30-4396-8b15-82064d0f34b2
cnt-5_1   | 2024-10-15T06:44:07.022124274 | Message sent in 944ms. 227a321f-48f9-4cc9-8394-71d754639206
cnt-3_1   | 2024-10-15T06:44:07.425162159 | Message sent in 486ms. 94938f14-bf09-4528-b5bb-f7b7a1f64a2c
