cnt-2_1   | 2024-10-15T06:28:07.082410730 | Message sent in 801ms. 68dd7213-e741-46a3-9dd0-9d8647a8b25c
cnt-10_1  | 2024-10-15T06:28:07.292304124 | Message sent in 753ms. 49691ce3-dae4-4a3e-94bf-a2b9d1d11e8a
cnt-2_1   | Sending message at 2024-10-15T06:28:08.933388604. 5fe04b8e-7e62-467e-a161-50b77d01e3af
cnt-7_1   | 2024-10-15T06:28:09.199257851 | Message sent in 1208ms. 9aa6933f-548f-40ae-a257-1f6ea9df3244
cnt-5_1   | 2024-10-15T06:28:10.003527131 | Message sent in 547ms. 330c2c52-bbcf-4e69-9f3f-a2eedd267b6d
cnt-1_1   | Sending message at 2024-10-15T06:28:10.125030133. 0b222391-0fce-4a5e-b35b-0b0c9f044d0c
cnt-4_1   | Sending message at 2024-10-15T06:28:10.763677640. 65ddba46-bc7d-4dca-b9ce-2889ba4552d0
cnt-3_1   | 2024-10-15T06:28:10.824823026 | Message sent in 618ms. b339e2f9-caf6-4f30-bf2d-8d764110c777
cnt-10_1  | Sending message at 2024-10-15T06:28:10.902987840. 95cc49a1-6a12-4fcc-88cb-505af8b7163f
cnt-5_1   | Sending message at 2024-10-15T06:28:11.443992391. 83e8ae5d-1a90-4049-b534-e17ec58b4829
cnt-5_1   | 2024-10-15T06:28:11.935850912 | Message sent in 491ms. 83e8ae5d-1a90-4049-b534-e17ec58b4829
cnt-1_1   | 2024-10-15T06:28:12.594269837 | Message sent in 612ms. 5dfcee63-3ed4-4ad5-8ec2-42e04ffac584
cnt-4_1   | 2024-10-15T06:28:12.629029367 | Message sent in 475ms. c54516bd-56a3-465a-ac4d-4bce8bbf210b
cnt-2_1   | Sending message at 2024-10-15T06:28:13.609927777. 68dd7213-e741-46a3-9dd0-9d8647a8b25c
cnt-3_1   | Sending message at 2024-10-15T06:28:14.078209052. f11a6c5f-d6aa-45e2-884f-f2923975f71d
cnt-6_1   | Sending message at 2024-10-15T06:28:16.012108562. 4c3388fa-882a-44ef-8f16-89cb87527535
cnt-4_1   | 2024-10-15T06:28:16.157339033 | Message sent in 580ms. 65ddba46-bc7d-4dca-b9ce-2889ba4552d0
cnt-10_1  | Sending message at 2024-10-15T06:28:16.323858046. 0f71aa38-a4c7-4c83-89cb-5af2f728a2cb
cnt-1_1   | 2024-10-15T06:28:16.478696598 | Message sent in 899ms. eb78c851-b2d2-4797-8483-fbb044f901e0
cnt-8_1   | Sending message at 2024-10-15T06:28:16.753294220. 9c720adb-cbb6-4ec5-94b4-77a20aa6dad4
cnt-8_1   | Sending message at 2024-10-15T06:28:16.824050041. f397a5a2-69c4-426a-8b43-8f0dfb113ba8
cnt-1_1   | Sending message at 2024-10-15T06:28:16.924240828. 0b222391-0fce-4a5e-b35b-0b0c9f044d0c
cnt-6_1   | Sending message at 2024-10-15T06:28:16.924240175. 25d62ade-201a-432d-8454-8c4c42929139
cnt-9_1   | Sending message at 2024-10-15T06:28:17.790666792. acb6ad4e-1ce2-44c5-a9e0-3b939902a5dd
cnt-3_1   | 2024-10-15T06:28:18.487477822 | Message sent in 912ms. f11a6c5f-d6aa-45e2-884f-f2923975f71d
cnt-7_1   | 2024-10-15T06:28:18.492472921 | Message sent in 491ms. c2cc3319-a807-4eb9-83f0-d1fb25e96d40
cnt-4_1   | Sending message at 2024-10-15T06:28:18.601327346. bb553571-2e3f-4929-94ef-420188002be5
cnt-8_1   | 2024-10-15T06:28:18.705850929 | Message sent in 486ms. 9c720adb-cbb6-4ec5-94b4-77a20aa6dad4
cnt-7_1   | 2024-10-15T06:28:18.708352422 | Message sent in 517ms. 7dbe4e50-6e05-476d-ba4d-847476b95fa9
cnt-1_1   | 2024-10-15T06:28:18.860943564 | Message sent in 399ms. 5dfcee63-3ed4-4ad5-8ec2-42e04ffac584
cnt-10_1  | Sending message at 2024-10-15T06:28:19.455864691. 5deb73ee-7c70-4f67-a52a-1c33e4eb6b32
cnt-3_1   | 2024-10-15T06:28:20.377160278 | Message sent in 900ms. fd6d4d84-1bb1-4c25-afa7-3d21af0a029f
cnt-2_1   | 2024-10-15T06:28:20.689088153 | Message sent in 1212ms. c5e7e34e-b1aa-4086-b05c-b9ed3860a09f
cnt-6_1   | Sending message at 2024-10-15T06:28:21.261005294. 4c3388fa-882a-44ef-8f16-89cb87527535
cnt-7_1   | Sending message at 2024-10-15T06:28:21.704824679. bc9d728e-1a4f-45ef-ba64-b368e0b32972
cnt-1_1   | Sending message at 2024-10-15T06:28:21.711795181. 5dfcee63-3ed4-4ad5-8ec2-42e04ffac584
cnt-6_1   | 2024-10-15T06:28:23.655565954 | Message sent in 495ms. 4c3388fa-882a-44ef-8f16-89cb87527535
cnt-7_1   | Sending message at 2024-10-15T06:28:23.750781497. 9aa6933f-548f-40ae-a257-1f6ea9df3244
cnt-10_1  | 2024-10-15T06:28:23.817546241 | Message sent in 531ms. 95cc49a1-6a12-4fcc-88cb-505af8b7163f
cnt-3_1   | Sending message at 2024-10-15T06:28:23.845794950. b339e2f9-caf6-4f30-bf2d-8d764110c777
cnt-2_1   | 2024-10-15T06:28:24.048057667 | Message sent in 545ms. 5fe04b8e-7e62-467e-a161-50b77d01e3af
cnt-9_1   | 2024-10-15T06:28:25.860590890 | Message sent in 579ms. acb6ad4e-1ce2-44c5-a9e0-3b939902a5dd
cnt-8_1   | 2024-10-15T06:28:26.237154085 | Message sent in 841ms. 9c720adb-cbb6-4ec5-94b4-77a20aa6dad4
cnt-3_1   | Sending message at 2024-10-15T06:28:26.263348373. fd6d4d84-1bb1-4c25-afa7-3d21af0a029f
cnt-3_1   | 2024-10-15T06:28:26.805378823 | Message sent in 542ms. fd6d4d84-1bb1-4c25-afa7-3d21af0a029f
cnt-6_1   | Sending message at 2024-10-15T06:28:27.107456701. 8e855495-4add-43b9-88fb-c5950f8a8f85
cnt-6_1   | Sending message at 2024-10-15T06:28:27.663119935. 3429700b-cb43-443e-9e68-ef48501cb8d0
cnt-3_1   | Sending message at 2024-10-15T06:28:27.721123918. a0e83d2c-9653-48eb-bb8b-976d2ce6e2c4
cnt-8_1   | 2024-10-15T06:28:27.972241860 | Message sent in 7749ms. 2bf6c94e-2a02-422a-819f-b077ff9ddb3c
cnt-8_1   | 2024-10-15T06:28:28.792949845 | Message sent in 539ms. aa8ab818-18a0-494f-b24e-e7ea111bec53
cnt-8_1   | Sending message at 2024-10-15T06:28:28.972420430. 2bf6c94e-2a02-422a-819f-b077ff9ddb3c
cnt-3_1   | Sending message at 2024-10-15T06:28:29.203031287. a0e83d2c-9653-48eb-bb8b-976d2ce6e2c4
cnt-8_1   | 2024-10-15T06:28:29.439456472 | Message sent in 472ms. 31a8283b-6b1c-41b7-b733-6bc2d0ef55d0
cnt-7_1   | Sending message at 2024-10-15T06:28:29.895139508. bc9d728e-1a4f-45ef-ba64-b368e0b32972
cnt-4_1   | Sending message at 2024-10-15T06:28:30.484028428. bb553571-2e3f-4929-94ef-420188002be5
cnt-9_1   | Sending message at 2024-10-15T06:28:30.505571862. 650092f4-72b5-48aa-85b6-a2e5741cd345
cnt-10_1  | Sending message at 2024-10-15T06:28:31.086790117. 49691ce3-dae4-4a3e-94bf-a2b9d1d11e8a
cnt-5_1   | Sending message at 2024-10-15T06:28:31.955903200. d3366081-8da4-4993-a019-744adddc9ca9
cnt-2_1   | 2024-10-15T06:28:34.193027254 | Message sent in 614ms. 68dd7213-e741-46a3-9dd0-9d8647a8b25c
cnt-3_1   | Sending message at 2024-10-15T06:28:35.193361883. f11a6c5f-d6aa-45e2-884f-f2923975f71d
cnt-7_1   | Sending message at 2024-10-15T06:28:35.193383897. 9aa45c23-bf4d-4750-9f98-f6709b3efd31
cnt-2_1   | Sending message at 2024-10-15T06:28:35.193340059. 68dd7213-e741-46a3-9dd0-9d8647a8b25c
cnt-1_1   | Scheduled exit. Godbyeeeeeeeeeeeeeee...
asb-debug_cnt-1_1 exited with code 69
cnt-5_1   | Scheduled exit. Godbyeeeeeeeeeeeeeee...
cnt-8_1   | Sending message at 2024-10-15T06:28:36.020222228. aa8ab818-18a0-494f-b24e-e7ea111bec53
asb-debug_cnt-5_1 exited with code 69
cnt-5_1   | Starting the application. Logging messages with probability 0.05...
cnt-7_1   | Scheduled exit. Godbyeeeeeeeeeeeeeee...
cnt-1_1   | Sending message at 2024-10-15T06:28:37.679726531. ed52e234-2e49-4767-b30e-303bf95c0891
asb-debug_cnt-7_1 exited with code 69
cnt-7_1   | Starting the application. Logging messages with probability 0.05...
cnt-2_1   | Scheduled exit. Godbyeeeeeeeeeeeeeee...
asb-debug_cnt-2_1 exited with code 69
cnt-2_1   | Starting the application. Logging messages with probability 0.05...
cnt-4_1   | Scheduled exit. Godbyeeeeeeeeeeeeeee...
asb-debug_cnt-4_1 exited with code 69
cnt-4_1   | Starting the application. Logging messages with probability 0.05...
cnt-2_1   | 2024-10-15T06:28:42.618988369 | Message sent in 2048ms. 7bbba3b4-8414-42f3-be10-5dd6b6215cc6
cnt-9_1   | Scheduled exit. Godbyeeeeeeeeeeeeeee...
asb-debug_cnt-9_1 exited with code 69
cnt-9_1   | Starting the application. Logging messages with probability 0.05...
cnt-10_1  | Scheduled exit. Godbyeeeeeeeeeeeeeee...
cnt-4_1   | 2024-10-15T06:28:44.387175489 | Message sent in 1586ms. 7e58209d-e48d-4d6a-b046-bac9489b2f12
cnt-4_1   | Sending message at 2024-10-15T06:28:44.768919476. bef532f8-c1a2-467d-8cac-20d72cde2b50
asb-debug_cnt-10_1 exited with code 69
cnt-4_1   | Sending message at 2024-10-15T06:28:44.801662676. 9c6529b6-fd73-452b-8916-ed6fd44f3619
cnt-10_1  | Starting the application. Logging messages with probability 0.05...
cnt-5_1   | Sending message at 2024-10-15T06:28:45.143494725. 669eadfc-f67f-4948-879e-6f59c6b43aae
cnt-8_1   | 2024-10-15T06:28:45.584681774 | Message sent in 7164ms. 9c720adb-cbb6-4ec5-94b4-77a20aa6dad4
cnt-2_1   | Sending message at 2024-10-15T06:28:45.682535249. 0524f369-5173-4251-bc06-3211bb2c12c6
cnt-8_1   | Scheduled exit. Godbyeeeeeeeeeeeeeee...
cnt-7_1   | Sending message at 2024-10-15T06:28:46.433512493. 89491387-d53d-4a6e-b9b6-189194832333
asb-debug_cnt-8_1 exited with code 69
cnt-3_1   | Scheduled exit. Godbyeeeeeeeeeeeeeee...
cnt-6_1   | Scheduled exit. Godbyeeeeeeeeeeeeeee...
asb-debug_cnt-3_1 exited with code 69
asb-debug_cnt-6_1 exited with code 69
cnt-5_1   | 2024-10-15T06:28:47.585235564 | Message sent in 503ms. e9d7c073-2816-45ad-a674-83583bbf5dca
cnt-4_1   | Sending message at 2024-10-15T06:28:47.741960816. bef532f8-c1a2-467d-8cac-20d72cde2b50
cnt-4_1   | Sending message at 2024-10-15T06:28:48.054483047. 50598c84-9f3c-4f8a-8d08-8e0deb5121c9
cnt-6_1   | Starting the application. Logging messages with probability 0.05...
cnt-2_1   | 2024-10-15T06:28:48.347772088 | Message sent in 614ms. 08b0be47-096d-433b-ae56-cac0296fce01
cnt-6_1   | 2024-10-15T06:28:53.003929918 | Message sent in 537ms. 81def984-0eec-4d07-8f6c-279261702c82
cnt-7_1   | 2024-10-15T06:28:56.040483927 | Message sent in 7114ms. 2c9870cc-8739-4917-93a7-808163bc51f1
cnt-1_1   | 2024-10-15T06:28:56.287649249 | Message sent in 7115ms. 2cb8bbd7-7677-4960-8fbc-9fa736f90a13
cnt-9_1   | 2024-10-15T06:28:56.606128008 | Message sent in 7136ms. 929fdee9-1e41-4b44-ad43-5b57437ec2e9
cnt-9_1   | Sending message at 2024-10-15T06:28:57.806380392. c5e41707-5ae5-458b-9268-5c245eea79b4
cnt-2_1   | Sending message at 2024-10-15T06:28:57.972739959. 9cd15153-d6e8-43b8-b175-115d62a54ecb
cnt-6_1   | 2024-10-15T06:28:57.999575449 | Message sent in 334ms. 331ba950-3559-43a2-88c7-c32ec7903719
cnt-6_1   | Sending message at 2024-10-15T06:28:58.498430133. 81def984-0eec-4d07-8f6c-279261702c82
cnt-4_1   | Sending message at 2024-10-15T06:28:58.999558981. bef532f8-c1a2-467d-8cac-20d72cde2b50
cnt-6_1   | Sending message at 2024-10-15T06:28:58.999822277. 331ba950-3559-43a2-88c7-c32ec7903719
cnt-10_1  | Sending message at 2024-10-15T06:28:58.998860004. 95d97ded-3d4e-4b9f-9585-4d27025ee04b
cnt-9_1   | Sending message at 2024-10-15T06:28:59.098142797. 929fdee9-1e41-4b44-ad43-5b57437ec2e9
cnt-7_1   | 2024-10-15T06:28:59.537686043 | Message sent in 474ms. 661f001d-e364-4245-8d4a-c09c77c59c62
cnt-10_1  | 2024-10-15T06:28:59.945546495 | Message sent in 496ms. 18a54b42-9a8d-45ed-8997-1c3b5aa60448
cnt-1_1   | Sending message at 2024-10-15T06:29:00.223968741. e1b1a57f-ed80-4850-b610-65984e8394b5
cnt-8_1   | Sending message at 2024-10-15T06:29:01.088043354. 40ca09f7-0e4f-4860-bb8d-6adbfdfa7460
cnt-5_1   | Sending message at 2024-10-15T06:29:01.112964818. a56b9ed1-1f76-457a-a296-e2fa9f93c310
cnt-6_1   | 2024-10-15T06:29:01.324219598 | Message sent in 777ms. ece849e9-fda7-44e9-a087-61361bd8dafc
cnt-9_1   | 2024-10-15T06:29:01.936624138 | Message sent in 507ms. b4a8d245-e84d-47f0-9854-e689139372f3
cnt-6_1   | 2024-10-15T06:29:01.988197646 | Message sent in 358ms. 331ba950-3559-43a2-88c7-c32ec7903719
cnt-10_1  | Sending message at 2024-10-15T06:29:02.306290494. 95d97ded-3d4e-4b9f-9585-4d27025ee04b
cnt-1_1   | Sending message at 2024-10-15T06:29:02.330231349. ed52e234-2e49-4767-b30e-303bf95c0891
cnt-6_1   | Sending message at 2024-10-15T06:29:02.988446926. 331ba950-3559-43a2-88c7-c32ec7903719
cnt-3_1   | Sending message at 2024-10-15T06:29:03.154745774. 2f30e0de-ff68-416a-9681-491a51f1b426
cnt-2_1   | 2024-10-15T06:29:03.375510776 | Message sent in 1057ms. 08b0be47-096d-433b-ae56-cac0296fce01
cnt-5_1   | Sending message at 2024-10-15T06:29:04.324747177. a56b9ed1-1f76-457a-a296-e2fa9f93c310
cnt-8_1   | Sending message at 2024-10-15T06:29:04.352418277. 546c731f-01de-4a49-8925-90974cd9daa4
cnt-2_1   | Sending message at 2024-10-15T06:29:04.690310655. ebabbbbe-ef55-4853-8684-48d1cd397cfb
cnt-7_1   | 2024-10-15T06:29:04.794663664 | Message sent in 481ms. 661f001d-e364-4245-8d4a-c09c77c59c62
cnt-2_1   | 2024-10-15T06:29:05.294812255 | Message sent in 966ms. 9cd15153-d6e8-43b8-b175-115d62a54ecb
cnt-1_1   | 2024-10-15T06:29:05.297132353 | Message sent in 956ms. 947ed292-e4ff-4790-a11b-532ca8031697
cnt-8_1   | 2024-10-15T06:29:05.407756713 | Message sent in 1055ms. 546c731f-01de-4a49-8925-90974cd9daa4
cnt-9_1   | 2024-10-15T06:29:05.411152450 | Message sent in 1038ms. c5e41707-5ae5-458b-9268-5c245eea79b4
cnt-7_1   | 2024-10-15T06:29:05.531772454 | Message sent in 1150ms. f3bb8781-0694-49df-b7ad-bb476d5e1301
cnt-5_1   | Sending message at 2024-10-15T06:29:05.790085257. 669eadfc-f67f-4948-879e-6f59c6b43aae
cnt-6_1   | Sending message at 2024-10-15T06:29:05.805507264. ece849e9-fda7-44e9-a087-61361bd8dafc
cnt-5_1   | 2024-10-15T06:29:06.274711167 | Message sent in 484ms. 669eadfc-f67f-4948-879e-6f59c6b43aae
cnt-9_1   | Sending message at 2024-10-15T06:29:06.377676140. 680f3541-2577-4c92-9a2f-91f675066d75
cnt-2_1   | 2024-10-15T06:29:06.498122382 | Message sent in 651ms. 7bbba3b4-8414-42f3-be10-5dd6b6215cc6
cnt-4_1   | 2024-10-15T06:29:06.957861035 | Message sent in 701ms. 9c6529b6-fd73-452b-8916-ed6fd44f3619
cnt-3_1   | Sending message at 2024-10-15T06:29:07.288397344. 0fa59b87-54a9-4dc5-8e6c-54ddebe3f6ac
cnt-5_1   | 2024-10-15T06:29:07.316987985 | Message sent in 979ms. a56b9ed1-1f76-457a-a296-e2fa9f93c310
cnt-8_1   | 2024-10-15T06:29:07.371985434 | Message sent in 936ms. 55f7a203-2807-4641-84d1-74ee943f320e
cnt-10_1  | 2024-10-15T06:29:07.424681011 | Message sent in 1017ms. 8dadc108-7a15-4cba-9280-70719945850e
cnt-1_1   | 2024-10-15T06:29:07.599397793 | Message sent in 768ms. 2cb8bbd7-7677-4960-8fbc-9fa736f90a13
cnt-5_1   | Sending message at 2024-10-15T06:29:08.327178549. 528daf53-e17d-4c8b-ba6f-b5f53d3a0a77
cnt-9_1   | Sending message at 2024-10-15T06:29:08.396419904. c5e41707-5ae5-458b-9268-5c245eea79b4
cnt-6_1   | 2024-10-15T06:29:08.871404993 | Message sent in 628ms. 3c1517d5-3173-4ab0-9fb7-8be2cb1459e7
cnt-8_1   | 2024-10-15T06:29:09.099914128 | Message sent in 727ms. 55f7a203-2807-4641-84d1-74ee943f320e
cnt-1_1   | Sending message at 2024-10-15T06:29:09.404107842. 5ad59b2e-8d42-4dc3-8dce-b75154488226
cnt-2_1   | Sending message at 2024-10-15T06:29:10.415974273. 0524f369-5173-4251-bc06-3211bb2c12c6
cnt-5_1   | Sending message at 2024-10-15T06:29:10.914755564. 669eadfc-f67f-4948-879e-6f59c6b43aae
cnt-1_1   | 2024-10-15T06:29:11.100672037 | Message sent in 681ms. 2cb8bbd7-7677-4960-8fbc-9fa736f90a13
cnt-3_1   | 2024-10-15T06:29:11.443588378 | Message sent in 528ms. 0fa59b87-54a9-4dc5-8e6c-54ddebe3f6ac
cnt-6_1   | Sending message at 2024-10-15T06:29:11.465995108. 3c1517d5-3173-4ab0-9fb7-8be2cb1459e7
cnt-8_1   | 2024-10-15T06:29:12.216798606 | Message sent in 548ms. 5682ef31-5d75-484b-bd6a-52327a703b13
cnt-3_1   | Sending message at 2024-10-15T06:29:12.447450610. 0fa59b87-54a9-4dc5-8e6c-54ddebe3f6ac
cnt-6_1   | Sending message at 2024-10-15T06:29:12.850044567. 3c1517d5-3173-4ab0-9fb7-8be2cb1459e7
cnt-4_1   | Sending message at 2024-10-15T06:29:13.651811584. 3dc53d66-92ff-4a14-b1fc-0b0af817351a
cnt-6_1   | 2024-10-15T06:29:13.678326502 | Message sent in 624ms. caa2a31e-286a-4513-a526-fd5e6d60e4d7
cnt-2_1   | Sending message at 2024-10-15T06:29:15.206204986. 0524f369-5173-4251-bc06-3211bb2c12c6
cnt-9_1   | 2024-10-15T06:29:15.516422751 | Message sent in 1278ms. 46967ac9-a720-4552-9495-5aef60c71c7b
cnt-9_1   | Sending message at 2024-10-15T06:29:15.628296334. 680f3541-2577-4c92-9a2f-91f675066d75
cnt-10_1  | 2024-10-15T06:29:16.931803656 | Message sent in 638ms. c5d1d47b-ce7e-4143-837c-47ad613548d8
cnt-2_1   | 2024-10-15T06:29:17.188745032 | Message sent in 730ms. 9cd15153-d6e8-43b8-b175-115d62a54ecb
cnt-9_1   | Sending message at 2024-10-15T06:29:17.241585335. 680f3541-2577-4c92-9a2f-91f675066d75
cnt-4_1   | Sending message at 2024-10-15T06:29:18.342738219. bef532f8-c1a2-467d-8cac-20d72cde2b50
cnt-7_1   | Sending message at 2024-10-15T06:29:18.434668912. f3bb8781-0694-49df-b7ad-bb476d5e1301
cnt-4_1   | 2024-10-15T06:29:18.864603282 | Message sent in 522ms. bef532f8-c1a2-467d-8cac-20d72cde2b50
cnt-10_1  | 2024-10-15T06:29:19.279264308 | Message sent in 564ms. 95d97ded-3d4e-4b9f-9585-4d27025ee04b
cnt-2_1   | Sending message at 2024-10-15T06:29:19.536737414. 7bbba3b4-8414-42f3-be10-5dd6b6215cc6
cnt-4_1   | Sending message at 2024-10-15T06:29:19.682215507. 7e58209d-e48d-4d6a-b046-bac9489b2f12
cnt-2_1   | Sending message at 2024-10-15T06:29:19.920449058. ebabbbbe-ef55-4853-8684-48d1cd397cfb
cnt-6_1   | 2024-10-15T06:29:20.247587889 | Message sent in 537ms. 3c1517d5-3173-4ab0-9fb7-8be2cb1459e7
cnt-8_1   | 2024-10-15T06:29:20.356442060 | Message sent in 492ms. 5682ef31-5d75-484b-bd6a-52327a703b13
cnt-6_1   | 2024-10-15T06:29:20.381684332 | Message sent in 512ms. caa2a31e-286a-4513-a526-fd5e6d60e4d7
cnt-3_1   | Sending message at 2024-10-15T06:29:20.387316550. 0fa59b87-54a9-4dc5-8e6c-54ddebe3f6ac
cnt-4_1   | 2024-10-15T06:29:21.697683298 | Message sent in 492ms. 7e58209d-e48d-4d6a-b046-bac9489b2f12
cnt-8_1   | 2024-10-15T06:29:21.835392237 | Message sent in 479ms. 5682ef31-5d75-484b-bd6a-52327a703b13
cnt-4_1   | 2024-10-15T06:29:21.835863924 | Message sent in 476ms. bef532f8-c1a2-467d-8cac-20d72cde2b50
cnt-3_1   | Sending message at 2024-10-15T06:29:21.864348938. 97f17b16-1bab-47cb-b145-06328390416f
cnt-8_1   | 2024-10-15T06:29:21.885975569 | Message sent in 497ms. 546c731f-01de-4a49-8925-90974cd9daa4
cnt-6_1   | Sending message at 2024-10-15T06:29:22.667391060. 81def984-0eec-4d07-8f6c-279261702c82
cnt-1_1   | Sending message at 2024-10-15T06:29:22.900606109. ed52e234-2e49-4767-b30e-303bf95c0891
cnt-7_1   | Sending message at 2024-10-15T06:29:23.361278518. ade7a664-5877-4bca-81ca-c43f6ba09e7e
cnt-7_1   | 2024-10-15T06:29:24.352809435 | Message sent in 630ms. f3bb8781-0694-49df-b7ad-bb476d5e1301
cnt-1_1   | Sending message at 2024-10-15T06:29:24.378217997. 947ed292-e4ff-4790-a11b-532ca8031697
cnt-6_1   | Sending message at 2024-10-15T06:29:24.555876667. 331ba950-3559-43a2-88c7-c32ec7903719
cnt-1_1   | 2024-10-15T06:29:24.835826715 | Message sent in 457ms. 947ed292-e4ff-4790-a11b-532ca8031697
cnt-3_1   | 2024-10-15T06:29:25.821843762 | Message sent in 630ms. 0fa59b87-54a9-4dc5-8e6c-54ddebe3f6ac
cnt-3_1   | Sending message at 2024-10-15T06:29:25.830112368. 94938f14-bf09-4528-b5bb-f7b7a1f64a2c
cnt-9_1   | 2024-10-15T06:29:26.002087657 | Message sent in 777ms. c5e41707-5ae5-458b-9268-5c245eea79b4
cnt-10_1  | Sending message at 2024-10-15T06:29:28.277366239. 18a54b42-9a8d-45ed-8997-1c3b5aa60448
cnt-9_1   | Sending message at 2024-10-15T06:29:28.382621288. c5e41707-5ae5-458b-9268-5c245eea79b4
cnt-3_1   | Sending message at 2024-10-15T06:29:28.528745628. 97f17b16-1bab-47cb-b145-06328390416f
cnt-7_1   | Sending message at 2024-10-15T06:29:28.880627569. 661f001d-e364-4245-8d4a-c09c77c59c62
cnt-3_1   | Sending message at 2024-10-15T06:29:28.886675863. 94938f14-bf09-4528-b5bb-f7b7a1f64a2c
cnt-1_1   | 2024-10-15T06:29:28.999675892 | Message sent in 479ms. 2cb8bbd7-7677-4960-8fbc-9fa736f90a13
cnt-3_1   | Sending message at 2024-10-15T06:29:30.090877279. 97f17b16-1bab-47cb-b145-06328390416f
cnt-8_1   | 2024-10-15T06:29:30.344899286 | Message sent in 496ms. 0f793ab4-e99b-4c85-a0ef-dc7304df925b
cnt-2_1   | Sending message at 2024-10-15T06:29:31.588355194. 08b0be47-096d-433b-ae56-cac0296fce01
cnt-1_1   | Scheduled exit. Godbyeeeeeeeeeeeeeee...
asb-debug_cnt-1_1 exited with code 69
cnt-5_1   | Scheduled exit. Godbyeeeeeeeeeeeeeee...
asb-debug_cnt-5_1 exited with code 69
cnt-2_1   | 2024-10-15T06:29:37.653649594 | Message sent in 7097ms. 7bbba3b4-8414-42f3-be10-5dd6b6215cc6
cnt-5_1   | Starting the application. Logging messages with probability 0.05...
cnt-7_1   | Scheduled exit. Godbyeeeeeeeeeeeeeee...
asb-debug_cnt-7_1 exited with code 69
cnt-5_1   | Sending message at 2024-10-15T06:29:39.209763219. dfcc598c-2afc-41f1-b0af-d75f282c4ef2
cnt-7_1   | Starting the application. Logging messages with probability 0.05...
cnt-3_1   | 2024-10-15T06:29:39.677990107 | Message sent in 466ms. 0fa59b87-54a9-4dc5-8e6c-54ddebe3f6ac
cnt-2_1   | Scheduled exit. Godbyeeeeeeeeeeeeeee...
asb-debug_cnt-2_1 exited with code 69
cnt-4_1   | 2024-10-15T06:29:41.311212851 | Message sent in 566ms. 3dc53d66-92ff-4a14-b1fc-0b0af817351a
cnt-2_1   | Starting the application. Logging messages with probability 0.05...
cnt-10_1  | 2024-10-15T06:29:41.551366946 | Message sent in 505ms. 18a54b42-9a8d-45ed-8997-1c3b5aa60448
cnt-4_1   | Scheduled exit. Godbyeeeeeeeeeeeeeee...
cnt-10_1  | [pool-8-thread-1] ERROR org.example.Main - Failed to send message
cnt-10_1  | java.lang.IllegalStateException: Timeout on blocking read for 17400000000 NANOSECONDS
cnt-10_1  | 	at reactor.core.publisher.BlockingSingleSubscriber.blockingGet(BlockingSingleSubscriber.java:124)
cnt-10_1  | 	at reactor.core.publisher.Mono.block(Mono.java:1766)
cnt-10_1  | 	at com.azure.messaging.servicebus.ServiceBusSenderClient.sendMessage(ServiceBusSenderClient.java:266)
cnt-10_1  | 	at org.example.Main.lambda$schedulePublishing$3(Main.java:84)
cnt-10_1  | 	at java.base/java.util.concurrent.Executors$RunnableAdapter.call(Executors.java:539)
cnt-10_1  | 	at java.base/java.util.concurrent.FutureTask.runAndReset(FutureTask.java:305)
cnt-10_1  | 	at java.base/java.util.concurrent.ScheduledThreadPoolExecutor$ScheduledFutureTask.run(ScheduledThreadPoolExecutor.java:305)
cnt-10_1  | 	at java.base/java.util.concurrent.ThreadPoolExecutor.runWorker(ThreadPoolExecutor.java:1136)
cnt-10_1  | 	at java.base/java.util.concurrent.ThreadPoolExecutor$Worker.run(ThreadPoolExecutor.java:635)
cnt-10_1  | 	at java.base/java.lang.Thread.run(Thread.java:840)
cnt-10_1  | Blocking read error encountered with 14eefb60-0f43-4d06-9799-03f8d1b4f692. No more restarts.
cnt-9_1   | [pool-5-thread-1] ERROR org.example.Main - Failed to send message
cnt-9_1   | java.lang.IllegalStateException: Timeout on blocking read for 17400000000 NANOSECONDS
cnt-9_1   | 	at reactor.core.publisher.BlockingSingleSubscriber.blockingGet(BlockingSingleSubscriber.java:124)
cnt-9_1   | 	at reactor.core.publisher.Mono.block(Mono.java:1766)
cnt-9_1   | 	at com.azure.messaging.servicebus.ServiceBusSenderClient.sendMessage(ServiceBusSenderClient.java:266)
cnt-9_1   | 	at org.example.Main.lambda$schedulePublishing$3(Main.java:84)
cnt-9_1   | 	at java.base/java.util.concurrent.Executors$RunnableAdapter.call(Executors.java:539)
cnt-9_1   | 	at java.base/java.util.concurrent.FutureTask.runAndReset(FutureTask.java:305)
cnt-9_1   | 	at java.base/java.util.concurrent.ScheduledThreadPoolExecutor$ScheduledFutureTask.run(ScheduledThreadPoolExecutor.java:305)
cnt-9_1   | 	at java.base/java.util.concurrent.ThreadPoolExecutor.runWorker(ThreadPoolExecutor.java:1136)
cnt-9_1   | 	at java.base/java.util.concurrent.ThreadPoolExecutor$Worker.run(ThreadPoolExecutor.java:635)
cnt-9_1   | 	at java.base/java.lang.Thread.run(Thread.java:840)
cnt-9_1   | [pool-6-thread-1] ERROR org.example.Main - Failed to send message
cnt-9_1   | java.lang.IllegalStateException: Timeout on blocking read for 17400000000 NANOSECONDS
cnt-9_1   | 	at reactor.core.publisher.BlockingSingleSubscriber.blockingGet(BlockingSingleSubscriber.java:124)
cnt-9_1   | 	at reactor.core.publisher.Mono.block(Mono.java:1766)
cnt-9_1   | 	at com.azure.messaging.servicebus.ServiceBusSenderClient.sendMessage(ServiceBusSenderClient.java:266)
cnt-9_1   | 	at org.example.Main.lambda$schedulePublishing$3(Main.java:84)
cnt-9_1   | 	at java.base/java.util.concurrent.Executors$RunnableAdapter.call(Executors.java:539)
cnt-9_1   | 	at java.base/java.util.concurrent.FutureTask.runAndReset(FutureTask.java:305)
cnt-9_1   | 	at java.base/java.util.concurrent.ScheduledThreadPoolExecutor$ScheduledFutureTask.run(ScheduledThreadPoolExecutor.java:305)
cnt-9_1   | 	at java.base/java.util.concurrent.ThreadPoolExecutor.runWorker(ThreadPoolExecutor.java:1136)
cnt-9_1   | 	at java.base/java.util.concurrent.ThreadPoolExecutor$Worker.run(ThreadPoolExecutor.java:635)
cnt-9_1   | 	at java.base/java.lang.Thread.run(Thread.java:840)
cnt-3_1   | [pool-7-thread-1] ERROR org.example.Main - Failed to send message
cnt-3_1   | java.lang.IllegalStateException: Timeout on blocking read for 17400000000 NANOSECONDS
cnt-3_1   | 	at reactor.core.publisher.BlockingSingleSubscriber.blockingGet(BlockingSingleSubscriber.java:124)
cnt-3_1   | 	at reactor.core.publisher.Mono.block(Mono.java:1766)
cnt-3_1   | 	at com.azure.messaging.servicebus.ServiceBusSenderClient.sendMessage(ServiceBusSenderClient.java:266)
cnt-3_1   | 	at org.example.Main.lambda$schedulePublishing$3(Main.java:84)
cnt-9_1   | Blocking read error encountered with 929fdee9-1e41-4b44-ad43-5b57437ec2e9. No more restarts.
cnt-9_1   | Blocking read error encountered with 46967ac9-a720-4552-9495-5aef60c71c7b. No more restarts.
cnt-3_1   | 	at java.base/java.util.concurrent.Executors$RunnableAdapter.call(Executors.java:539)
cnt-3_1   | 	at java.base/java.util.concurrent.FutureTask.runAndReset(FutureTask.java:305)
cnt-3_1   | 	at java.base/java.util.concurrent.ScheduledThreadPoolExecutor$ScheduledFutureTask.run(ScheduledThreadPoolExecutor.java:305)
cnt-8_1   | [pool-5-thread-1] ERROR org.example.Main - Failed to send message
cnt-3_1   | 	at java.base/java.util.concurrent.ThreadPoolExecutor.runWorker(ThreadPoolExecutor.java:1136)
cnt-3_1   | 	at java.base/java.util.concurrent.ThreadPoolExecutor$Worker.run(ThreadPoolExecutor.java:635)
cnt-8_1   | java.lang.IllegalStateException: Timeout on blocking read for 17400000000 NANOSECONDS
cnt-8_1   | 	at reactor.core.publisher.BlockingSingleSubscriber.blockingGet(BlockingSingleSubscriber.java:124)
cnt-8_1   | 	at reactor.core.publisher.Mono.block(Mono.java:1766)
cnt-3_1   | 	at java.base/java.lang.Thread.run(Thread.java:840)
cnt-8_1   | 	at com.azure.messaging.servicebus.ServiceBusSenderClient.sendMessage(ServiceBusSenderClient.java:266)
cnt-8_1   | 	at org.example.Main.lambda$schedulePublishing$3(Main.java:84)
cnt-8_1   | 	at java.base/java.util.concurrent.Executors$RunnableAdapter.call(Executors.java:539)
cnt-8_1   | 	at java.base/java.util.concurrent.FutureTask.runAndReset(FutureTask.java:305)
cnt-8_1   | 	at java.base/java.util.concurrent.ScheduledThreadPoolExecutor$ScheduledFutureTask.run(ScheduledThreadPoolExecutor.java:305)
cnt-8_1   | 	at java.base/java.util.concurrent.ThreadPoolExecutor.runWorker(ThreadPoolExecutor.java:1136)
cnt-8_1   | 	at java.base/java.util.concurrent.ThreadPoolExecutor$Worker.run(ThreadPoolExecutor.java:635)
cnt-8_1   | 	at java.base/java.lang.Thread.run(Thread.java:840)
cnt-3_1   | Blocking read error encountered with 2f30e0de-ff68-416a-9681-491a51f1b426. No more restarts.
cnt-8_1   | Blocking read error encountered with 5682ef31-5d75-484b-bd6a-52327a703b13. No more restarts.
cnt-8_1   | [pool-4-thread-1] ERROR org.example.Main - Failed to send message
cnt-8_1   | java.lang.IllegalStateException: Timeout on blocking read for 17400000000 NANOSECONDS
cnt-8_1   | 	at reactor.core.publisher.BlockingSingleSubscriber.blockingGet(BlockingSingleSubscriber.java:124)
cnt-8_1   | 	at reactor.core.publisher.Mono.block(Mono.java:1766)
cnt-8_1   | 	at com.azure.messaging.servicebus.ServiceBusSenderClient.sendMessage(ServiceBusSenderClient.java:266)
cnt-8_1   | 	at org.example.Main.lambda$schedulePublishing$3(Main.java:84)
cnt-8_1   | 	at java.base/java.util.concurrent.Executors$RunnableAdapter.call(Executors.java:539)
cnt-8_1   | 	at java.base/java.util.concurrent.FutureTask.runAndReset(FutureTask.java:305)
cnt-8_1   | 	at java.base/java.util.concurrent.ScheduledThreadPoolExecutor$ScheduledFutureTask.run(ScheduledThreadPoolExecutor.java:305)
cnt-8_1   | 	at java.base/java.util.concurrent.ThreadPoolExecutor.runWorker(ThreadPoolExecutor.java:1136)
cnt-8_1   | 	at java.base/java.util.concurrent.ThreadPoolExecutor$Worker.run(ThreadPoolExecutor.java:635)
cnt-8_1   | 	at java.base/java.lang.Thread.run(Thread.java:840)
cnt-6_1   | [pool-6-thread-1] ERROR org.example.Main - Failed to send message
cnt-6_1   | java.lang.IllegalStateException: Timeout on blocking read for 17400000000 NANOSECONDS
cnt-6_1   | 	at reactor.core.publisher.BlockingSingleSubscriber.blockingGet(BlockingSingleSubscriber.java:124)
cnt-6_1   | 	at reactor.core.publisher.Mono.block(Mono.java:1766)
cnt-6_1   | 	at com.azure.messaging.servicebus.ServiceBusSenderClient.sendMessage(ServiceBusSenderClient.java:266)
cnt-6_1   | 	at org.example.Main.lambda$schedulePublishing$3(Main.java:84)
cnt-6_1   | 	at java.base/java.util.concurrent.Executors$RunnableAdapter.call(Executors.java:539)
cnt-6_1   | 	at java.base/java.util.concurrent.FutureTask.runAndReset(FutureTask.java:305)
cnt-6_1   | 	at java.base/java.util.concurrent.ScheduledThreadPoolExecutor$ScheduledFutureTask.run(ScheduledThreadPoolExecutor.java:305)
cnt-6_1   | 	at java.base/java.util.concurrent.ThreadPoolExecutor.runWorker(ThreadPoolExecutor.java:1136)
cnt-6_1   | 	at java.base/java.util.concurrent.ThreadPoolExecutor$Worker.run(ThreadPoolExecutor.java:635)
cnt-6_1   | 	at java.base/java.lang.Thread.run(Thread.java:840)
cnt-6_1   | [pool-8-thread-1] ERROR org.example.Main - Failed to send message
cnt-6_1   | java.lang.IllegalStateException: Timeout on blocking read for 17400000000 NANOSECONDS
cnt-6_1   | 	at reactor.core.publisher.BlockingSingleSubscriber.blockingGet(BlockingSingleSubscriber.java:124)
cnt-6_1   | 	at reactor.core.publisher.Mono.block(Mono.java:1766)
cnt-6_1   | 	at com.azure.messaging.servicebus.ServiceBusSenderClient.sendMessage(ServiceBusSenderClient.java:266)
cnt-6_1   | 	at org.example.Main.lambda$schedulePublishing$3(Main.java:84)
cnt-6_1   | 	at java.base/java.util.concurrent.Executors$RunnableAdapter.call(Executors.java:539)
cnt-6_1   | 	at java.base/java.util.concurrent.FutureTask.runAndReset(FutureTask.java:305)
cnt-6_1   | 	at java.base/java.util.concurrent.ScheduledThreadPoolExecutor$ScheduledFutureTask.run(ScheduledThreadPoolExecutor.java:305)
cnt-6_1   | 	at java.base/java.util.concurrent.ThreadPoolExecutor.runWorker(ThreadPoolExecutor.java:1136)
cnt-6_1   | 	at java.base/java.util.concurrent.ThreadPoolExecutor$Worker.run(ThreadPoolExecutor.java:635)
cnt-6_1   | 	at java.base/java.lang.Thread.run(Thread.java:840)
cnt-6_1   | Blocking read error encountered with 3c1517d5-3173-4ab0-9fb7-8be2cb1459e7. No more restarts.
cnt-6_1   | Blocking read error encountered with 331ba950-3559-43a2-88c7-c32ec7903719. No more restarts.
cnt-6_1   | [pool-4-thread-1] ERROR org.example.Main - Failed to send message
cnt-6_1   | java.lang.IllegalStateException: Timeout on blocking read for 17400000000 NANOSECONDS
cnt-6_1   | 	at reactor.core.publisher.BlockingSingleSubscriber.blockingGet(BlockingSingleSubscriber.java:124)
cnt-9_1   | [pool-7-thread-1] ERROR org.example.Main - Failed to send message
cnt-9_1   | java.lang.IllegalStateException: Timeout on blocking read for 17400000000 NANOSECONDS
cnt-9_1   | 	at reactor.core.publisher.BlockingSingleSubscriber.blockingGet(BlockingSingleSubscriber.java:124)
cnt-6_1   | 	at reactor.core.publisher.Mono.block(Mono.java:1766)
cnt-9_1   | 	at reactor.core.publisher.Mono.block(Mono.java:1766)
cnt-9_1   | 	at com.azure.messaging.servicebus.ServiceBusSenderClient.sendMessage(ServiceBusSenderClient.java:266)
cnt-9_1   | 	at org.example.Main.lambda$schedulePublishing$3(Main.java:84)
cnt-6_1   | 	at com.azure.messaging.servicebus.ServiceBusSenderClient.sendMessage(ServiceBusSenderClient.java:266)
cnt-6_1   | 	at org.example.Main.lambda$schedulePublishing$3(Main.java:84)
cnt-9_1   | 	at java.base/java.util.concurrent.Executors$RunnableAdapter.call(Executors.java:539)
cnt-9_1   | 	at java.base/java.util.concurrent.FutureTask.runAndReset(FutureTask.java:305)
cnt-9_1   | 	at java.base/java.util.concurrent.ScheduledThreadPoolExecutor$ScheduledFutureTask.run(ScheduledThreadPoolExecutor.java:305)
cnt-6_1   | 	at java.base/java.util.concurrent.Executors$RunnableAdapter.call(Executors.java:539)
cnt-6_1   | 	at java.base/java.util.concurrent.FutureTask.runAndReset(FutureTask.java:305)
cnt-6_1   | 	at java.base/java.util.concurrent.ScheduledThreadPoolExecutor$ScheduledFutureTask.run(ScheduledThreadPoolExecutor.java:305)
cnt-9_1   | 	at java.base/java.util.concurrent.ThreadPoolExecutor.runWorker(ThreadPoolExecutor.java:1136)
cnt-9_1   | 	at java.base/java.util.concurrent.ThreadPoolExecutor$Worker.run(ThreadPoolExecutor.java:635)
cnt-9_1   | 	at java.base/java.lang.Thread.run(Thread.java:840)
cnt-6_1   | 	at java.base/java.util.concurrent.ThreadPoolExecutor.runWorker(ThreadPoolExecutor.java:1136)
cnt-8_1   | [pool-6-thread-1] ERROR org.example.Main - Failed to send message
cnt-8_1   | java.lang.IllegalStateException: Timeout on blocking read for 17400000000 NANOSECONDS
cnt-8_1   | 	at reactor.core.publisher.BlockingSingleSubscriber.blockingGet(BlockingSingleSubscriber.java:124)
cnt-6_1   | 	at java.base/java.util.concurrent.ThreadPoolExecutor$Worker.run(ThreadPoolExecutor.java:635)
cnt-6_1   | 	at java.base/java.lang.Thread.run(Thread.java:840)
cnt-8_1   | 	at reactor.core.publisher.Mono.block(Mono.java:1766)
cnt-8_1   | 	at com.azure.messaging.servicebus.ServiceBusSenderClient.sendMessage(ServiceBusSenderClient.java:266)
cnt-8_1   | 	at org.example.Main.lambda$schedulePublishing$3(Main.java:84)
cnt-8_1   | 	at java.base/java.util.concurrent.Executors$RunnableAdapter.call(Executors.java:539)
cnt-8_1   | 	at java.base/java.util.concurrent.FutureTask.runAndReset(FutureTask.java:305)
cnt-8_1   | 	at java.base/java.util.concurrent.ScheduledThreadPoolExecutor$ScheduledFutureTask.run(ScheduledThreadPoolExecutor.java:305)
cnt-8_1   | 	at java.base/java.util.concurrent.ThreadPoolExecutor.runWorker(ThreadPoolExecutor.java:1136)
cnt-8_1   | 	at java.base/java.util.concurrent.ThreadPoolExecutor$Worker.run(ThreadPoolExecutor.java:635)
cnt-8_1   | 	at java.base/java.lang.Thread.run(Thread.java:840)
asb-debug_cnt-4_1 exited with code 69
cnt-1_1   | 2024-10-15T06:29:42.523690144 | Message sent in 1702ms. 87e464a1-f0f6-43e2-973b-8c2626ca428d
cnt-2_1   | Sending message at 2024-10-15T06:29:42.644868476. 3f72447a-4ee0-48e6-b7c2-96a0981004d7
cnt-4_1   | Starting the application. Logging messages with probability 0.05...
cnt-5_1   | Sending message at 2024-10-15T06:29:42.889931009. 6000b781-ecac-4a47-bf2d-477b8cf54352
cnt-5_1   | Sending message at 2024-10-15T06:29:42.902080436. 7740f643-c59a-4e07-8bda-f297030624f8
cnt-7_1   | 2024-10-15T06:29:44.908684355 | Message sent in 2037ms. 20fc7639-089c-4158-8b21-bcbd05289cdc
cnt-6_1   | Sending message at 2024-10-15T06:29:44.965959996. ece849e9-fda7-44e9-a087-61361bd8dafc
cnt-8_1   | 2024-10-15T06:29:45.878690204 | Message sent in 270ms. 0f793ab4-e99b-4c85-a0ef-dc7304df925b
cnt-3_1   | 2024-10-15T06:29:46.677836719 | Message sent in 576ms. 97f17b16-1bab-47cb-b145-06328390416f
cnt-2_1   | Sending message at 2024-10-15T06:29:47.030856941. 3f72447a-4ee0-48e6-b7c2-96a0981004d7
cnt-5_1   | Sending message at 2024-10-15T06:29:47.492487693. 6000b781-ecac-4a47-bf2d-477b8cf54352
cnt-10_1  | Sending message at 2024-10-15T06:29:47.596132337. fe0dd337-5745-442b-9e2e-b04a59b3d947
cnt-4_1   | 2024-10-15T06:29:47.736356196 | Message sent in 628ms. 17e92164-240c-4277-85a5-489e0ed61935
cnt-8_1   | 2024-10-15T06:29:48.679653364 | Message sent in 384ms. 0f793ab4-e99b-4c85-a0ef-dc7304df925b
cnt-9_1   | Sending message at 2024-10-15T06:29:48.917874377. 680f3541-2577-4c92-9a2f-91f675066d75
cnt-10_1  | 2024-10-15T06:29:49.020066153 | Message sent in 400ms. 8dadc108-7a15-4cba-9280-70719945850e
cnt-10_1  | 2024-10-15T06:29:49.138094189 | Message sent in 537ms. 95d97ded-3d4e-4b9f-9585-4d27025ee04b
cnt-5_1   | 2024-10-15T06:29:49.715813313 | Message sent in 522ms. 7740f643-c59a-4e07-8bda-f297030624f8
cnt-10_1  | Sending message at 2024-10-15T06:29:50.020266222. 8dadc108-7a15-4cba-9280-70719945850e
cnt-2_1   | Sending message at 2024-10-15T06:29:50.548664812. 55f53e67-efec-4519-8a86-f31dc39f3928
cnt-2_1   | 2024-10-15T06:29:50.595613944 | Message sent in 476ms. 3f72447a-4ee0-48e6-b7c2-96a0981004d7
cnt-9_1   | 2024-10-15T06:29:51.551009594 | Message sent in 8581ms. d9f64bf0-46e1-4b3a-82df-cd853eb18a37
cnt-7_1   | 2024-10-15T06:29:51.989409322 | Message sent in 7286ms. 013e3e73-fb4e-4d44-b0ca-5e6acfdf5fdc
cnt-7_1   | Sending message at 2024-10-15T06:29:52.208860569. c0030b99-7d53-4ff1-a43b-38d11ce6cf8c
cnt-9_1   | Sending message at 2024-10-15T06:29:52.521697998. 31fbe340-552e-4b93-9b17-9663592835d3
cnt-9_1   | Sending message at 2024-10-15T06:29:52.936864460. c5e41707-5ae5-458b-9268-5c245eea79b4
cnt-7_1   | Sending message at 2024-10-15T06:29:52.983701199. 0943c30d-5cc6-4b2c-87e3-65041b56750b
cnt-3_1   | Sending message at 2024-10-15T06:29:53.512680026. 185ffe90-9881-4541-8883-8247d1d11b2b
cnt-10_1  | Sending message at 2024-10-15T06:29:53.661992273. fe0dd337-5745-442b-9e2e-b04a59b3d947
cnt-2_1   | 2024-10-15T06:29:53.799493820 | Message sent in 540ms. 1415c3dd-f704-4215-9af0-88b62637caaf
cnt-7_1   | 2024-10-15T06:29:54.043957540 | Message sent in 677ms. 6ab0d267-3c95-4941-89d0-141edeaaefa5
cnt-2_1   | Sending message at 2024-10-15T06:29:54.799767993. 1415c3dd-f704-4215-9af0-88b62637caaf
cnt-4_1   | 2024-10-15T06:29:55.149114404 | Message sent in 696ms. 87fd59e9-54f6-4b3f-ae32-9694a4bc814e
cnt-3_1   | Sending message at 2024-10-15T06:29:55.363415209. 97f17b16-1bab-47cb-b145-06328390416f
cnt-7_1   | Sending message at 2024-10-15T06:29:55.429418168. 20fc7639-089c-4158-8b21-bcbd05289cdc
cnt-9_1   | Sending message at 2024-10-15T06:29:55.516306764. f0bbf988-18ed-4c92-b33b-7831053b3514
cnt-6_1   | 2024-10-15T06:29:55.947122737 | Message sent in 524ms. c5386b9a-0f02-4722-97bb-753b679c6678
cnt-4_1   | 2024-10-15T06:29:56.690904128 | Message sent in 1262ms. 0986ac32-03c3-4b87-a995-98ae3472251c
cnt-8_1   | Sending message at 2024-10-15T06:29:57.248484239. d90e7696-2c9a-4c46-9db5-aa11cec64ee4
cnt-1_1   | 2024-10-15T06:29:57.289091959 | Message sent in 723ms. d4d27b13-59fd-48b3-86b5-cd395b83a08e
cnt-3_1   | Sending message at 2024-10-15T06:29:57.783748061. 750d4874-b0fb-4830-b48d-182d55eaf2bb
cnt-1_1   | 2024-10-15T06:29:57.867564096 | Message sent in 588ms. 9061e255-4f8d-40dd-b2d0-d36002869bd2
cnt-9_1   | Sending message at 2024-10-15T06:29:58.017396497. c5e41707-5ae5-458b-9268-5c245eea79b4
cnt-3_1   | Sending message at 2024-10-15T06:29:58.409342052. 97f17b16-1bab-47cb-b145-06328390416f
cnt-10_1  | Sending message at 2024-10-15T06:29:58.858966272. c5d1d47b-ce7e-4143-837c-47ad613548d8
cnt-2_1   | Sending message at 2024-10-15T06:29:58.967708735. 55f53e67-efec-4519-8a86-f31dc39f3928
cnt-3_1   | 2024-10-15T06:29:59.490192001 | Message sent in 739ms. 0fa59b87-54a9-4dc5-8e6c-54ddebe3f6ac
cnt-10_1  | Sending message at 2024-10-15T06:29:59.564572894. 8dadc108-7a15-4cba-9280-70719945850e
cnt-6_1   | Sending message at 2024-10-15T06:29:59.690110112. 7dd3e95b-f79e-47e5-a4b5-72d35a5bbbb7
cnt-5_1   | 2024-10-15T06:29:59.753016713 | Message sent in 694ms. 7740f643-c59a-4e07-8bda-f297030624f8
cnt-8_1   | 2024-10-15T06:29:59.813047171 | Message sent in 553ms. b530b98f-10fa-47e7-8538-19ef47519993
cnt-5_1   | Sending message at 2024-10-15T06:30:00.208727872. 6000b781-ecac-4a47-bf2d-477b8cf54352
cnt-1_1   | 2024-10-15T06:30:00.396453125 | Message sent in 543ms. d4d27b13-59fd-48b3-86b5-cd395b83a08e
cnt-4_1   | Sending message at 2024-10-15T06:30:00.840993718. 0986ac32-03c3-4b87-a995-98ae3472251c
cnt-8_1   | Sending message at 2024-10-15T06:30:01.131137489. 40ca09f7-0e4f-4860-bb8d-6adbfdfa7460
cnt-1_1   | 2024-10-15T06:30:01.448415927 | Message sent in 695ms. 8c210c05-94bb-4da3-853d-45cf2309d333
cnt-7_1   | 2024-10-15T06:30:01.790428662 | Message sent in 684ms. 20fc7639-089c-4158-8b21-bcbd05289cdc
cnt-1_1   | 2024-10-15T06:30:02.045928479 | Message sent in 649ms. d4d27b13-59fd-48b3-86b5-cd395b83a08e
cnt-4_1   | Sending message at 2024-10-15T06:30:02.620679923. 0986ac32-03c3-4b87-a995-98ae3472251c
cnt-7_1   | Sending message at 2024-10-15T06:30:02.790728273. 20fc7639-089c-4158-8b21-bcbd05289cdc
cnt-2_1   | 2024-10-15T06:30:02.803630833 | Message sent in 383ms. 55f53e67-efec-4519-8a86-f31dc39f3928
cnt-8_1   | Sending message at 2024-10-15T06:30:02.805365227. 40ca09f7-0e4f-4860-bb8d-6adbfdfa7460
cnt-4_1   | Sending message at 2024-10-15T06:30:03.307709434. a128bb1a-2ac0-4970-b162-cb39222a8bd4
cnt-3_1   | 2024-10-15T06:30:04.136297720 | Message sent in 528ms. 0fa59b87-54a9-4dc5-8e6c-54ddebe3f6ac
cnt-7_1   | 2024-10-15T06:30:04.265971586 | Message sent in 479ms. c0030b99-7d53-4ff1-a43b-38d11ce6cf8c
cnt-8_1   | Sending message at 2024-10-15T06:30:05.126986801. aadced35-5d88-4784-9a36-6adf39be67a0
cnt-3_1   | Sending message at 2024-10-15T06:30:05.136508350. 0fa59b87-54a9-4dc5-8e6c-54ddebe3f6ac
cnt-1_1   | 2024-10-15T06:30:06.064460232 | Message sent in 791ms. 26c0ae1f-759e-481d-9823-f84c25e871cd
cnt-9_1   | Sending message at 2024-10-15T06:30:06.097734283. 680f3541-2577-4c92-9a2f-91f675066d75
cnt-8_1   | 2024-10-15T06:30:06.170372161 | Message sent in 494ms. b530b98f-10fa-47e7-8538-19ef47519993
cnt-3_1   | Sending message at 2024-10-15T06:30:07.040529348. 0fa59b87-54a9-4dc5-8e6c-54ddebe3f6ac
cnt-7_1   | Sending message at 2024-10-15T06:30:07.064603029. c0030b99-7d53-4ff1-a43b-38d11ce6cf8c
cnt-1_1   | Sending message at 2024-10-15T06:30:07.720382920. d4d27b13-59fd-48b3-86b5-cd395b83a08e
cnt-1_1   | 2024-10-15T06:30:08.324845970 | Message sent in 508ms. 87e464a1-f0f6-43e2-973b-8c2626ca428d
cnt-6_1   | Sending message at 2024-10-15T06:30:09.004574675. ece849e9-fda7-44e9-a087-61361bd8dafc
cnt-3_1   | Sending message at 2024-10-15T06:30:09.028932339. 94938f14-bf09-4528-b5bb-f7b7a1f64a2c
cnt-7_1   | Sending message at 2024-10-15T06:30:09.047538767. 6ab0d267-3c95-4941-89d0-141edeaaefa5
cnt-6_1   | 2024-10-15T06:30:09.493058392 | Message sent in 489ms. ece849e9-fda7-44e9-a087-61361bd8dafc
cnt-7_1   | 2024-10-15T06:30:09.593171042 | Message sent in 561ms. 013e3e73-fb4e-4d44-b0ca-5e6acfdf5fdc
cnt-10_1  | 2024-10-15T06:30:10.749205993 | Message sent in 682ms. c5d1d47b-ce7e-4143-837c-47ad613548d8
cnt-2_1   | 2024-10-15T06:30:12.138204403 | Message sent in 1045ms. 3f72447a-4ee0-48e6-b7c2-96a0981004d7
cnt-3_1   | Sending message at 2024-10-15T06:30:12.144366236. 750d4874-b0fb-4830-b48d-182d55eaf2bb
cnt-6_1   | 2024-10-15T06:30:12.494585436 | Message sent in 7142ms. 0f7a5740-883e-4618-b45c-713804c63fbb
cnt-4_1   | Sending message at 2024-10-15T06:30:13.029222237. a128bb1a-2ac0-4970-b162-cb39222a8bd4
cnt-8_1   | 2024-10-15T06:30:14.016837258 | Message sent in 503ms. d90e7696-2c9a-4c46-9db5-aa11cec64ee4
cnt-2_1   | Sending message at 2024-10-15T06:30:14.922478994. 55f53e67-efec-4519-8a86-f31dc39f3928
cnt-10_1  | 2024-10-15T06:30:15.029611120 | Message sent in 900ms. fe0dd337-5745-442b-9e2e-b04a59b3d947
cnt-10_1  | 2024-10-15T06:30:15.840665611 | Message sent in 905ms. c5d1d47b-ce7e-4143-837c-47ad613548d8
cnt-8_1   | Sending message at 2024-10-15T06:30:16.002549082. b530b98f-10fa-47e7-8538-19ef47519993
cnt-1_1   | Sending message at 2024-10-15T06:30:16.564743386. d4d27b13-59fd-48b3-86b5-cd395b83a08e
cnt-2_1   | Sending message at 2024-10-15T06:30:17.187400340. 55f53e67-efec-4519-8a86-f31dc39f3928
cnt-10_1  | 2024-10-15T06:30:22.573400162 | Message sent in 7093ms. 95d97ded-3d4e-4b9f-9585-4d27025ee04b
cnt-8_1   | 2024-10-15T06:30:23.271770579 | Message sent in 7269ms. b530b98f-10fa-47e7-8538-19ef47519993
cnt-2_1   | 2024-10-15T06:30:23.460009466 | Message sent in 7332ms. 1415c3dd-f704-4215-9af0-88b62637caaf
cnt-4_1   | 2024-10-15T06:30:23.473404585 | Message sent in 7178ms. a128bb1a-2ac0-4970-b162-cb39222a8bd4
cnt-10_1  | 2024-10-15T06:30:24.061223345 | Message sent in 488ms. 95d97ded-3d4e-4b9f-9585-4d27025ee04b
cnt-5_1   | Sending message at 2024-10-15T06:30:25.199668636. a16d68cb-a385-4c9b-8062-d74980ab87c1
cnt-2_1   | 2024-10-15T06:30:25.405218696 | Message sent in 522ms. 7647b5d8-12a5-47fc-9b9c-79fec7093c36
cnt-2_1   | Sending message at 2024-10-15T06:30:25.976940184. 1415c3dd-f704-4215-9af0-88b62637caaf
cnt-7_1   | 2024-10-15T06:30:26.108215494 | Message sent in 562ms. 20fc7639-089c-4158-8b21-bcbd05289cdc
cnt-1_1   | Sending message at 2024-10-15T06:30:27.364769926. 26c0ae1f-759e-481d-9823-f84c25e871cd
cnt-5_1   | 2024-10-15T06:30:28.420228099 | Message sent in 477ms. a16d68cb-a385-4c9b-8062-d74980ab87c1
cnt-2_1   | Sending message at 2024-10-15T06:30:28.505066897. 55f53e67-efec-4519-8a86-f31dc39f3928
cnt-2_1   | Sending message at 2024-10-15T06:30:28.805478818. 3f72447a-4ee0-48e6-b7c2-96a0981004d7
cnt-8_1   | Sending message at 2024-10-15T06:30:28.862293560. b530b98f-10fa-47e7-8538-19ef47519993
cnt-10_1  | Sending message at 2024-10-15T06:30:29.153472879. 18a54b42-9a8d-45ed-8997-1c3b5aa60448
cnt-8_1   | Sending message at 2024-10-15T06:30:29.455215157. d90e7696-2c9a-4c46-9db5-aa11cec64ee4
cnt-3_1   | 2024-10-15T06:30:35.433979326 | Message sent in 7248ms. 750d4874-b0fb-4830-b48d-182d55eaf2bb
cnt-1_1   | 2024-10-15T06:30:35.992977968 | Message sent in 7102ms. 8c210c05-94bb-4da3-853d-45cf2309d333
cnt-2_1   | Sending message at 2024-10-15T06:30:36.817756445. 3f72447a-4ee0-48e6-b7c2-96a0981004d7
cnt-4_1   | Sending message at 2024-10-15T06:30:37.455069253. a128bb1a-2ac0-4970-b162-cb39222a8bd4
cnt-10_1  | 2024-10-15T06:30:37.500004515 | Message sent in 657ms. fe0dd337-5745-442b-9e2e-b04a59b3d947
cnt-2_1   | Sending message at 2024-10-15T06:30:37.626020664. 13c5860e-89a9-4d68-869a-31e918d86a7f
cnt-8_1   | 2024-10-15T06:30:37.634022096 | Message sent in 641ms. aadced35-5d88-4784-9a36-6adf39be67a0
cnt-6_1   | Sending message at 2024-10-15T06:30:37.771709175. ece849e9-fda7-44e9-a087-61361bd8dafc
cnt-1_1   | Scheduled exit. Godbyeeeeeeeeeeeeeee...
asb-debug_cnt-1_1 exited with code 69
cnt-5_1   | Scheduled exit. Godbyeeeeeeeeeeeeeee...
cnt-7_1   | 2024-10-15T06:30:38.439461524 | Message sent in 547ms. 013e3e73-fb4e-4d44-b0ca-5e6acfdf5fdc
asb-debug_cnt-5_1 exited with code 69
cnt-6_1   | Sending message at 2024-10-15T06:30:39.117967864. 7dd3e95b-f79e-47e5-a4b5-72d35a5bbbb7
cnt-9_1   | 2024-10-15T06:30:39.147212936 | Message sent in 514ms. f0bbf988-18ed-4c92-b33b-7831053b3514
cnt-5_1   | Starting the application. Logging messages with probability 0.05...
cnt-7_1   | Scheduled exit. Godbyeeeeeeeeeeeeeee...
cnt-8_1   | Sending message at 2024-10-15T06:30:40.172392824. aadced35-5d88-4784-9a36-6adf39be67a0
cnt-9_1   | 2024-10-15T06:30:40.236678342 | Message sent in 495ms. c5e41707-5ae5-458b-9268-5c245eea79b4
cnt-3_1   | 2024-10-15T06:30:40.258480226 | Message sent in 499ms. 750d4874-b0fb-4830-b48d-182d55eaf2bb
asb-debug_cnt-7_1 exited with code 69
cnt-7_1   | Starting the application. Logging messages with probability 0.05...
cnt-3_1   | Sending message at 2024-10-15T06:30:40.818908243. 97f17b16-1bab-47cb-b145-06328390416f
cnt-4_1   | 2024-10-15T06:30:41.103781515 | Message sent in 474ms. a128bb1a-2ac0-4970-b162-cb39222a8bd4
cnt-6_1   | 2024-10-15T06:30:41.145747984 | Message sent in 501ms. 7dd3e95b-f79e-47e5-a4b5-72d35a5bbbb7
cnt-2_1   | Scheduled exit. Godbyeeeeeeeeeeeeeee...
asb-debug_cnt-2_1 exited with code 69
cnt-7_1   | Sending message at 2024-10-15T06:30:42.058457072. d2d08c9c-7c16-4d0c-9fbd-a83fa65c0781
cnt-2_1   | Starting the application. Logging messages with probability 0.05...
cnt-6_1   | Sending message at 2024-10-15T06:30:42.464244410. ece849e9-fda7-44e9-a087-61361bd8dafc
cnt-9_1   | Sending message at 2024-10-15T06:30:42.723779788. d9f64bf0-46e1-4b3a-82df-cd853eb18a37
cnt-4_1   | Sending message at 2024-10-15T06:30:42.753087570. 87fd59e9-54f6-4b3f-ae32-9694a4bc814e
cnt-4_1   | Scheduled exit. Godbyeeeeeeeeeeeeeee...
asb-debug_cnt-4_1 exited with code 69
cnt-3_1   | 2024-10-15T06:30:43.601599907 | Message sent in 494ms. 0fa59b87-54a9-4dc5-8e6c-54ddebe3f6ac
cnt-6_1   | 2024-10-15T06:30:43.606282418 | Message sent in 507ms. 81def984-0eec-4d07-8f6c-279261702c82
cnt-4_1   | Starting the application. Logging messages with probability 0.05...
cnt-3_1   | Sending message at 2024-10-15T06:30:44.601855169. 0fa59b87-54a9-4dc5-8e6c-54ddebe3f6ac
cnt-6_1   | Sending message at 2024-10-15T06:30:44.606494283. 81def984-0eec-4d07-8f6c-279261702c82
cnt-2_1   | Sending message at 2024-10-15T06:30:44.699554686. 4a2a2f1c-f7af-456a-9004-77dcc4be97e9
cnt-2_1   | Sending message at 2024-10-15T06:30:45.735645307. c2f1fb55-4559-4097-85fc-225a98e4e067
cnt-9_1   | Sending message at 2024-10-15T06:30:46.073916736. 680f3541-2577-4c92-9a2f-91f675066d75
cnt-3_1   | Sending message at 2024-10-15T06:30:46.456230432. 0fa59b87-54a9-4dc5-8e6c-54ddebe3f6ac
cnt-9_1   | Sending message at 2024-10-15T06:30:47.558369756. c5e41707-5ae5-458b-9268-5c245eea79b4
cnt-7_1   | Sending message at 2024-10-15T06:30:47.704551499. c9e34235-dfec-4b6a-8fbb-2d698f92beb8
cnt-2_1   | Sending message at 2024-10-15T06:30:47.927238520. 9d943189-dbf3-4598-9401-30c14d624018
cnt-3_1   | 2024-10-15T06:30:48.007286504 | Message sent in 502ms. 750d4874-b0fb-4830-b48d-182d55eaf2bb
cnt-8_1   | Sending message at 2024-10-15T06:30:48.326560835. d90e7696-2c9a-4c46-9db5-aa11cec64ee4
cnt-3_1   | Sending message at 2024-10-15T06:30:48.333549584. 185ffe90-9881-4541-8883-8247d1d11b2b
cnt-9_1   | Sending message at 2024-10-15T06:30:48.986896893. 31fbe340-552e-4b93-9b17-9663592835d3
cnt-3_1   | Sending message at 2024-10-15T06:30:49.814030429. 185ffe90-9881-4541-8883-8247d1d11b2b
cnt-10_1  | Sending message at 2024-10-15T06:30:50.732942521. 95d97ded-3d4e-4b9f-9585-4d27025ee04b
cnt-5_1   | Sending message at 2024-10-15T06:30:50.729970859. 42049e8d-052e-47c4-847e-08d3bd4871c3
cnt-7_1   | Sending message at 2024-10-15T06:30:50.796633264. 89a65f9b-7503-4af7-be5a-c5dc991f4d71
cnt-3_1   | Sending message at 2024-10-15T06:30:50.946637886. 97f17b16-1bab-47cb-b145-06328390416f
cnt-10_1  | 2024-10-15T06:30:51.283780472 | Message sent in 550ms. 95d97ded-3d4e-4b9f-9585-4d27025ee04b
cnt-9_1   | 2024-10-15T06:30:51.412960481 | Message sent in 616ms. 31fbe340-552e-4b93-9b17-9663592835d3
cnt-10_1  | 2024-10-15T06:30:51.417026192 | Message sent in 619ms. c5d1d47b-ce7e-4143-837c-47ad613548d8
