cnt-8_1   | java.lang.IllegalStateException: Timeout on blocking read for 17400000000 NANOSECONDS
cnt-8_1   | 	at reactor.core.publisher.BlockingSingleSubscriber.blockingGet(BlockingSingleSubscriber.java:124)
cnt-8_1   | 	at reactor.core.publisher.Mono.block(Mono.java:1766)
cnt-8_1   | 	at com.azure.messaging.servicebus.ServiceBusSenderClient.sendMessage(ServiceBusSenderClient.java:266)
cnt-8_1   | 	at org.example.Main.lambda$schedulePublishing$3(Main.java:84)
cnt-8_1   | 	at java.base/java.util.concurrent.Executors$RunnableAdapter.call(Executors.java:539)
cnt-8_1   | 	at java.base/java.util.concurrent.FutureTask.runAndReset(FutureTask.java:305)
cnt-8_1   | 	at java.base/java.util.concurrent.ScheduledThreadPoolExecutor$ScheduledFutureTask.run(ScheduledThreadPoolExecutor.java:305)
cnt-8_1   | 	at java.base/java.util.concurrent.ThreadPoolExecutor.runWorker(ThreadPoolExecutor.java:1136)
cnt-8_1   | 	at java.base/java.util.concurrent.ThreadPoolExecutor$Worker.run(ThreadPoolExecutor.java:635)
cnt-8_1   | 	at java.base/java.lang.Thread.run(Thread.java:840)
cnt-3_1   | [pool-5-thread-1] ERROR org.example.Main - Failed to send message
cnt-3_1   | java.lang.IllegalStateException: Timeout on blocking read for 17400000000 NANOSECONDS
cnt-3_1   | 	at reactor.core.publisher.BlockingSingleSubscriber.blockingGet(BlockingSingleSubscriber.java:124)
cnt-3_1   | 	at reactor.core.publisher.Mono.block(Mono.java:1766)
cnt-3_1   | 	at com.azure.messaging.servicebus.ServiceBusSenderClient.sendMessage(ServiceBusSenderClient.java:266)
cnt-3_1   | 	at org.example.Main.lambda$schedulePublishing$3(Main.java:84)
cnt-3_1   | 	at java.base/java.util.concurrent.Executors$RunnableAdapter.call(Executors.java:539)
cnt-3_1   | 	at java.base/java.util.concurrent.FutureTask.runAndReset(FutureTask.java:305)
cnt-3_1   | 	at java.base/java.util.concurrent.ScheduledThreadPoolExecutor$ScheduledFutureTask.run(ScheduledThreadPoolExecutor.java:305)
cnt-3_1   | 	at java.base/java.util.concurrent.ThreadPoolExecutor.runWorker(ThreadPoolExecutor.java:1136)
cnt-3_1   | 	at java.base/java.util.concurrent.ThreadPoolExecutor$Worker.run(ThreadPoolExecutor.java:635)
cnt-3_1   | 	at java.base/java.lang.Thread.run(Thread.java:840)
cnt-1_1   | [pool-7-thread-1] ERROR org.example.Main - Failed to send message
cnt-1_1   | java.lang.IllegalStateException: Timeout on blocking read for 17400000000 NANOSECONDS
cnt-1_1   | 	at reactor.core.publisher.BlockingSingleSubscriber.blockingGet(BlockingSingleSubscriber.java:124)
cnt-1_1   | 	at reactor.core.publisher.Mono.block(Mono.java:1766)
cnt-1_1   | 	at com.azure.messaging.servicebus.ServiceBusSenderClient.sendMessage(ServiceBusSenderClient.java:266)
cnt-1_1   | 	at org.example.Main.lambda$schedulePublishing$3(Main.java:84)
cnt-1_1   | 	at java.base/java.util.concurrent.Executors$RunnableAdapter.call(Executors.java:539)
cnt-1_1   | 	at java.base/java.util.concurrent.FutureTask.runAndReset(FutureTask.java:305)
cnt-1_1   | 	at java.base/java.util.concurrent.ScheduledThreadPoolExecutor$ScheduledFutureTask.run(ScheduledThreadPoolExecutor.java:305)
cnt-1_1   | 	at java.base/java.util.concurrent.ThreadPoolExecutor.runWorker(ThreadPoolExecutor.java:1136)
cnt-1_1   | 	at java.base/java.util.concurrent.ThreadPoolExecutor$Worker.run(ThreadPoolExecutor.java:635)
cnt-1_1   | 	at java.base/java.lang.Thread.run(Thread.java:840)
cnt-2_1   | [pool-8-thread-1] ERROR org.example.Main - Failed to send message
cnt-2_1   | java.lang.IllegalStateException: Timeout on blocking read for 17400000000 NANOSECONDS
cnt-2_1   | 	at reactor.core.publisher.BlockingSingleSubscriber.blockingGet(BlockingSingleSubscriber.java:124)
cnt-2_1   | 	at reactor.core.publisher.Mono.block(Mono.java:1766)
cnt-2_1   | 	at com.azure.messaging.servicebus.ServiceBusSenderClient.sendMessage(ServiceBusSenderClient.java:266)
cnt-2_1   | 	at org.example.Main.lambda$schedulePublishing$3(Main.java:84)
cnt-2_1   | 	at java.base/java.util.concurrent.Executors$RunnableAdapter.call(Executors.java:539)
cnt-2_1   | 	at java.base/java.util.concurrent.FutureTask.runAndReset(FutureTask.java:305)
cnt-2_1   | 	at java.base/java.util.concurrent.ScheduledThreadPoolExecutor$ScheduledFutureTask.run(ScheduledThreadPoolExecutor.java:305)
cnt-2_1   | 	at java.base/java.util.concurrent.ThreadPoolExecutor.runWorker(ThreadPoolExecutor.java:1136)
cnt-2_1   | 	at java.base/java.util.concurrent.ThreadPoolExecutor$Worker.run(ThreadPoolExecutor.java:635)
cnt-2_1   | 	at java.base/java.lang.Thread.run(Thread.java:840)
cnt-8_1   | [pool-7-thread-1] ERROR org.example.Main - Failed to send message
cnt-8_1   | java.lang.IllegalStateException: Timeout on blocking read for 17400000000 NANOSECONDS
cnt-2_1   | Blocking read error encountered with a2a7233b-8a00-4b84-a9c1-b53508778641. No more restarts.
cnt-8_1   | 	at reactor.core.publisher.BlockingSingleSubscriber.blockingGet(BlockingSingleSubscriber.java:124)
cnt-8_1   | 	at reactor.core.publisher.Mono.block(Mono.java:1766)
cnt-8_1   | 	at com.azure.messaging.servicebus.ServiceBusSenderClient.sendMessage(ServiceBusSenderClient.java:266)
cnt-8_1   | 	at org.example.Main.lambda$schedulePublishing$3(Main.java:84)
cnt-8_1   | 	at java.base/java.util.concurrent.Executors$RunnableAdapter.call(Executors.java:539)
cnt-8_1   | 	at java.base/java.util.concurrent.FutureTask.runAndReset(FutureTask.java:305)
cnt-8_1   | 	at java.base/java.util.concurrent.ScheduledThreadPoolExecutor$ScheduledFutureTask.run(ScheduledThreadPoolExecutor.java:305)
cnt-8_1   | 	at java.base/java.util.concurrent.ThreadPoolExecutor.runWorker(ThreadPoolExecutor.java:1136)
cnt-8_1   | 	at java.base/java.util.concurrent.ThreadPoolExecutor$Worker.run(ThreadPoolExecutor.java:635)
cnt-8_1   | 	at java.base/java.lang.Thread.run(Thread.java:840)
cnt-8_1   | [pool-8-thread-1] ERROR org.example.Main - Failed to send message
cnt-8_1   | java.lang.IllegalStateException: Timeout on blocking read for 17400000000 NANOSECONDS
cnt-8_1   | 	at reactor.core.publisher.BlockingSingleSubscriber.blockingGet(BlockingSingleSubscriber.java:124)
cnt-8_1   | 	at reactor.core.publisher.Mono.block(Mono.java:1766)
cnt-8_1   | 	at com.azure.messaging.servicebus.ServiceBusSenderClient.sendMessage(ServiceBusSenderClient.java:266)
cnt-8_1   | 	at org.example.Main.lambda$schedulePublishing$3(Main.java:84)
cnt-8_1   | 	at java.base/java.util.concurrent.Executors$RunnableAdapter.call(Executors.java:539)
cnt-8_1   | 	at java.base/java.util.concurrent.FutureTask.runAndReset(FutureTask.java:305)
cnt-8_1   | 	at java.base/java.util.concurrent.ScheduledThreadPoolExecutor$ScheduledFutureTask.run(ScheduledThreadPoolExecutor.java:305)
cnt-8_1   | 	at java.base/java.util.concurrent.ThreadPoolExecutor.runWorker(ThreadPoolExecutor.java:1136)
cnt-8_1   | 	at java.base/java.util.concurrent.ThreadPoolExecutor$Worker.run(ThreadPoolExecutor.java:635)
cnt-8_1   | 	at java.base/java.lang.Thread.run(Thread.java:840)
cnt-9_1   | [pool-8-thread-1] ERROR org.example.Main - Failed to send message
cnt-9_1   | java.lang.IllegalStateException: Timeout on blocking read for 17400000000 NANOSECONDS
cnt-9_1   | 	at reactor.core.publisher.BlockingSingleSubscriber.blockingGet(BlockingSingleSubscriber.java:124)
cnt-9_1   | 	at reactor.core.publisher.Mono.block(Mono.java:1766)
cnt-9_1   | 	at com.azure.messaging.servicebus.ServiceBusSenderClient.sendMessage(ServiceBusSenderClient.java:266)
cnt-9_1   | 	at org.example.Main.lambda$schedulePublishing$3(Main.java:84)
cnt-9_1   | 	at java.base/java.util.concurrent.Executors$RunnableAdapter.call(Executors.java:539)
cnt-9_1   | 	at java.base/java.util.concurrent.FutureTask.runAndReset(FutureTask.java:305)
cnt-9_1   | 	at java.base/java.util.concurrent.ScheduledThreadPoolExecutor$ScheduledFutureTask.run(ScheduledThreadPoolExecutor.java:305)
cnt-9_1   | 	at java.base/java.util.concurrent.ThreadPoolExecutor.runWorker(ThreadPoolExecutor.java:1136)
cnt-9_1   | 	at java.base/java.util.concurrent.ThreadPoolExecutor$Worker.run(ThreadPoolExecutor.java:635)
cnt-9_1   | 	at java.base/java.lang.Thread.run(Thread.java:840)
cnt-6_1   | [pool-7-thread-1] ERROR org.example.Main - Failed to send message
cnt-6_1   | java.lang.IllegalStateException: Timeout on blocking read for 17400000000 NANOSECONDS
cnt-6_1   | 	at reactor.core.publisher.BlockingSingleSubscriber.blockingGet(BlockingSingleSubscriber.java:124)
cnt-6_1   | 	at reactor.core.publisher.Mono.block(Mono.java:1766)
cnt-6_1   | 	at com.azure.messaging.servicebus.ServiceBusSenderClient.sendMessage(ServiceBusSenderClient.java:266)
cnt-6_1   | 	at org.example.Main.lambda$schedulePublishing$3(Main.java:84)
cnt-6_1   | 	at java.base/java.util.concurrent.Executors$RunnableAdapter.call(Executors.java:539)
cnt-6_1   | 	at java.base/java.util.concurrent.FutureTask.runAndReset(FutureTask.java:305)
cnt-6_1   | 	at java.base/java.util.concurrent.ScheduledThreadPoolExecutor$ScheduledFutureTask.run(ScheduledThreadPoolExecutor.java:305)
cnt-6_1   | 	at java.base/java.util.concurrent.ThreadPoolExecutor.runWorker(ThreadPoolExecutor.java:1136)
cnt-6_1   | 	at java.base/java.util.concurrent.ThreadPoolExecutor$Worker.run(ThreadPoolExecutor.java:635)
cnt-6_1   | 	at java.base/java.lang.Thread.run(Thread.java:840)
cnt-4_1   | [pool-7-thread-1] ERROR org.example.Main - Failed to send message
cnt-4_1   | java.lang.IllegalStateException: Timeout on blocking read for 17400000000 NANOSECONDS
cnt-4_1   | 	at reactor.core.publisher.BlockingSingleSubscriber.blockingGet(BlockingSingleSubscriber.java:124)
cnt-4_1   | 	at reactor.core.publisher.Mono.block(Mono.java:1766)
cnt-4_1   | 	at com.azure.messaging.servicebus.ServiceBusSenderClient.sendMessage(ServiceBusSenderClient.java:266)
cnt-4_1   | 	at org.example.Main.lambda$schedulePublishing$3(Main.java:84)
cnt-4_1   | 	at java.base/java.util.concurrent.Executors$RunnableAdapter.call(Executors.java:539)
cnt-4_1   | 	at java.base/java.util.concurrent.FutureTask.runAndReset(FutureTask.java:305)
cnt-4_1   | 	at java.base/java.util.concurrent.ScheduledThreadPoolExecutor$ScheduledFutureTask.run(ScheduledThreadPoolExecutor.java:305)
cnt-4_1   | 	at java.base/java.util.concurrent.ThreadPoolExecutor.runWorker(ThreadPoolExecutor.java:1136)
cnt-4_1   | 	at java.base/java.util.concurrent.ThreadPoolExecutor$Worker.run(ThreadPoolExecutor.java:635)
cnt-4_1   | 	at java.base/java.lang.Thread.run(Thread.java:840)
cnt-9_1   | [pool-7-thread-1] ERROR org.example.Main - Failed to send message
cnt-9_1   | java.lang.IllegalStateException: Timeout on blocking read for 17400000000 NANOSECONDS
cnt-9_1   | 	at reactor.core.publisher.BlockingSingleSubscriber.blockingGet(BlockingSingleSubscriber.java:124)
cnt-9_1   | 	at reactor.core.publisher.Mono.block(Mono.java:1766)
cnt-9_1   | 	at com.azure.messaging.servicebus.ServiceBusSenderClient.sendMessage(ServiceBusSenderClient.java:266)
cnt-9_1   | 	at org.example.Main.lambda$schedulePublishing$3(Main.java:84)
cnt-9_1   | 	at java.base/java.util.concurrent.Executors$RunnableAdapter.call(Executors.java:539)
cnt-9_1   | 	at java.base/java.util.concurrent.FutureTask.runAndReset(FutureTask.java:305)
cnt-9_1   | 	at java.base/java.util.concurrent.ScheduledThreadPoolExecutor$ScheduledFutureTask.run(ScheduledThreadPoolExecutor.java:305)
cnt-9_1   | 	at java.base/java.util.concurrent.ThreadPoolExecutor.runWorker(ThreadPoolExecutor.java:1136)
cnt-9_1   | 	at java.base/java.util.concurrent.ThreadPoolExecutor$Worker.run(ThreadPoolExecutor.java:635)
cnt-9_1   | 	at java.base/java.lang.Thread.run(Thread.java:840)
cnt-9_1   | 2024-10-15T07:10:24.570148636 | Message sent in 472ms. 2055602e-3ec9-4699-b013-58ac0efb71cc
cnt-5_1   | [pool-6-thread-1] ERROR org.example.Main - Failed to send message
cnt-5_1   | java.lang.IllegalStateException: Timeout on blocking read for 17400000000 NANOSECONDS
cnt-5_1   | 	at reactor.core.publisher.BlockingSingleSubscriber.blockingGet(BlockingSingleSubscriber.java:124)
cnt-5_1   | 	at reactor.core.publisher.Mono.block(Mono.java:1766)
cnt-5_1   | 	at com.azure.messaging.servicebus.ServiceBusSenderClient.sendMessage(ServiceBusSenderClient.java:266)
cnt-5_1   | 	at org.example.Main.lambda$schedulePublishing$3(Main.java:84)
cnt-5_1   | 	at java.base/java.util.concurrent.Executors$RunnableAdapter.call(Executors.java:539)
cnt-5_1   | 	at java.base/java.util.concurrent.FutureTask.runAndReset(FutureTask.java:305)
cnt-5_1   | 	at java.base/java.util.concurrent.ScheduledThreadPoolExecutor$ScheduledFutureTask.run(ScheduledThreadPoolExecutor.java:305)
cnt-5_1   | 	at java.base/java.util.concurrent.ThreadPoolExecutor.runWorker(ThreadPoolExecutor.java:1136)
cnt-5_1   | 	at java.base/java.util.concurrent.ThreadPoolExecutor$Worker.run(ThreadPoolExecutor.java:635)
cnt-5_1   | 	at java.base/java.lang.Thread.run(Thread.java:840)
cnt-10_1  | [pool-5-thread-1] ERROR org.example.Main - Failed to send message
cnt-10_1  | java.lang.IllegalStateException: Timeout on blocking read for 17400000000 NANOSECONDS
cnt-10_1  | 	at reactor.core.publisher.BlockingSingleSubscriber.blockingGet(BlockingSingleSubscriber.java:124)
cnt-10_1  | 	at reactor.core.publisher.Mono.block(Mono.java:1766)
cnt-10_1  | 	at com.azure.messaging.servicebus.ServiceBusSenderClient.sendMessage(ServiceBusSenderClient.java:266)
cnt-10_1  | 	at org.example.Main.lambda$schedulePublishing$3(Main.java:84)
cnt-10_1  | 	at java.base/java.util.concurrent.Executors$RunnableAdapter.call(Executors.java:539)
cnt-10_1  | 	at java.base/java.util.concurrent.FutureTask.runAndReset(FutureTask.java:305)
cnt-10_1  | 	at java.base/java.util.concurrent.ScheduledThreadPoolExecutor$ScheduledFutureTask.run(ScheduledThreadPoolExecutor.java:305)
cnt-10_1  | 	at java.base/java.util.concurrent.ThreadPoolExecutor.runWorker(ThreadPoolExecutor.java:1136)
cnt-10_1  | 	at java.base/java.util.concurrent.ThreadPoolExecutor$Worker.run(ThreadPoolExecutor.java:635)
cnt-10_1  | 	at java.base/java.lang.Thread.run(Thread.java:840)
cnt-4_1   | [pool-6-thread-1] ERROR org.example.Main - Failed to send message
cnt-4_1   | java.lang.IllegalStateException: Timeout on blocking read for 17400000000 NANOSECONDS
cnt-4_1   | 	at reactor.core.publisher.BlockingSingleSubscriber.blockingGet(BlockingSingleSubscriber.java:124)
cnt-4_1   | 	at reactor.core.publisher.Mono.block(Mono.java:1766)
cnt-4_1   | 	at com.azure.messaging.servicebus.ServiceBusSenderClient.sendMessage(ServiceBusSenderClient.java:266)
cnt-4_1   | 	at org.example.Main.lambda$schedulePublishing$3(Main.java:84)
cnt-4_1   | 	at java.base/java.util.concurrent.Executors$RunnableAdapter.call(Executors.java:539)
cnt-4_1   | 	at java.base/java.util.concurrent.FutureTask.runAndReset(FutureTask.java:305)
cnt-4_1   | 	at java.base/java.util.concurrent.ScheduledThreadPoolExecutor$ScheduledFutureTask.run(ScheduledThreadPoolExecutor.java:305)
cnt-4_1   | 	at java.base/java.util.concurrent.ThreadPoolExecutor.runWorker(ThreadPoolExecutor.java:1136)
cnt-4_1   | 	at java.base/java.util.concurrent.ThreadPoolExecutor$Worker.run(ThreadPoolExecutor.java:635)
cnt-4_1   | 	at java.base/java.lang.Thread.run(Thread.java:840)
cnt-10_1  | 2024-10-15T07:10:24.768996635 | Message sent in 506ms. bcca4cb3-20b9-4b02-b9e7-6a4243b90593
cnt-3_1   | 2024-10-15T07:10:25.333757353 | Message sent in 552ms. 5623b795-5821-43f1-96cf-61cde31fa77b
cnt-3_1   | 2024-10-15T07:10:26.415231733 | Message sent in 555ms. 17c9977b-6590-4de5-91f7-35cff6fe9365
cnt-4_1   | Sending message at 2024-10-15T07:10:27.188722159. 89ac1cbf-a905-4477-bfba-ea70af9b56f8
cnt-5_1   | Sending message at 2024-10-15T07:10:27.632230739. a9841e6d-dbad-4fee-b80d-fc51b74c3b2f
cnt-2_1   | 2024-10-15T07:10:27.719513793 | Message sent in 490ms. 0e440f77-ca0e-4bca-bd22-46093cbd34a2
cnt-7_1   | 2024-10-15T07:10:27.836430092 | Message sent in 499ms. 2620dde4-69d4-47c3-99c0-835d93553eef
cnt-3_1   | 2024-10-15T07:10:27.909672885 | Message sent in 494ms. 17c9977b-6590-4de5-91f7-35cff6fe9365
cnt-8_1   | Sending message at 2024-10-15T07:10:28.652607917. 8d1b4f2d-9e52-4d5f-8db6-f6b11b5f7e3b
cnt-6_1   | Sending message at 2024-10-15T07:10:28.829323227. 53b1df0f-bacc-4238-987e-66d7cefefba2
cnt-4_1   | Sending message at 2024-10-15T07:10:30.212588536. 2a80a850-eaf6-47f0-9a4c-02ea5d7324cf
cnt-4_1   | 2024-10-15T07:10:30.689116670 | Message sent in 496ms. 89ac1cbf-a905-4477-bfba-ea70af9b56f8
cnt-3_1   | 2024-10-15T07:10:30.922592744 | Message sent in 509ms. 17c9977b-6590-4de5-91f7-35cff6fe9365
cnt-10_1  | Sending message at 2024-10-15T07:10:34.542081599. 61c954d7-34cc-49ea-a17c-2c786fdb17b1
cnt-5_1   | 2024-10-15T07:10:34.558740702 | Message sent in 8954ms. e5bf467a-e283-4610-a8db-eb8737c8ac51
cnt-10_1  | 2024-10-15T07:10:34.558816657 | Message sent in 8910ms. e68b58bc-95d1-4332-982d-53c381b6da64
cnt-9_1   | Sending message at 2024-10-15T07:10:35.343399952. c765af6e-7c2a-46f1-bd4e-fcb2129e983e
cnt-9_1   | Sending message at 2024-10-15T07:10:35.359830747. 1bead4d6-731a-4cda-b408-55a7d16b1c45
cnt-6_1   | 2024-10-15T07:10:35.953911876 | Message sent in 387ms. 62d0ec7b-982b-4eee-ab1a-e2d8d5bfc8d8
cnt-6_1   | Sending message at 2024-10-15T07:10:36.436670831. 2a24b046-5ff9-4f71-863a-dbc92fd44a44
cnt-7_1   | Sending message at 2024-10-15T07:10:36.724545833. 19714887-b4c8-429c-93e8-0240ef1c01ba
cnt-1_1   | Sending message at 2024-10-15T07:10:36.849182636. 3e723a3a-de5e-4373-a8ba-867983e11f3a
cnt-9_1   | Sending message at 2024-10-15T07:10:36.849094323. 1bead4d6-731a-4cda-b408-55a7d16b1c45
cnt-1_1   | 2024-10-15T07:10:38.989619977 | Message sent in 944ms. 2ddf9c0f-3942-40b7-aaff-b4c51b1c6a0f
cnt-3_1   | 2024-10-15T07:10:39.019007957 | Message sent in 703ms. adaf9426-d3c6-4a8d-a6db-0042ac9d9f13
cnt-10_1  | Sending message at 2024-10-15T07:10:39.942519200. 61c954d7-34cc-49ea-a17c-2c786fdb17b1
cnt-3_1   | Sending message at 2024-10-15T07:10:39.942523614. 1eb1c2f7-4540-4c97-9ddf-21f66443bae3
cnt-10_1  | Sending message at 2024-10-15T07:10:39.980981493. 056bd9f5-d952-4cd6-ae9f-351cee99f563
cnt-5_1   | 2024-10-15T07:10:40.024797692 | Message sent in 489ms. 7b026bf0-b4be-4641-adb2-072dcaef7254
cnt-7_1   | Sending message at 2024-10-15T07:10:40.034010164. 19714887-b4c8-429c-93e8-0240ef1c01ba
cnt-3_1   | 2024-10-15T07:10:40.753376543 | Message sent in 734ms. 17c9977b-6590-4de5-91f7-35cff6fe9365
cnt-5_1   | Sending message at 2024-10-15T07:10:41.025058014. 7b026bf0-b4be-4641-adb2-072dcaef7254
cnt-1_1   | Sending message at 2024-10-15T07:10:41.699134262. e9e41729-4779-4e4d-bf17-fcdda4367321
cnt-4_1   | Sending message at 2024-10-15T07:10:41.740804870. 2250bd05-2a7d-4ecf-b91b-772ff4c9ba20
cnt-7_1   | Sending message at 2024-10-15T07:10:41.752139492. 2620dde4-69d4-47c3-99c0-835d93553eef
cnt-6_1   | Sending message at 2024-10-15T07:10:41.752533358. 55271a59-82e5-45da-a0f4-3cbe2e010140
cnt-6_1   | Sending message at 2024-10-15T07:10:41.755458928. 2a24b046-5ff9-4f71-863a-dbc92fd44a44
cnt-6_1   | Sending message at 2024-10-15T07:10:41.755546282. 53b1df0f-bacc-4238-987e-66d7cefefba2
cnt-4_1   | Sending message at 2024-10-15T07:10:41.786336544. fbed4f88-7689-4e1c-b0ba-f011e4946fd8
cnt-7_1   | 2024-10-15T07:10:42.346812741 | Message sent in 623ms. 19714887-b4c8-429c-93e8-0240ef1c01ba
cnt-6_1   | 2024-10-15T07:10:42.578285075 | Message sent in 796ms. 62d0ec7b-982b-4eee-ab1a-e2d8d5bfc8d8
cnt-7_1   | 2024-10-15T07:10:42.612725879 | Message sent in 869ms. b42ab6f6-40c0-47e8-8dc1-ae19bc376f48
cnt-10_1  | 2024-10-15T07:10:42.625055677 | Message sent in 891ms. bcca4cb3-20b9-4b02-b9e7-6a4243b90593
cnt-3_1   | Sending message at 2024-10-15T07:10:43.600423029. adaf9426-d3c6-4a8d-a6db-0042ac9d9f13
cnt-6_1   | Sending message at 2024-10-15T07:10:43.627252580. a9161609-0c1e-4602-94dd-abba8dfaecb7
cnt-6_1   | 2024-10-15T07:10:43.899124348 | Message sent in 535ms. 2a24b046-5ff9-4f71-863a-dbc92fd44a44
cnt-6_1   | 2024-10-15T07:10:44.096854388 | Message sent in 518ms. 62d0ec7b-982b-4eee-ab1a-e2d8d5bfc8d8
cnt-4_1   | Sending message at 2024-10-15T07:10:45.057808052. 2a80a850-eaf6-47f0-9a4c-02ea5d7324cf
cnt-8_1   | 2024-10-15T07:10:45.782049246 | Message sent in 639ms. 8d1b4f2d-9e52-4d5f-8db6-f6b11b5f7e3b
cnt-2_1   | 2024-10-15T07:10:45.790664014 | Message sent in 634ms. d8f0e9dc-75fd-4ccd-a961-ce3c5dce29c8
cnt-4_1   | Sending message at 2024-10-15T07:10:46.542662726. 2a80a850-eaf6-47f0-9a4c-02ea5d7324cf
cnt-7_1   | Sending message at 2024-10-15T07:10:46.575028440. a56e4c63-2d71-4f22-b9c2-5352619067ac
cnt-9_1   | 2024-10-15T07:10:47.153939472 | Message sent in 7085ms. c765af6e-7c2a-46f1-bd4e-fcb2129e983e
cnt-9_1   | 2024-10-15T07:10:47.337491749 | Message sent in 7147ms. 2055602e-3ec9-4699-b013-58ac0efb71cc
cnt-9_1   | 2024-10-15T07:10:47.391985901 | Message sent in 810ms. fdaa9e05-529f-4974-8e76-6d1f3f83cca3
cnt-5_1   | 2024-10-15T07:10:47.392185503 | Message sent in 7266ms. e5bf467a-e283-4610-a8db-eb8737c8ac51
cnt-10_1  | Sending message at 2024-10-15T07:10:48.146382429. c22f11a9-b8fc-400e-bc67-09c1e112e35f
cnt-3_1   | 2024-10-15T07:10:48.722295484 | Message sent in 547ms. adaf9426-d3c6-4a8d-a6db-0042ac9d9f13
cnt-7_1   | 2024-10-15T07:10:48.769010187 | Message sent in 581ms. b42ab6f6-40c0-47e8-8dc1-ae19bc376f48
cnt-9_1   | 2024-10-15T07:10:48.979101146 | Message sent in 616ms. 34e00b8d-ae1b-42ef-9862-ea353c1f7d10
cnt-5_1   | 2024-10-15T07:10:48.988848550 | Message sent in 596ms. e5bf467a-e283-4610-a8db-eb8737c8ac51
cnt-8_1   | 2024-10-15T07:10:49.003119998 | Message sent in 649ms. c7c0dd4d-d209-400e-b2a4-52bf520c3fbe
cnt-5_1   | Sending message at 2024-10-15T07:10:49.722783165. 5cbbe7de-7472-438d-844a-b02144864bdc
cnt-10_1  | Sending message at 2024-10-15T07:10:49.744335424. 61c954d7-34cc-49ea-a17c-2c786fdb17b1
cnt-1_1   | Sending message at 2024-10-15T07:10:49.885198734. 49a439e6-0e64-4218-bf11-03af91d7b36f
cnt-6_1   | 2024-10-15T07:10:50.417010955 | Message sent in 672ms. 55271a59-82e5-45da-a0f4-3cbe2e010140
cnt-8_1   | 2024-10-15T07:10:50.437118511 | Message sent in 576ms. befd0c6e-68b9-42a1-9549-375b108c5afd
cnt-7_1   | 2024-10-15T07:10:50.450445290 | Message sent in 709ms. a56e4c63-2d71-4f22-b9c2-5352619067ac
cnt-6_1   | Sending message at 2024-10-15T07:10:51.688731565. a9161609-0c1e-4602-94dd-abba8dfaecb7
cnt-4_1   | 2024-10-15T07:10:51.758174008 | Message sent in 541ms. 2a80a850-eaf6-47f0-9a4c-02ea5d7324cf
cnt-6_1   | 2024-10-15T07:10:51.980700054 | Message sent in 563ms. 55271a59-82e5-45da-a0f4-3cbe2e010140
cnt-7_1   | 2024-10-15T07:10:52.507010976 | Message sent in 1043ms. 19714887-b4c8-429c-93e8-0240ef1c01ba
cnt-8_1   | Sending message at 2024-10-15T07:10:53.548553519. de01eef9-d1c0-4b2e-8844-823f1cbad704
cnt-2_1   | 2024-10-15T07:10:54.984292371 | Message sent in 509ms. d8f0e9dc-75fd-4ccd-a961-ce3c5dce29c8
cnt-8_1   | Sending message at 2024-10-15T07:10:55.017821973. 597502ae-f5c9-4c06-a2ef-777932b17065
cnt-1_1   | Sending message at 2024-10-15T07:10:55.570540455. 3e723a3a-de5e-4373-a8ba-867983e11f3a
cnt-10_1  | Sending message at 2024-10-15T07:10:55.570462911. 056bd9f5-d952-4cd6-ae9f-351cee99f563
cnt-8_1   | Sending message at 2024-10-15T07:10:55.570767958. c7c0dd4d-d209-400e-b2a4-52bf520c3fbe
cnt-2_1   | Sending message at 2024-10-15T07:10:55.588963352. d59c508c-1467-491e-b503-4dc2c7a56951
cnt-4_1   | 2024-10-15T07:10:57.428889901 | Message sent in 490ms. fbed4f88-7689-4e1c-b0ba-f011e4946fd8
cnt-7_1   | Sending message at 2024-10-15T07:10:57.458050453. 2620dde4-69d4-47c3-99c0-835d93553eef
cnt-7_1   | 2024-10-15T07:10:57.461229459 | Message sent in 511ms. 19714887-b4c8-429c-93e8-0240ef1c01ba
cnt-8_1   | 2024-10-15T07:10:57.971166382 | Message sent in 510ms. c7c0dd4d-d209-400e-b2a4-52bf520c3fbe
cnt-3_1   | 2024-10-15T07:10:58.298182675 | Message sent in 673ms. 1eb1c2f7-4540-4c97-9ddf-21f66443bae3
cnt-10_1  | 2024-10-15T07:10:58.318891147 | Message sent in 714ms. 056bd9f5-d952-4cd6-ae9f-351cee99f563
cnt-3_1   | Sending message at 2024-10-15T07:10:58.969639628. 79cda186-d031-4e37-ab5f-b8d0f0a29b21
cnt-5_1   | Sending message at 2024-10-15T07:10:59.284957445. 5cbbe7de-7472-438d-844a-b02144864bdc
cnt-10_1  | Sending message at 2024-10-15T07:10:59.326919788. c22f11a9-b8fc-400e-bc67-09c1e112e35f
cnt-2_1   | 2024-10-15T07:10:59.552900282 | Message sent in 557ms. 6730bd87-79cc-447c-9b4d-6a09f48f0bcb
cnt-4_1   | 2024-10-15T07:11:00.505902683 | Message sent in 575ms. fbed4f88-7689-4e1c-b0ba-f011e4946fd8
cnt-9_1   | 2024-10-15T07:11:00.575844625 | Message sent in 546ms. c765af6e-7c2a-46f1-bd4e-fcb2129e983e
cnt-8_1   | 2024-10-15T07:11:00.584205747 | Message sent in 605ms. 8d1b4f2d-9e52-4d5f-8db6-f6b11b5f7e3b
cnt-3_1   | Sending message at 2024-10-15T07:11:00.938534790. 1eb1c2f7-4540-4c97-9ddf-21f66443bae3
cnt-6_1   | Sending message at 2024-10-15T07:11:00.990693707. 55271a59-82e5-45da-a0f4-3cbe2e010140
cnt-4_1   | Sending message at 2024-10-15T07:11:01.400360346. 89ac1cbf-a905-4477-bfba-ea70af9b56f8
cnt-5_1   | 2024-10-15T07:11:01.455375341 | Message sent in 485ms. 5416b13c-9f1b-4ad4-ab93-cabe457a775b
cnt-3_1   | Sending message at 2024-10-15T07:11:02.442060088. 1eb1c2f7-4540-4c97-9ddf-21f66443bae3
cnt-5_1   | Sending message at 2024-10-15T07:11:02.455650211. 5416b13c-9f1b-4ad4-ab93-cabe457a775b
cnt-2_1   | 2024-10-15T07:11:02.912314322 | Message sent in 690ms. d59c508c-1467-491e-b503-4dc2c7a56951
cnt-10_1  | 2024-10-15T07:11:03.259012053 | Message sent in 515ms. 056bd9f5-d952-4cd6-ae9f-351cee99f563
cnt-7_1   | 2024-10-15T07:11:03.542113125 | Message sent in 7044ms. a56e4c63-2d71-4f22-b9c2-5352619067ac
cnt-8_1   | 2024-10-15T07:11:03.557084934 | Message sent in 508ms. de01eef9-d1c0-4b2e-8844-823f1cbad704
cnt-8_1   | 2024-10-15T07:11:03.559561034 | Message sent in 498ms. 8d1b4f2d-9e52-4d5f-8db6-f6b11b5f7e3b
cnt-10_1  | 2024-10-15T07:11:04.887250643 | Message sent in 628ms. 056bd9f5-d952-4cd6-ae9f-351cee99f563
cnt-9_1   | Sending message at 2024-10-15T07:11:04.906121891. fdaa9e05-529f-4974-8e76-6d1f3f83cca3
cnt-9_1   | 2024-10-15T07:11:05.486017795 | Message sent in 580ms. fdaa9e05-529f-4974-8e76-6d1f3f83cca3
cnt-4_1   | Sending message at 2024-10-15T07:11:05.504860332. 3cda4d58-cb98-41a4-932a-55e9277f53db
cnt-10_1  | 2024-10-15T07:11:06.313110307 | Message sent in 823ms. bcca4cb3-20b9-4b02-b9e7-6a4243b90593
cnt-4_1   | 2024-10-15T07:11:06.778582153 | Message sent in 594ms. fbed4f88-7689-4e1c-b0ba-f011e4946fd8
cnt-4_1   | Sending message at 2024-10-15T07:11:07.327912982. 3cda4d58-cb98-41a4-932a-55e9277f53db
cnt-9_1   | Sending message at 2024-10-15T07:11:07.719880448. 34e00b8d-ae1b-42ef-9862-ea353c1f7d10
cnt-8_1   | 2024-10-15T07:11:15.050012792 | Message sent in 7322ms. 8d1b4f2d-9e52-4d5f-8db6-f6b11b5f7e3b
cnt-3_1   | Sending message at 2024-10-15T07:11:15.583094946. 5623b795-5821-43f1-96cf-61cde31fa77b
cnt-3_1   | Sending message at 2024-10-15T07:11:15.584125702. adaf9426-d3c6-4a8d-a6db-0042ac9d9f13
cnt-1_1   | 2024-10-15T07:11:15.947183214 | Message sent in 490ms. 3e723a3a-de5e-4373-a8ba-867983e11f3a
cnt-10_1  | 2024-10-15T07:11:16.069945472 | Message sent in 478ms. c22f11a9-b8fc-400e-bc67-09c1e112e35f
cnt-7_1   | 2024-10-15T07:11:16.443261939 | Message sent in 488ms. a56e4c63-2d71-4f22-b9c2-5352619067ac
cnt-4_1   | 2024-10-15T07:11:16.463275681 | Message sent in 504ms. 89ac1cbf-a905-4477-bfba-ea70af9b56f8
cnt-3_1   | 2024-10-15T07:11:17.612838106 | Message sent in 530ms. 5623b795-5821-43f1-96cf-61cde31fa77b
cnt-5_1   | 2024-10-15T07:11:17.813317387 | Message sent in 746ms. 5416b13c-9f1b-4ad4-ab93-cabe457a775b
cnt-2_1   | 2024-10-15T07:11:17.880231578 | Message sent in 543ms. 0e440f77-ca0e-4bca-bd22-46093cbd34a2
cnt-5_1   | 2024-10-15T07:11:18.142925445 | Message sent in 924ms. a9841e6d-dbad-4fee-b80d-fc51b74c3b2f
cnt-8_1   | 2024-10-15T07:11:18.350248427 | Message sent in 471ms. de01eef9-d1c0-4b2e-8844-823f1cbad704
cnt-7_1   | 2024-10-15T07:11:18.492466890 | Message sent in 498ms. 19714887-b4c8-429c-93e8-0240ef1c01ba
cnt-10_1  | Sending message at 2024-10-15T07:11:20.869968867. 61c954d7-34cc-49ea-a17c-2c786fdb17b1
cnt-1_1   | Sending message at 2024-10-15T07:11:21.470904701. 157196f7-c621-4bc2-a98a-5e977084b0eb
cnt-6_1   | Sending message at 2024-10-15T07:11:21.478032564. 62d0ec7b-982b-4eee-ab1a-e2d8d5bfc8d8
cnt-7_1   | 2024-10-15T07:11:26.828337132 | Message sent in 7336ms. 19714887-b4c8-429c-93e8-0240ef1c01ba
cnt-3_1   | Sending message at 2024-10-15T07:11:28.648796133. adaf9426-d3c6-4a8d-a6db-0042ac9d9f13
cnt-9_1   | 2024-10-15T07:11:28.995540676 | Message sent in 687ms. 2055602e-3ec9-4699-b013-58ac0efb71cc
cnt-3_1   | Sending message at 2024-10-15T07:11:29.312339562. 17c9977b-6590-4de5-91f7-35cff6fe9365
cnt-9_1   | 2024-10-15T07:11:30.487226242 | Message sent in 492ms. 2055602e-3ec9-4699-b013-58ac0efb71cc
cnt-6_1   | 2024-10-15T07:11:30.560072131 | Message sent in 482ms. 53b1df0f-bacc-4238-987e-66d7cefefba2
cnt-7_1   | 2024-10-15T07:11:30.596718002 | Message sent in 498ms. a56e4c63-2d71-4f22-b9c2-5352619067ac
cnt-8_1   | 2024-10-15T07:11:30.796393710 | Message sent in 473ms. 597502ae-f5c9-4c06-a2ef-777932b17065
cnt-10_1  | Sending message at 2024-10-15T07:11:30.937597008. 056bd9f5-d952-4cd6-ae9f-351cee99f563
cnt-7_1   | Sending message at 2024-10-15T07:11:31.597076652. a56e4c63-2d71-4f22-b9c2-5352619067ac
cnt-9_1   | 2024-10-15T07:11:31.641708011 | Message sent in 684ms. fdaa9e05-529f-4974-8e76-6d1f3f83cca3
cnt-7_1   | 2024-10-15T07:11:31.928633694 | Message sent in 478ms. b42ab6f6-40c0-47e8-8dc1-ae19bc376f48
cnt-6_1   | 2024-10-15T07:11:32.109264278 | Message sent in 513ms. 62d0ec7b-982b-4eee-ab1a-e2d8d5bfc8d8
cnt-3_1   | 2024-10-15T07:11:32.479662309 | Message sent in 517ms. 1eb1c2f7-4540-4c97-9ddf-21f66443bae3
cnt-5_1   | Sending message at 2024-10-15T07:11:32.638700194. e5bf467a-e283-4610-a8db-eb8737c8ac51
cnt-8_1   | Sending message at 2024-10-15T07:11:32.649334926. c7c0dd4d-d209-400e-b2a4-52bf520c3fbe
cnt-8_1   | Sending message at 2024-10-15T07:11:33.341113172. 8d1b4f2d-9e52-4d5f-8db6-f6b11b5f7e3b
cnt-3_1   | Sending message at 2024-10-15T07:11:33.479986188. 1eb1c2f7-4540-4c97-9ddf-21f66443bae3
cnt-1_1   | 2024-10-15T07:11:33.575751354 | Message sent in 885ms. 3e723a3a-de5e-4373-a8ba-867983e11f3a
cnt-3_1   | 2024-10-15T07:11:35.580293050 | Message sent in 1005ms. 17c9977b-6590-4de5-91f7-35cff6fe9365
cnt-10_1  | 2024-10-15T07:11:35.580927029 | Message sent in 1005ms. 056bd9f5-d952-4cd6-ae9f-351cee99f563
cnt-10_1  | 2024-10-15T07:11:35.612857472 | Message sent in 686ms. 61c954d7-34cc-49ea-a17c-2c786fdb17b1
cnt-4_1   | 2024-10-15T07:11:35.618608589 | Message sent in 643ms. fbed4f88-7689-4e1c-b0ba-f011e4946fd8
cnt-10_1  | Sending message at 2024-10-15T07:11:36.578440827. c22f11a9-b8fc-400e-bc67-09c1e112e35f
cnt-6_1   | Sending message at 2024-10-15T07:11:36.580359359. 62d0ec7b-982b-4eee-ab1a-e2d8d5bfc8d8
cnt-8_1   | Sending message at 2024-10-15T07:11:36.610414854. 8d1b4f2d-9e52-4d5f-8db6-f6b11b5f7e3b
cnt-8_1   | 2024-10-15T07:11:37.350783722 | Message sent in 759ms. 597502ae-f5c9-4c06-a2ef-777932b17065
cnt-5_1   | 2024-10-15T07:11:37.644847888 | Message sent in 1048ms. 5cbbe7de-7472-438d-844a-b02144864bdc
cnt-10_1  | 2024-10-15T07:11:37.836179504 | Message sent in 1240ms. 056bd9f5-d952-4cd6-ae9f-351cee99f563
cnt-3_1   | Sending message at 2024-10-15T07:11:38.408479331. 1eb1c2f7-4540-4c97-9ddf-21f66443bae3
cnt-2_1   | Sending message at 2024-10-15T07:11:38.645562495. 5a2f077c-185b-4eab-8601-678c9f401d23
cnt-6_1   | 2024-10-15T07:11:39.835190238 | Message sent in 1190ms. 55271a59-82e5-45da-a0f4-3cbe2e010140
cnt-8_1   | Sending message at 2024-10-15T07:11:40.439297167. 597502ae-f5c9-4c06-a2ef-777932b17065
cnt-5_1   | Sending message at 2024-10-15T07:11:40.911941356. 5cbbe7de-7472-438d-844a-b02144864bdc
cnt-8_1   | 2024-10-15T07:11:41.738170179 | Message sent in 511ms. befd0c6e-68b9-42a1-9549-375b108c5afd
cnt-10_1  | Sending message at 2024-10-15T07:11:42.420760221. c22f11a9-b8fc-400e-bc67-09c1e112e35f
cnt-5_1   | Sending message at 2024-10-15T07:11:42.423083742. 7b026bf0-b4be-4641-adb2-072dcaef7254
cnt-5_1   | Sending message at 2024-10-15T07:11:42.466255190. 5cbbe7de-7472-438d-844a-b02144864bdc
cnt-7_1   | Sending message at 2024-10-15T07:11:42.471308143. b42ab6f6-40c0-47e8-8dc1-ae19bc376f48
cnt-6_1   | Sending message at 2024-10-15T07:11:43.899312348. 62d0ec7b-982b-4eee-ab1a-e2d8d5bfc8d8
cnt-8_1   | Sending message at 2024-10-15T07:11:44.228469496. de01eef9-d1c0-4b2e-8844-823f1cbad704
cnt-4_1   | 2024-10-15T07:11:49.403940543 | Message sent in 6916ms. fbed4f88-7689-4e1c-b0ba-f011e4946fd8
cnt-9_1   | 2024-10-15T07:11:49.846871993 | Message sent in 7045ms. 2055602e-3ec9-4699-b013-58ac0efb71cc
cnt-2_1   | 2024-10-15T07:11:49.908091292 | Message sent in 7265ms. d59c508c-1467-491e-b503-4dc2c7a56951
cnt-2_1   | 2024-10-15T07:11:50.039385605 | Message sent in 7447ms. 5a2f077c-185b-4eab-8601-678c9f401d23
cnt-3_1   | 2024-10-15T07:11:50.108794347 | Message sent in 7505ms. 5623b795-5821-43f1-96cf-61cde31fa77b
cnt-3_1   | 2024-10-15T07:11:50.554957599 | Message sent in 7300ms. 79cda186-d031-4e37-ab5f-b8d0f0a29b21
cnt-2_1   | Sending message at 2024-10-15T07:11:50.908549557. d59c508c-1467-491e-b503-4dc2c7a56951
cnt-8_1   | Sending message at 2024-10-15T07:11:51.165993532. befd0c6e-68b9-42a1-9549-375b108c5afd
cnt-4_1   | Sending message at 2024-10-15T07:11:51.243060220. 2250bd05-2a7d-4ecf-b91b-772ff4c9ba20
cnt-9_1   | 2024-10-15T07:11:51.338547561 | Message sent in 491ms. 2055602e-3ec9-4699-b013-58ac0efb71cc
cnt-8_1   | 2024-10-15T07:11:52.226969888 | Message sent in 501ms. 8d1b4f2d-9e52-4d5f-8db6-f6b11b5f7e3b
cnt-2_1   | 2024-10-15T07:11:52.927523559 | Message sent in 514ms. d59c508c-1467-491e-b503-4dc2c7a56951
cnt-7_1   | 2024-10-15T07:11:53.109222388 | Message sent in 480ms. 134a219d-5ce7-4abf-8f21-3f180acc560e
cnt-8_1   | Sending message at 2024-10-15T07:11:53.227321362. 8d1b4f2d-9e52-4d5f-8db6-f6b11b5f7e3b
cnt-4_1   | 2024-10-15T07:11:53.258865912 | Message sent in 500ms. 2250bd05-2a7d-4ecf-b91b-772ff4c9ba20
cnt-8_1   | Sending message at 2024-10-15T07:11:53.527831757. c7c0dd4d-d209-400e-b2a4-52bf520c3fbe
cnt-3_1   | Sending message at 2024-10-15T07:11:53.564112535. 17c9977b-6590-4de5-91f7-35cff6fe9365
cnt-2_1   | 2024-10-15T07:11:53.868235235 | Message sent in 482ms. 0e440f77-ca0e-4bca-bd22-46093cbd34a2
cnt-5_1   | Sending message at 2024-10-15T07:11:54.105538671. 5416b13c-9f1b-4ad4-ab93-cabe457a775b
cnt-2_1   | 2024-10-15T07:11:54.203975931 | Message sent in 553ms. 6730bd87-79cc-447c-9b4d-6a09f48f0bcb
cnt-7_1   | 2024-10-15T07:12:01.715332577 | Message sent in 7606ms. 134a219d-5ce7-4abf-8f21-3f180acc560e
cnt-1_1   | 2024-10-15T07:12:02.200177339 | Message sent in 6926ms. 3e723a3a-de5e-4373-a8ba-867983e11f3a
cnt-8_1   | Sending message at 2024-10-15T07:12:02.715709770. 8d1b4f2d-9e52-4d5f-8db6-f6b11b5f7e3b
cnt-4_1   | Sending message at 2024-10-15T07:12:02.816683013. 2a80a850-eaf6-47f0-9a4c-02ea5d7324cf
cnt-2_1   | Sending message at 2024-10-15T07:12:02.914237294. 0e440f77-ca0e-4bca-bd22-46093cbd34a2
cnt-4_1   | 2024-10-15T07:12:03.132274114 | Message sent in 495ms. 2250bd05-2a7d-4ecf-b91b-772ff4c9ba20
cnt-4_1   | 2024-10-15T07:12:03.196382660 | Message sent in 498ms. 89ac1cbf-a905-4477-bfba-ea70af9b56f8
cnt-7_1   | 2024-10-15T07:12:03.198785355 | Message sent in 483ms. 134a219d-5ce7-4abf-8f21-3f180acc560e
cnt-1_1   | Sending message at 2024-10-15T07:12:03.320067879. 49a439e6-0e64-4218-bf11-03af91d7b36f
cnt-2_1   | 2024-10-15T07:12:03.690730792 | Message sent in 488ms. 6730bd87-79cc-447c-9b4d-6a09f48f0bcb
cnt-9_1   | 2024-10-15T07:12:03.855635258 | Message sent in 544ms. fdaa9e05-529f-4974-8e76-6d1f3f83cca3
cnt-5_1   | Sending message at 2024-10-15T07:12:04.832316803. a9841e6d-dbad-4fee-b80d-fc51b74c3b2f
cnt-9_1   | Sending message at 2024-10-15T07:12:04.838861660. c765af6e-7c2a-46f1-bd4e-fcb2129e983e
cnt-9_1   | Sending message at 2024-10-15T07:12:04.855938116. fdaa9e05-529f-4974-8e76-6d1f3f83cca3
cnt-2_1   | 2024-10-15T07:12:05.097143348 | Message sent in 707ms. 0e440f77-ca0e-4bca-bd22-46093cbd34a2
cnt-5_1   | 2024-10-15T07:12:05.234015035 | Message sent in 588ms. e5bf467a-e283-4610-a8db-eb8737c8ac51
cnt-6_1   | 2024-10-15T07:12:05.349421733 | Message sent in 596ms. 62d0ec7b-982b-4eee-ab1a-e2d8d5bfc8d8
cnt-5_1   | 2024-10-15T07:12:05.489652065 | Message sent in 657ms. a9841e6d-dbad-4fee-b80d-fc51b74c3b2f
cnt-5_1   | Sending message at 2024-10-15T07:12:06.234510386. e5bf467a-e283-4610-a8db-eb8737c8ac51
cnt-10_1  | Sending message at 2024-10-15T07:12:06.241917611. 61c954d7-34cc-49ea-a17c-2c786fdb17b1
cnt-5_1   | 2024-10-15T07:12:07.176013440 | Message sent in 687ms. a9841e6d-dbad-4fee-b80d-fc51b74c3b2f
cnt-1_1   | 2024-10-15T07:12:07.350020137 | Message sent in 704ms. 2ddf9c0f-3942-40b7-aaff-b4c51b1c6a0f
cnt-3_1   | 2024-10-15T07:12:07.643406978 | Message sent in 916ms. 5623b795-5821-43f1-96cf-61cde31fa77b
cnt-10_1  | Sending message at 2024-10-15T07:12:07.901164769. 056bd9f5-d952-4cd6-ae9f-351cee99f563
cnt-5_1   | 2024-10-15T07:12:08.936885044 | Message sent in 965ms. e5bf467a-e283-4610-a8db-eb8737c8ac51
cnt-8_1   | 2024-10-15T07:12:09.444090551 | Message sent in 485ms. 8d1b4f2d-9e52-4d5f-8db6-f6b11b5f7e3b
cnt-7_1   | 2024-10-15T07:12:09.474952503 | Message sent in 491ms. 134a219d-5ce7-4abf-8f21-3f180acc560e
cnt-7_1   | 2024-10-15T07:12:10.785435454 | Message sent in 852ms. b42ab6f6-40c0-47e8-8dc1-ae19bc376f48
cnt-8_1   | 2024-10-15T07:12:10.798937732 | Message sent in 903ms. 597502ae-f5c9-4c06-a2ef-777932b17065
cnt-10_1  | 2024-10-15T07:12:10.799130598 | Message sent in 936ms. 056bd9f5-d952-4cd6-ae9f-351cee99f563
cnt-5_1   | 2024-10-15T07:12:10.806056198 | Message sent in 894ms. 5cbbe7de-7472-438d-844a-b02144864bdc
cnt-1_1   | Sending message at 2024-10-15T07:12:11.758337970. e9e41729-4779-4e4d-bf17-fcdda4367321
cnt-2_1   | Sending message at 2024-10-15T07:12:11.805787802. d8f0e9dc-75fd-4ccd-a961-ce3c5dce29c8
cnt-5_1   | 2024-10-15T07:12:12.863308961 | Message sent in 1105ms. a9841e6d-dbad-4fee-b80d-fc51b74c3b2f
cnt-4_1   | 2024-10-15T07:12:12.864314069 | Message sent in 1080ms. fbed4f88-7689-4e1c-b0ba-f011e4946fd8
cnt-3_1   | 2024-10-15T07:12:13.090460886 | Message sent in 1012ms. 1eb1c2f7-4540-4c97-9ddf-21f66443bae3
cnt-10_1  | Sending message at 2024-10-15T07:12:13.863415238. 056bd9f5-d952-4cd6-ae9f-351cee99f563
cnt-5_1   | Sending message at 2024-10-15T07:12:13.880472008. 5cbbe7de-7472-438d-844a-b02144864bdc
cnt-7_1   | Sending message at 2024-10-15T07:12:14.106657131. a56e4c63-2d71-4f22-b9c2-5352619067ac
cnt-4_1   | Sending message at 2024-10-15T07:12:14.106739854. 2a80a850-eaf6-47f0-9a4c-02ea5d7324cf
cnt-7_1   | Sending message at 2024-10-15T07:12:14.106825831. 134a219d-5ce7-4abf-8f21-3f180acc560e
cnt-7_1   | 2024-10-15T07:12:14.487226663 | Message sent in 800ms. 2620dde4-69d4-47c3-99c0-835d93553eef
cnt-10_1  | 2024-10-15T07:12:14.525607462 | Message sent in 566ms. e68b58bc-95d1-4332-982d-53c381b6da64
cnt-7_1   | Sending message at 2024-10-15T07:12:15.484499447. b42ab6f6-40c0-47e8-8dc1-ae19bc376f48
cnt-7_1   | 2024-10-15T07:12:15.761725834 | Message sent in 385ms. 19714887-b4c8-429c-93e8-0240ef1c01ba
cnt-2_1   | Sending message at 2024-10-15T07:12:16.043428043. 5a2f077c-185b-4eab-8601-678c9f401d23
cnt-3_1   | Sending message at 2024-10-15T07:12:16.049415934. 1eb1c2f7-4540-4c97-9ddf-21f66443bae3
cnt-4_1   | Sending message at 2024-10-15T07:12:16.078344819. 2250bd05-2a7d-4ecf-b91b-772ff4c9ba20
cnt-1_1   | Sending message at 2024-10-15T07:12:16.907933708. 3e723a3a-de5e-4373-a8ba-867983e11f3a
cnt-8_1   | Sending message at 2024-10-15T07:12:17.296860160. 597502ae-f5c9-4c06-a2ef-777932b17065
cnt-3_1   | Sending message at 2024-10-15T07:12:17.679134721. 1eb1c2f7-4540-4c97-9ddf-21f66443bae3
cnt-10_1  | Sending message at 2024-10-15T07:12:18.384362501. 056bd9f5-d952-4cd6-ae9f-351cee99f563
cnt-3_1   | Sending message at 2024-10-15T07:12:25.052308518. 79cda186-d031-4e37-ab5f-b8d0f0a29b21
cnt-5_1   | 2024-10-15T07:12:25.772990756 | Message sent in 545ms. 5cbbe7de-7472-438d-844a-b02144864bdc
cnt-7_1   | 2024-10-15T07:12:25.792470485 | Message sent in 7635ms. 19714887-b4c8-429c-93e8-0240ef1c01ba
cnt-2_1   | 2024-10-15T07:12:26.320301846 | Message sent in 518ms. 6730bd87-79cc-447c-9b4d-6a09f48f0bcb
cnt-8_1   | Sending message at 2024-10-15T07:12:26.755586004. befd0c6e-68b9-42a1-9549-375b108c5afd
cnt-4_1   | Sending message at 2024-10-15T07:12:26.757462396. 89ac1cbf-a905-4477-bfba-ea70af9b56f8
cnt-7_1   | 2024-10-15T07:12:27.384234518 | Message sent in 621ms. 2620dde4-69d4-47c3-99c0-835d93553eef
cnt-3_1   | [pool-8-thread-1] ERROR org.example.Main - Failed to send message
cnt-3_1   | java.lang.IllegalStateException: Timeout on blocking read for 17400000000 NANOSECONDS
cnt-3_1   | 	at reactor.core.publisher.BlockingSingleSubscriber.blockingGet(BlockingSingleSubscriber.java:124)
cnt-3_1   | 	at reactor.core.publisher.Mono.block(Mono.java:1766)
cnt-3_1   | 	at com.azure.messaging.servicebus.ServiceBusSenderClient.sendMessage(ServiceBusSenderClient.java:266)
cnt-3_1   | 	at org.example.Main.lambda$schedulePublishing$3(Main.java:84)
cnt-3_1   | 	at java.base/java.util.concurrent.Executors$RunnableAdapter.call(Executors.java:539)
cnt-3_1   | 	at java.base/java.util.concurrent.FutureTask.runAndReset(FutureTask.java:305)
cnt-3_1   | 	at java.base/java.util.concurrent.ScheduledThreadPoolExecutor$ScheduledFutureTask.run(ScheduledThreadPoolExecutor.java:305)
cnt-3_1   | 	at java.base/java.util.concurrent.ThreadPoolExecutor.runWorker(ThreadPoolExecutor.java:1136)
cnt-3_1   | 	at java.base/java.util.concurrent.ThreadPoolExecutor$Worker.run(ThreadPoolExecutor.java:635)
cnt-3_1   | 	at java.base/java.lang.Thread.run(Thread.java:840)
cnt-8_1   | [pool-4-thread-1] ERROR org.example.Main - Failed to send message
cnt-8_1   | java.lang.IllegalStateException: Timeout on blocking read for 17400000000 NANOSECONDS
cnt-8_1   | 	at reactor.core.publisher.BlockingSingleSubscriber.blockingGet(BlockingSingleSubscriber.java:124)
cnt-8_1   | 	at reactor.core.publisher.Mono.block(Mono.java:1766)
cnt-8_1   | 	at com.azure.messaging.servicebus.ServiceBusSenderClient.sendMessage(ServiceBusSenderClient.java:266)
cnt-8_1   | 	at org.example.Main.lambda$schedulePublishing$3(Main.java:84)
cnt-8_1   | 	at java.base/java.util.concurrent.Executors$RunnableAdapter.call(Executors.java:539)
cnt-8_1   | 	at java.base/java.util.concurrent.FutureTask.runAndReset(FutureTask.java:305)
cnt-8_1   | 	at java.base/java.util.concurrent.ScheduledThreadPoolExecutor$ScheduledFutureTask.run(ScheduledThreadPoolExecutor.java:305)
cnt-8_1   | 	at java.base/java.util.concurrent.ThreadPoolExecutor.runWorker(ThreadPoolExecutor.java:1136)
cnt-8_1   | 	at java.base/java.util.concurrent.ThreadPoolExecutor$Worker.run(ThreadPoolExecutor.java:635)
cnt-8_1   | 	at java.base/java.lang.Thread.run(Thread.java:840)
cnt-1_1   | [pool-5-thread-1] ERROR org.example.Main - Failed to send message
cnt-1_1   | java.lang.IllegalStateException: Timeout on blocking read for 17400000000 NANOSECONDS
cnt-1_1   | 	at reactor.core.publisher.BlockingSingleSubscriber.blockingGet(BlockingSingleSubscriber.java:124)
cnt-1_1   | 	at reactor.core.publisher.Mono.block(Mono.java:1766)
cnt-1_1   | 	at com.azure.messaging.servicebus.ServiceBusSenderClient.sendMessage(ServiceBusSenderClient.java:266)
cnt-1_1   | 	at org.example.Main.lambda$schedulePublishing$3(Main.java:84)
cnt-1_1   | 	at java.base/java.util.concurrent.Executors$RunnableAdapter.call(Executors.java:539)
cnt-1_1   | 	at java.base/java.util.concurrent.FutureTask.runAndReset(FutureTask.java:305)
cnt-1_1   | 	at java.base/java.util.concurrent.ScheduledThreadPoolExecutor$ScheduledFutureTask.run(ScheduledThreadPoolExecutor.java:305)
cnt-1_1   | 	at java.base/java.util.concurrent.ThreadPoolExecutor.runWorker(ThreadPoolExecutor.java:1136)
cnt-1_1   | 	at java.base/java.util.concurrent.ThreadPoolExecutor$Worker.run(ThreadPoolExecutor.java:635)
cnt-1_1   | 	at java.base/java.lang.Thread.run(Thread.java:840)
cnt-10_1  | Sending message at 2024-10-15T07:12:28.454891750. 056bd9f5-d952-4cd6-ae9f-351cee99f563
cnt-7_1   | Sending message at 2024-10-15T07:12:28.539022092. 134a219d-5ce7-4abf-8f21-3f180acc560e
cnt-10_1  | 2024-10-15T07:12:28.894755899 | Message sent in 628ms. c22f11a9-b8fc-400e-bc67-09c1e112e35f
cnt-3_1   | 2024-10-15T07:12:29.060885073 | Message sent in 733ms. 17c9977b-6590-4de5-91f7-35cff6fe9365
cnt-9_1   | Sending message at 2024-10-15T07:12:30.304466047. 1bead4d6-731a-4cda-b408-55a7d16b1c45
cnt-3_1   | Sending message at 2024-10-15T07:12:38.407031484. 79cda186-d031-4e37-ab5f-b8d0f0a29b21
cnt-5_1   | Sending message at 2024-10-15T07:12:38.528974960. 5416b13c-9f1b-4ad4-ab93-cabe457a775b
cnt-10_1  | Sending message at 2024-10-15T07:12:38.558236964. e68b58bc-95d1-4332-982d-53c381b6da64
cnt-8_1   | Sending message at 2024-10-15T07:12:38.632022480. befd0c6e-68b9-42a1-9549-375b108c5afd
cnt-1_1   | 2024-10-15T07:12:39.061496394 | Message sent in 569ms. e9e41729-4779-4e4d-bf17-fcdda4367321
cnt-6_1   | Sending message at 2024-10-15T07:12:40.267575335. 55271a59-82e5-45da-a0f4-3cbe2e010140
cnt-4_1   | 2024-10-15T07:12:40.677510360 | Message sent in 526ms. 2a80a850-eaf6-47f0-9a4c-02ea5d7324cf
cnt-9_1   | 2024-10-15T07:12:41.382617557 | Message sent in 519ms. 2055602e-3ec9-4699-b013-58ac0efb71cc
cnt-1_1   | Sending message at 2024-10-15T07:12:41.580860783. e9e41729-4779-4e4d-bf17-fcdda4367321
cnt-5_1   | Sending message at 2024-10-15T07:12:41.786388306. 5416b13c-9f1b-4ad4-ab93-cabe457a775b
cnt-5_1   | Sending message at 2024-10-15T07:12:41.852591065. 5cbbe7de-7472-438d-844a-b02144864bdc
cnt-10_1  | 2024-10-15T07:12:42.176491539 | Message sent in 577ms. 056bd9f5-d952-4cd6-ae9f-351cee99f563
cnt-3_1   | 2024-10-15T07:12:42.410339427 | Message sent in 505ms. 17c9977b-6590-4de5-91f7-35cff6fe9365
cnt-3_1   | Sending message at 2024-10-15T07:12:42.993607973. 79cda186-d031-4e37-ab5f-b8d0f0a29b21
cnt-3_1   | 2024-10-15T07:12:43.953930799 | Message sent in 487ms. adaf9426-d3c6-4a8d-a6db-0042ac9d9f13
cnt-3_1   | Sending message at 2024-10-15T07:12:44.954385041. adaf9426-d3c6-4a8d-a6db-0042ac9d9f13
cnt-1_1   | Sending message at 2024-10-15T07:12:45.470316127. 49a439e6-0e64-4218-bf11-03af91d7b36f
cnt-5_1   | 2024-10-15T07:12:45.560484870 | Message sent in 663ms. a9841e6d-dbad-4fee-b80d-fc51b74c3b2f
cnt-2_1   | 2024-10-15T07:12:45.898593530 | Message sent in 810ms. 5a2f077c-185b-4eab-8601-678c9f401d23
cnt-8_1   | Sending message at 2024-10-15T07:12:46.560291750. 597502ae-f5c9-4c06-a2ef-777932b17065
cnt-6_1   | Sending message at 2024-10-15T07:12:46.915012242. 55271a59-82e5-45da-a0f4-3cbe2e010140
cnt-8_1   | 2024-10-15T07:12:47.358082666 | Message sent in 798ms. 597502ae-f5c9-4c06-a2ef-777932b17065
cnt-1_1   | Sending message at 2024-10-15T07:12:48.358335710. 5ac7c4ac-a197-4996-9487-ae44fbd1be6b
cnt-8_1   | 2024-10-15T07:12:48.735428370 | Message sent in 377ms. 597502ae-f5c9-4c06-a2ef-777932b17065
cnt-3_1   | Sending message at 2024-10-15T07:12:48.842699652. adaf9426-d3c6-4a8d-a6db-0042ac9d9f13
cnt-8_1   | 2024-10-15T07:12:50.306061391 | Message sent in 556ms. c7c0dd4d-d209-400e-b2a4-52bf520c3fbe
cnt-6_1   | Sending message at 2024-10-15T07:12:50.555668511. 55271a59-82e5-45da-a0f4-3cbe2e010140
cnt-5_1   | 2024-10-15T07:12:50.933777883 | Message sent in 735ms. 7b026bf0-b4be-4641-adb2-072dcaef7254
cnt-10_1  | 2024-10-15T07:12:51.303122896 | Message sent in 848ms. e68b58bc-95d1-4332-982d-53c381b6da64
cnt-2_1   | 2024-10-15T07:12:51.326776142 | Message sent in 802ms. 0e440f77-ca0e-4bca-bd22-46093cbd34a2
cnt-6_1   | 2024-10-15T07:12:51.326948714 | Message sent in 771ms. 55271a59-82e5-45da-a0f4-3cbe2e010140
cnt-4_1   | 2024-10-15T07:12:51.352739387 | Message sent in 797ms. 89ac1cbf-a905-4477-bfba-ea70af9b56f8
cnt-2_1   | 2024-10-15T07:12:51.417055045 | Message sent in 864ms. 5a2f077c-185b-4eab-8601-678c9f401d23
cnt-7_1   | Sending message at 2024-10-15T07:12:51.670746783. 134a219d-5ce7-4abf-8f21-3f180acc560e
cnt-3_1   | Sending message at 2024-10-15T07:12:51.814114972. 91f52803-8ae0-41d6-81ec-46bf71be972d
cnt-3_1   | Sending message at 2024-10-15T07:12:52.300679034. 1eb1c2f7-4540-4c97-9ddf-21f66443bae3
cnt-10_1  | Sending message at 2024-10-15T07:12:52.416358697. 056bd9f5-d952-4cd6-ae9f-351cee99f563
cnt-6_1   | 2024-10-15T07:12:59.537868746 | Message sent in 7105ms. a9161609-0c1e-4602-94dd-abba8dfaecb7
cnt-4_1   | 2024-10-15T07:12:59.563706042 | Message sent in 7211ms. 2250bd05-2a7d-4ecf-b91b-772ff4c9ba20
cnt-9_1   | 2024-10-15T07:12:59.763710685 | Message sent in 7016ms. 34e00b8d-ae1b-42ef-9862-ea353c1f7d10
cnt-5_1   | 2024-10-15T07:13:00.151217510 | Message sent in 7111ms. e5bf467a-e283-4610-a8db-eb8737c8ac51
cnt-6_1   | Sending message at 2024-10-15T07:13:00.286329656. 62d0ec7b-982b-4eee-ab1a-e2d8d5bfc8d8
cnt-1_1   | 2024-10-15T07:13:00.441264445 | Message sent in 508ms. 3e723a3a-de5e-4373-a8ba-867983e11f3a
cnt-3_1   | Sending message at 2024-10-15T07:13:00.638490921. 17c9977b-6590-4de5-91f7-35cff6fe9365
cnt-10_1  | 2024-10-15T07:13:01.028753237 | Message sent in 726ms. e68b58bc-95d1-4332-982d-53c381b6da64
cnt-5_1   | Sending message at 2024-10-15T07:13:01.406043010. a9841e6d-dbad-4fee-b80d-fc51b74c3b2f
cnt-9_1   | 2024-10-15T07:13:01.420696022 | Message sent in 656ms. 34e00b8d-ae1b-42ef-9862-ea353c1f7d10
cnt-10_1  | 2024-10-15T07:13:01.748301641 | Message sent in 768ms. 61c954d7-34cc-49ea-a17c-2c786fdb17b1
cnt-5_1   | 2024-10-15T07:13:01.760350190 | Message sent in 609ms. e5bf467a-e283-4610-a8db-eb8737c8ac51
cnt-9_1   | Sending message at 2024-10-15T07:13:01.812795075. c765af6e-7c2a-46f1-bd4e-fcb2129e983e
cnt-3_1   | Sending message at 2024-10-15T07:13:02.898580387. 79cda186-d031-4e37-ab5f-b8d0f0a29b21
cnt-5_1   | 2024-10-15T07:13:03.943562918 | Message sent in 947ms. a9841e6d-dbad-4fee-b80d-fc51b74c3b2f
cnt-7_1   | 2024-10-15T07:13:03.956021365 | Message sent in 1060ms. a56e4c63-2d71-4f22-b9c2-5352619067ac
cnt-9_1   | 2024-10-15T07:13:04.307208139 | Message sent in 865ms. 2055602e-3ec9-4699-b013-58ac0efb71cc
cnt-9_1   | Sending message at 2024-10-15T07:13:05.212091766. c765af6e-7c2a-46f1-bd4e-fcb2129e983e
cnt-8_1   | Sending message at 2024-10-15T07:13:05.725923351. f0808990-0dca-4e62-a0f7-33b04b791454
cnt-3_1   | Sending message at 2024-10-15T07:13:07.212149226. 17c9977b-6590-4de5-91f7-35cff6fe9365
cnt-6_1   | 2024-10-15T07:13:07.812508458 | Message sent in 502ms. 2a24b046-5ff9-4f71-863a-dbc92fd44a44
