cnt-9_1   | Sending message at 2024-10-14T13:58:17.363370857. 656b57a7-8f8d-413d-b319-7d21b0db8c96
cnt-6_1   | Sending message at 2024-10-14T13:58:17.555554934. a905ac2e-2238-4eae-bea6-5154214198af
cnt-6_1   | 2024-10-14T13:58:17.808876041 | Message sent in 513ms. 22e28904-7109-4db7-95a3-b33a1b71def6
cnt-10_1  | 2024-10-14T13:58:18.038369482 | Message sent in 583ms. f9eaf71f-4820-42a0-a16b-a56684fb28ce
cnt-6_1   | Sending message at 2024-10-14T13:58:18.809213408. 22e28904-7109-4db7-95a3-b33a1b71def6
cnt-4_1   | Sending message at 2024-10-14T13:58:18.816583429. 5597cf5b-0eab-4a8e-93fe-32d9ebdc6c61
cnt-6_1   | Sending message at 2024-10-14T13:58:18.829128161. 1304611c-6e33-474c-8c8e-b41bb4a13072
cnt-10_1  | Sending message at 2024-10-14T13:58:18.862801884. 1d672848-1e24-4f43-a17a-e2d327a2bcea
cnt-6_1   | Sending message at 2024-10-14T13:58:20.784585890. 777b999c-0a92-4284-8618-8f191b28e140
cnt-1_1   | Sending message at 2024-10-14T13:58:20.832818076. a415eb66-5e4b-4c16-ad89-12d3f481cf49
cnt-4_1   | 2024-10-14T13:58:21.332974849 | Message sent in 516ms. 857fddab-830f-4d2b-84af-b6f578158ee3
cnt-10_1  | 2024-10-14T13:58:21.340319375 | Message sent in 532ms. a4bd1c92-209a-4154-8d16-56a585130203
cnt-2_1   | Sending message at 2024-10-14T13:58:21.648121158. ef69ec6f-de7b-462c-857f-e1b1eafa1713
cnt-3_1   | 2024-10-14T13:58:21.999716739 | Message sent in 656ms. d56378e2-fb2c-4858-a397-f81117cd9a99
cnt-2_1   | Sending message at 2024-10-14T13:58:22.072602912. cb6cdec2-956a-4fc4-b666-38ea7cb5aa4d
cnt-1_1   | 2024-10-14T13:58:23.216693602 | Message sent in 774ms. 83d8d60e-e51d-471d-8aea-aea0751bd0eb
cnt-10_1  | 2024-10-14T13:58:23.355279097 | Message sent in 908ms. f9eaf71f-4820-42a0-a16b-a56684fb28ce
cnt-8_1   | 2024-10-14T13:58:23.694253700 | Message sent in 715ms. a2a50dec-0ce1-44b1-baec-735c8de006a9
cnt-6_1   | Sending message at 2024-10-14T13:58:23.723054037. 1304611c-6e33-474c-8c8e-b41bb4a13072
cnt-8_1   | 2024-10-14T13:58:23.868835767 | Message sent in 630ms. 267573da-26e3-4282-878d-4ba51446f1f6
cnt-2_1   | 2024-10-14T13:58:24.376642417 | Message sent in 768ms. cb6cdec2-956a-4fc4-b666-38ea7cb5aa4d
cnt-1_1   | 2024-10-14T13:58:25.536245098 | Message sent in 622ms. 75330613-c392-49ac-833f-30b75dd4fa93
cnt-9_1   | Sending message at 2024-10-14T13:58:26.456829779. 06511458-8e80-4171-82a9-d695e47790e2
cnt-8_1   | Sending message at 2024-10-14T13:58:26.521494991. 267573da-26e3-4282-878d-4ba51446f1f6
cnt-3_1   | Sending message at 2024-10-14T13:58:26.523293123. cdf177e8-3770-4453-8e9a-f850b6428374
cnt-10_1  | 2024-10-14T13:58:26.997822455 | Message sent in 735ms. f9eaf71f-4820-42a0-a16b-a56684fb28ce
cnt-8_1   | 2024-10-14T13:58:27.163695716 | Message sent in 685ms. a2a50dec-0ce1-44b1-baec-735c8de006a9
cnt-10_1  | 2024-10-14T13:58:27.322795888 | Message sent in 584ms. 25d300bd-4345-449d-81f1-2c567059237f
cnt-9_1   | Sending message at 2024-10-14T13:58:27.487863344. 939351af-c952-4441-8b40-7250c3d21e46
cnt-1_1   | Sending message at 2024-10-14T13:58:28.182042933. 75330613-c392-49ac-833f-30b75dd4fa93
cnt-5_1   | 2024-10-14T13:58:28.801801227 | Message sent in 803ms. 2af71486-8ee3-4300-9f91-eb6ea5e94c5f
cnt-3_1   | 2024-10-14T13:58:28.803084262 | Message sent in 660ms. d56378e2-fb2c-4858-a397-f81117cd9a99
cnt-5_1   | Sending message at 2024-10-14T13:58:30.051756088. 8be07998-1f35-49de-9a69-7f6f0e5f1b79
cnt-4_1   | 2024-10-14T13:58:30.525651756 | Message sent in 488ms. 5597cf5b-0eab-4a8e-93fe-32d9ebdc6c61
cnt-9_1   | 2024-10-14T13:58:31.269888636 | Message sent in 475ms. e55bb463-2699-44bf-ae3b-1cffc3128ff2
cnt-9_1   | Sending message at 2024-10-14T13:58:32.270240553. e55bb463-2699-44bf-ae3b-1cffc3128ff2
cnt-2_1   | 2024-10-14T13:58:32.604378027 | Message sent in 513ms. ef69ec6f-de7b-462c-857f-e1b1eafa1713
cnt-1_1   | 2024-10-14T13:58:32.633816085 | Message sent in 555ms. fc705426-3fdf-4dd1-91e5-d8b6a98f7835
cnt-7_1   | Sending message at 2024-10-14T13:58:33.258011859. b142e91c-8b36-4435-bc74-b2a53f9ab310
cnt-10_1  | Sending message at 2024-10-14T13:58:33.496419499. 494d3840-7e19-4578-b95e-48c1ccf58aa5
cnt-3_1   | Sending message at 2024-10-14T13:58:33.537413293. 92a083c0-6926-40f4-a31c-6642d242e333
cnt-9_1   | Sending message at 2024-10-14T13:58:33.736077195. a0b0c379-95d7-4ea3-b64a-015191f8dd8b
cnt-1_1   | 2024-10-14T13:58:34.020591187 | Message sent in 620ms. 75330613-c392-49ac-833f-30b75dd4fa93
cnt-4_1   | Sending message at 2024-10-14T13:58:34.162350132. da51f2bd-e7be-4277-a743-52d81215e20e
cnt-10_1  | 2024-10-14T13:58:34.705986452 | Message sent in 523ms. a4bd1c92-209a-4154-8d16-56a585130203
cnt-6_1   | 2024-10-14T13:58:35.942005141 | Message sent in 931ms. 777b999c-0a92-4284-8618-8f191b28e140
cnt-2_1   | 2024-10-14T13:58:35.945695235 | Message sent in 787ms. cb6cdec2-956a-4fc4-b666-38ea7cb5aa4d
cnt-4_1   | 2024-10-14T13:58:35.954755225 | Message sent in 1030ms. ce9b4bc7-b71e-42ad-b2c4-d0d22905ee70
cnt-1_1   | 2024-10-14T13:58:35.973489271 | Message sent in 968ms. 1d2d136f-8914-40d0-bf1c-581288c0cb53
cnt-6_1   | 2024-10-14T13:58:35.985021182 | Message sent in 974ms. a905ac2e-2238-4eae-bea6-5154214198af
cnt-4_1   | 2024-10-14T13:58:36.554622483 | Message sent in 481ms. 81348f2f-2818-4cbc-ae3c-ae7af1712a97
cnt-6_1   | Sending message at 2024-10-14T13:58:36.953731124. 22e28904-7109-4db7-95a3-b33a1b71def6
cnt-5_1   | Sending message at 2024-10-14T13:58:36.961634427. 7f0c7836-e232-482e-9fde-eb0f9d86e289
cnt-10_1  | Sending message at 2024-10-14T13:58:36.983330481. 494d3840-7e19-4578-b95e-48c1ccf58aa5
cnt-10_1  | 2024-10-14T13:58:37.891620012 | Message sent in 908ms. 494d3840-7e19-4578-b95e-48c1ccf58aa5
cnt-1_1   | 2024-10-14T13:58:37.898491522 | Message sent in 966ms. 75330613-c392-49ac-833f-30b75dd4fa93
cnt-8_1   | 2024-10-14T13:58:37.945550074 | Message sent in 783ms. d9b2696f-7102-4915-bed9-f24b17873525
cnt-6_1   | 2024-10-14T13:58:37.946881692 | Message sent in 961ms. a905ac2e-2238-4eae-bea6-5154214198af
cnt-8_1   | 2024-10-14T13:58:37.957856111 | Message sent in 539ms. 267573da-26e3-4282-878d-4ba51446f1f6
cnt-8_1   | 2024-10-14T13:58:38.024443214 | Message sent in 1083ms. 4b37456f-7f35-4f2d-9efd-282424b061bc
cnt-8_1   | Sending message at 2024-10-14T13:58:38.958158883. 267573da-26e3-4282-878d-4ba51446f1f6
cnt-2_1   | Sending message at 2024-10-14T13:58:39.013424688. 4d63ee90-2688-43a6-b7e1-00686dcec7a6
cnt-7_1   | Sending message at 2024-10-14T13:58:40.647926183. 50a1c723-d295-4e79-9b35-c8ec6dc6a2c4
cnt-4_1   | Sending message at 2024-10-14T13:58:40.650003057. ce9b4bc7-b71e-42ad-b2c4-d0d22905ee70
cnt-1_1   | Sending message at 2024-10-14T13:58:41.084271757. 83d8d60e-e51d-471d-8aea-aea0751bd0eb
cnt-1_1   | 2024-10-14T13:58:41.784475401 | Message sent in 789ms. 75330613-c392-49ac-833f-30b75dd4fa93
cnt-2_1   | 2024-10-14T13:58:42.370812976 | Message sent in 516ms. 2eb5c933-10c9-40e9-a116-84003e920fd3
cnt-10_1  | Sending message at 2024-10-14T13:58:42.410862348. 494d3840-7e19-4578-b95e-48c1ccf58aa5
cnt-9_1   | Sending message at 2024-10-14T13:58:42.568464780. e55bb463-2699-44bf-ae3b-1cffc3128ff2
cnt-8_1   | Sending message at 2024-10-14T13:58:42.655032120. 267573da-26e3-4282-878d-4ba51446f1f6
cnt-8_1   | Sending message at 2024-10-14T13:58:42.656315657. d9b2696f-7102-4915-bed9-f24b17873525
cnt-8_1   | Sending message at 2024-10-14T13:58:43.114002385. c74cf2c3-88db-4c8b-a560-d172651f53bb
cnt-1_1   | Sending message at 2024-10-14T13:58:44.631284892. 83d8d60e-e51d-471d-8aea-aea0751bd0eb
cnt-7_1   | 2024-10-14T13:58:45.961360750 | Message sent in 1071ms. b51bcbab-431b-45ca-b822-14a7949a77d0
cnt-2_1   | 2024-10-14T13:58:46.172706627 | Message sent in 1253ms. cb6cdec2-956a-4fc4-b666-38ea7cb5aa4d
cnt-2_1   | Sending message at 2024-10-14T13:58:46.324284371. faf35ddd-5027-483b-bd98-6ea9870d3bbc
cnt-4_1   | Sending message at 2024-10-14T13:58:46.771635407. da51f2bd-e7be-4277-a743-52d81215e20e
cnt-5_1   | 2024-10-14T13:58:47.254417857 | Message sent in 687ms. c5f09597-0b88-4fcd-946f-70c646881a9e
cnt-1_1   | 2024-10-14T13:58:47.394283004 | Message sent in 771ms. fc705426-3fdf-4dd1-91e5-d8b6a98f7835
cnt-3_1   | 2024-10-14T13:58:47.751315170 | Message sent in 877ms. 3434ddc7-4c42-4b78-a74a-fab6917e04df
cnt-5_1   | Sending message at 2024-10-14T13:58:48.115071438. 7f0c7836-e232-482e-9fde-eb0f9d86e289
cnt-8_1   | Sending message at 2024-10-14T13:58:48.195517825. 267573da-26e3-4282-878d-4ba51446f1f6
cnt-9_1   | Sending message at 2024-10-14T13:58:48.381498316. 06511458-8e80-4171-82a9-d695e47790e2
cnt-9_1   | Sending message at 2024-10-14T13:58:48.389863947. 939351af-c952-4441-8b40-7250c3d21e46
cnt-3_1   | Sending message at 2024-10-14T13:58:49.012007109. 382c8678-9083-42a3-9e1a-d74fbef1beb1
cnt-7_1   | 2024-10-14T13:58:49.040876844 | Message sent in 643ms. 266f3942-a344-4b28-a547-734926e2fbd3
cnt-10_1  | 2024-10-14T13:58:49.273114571 | Message sent in 518ms. 1d672848-1e24-4f43-a17a-e2d327a2bcea
cnt-6_1   | Sending message at 2024-10-14T13:58:49.930259163. a905ac2e-2238-4eae-bea6-5154214198af
cnt-2_1   | 2024-10-14T13:58:50.144352923 | Message sent in 519ms. faf35ddd-5027-483b-bd98-6ea9870d3bbc
cnt-7_1   | 2024-10-14T13:58:50.306785774 | Message sent in 530ms. b142e91c-8b36-4435-bc74-b2a53f9ab310
cnt-10_1  | Scheduled exit. Godbyeeeeeeeeeeeeeee...
cnt-3_1   | 2024-10-14T13:58:50.784481263 | Message sent in 480ms. 92a083c0-6926-40f4-a31c-6642d242e333
asb-debug_cnt-10_1 exited with code 69
cnt-4_1   | Sending message at 2024-10-14T13:58:51.334348810. 5597cf5b-0eab-4a8e-93fe-32d9ebdc6c61
cnt-10_1  | Starting the application. Logging messages with probability 0.05...
cnt-9_1   | Sending message at 2024-10-14T13:58:51.406565865. e55bb463-2699-44bf-ae3b-1cffc3128ff2
cnt-9_1   | Sending message at 2024-10-14T13:58:51.432869626. 06511458-8e80-4171-82a9-d695e47790e2
cnt-7_1   | 2024-10-14T13:58:51.459896977 | Message sent in 571ms. a84601a5-3d45-4ecb-ac77-4fcddd047f3a
cnt-7_1   | Scheduled exit. Godbyeeeeeeeeeeeeeee...
cnt-9_1   | 2024-10-14T13:58:52.431328646 | Message sent in 998ms. 06511458-8e80-4171-82a9-d695e47790e2
asb-debug_cnt-7_1 exited with code 69
cnt-1_1   | 2024-10-14T13:58:52.486656494 | Message sent in 964ms. 83d8d60e-e51d-471d-8aea-aea0751bd0eb
cnt-3_1   | 2024-10-14T13:58:52.658033247 | Message sent in 874ms. 92a083c0-6926-40f4-a31c-6642d242e333
cnt-3_1   | 2024-10-14T13:58:52.690164885 | Message sent in 665ms. 382c8678-9083-42a3-9e1a-d74fbef1beb1
cnt-5_1   | Sending message at 2024-10-14T13:58:53.144732008. c5f09597-0b88-4fcd-946f-70c646881a9e
cnt-7_1   | Starting the application. Logging messages with probability 0.05...
cnt-5_1   | 2024-10-14T13:58:54.466276022 | Message sent in 695ms. 563a2a74-534e-4e0c-ba19-7bbbd4cf1ff8
cnt-4_1   | 2024-10-14T13:58:55.374909989 | Message sent in 847ms. 81348f2f-2818-4cbc-ae3c-ae7af1712a97
cnt-6_1   | Sending message at 2024-10-14T13:58:55.443470870. 22e28904-7109-4db7-95a3-b33a1b71def6
cnt-3_1   | Sending message at 2024-10-14T13:58:55.540083466. 382c8678-9083-42a3-9e1a-d74fbef1beb1
cnt-6_1   | Scheduled exit. Godbyeeeeeeeeeeeeeee...
cnt-5_1   | Sending message at 2024-10-14T13:58:55.715302014. 8be07998-1f35-49de-9a69-7f6f0e5f1b79
cnt-9_1   | 2024-10-14T13:58:56.021532082 | Message sent in 673ms. e55bb463-2699-44bf-ae3b-1cffc3128ff2
asb-debug_cnt-6_1 exited with code 69
cnt-5_1   | Scheduled exit. Godbyeeeeeeeeeeeeeee...
asb-debug_cnt-5_1 exited with code 69
cnt-8_1   | Sending message at 2024-10-14T13:58:56.804020398. d9b2696f-7102-4915-bed9-f24b17873525
cnt-5_1   | Starting the application. Logging messages with probability 0.05...
cnt-2_1   | 2024-10-14T13:58:57.544484736 | Message sent in 626ms. ef69ec6f-de7b-462c-857f-e1b1eafa1713
cnt-9_1   | 2024-10-14T13:58:57.555812301 | Message sent in 534ms. e55bb463-2699-44bf-ae3b-1cffc3128ff2
cnt-7_1   | 2024-10-14T13:58:58.046374342 | Message sent in 491ms. c994c595-85e4-42c4-b510-f11b0654d409
cnt-9_1   | Sending message at 2024-10-14T13:58:58.068196082. 06511458-8e80-4171-82a9-d695e47790e2
cnt-10_1  | 2024-10-14T13:58:58.226709636 | Message sent in 524ms. 58d697d3-a39a-4f5a-803e-48c4df3145a0
cnt-9_1   | Sending message at 2024-10-14T13:58:58.556136504. e55bb463-2699-44bf-ae3b-1cffc3128ff2
cnt-1_1   | Scheduled exit. Godbyeeeeeeeeeeeeeee...
asb-debug_cnt-1_1 exited with code 69
cnt-8_1   | 2024-10-14T13:58:59.302199338 | Message sent in 858ms. 4b37456f-7f35-4f2d-9efd-282424b061bc
cnt-4_1   | 2024-10-14T13:58:59.558637577 | Message sent in 1136ms. da51f2bd-e7be-4277-a743-52d81215e20e
cnt-3_1   | 2024-10-14T13:58:59.705661648 | Message sent in 883ms. 382c8678-9083-42a3-9e1a-d74fbef1beb1
cnt-1_1   | Starting the application. Logging messages with probability 0.05...
cnt-9_1   | 2024-10-14T13:59:00.678868790 | Message sent in 498ms. 656b57a7-8f8d-413d-b319-7d21b0db8c96
cnt-8_1   | Scheduled exit. Godbyeeeeeeeeeeeeeee...
cnt-10_1  | Sending message at 2024-10-14T13:59:00.870134530. 58d697d3-a39a-4f5a-803e-48c4df3145a0
cnt-3_1   | 2024-10-14T13:59:01.244891625 | Message sent in 799ms. 92a083c0-6926-40f4-a31c-6642d242e333
asb-debug_cnt-8_1 exited with code 69
cnt-2_1   | Scheduled exit. Godbyeeeeeeeeeeeeeee...
asb-debug_cnt-2_1 exited with code 69
cnt-4_1   | Scheduled exit. Godbyeeeeeeeeeeeeeee...
cnt-5_1   | 2024-10-14T13:59:02.904939165 | Message sent in 655ms. 0a900871-bb13-4273-bdd6-e91072528d06
cnt-9_1   | Scheduled exit. Godbyeeeeeeeeeeeeeee...
asb-debug_cnt-4_1 exited with code 69
cnt-5_1   | 2024-10-14T13:59:03.214380105 | Message sent in 2197ms. 7778e8ee-244d-499f-9ec0-89becf12d4ee
cnt-3_1   | Scheduled exit. Godbyeeeeeeeeeeeeeee...
asb-debug_cnt-9_1 exited with code 69
cnt-10_1  | Sending message at 2024-10-14T13:59:03.877882977. b4898829-5496-439f-b7e8-3bf3be0764ef
asb-debug_cnt-3_1 exited with code 69
cnt-7_1   | Sending message at 2024-10-14T13:59:04.790291821. 6d75e65f-9f84-4515-865a-9db2643f6b1d
cnt-8_1   | Sending message at 2024-10-14T13:59:05.091225443. 939696d6-4798-4248-a19d-3f4b01811a65
cnt-3_1   | Starting the application. Logging messages with probability 0.05...
cnt-2_1   | 2024-10-14T13:59:08.419654801 | Message sent in 1824ms. abe8a4c6-d055-46f2-88a0-d4425d8d129c
cnt-9_1   | 2024-10-14T13:59:10.326458469 | Message sent in 494ms. 5f69d593-fdd1-4993-bbba-7806a7fa914c
cnt-5_1   | 2024-10-14T13:59:11.843408941 | Message sent in 7044ms. 6cb96fe1-f716-42a1-9de0-1c679f9e219b
cnt-10_1  | 2024-10-14T13:59:12.671242633 | Message sent in 6933ms. 885fc7ce-f6a2-43d5-80dd-30531767e342
cnt-7_1   | 2024-10-14T13:59:13.120584877 | Message sent in 516ms. 49d01e31-90bc-4cc0-aef3-f551cbcc9fa7
cnt-6_1   | 2024-10-14T13:59:13.251425172 | Message sent in 7109ms. ac3cf920-d59a-4714-a8fc-02b7458e90bc
cnt-8_1   | 2024-10-14T13:59:13.378006772 | Message sent in 514ms. 8cb8dc63-7b94-468a-bdc2-c6a4360bbdc5
cnt-9_1   | Sending message at 2024-10-14T13:59:14.429852001. 365e8a66-d776-48e9-9c86-2b84d6625af0
cnt-4_1   | Sending message at 2024-10-14T13:59:14.883038426. 82a96ed2-160a-4376-aaf7-bc2b307283d5
cnt-1_1   | 2024-10-14T13:59:14.985100176 | Message sent in 791ms. a9e92dda-9085-4b33-8fac-ce20b699cf39
cnt-3_1   | Sending message at 2024-10-14T13:59:14.993030289. 17f31902-3364-47b5-9f8a-00b3ff3ca0b0
cnt-8_1   | Sending message at 2024-10-14T13:59:15.162106761. 07fcc0a9-b3a4-4b64-bb98-c97a5238bd73
cnt-9_1   | 2024-10-14T13:59:15.312040076 | Message sent in 490ms. 04569146-946b-4f56-a4d3-937b9208caae
cnt-10_1  | Sending message at 2024-10-14T13:59:15.413325813. b4898829-5496-439f-b7e8-3bf3be0764ef
cnt-7_1   | Sending message at 2024-10-14T13:59:15.628600182. 49d01e31-90bc-4cc0-aef3-f551cbcc9fa7
cnt-7_1   | Sending message at 2024-10-14T13:59:16.016343257. 12993386-98a3-4728-8491-c01501d75064
cnt-4_1   | Sending message at 2024-10-14T13:59:16.502297568. 82a96ed2-160a-4376-aaf7-bc2b307283d5
cnt-3_1   | 2024-10-14T13:59:18.524807725 | Message sent in 561ms. a4a4bb25-2ef8-49a9-869d-86a32c18ad97
cnt-1_1   | 2024-10-14T13:59:22.277597738 | Message sent in 518ms. dd00de6a-4a54-408a-bdd5-56284f60de56
cnt-3_1   | 2024-10-14T13:59:22.540300298 | Message sent in 7044ms. a6a49380-539b-4d23-bf2d-dbd2a3f0320a
cnt-9_1   | Sending message at 2024-10-14T13:59:22.909977795. 61b546f9-df97-4c36-a6fb-243239dc0876
cnt-9_1   | 2024-10-14T13:59:23.877951808 | Message sent in 493ms. 668d0ca3-d785-43df-9acb-93e2d12a1c4e
cnt-2_1   | 2024-10-14T13:59:24.309020009 | Message sent in 527ms. abe8a4c6-d055-46f2-88a0-d4425d8d129c
cnt-10_1  | Sending message at 2024-10-14T13:59:24.790188732. 885fc7ce-f6a2-43d5-80dd-30531767e342
cnt-7_1   | Sending message at 2024-10-14T13:59:25.544671208. 61c00a84-aade-432d-b37d-35372130330d
cnt-3_1   | Sending message at 2024-10-14T13:59:25.546184360. 68734e06-710d-4c51-9fc9-7dfc389cc085
cnt-10_1  | 2024-10-14T13:59:25.562208192 | Message sent in 491ms. b4898829-5496-439f-b7e8-3bf3be0764ef
cnt-10_1  | Sending message at 2024-10-14T13:59:25.620693287. 5d626954-8d16-4b67-8441-3e88f452204b
cnt-1_1   | Sending message at 2024-10-14T13:59:26.254312265. dd00de6a-4a54-408a-bdd5-56284f60de56
cnt-4_1   | Sending message at 2024-10-14T13:59:26.453434455. fd0ae635-f001-4988-9233-2382c818840b
cnt-9_1   | 2024-10-14T13:59:26.725914584 | Message sent in 964ms. 04569146-946b-4f56-a4d3-937b9208caae
cnt-3_1   | 2024-10-14T13:59:26.745394089 | Message sent in 844ms. b52ad2ab-5d01-46e2-9e6d-22a031f9a30a
cnt-5_1   | Sending message at 2024-10-14T13:59:26.949603807. 7778e8ee-244d-499f-9ec0-89becf12d4ee
cnt-5_1   | Sending message at 2024-10-14T13:59:26.984419240. 6cb96fe1-f716-42a1-9de0-1c679f9e219b
cnt-1_1   | Sending message at 2024-10-14T13:59:27.086417747. 8ea4d79e-e374-4865-8cab-8a051668ffec
cnt-9_1   | 2024-10-14T13:59:28.762733674 | Message sent in 1021ms. 365e8a66-d776-48e9-9c86-2b84d6625af0
cnt-1_1   | 2024-10-14T13:59:29.076821492 | Message sent in 492ms. 8ea4d79e-e374-4865-8cab-8a051668ffec
cnt-2_1   | Sending message at 2024-10-14T13:59:29.734743123. 10feca02-4cb5-4c41-9f49-7db435c1af40
cnt-4_1   | 2024-10-14T13:59:30.265737217 | Message sent in 510ms. 4752d726-8259-4c6e-a557-4c0a0fb5b5c2
cnt-9_1   | Sending message at 2024-10-14T13:59:31.275031760. 61b546f9-df97-4c36-a6fb-243239dc0876
cnt-9_1   | Sending message at 2024-10-14T13:59:31.289846456. 365e8a66-d776-48e9-9c86-2b84d6625af0
cnt-6_1   | 2024-10-14T13:59:31.804707360 | Message sent in 547ms. ac3cf920-d59a-4714-a8fc-02b7458e90bc
cnt-2_1   | 2024-10-14T13:59:31.827422880 | Message sent in 520ms. 77d8f0d1-d0a3-49b4-bce3-3a53a33f453c
cnt-1_1   | 2024-10-14T13:59:32.177712885 | Message sent in 503ms. 18048c6a-d2a1-421c-b53c-29af6619076a
cnt-7_1   | 2024-10-14T13:59:32.473316730 | Message sent in 562ms. 61c00a84-aade-432d-b37d-35372130330d
cnt-7_1   | Sending message at 2024-10-14T13:59:33.473630342. 61c00a84-aade-432d-b37d-35372130330d
cnt-10_1  | 2024-10-14T13:59:33.988428608 | Message sent in 507ms. 5d626954-8d16-4b67-8441-3e88f452204b
cnt-2_1   | 2024-10-14T13:59:34.899799591 | Message sent in 551ms. 77d8f0d1-d0a3-49b4-bce3-3a53a33f453c
cnt-7_1   | 2024-10-14T13:59:35.148002861 | Message sent in 497ms. 6d75e65f-9f84-4515-865a-9db2643f6b1d
cnt-5_1   | 2024-10-14T13:59:35.508105434 | Message sent in 815ms. 7778e8ee-244d-499f-9ec0-89becf12d4ee
cnt-7_1   | 2024-10-14T13:59:36.389898199 | Message sent in 547ms. 12993386-98a3-4728-8491-c01501d75064
cnt-1_1   | Sending message at 2024-10-14T13:59:36.407192006. 5a51f46c-f2d8-4b2d-8205-5857f7bdee0f
cnt-10_1  | Sending message at 2024-10-14T13:59:36.406985423. 6efec13c-643b-4050-b2a4-7cd316c785c1
cnt-9_1   | 2024-10-14T13:59:36.446319606 | Message sent in 569ms. 5f69d593-fdd1-4993-bbba-7806a7fa914c
cnt-7_1   | 2024-10-14T13:59:37.138461223 | Message sent in 588ms. 49d01e31-90bc-4cc0-aef3-f551cbcc9fa7
cnt-1_1   | Sending message at 2024-10-14T13:59:37.247246488. dd00de6a-4a54-408a-bdd5-56284f60de56
cnt-7_1   | Sending message at 2024-10-14T13:59:37.384010506. c994c595-85e4-42c4-b510-f11b0654d409
cnt-4_1   | Sending message at 2024-10-14T13:59:37.417176948. 4752d726-8259-4c6e-a557-4c0a0fb5b5c2
cnt-7_1   | Sending message at 2024-10-14T13:59:37.770363245. 6d75e65f-9f84-4515-865a-9db2643f6b1d
cnt-10_1  | Sending message at 2024-10-14T13:59:37.967145170. 6efec13c-643b-4050-b2a4-7cd316c785c1
cnt-9_1   | 2024-10-14T13:59:38.832755574 | Message sent in 760ms. 668d0ca3-d785-43df-9acb-93e2d12a1c4e
cnt-2_1   | Sending message at 2024-10-14T13:59:39.005766261. 10feca02-4cb5-4c41-9f49-7db435c1af40
cnt-9_1   | Sending message at 2024-10-14T13:59:39.390405959. 365e8a66-d776-48e9-9c86-2b84d6625af0
cnt-10_1  | Sending message at 2024-10-14T13:59:41.668506886. 58d697d3-a39a-4f5a-803e-48c4df3145a0
cnt-6_1   | Sending message at 2024-10-14T13:59:42.226611510. 9c963cb1-f363-455f-a0a1-bbce5e97a841
cnt-8_1   | Sending message at 2024-10-14T13:59:42.315767811. 7939c057-b854-44e8-bb0a-f40207387f0e
cnt-5_1   | 2024-10-14T13:59:42.504351494 | Message sent in 820ms. 7778e8ee-244d-499f-9ec0-89becf12d4ee
cnt-6_1   | 2024-10-14T13:59:42.636591551 | Message sent in 1048ms. 0ef2c6e9-cc8b-4180-8b51-08f6b50963dd
cnt-8_1   | Sending message at 2024-10-14T13:59:42.711108330. 07fcc0a9-b3a4-4b64-bb98-c97a5238bd73
cnt-4_1   | 2024-10-14T13:59:43.301992782 | Message sent in 508ms. 82a96ed2-160a-4376-aaf7-bc2b307283d5
cnt-10_1  | Sending message at 2024-10-14T13:59:43.430585215. 58d697d3-a39a-4f5a-803e-48c4df3145a0
cnt-6_1   | Sending message at 2024-10-14T13:59:43.636943832. 0ef2c6e9-cc8b-4180-8b51-08f6b50963dd
cnt-2_1   | Sending message at 2024-10-14T13:59:43.646569151. 77d8f0d1-d0a3-49b4-bce3-3a53a33f453c
cnt-6_1   | Sending message at 2024-10-14T13:59:43.970896016. 5f83ddc2-3181-4170-9073-8177e9ceafc1
cnt-2_1   | 2024-10-14T13:59:44.293169557 | Message sent in 533ms. abe8a4c6-d055-46f2-88a0-d4425d8d129c
cnt-8_1   | 2024-10-14T13:59:44.712714665 | Message sent in 488ms. 07fcc0a9-b3a4-4b64-bb98-c97a5238bd73
cnt-7_1   | Sending message at 2024-10-14T13:59:45.224183159. 49d01e31-90bc-4cc0-aef3-f551cbcc9fa7
cnt-8_1   | 2024-10-14T13:59:45.472603769 | Message sent in 478ms. 939696d6-4798-4248-a19d-3f4b01811a65
cnt-4_1   | Sending message at 2024-10-14T13:59:45.682715489. 4752d726-8259-4c6e-a557-4c0a0fb5b5c2
cnt-8_1   | Sending message at 2024-10-14T13:59:46.764215825. 33eb436e-0ad6-4498-85a7-2f4704050d8d
cnt-1_1   | Sending message at 2024-10-14T13:59:47.333445559. a9e92dda-9085-4b33-8fac-ce20b699cf39
cnt-2_1   | 2024-10-14T13:59:48.556404775 | Message sent in 1076ms. abe8a4c6-d055-46f2-88a0-d4425d8d129c
cnt-7_1   | Sending message at 2024-10-14T13:59:48.763399051. 49d01e31-90bc-4cc0-aef3-f551cbcc9fa7
cnt-8_1   | 2024-10-14T13:59:48.798232640 | Message sent in 831ms. 939696d6-4798-4248-a19d-3f4b01811a65
cnt-6_1   | 2024-10-14T13:59:48.946388667 | Message sent in 653ms. 0ef2c6e9-cc8b-4180-8b51-08f6b50963dd
cnt-2_1   | 2024-10-14T13:59:48.951918018 | Message sent in 690ms. 88e3a8d8-1ea2-44b4-9107-cb9073b85825
cnt-1_1   | Sending message at 2024-10-14T13:59:49.372025018. 5a51f46c-f2d8-4b2d-8205-5857f7bdee0f
cnt-9_1   | Sending message at 2024-10-14T13:59:49.457129919. 04569146-946b-4f56-a4d3-937b9208caae
cnt-8_1   | Sending message at 2024-10-14T13:59:49.479285284. 07fcc0a9-b3a4-4b64-bb98-c97a5238bd73
cnt-4_1   | Sending message at 2024-10-14T13:59:49.672076631. 82a96ed2-160a-4376-aaf7-bc2b307283d5
cnt-3_1   | 2024-10-14T13:59:49.916997439 | Message sent in 545ms. a6a49380-539b-4d23-bf2d-dbd2a3f0320a
cnt-8_1   | 2024-10-14T13:59:50.448597960 | Message sent in 563ms. 8cb8dc63-7b94-468a-bdc2-c6a4360bbdc5
cnt-1_1   | Sending message at 2024-10-14T13:59:51.161259807. dd00de6a-4a54-408a-bdd5-56284f60de56
cnt-5_1   | Sending message at 2024-10-14T13:59:51.192547179. 6cb96fe1-f716-42a1-9de0-1c679f9e219b
cnt-8_1   | Sending message at 2024-10-14T13:59:51.383803427. 07fcc0a9-b3a4-4b64-bb98-c97a5238bd73
cnt-8_1   | Sending message at 2024-10-14T13:59:51.384563390. 33eb436e-0ad6-4498-85a7-2f4704050d8d
cnt-7_1   | Sending message at 2024-10-14T13:59:51.429624524. 61c00a84-aade-432d-b37d-35372130330d
cnt-9_1   | 2024-10-14T13:59:51.790335630 | Message sent in 808ms. 61b546f9-df97-4c36-a6fb-243239dc0876
cnt-7_1   | Sending message at 2024-10-14T13:59:51.894279628. 49d01e31-90bc-4cc0-aef3-f551cbcc9fa7
cnt-10_1  | Scheduled exit. Godbyeeeeeeeeeeeeeee...
cnt-1_1   | 2024-10-14T13:59:52.053060406 | Message sent in 780ms. 18048c6a-d2a1-421c-b53c-29af6619076a
asb-debug_cnt-10_1 exited with code 69
cnt-5_1   | Sending message at 2024-10-14T13:59:53.043153375. 6cb96fe1-f716-42a1-9de0-1c679f9e219b
cnt-10_1  | Starting the application. Logging messages with probability 0.05...
cnt-5_1   | Sending message at 2024-10-14T13:59:53.289112246. 7778e8ee-244d-499f-9ec0-89becf12d4ee
cnt-7_1   | Scheduled exit. Godbyeeeeeeeeeeeeeee...
cnt-9_1   | 2024-10-14T13:59:54.012151954 | Message sent in 642ms. 668d0ca3-d785-43df-9acb-93e2d12a1c4e
asb-debug_cnt-7_1 exited with code 69
cnt-7_1   | Starting the application. Logging messages with probability 0.05...
cnt-8_1   | Sending message at 2024-10-14T13:59:55.121503748. 07fcc0a9-b3a4-4b64-bb98-c97a5238bd73
cnt-1_1   | Sending message at 2024-10-14T13:59:55.238545295. a9e92dda-9085-4b33-8fac-ce20b699cf39
cnt-9_1   | Sending message at 2024-10-14T13:59:56.281179909. 5f69d593-fdd1-4993-bbba-7806a7fa914c
cnt-2_1   | 2024-10-14T13:59:57.253752666 | Message sent in 543ms. 77d8f0d1-d0a3-49b4-bce3-3a53a33f453c
cnt-6_1   | Scheduled exit. Godbyeeeeeeeeeeeeeee...
asb-debug_cnt-6_1 exited with code 69
cnt-5_1   | Scheduled exit. Godbyeeeeeeeeeeeeeee...
cnt-8_1   | Sending message at 2024-10-14T13:59:58.262003300. 8cb8dc63-7b94-468a-bdc2-c6a4360bbdc5
cnt-9_1   | 2024-10-14T13:59:58.311928864 | Message sent in 506ms. 5f69d593-fdd1-4993-bbba-7806a7fa914c
cnt-4_1   | 2024-10-14T13:59:58.329886615 | Message sent in 506ms. 4752d726-8259-4c6e-a557-4c0a0fb5b5c2
cnt-7_1   | 2024-10-14T13:59:58.420595093 | Message sent in 1852ms. 10457242-08da-47a0-a3ab-38fb7d0fad9c
asb-debug_cnt-5_1 exited with code 69
cnt-9_1   | Sending message at 2024-10-14T13:59:59.309002462. 61b546f9-df97-4c36-a6fb-243239dc0876
cnt-5_1   | Starting the application. Logging messages with probability 0.05...
cnt-10_1  | Sending message at 2024-10-14T14:00:00.079529566. 329d814a-9ac9-4329-b798-1f606fd01aad
cnt-5_1   | Sending message at 2024-10-14T14:00:00.230558223. 8f440367-3677-48ab-b09a-8bf5f1459ac6
cnt-10_1  | Sending message at 2024-10-14T14:00:00.613225273. f330f3e5-039c-48d1-a22d-4cf5d951b267
cnt-1_1   | Scheduled exit. Godbyeeeeeeeeeeeeeee...
cnt-3_1   | Sending message at 2024-10-14T14:00:00.871462471. 68734e06-710d-4c51-9fc9-7dfc389cc085
asb-debug_cnt-1_1 exited with code 69
cnt-1_1   | Starting the application. Logging messages with probability 0.05...
cnt-2_1   | Sending message at 2024-10-14T14:00:03.083843121. 77d8f0d1-d0a3-49b4-bce3-3a53a33f453c
cnt-2_1   | 2024-10-14T14:00:03.177062970 | Message sent in 479ms. ddb71c17-da13-4ad4-8ecf-e9f4bc29799a
cnt-8_1   | Scheduled exit. Godbyeeeeeeeeeeeeeee...
cnt-2_1   | Scheduled exit. Godbyeeeeeeeeeeeeeee...
asb-debug_cnt-8_1 exited with code 69
asb-debug_cnt-2_1 exited with code 69
cnt-6_1   | Sending message at 2024-10-14T14:00:04.609799187. 31dfc192-c936-4b34-a97b-2322945f5324
cnt-3_1   | 2024-10-14T14:00:05.130763933 | Message sent in 505ms. b52ad2ab-5d01-46e2-9e6d-22a031f9a30a
cnt-2_1   | Starting the application. Logging messages with probability 0.05...
cnt-4_1   | 2024-10-14T14:00:05.672055227 | Message sent in 529ms. fd0ae635-f001-4988-9233-2382c818840b
cnt-4_1   | Scheduled exit. Godbyeeeeeeeeeeeeeee...
cnt-7_1   | 2024-10-14T14:00:05.934163089 | Message sent in 494ms. 413e159d-b5f7-4b50-8f29-a258653ada59
cnt-3_1   | Sending message at 2024-10-14T14:00:06.131080070. b52ad2ab-5d01-46e2-9e6d-22a031f9a30a
cnt-9_1   | Scheduled exit. Godbyeeeeeeeeeeeeeee...
asb-debug_cnt-4_1 exited with code 69
cnt-3_1   | Sending message at 2024-10-14T14:00:06.479797583. a4a4bb25-2ef8-49a9-869d-86a32c18ad97
cnt-3_1   | Scheduled exit. Godbyeeeeeeeeeeeeeee...
cnt-7_1   | Sending message at 2024-10-14T14:00:06.934598946. 413e159d-b5f7-4b50-8f29-a258653ada59
asb-debug_cnt-9_1 exited with code 69
asb-debug_cnt-3_1 exited with code 69
cnt-5_1   | 2024-10-14T14:00:07.435059239 | Message sent in 529ms. 8f440367-3677-48ab-b09a-8bf5f1459ac6
cnt-5_1   | 2024-10-14T14:00:07.476733675 | Message sent in 519ms. 14b9564b-85df-45ee-a333-0eac29131448
cnt-6_1   | Sending message at 2024-10-14T14:00:07.683884191. 2f333382-59cf-4201-8725-3c0383937615
cnt-7_1   | Sending message at 2024-10-14T14:00:08.543353430. 10457242-08da-47a0-a3ab-38fb7d0fad9c
cnt-3_1   | Starting the application. Logging messages with probability 0.05...
cnt-3_1   | Sending message at 2024-10-14T14:00:10.810852369. dd841b9e-0075-4374-91c3-ee6072de8e3f
cnt-3_1   | 2024-10-14T14:00:14.405822151 | Message sent in 411ms. 731f9249-fa74-4ea3-b450-f251c4da5abd
cnt-4_1   | 2024-10-14T14:00:14.494606009 | Message sent in 497ms. 5739d516-5960-4de9-9390-88b2d2c86e8d
cnt-8_1   | Sending message at 2024-10-14T14:00:14.665769561. 50f38c8e-ddd2-4ee0-84bc-4e7eb4cf33a8
cnt-10_1  | 2024-10-14T14:00:15.772585672 | Message sent in 7144ms. 3fc094c9-5e80-4596-b228-f4710ae9cd7f
cnt-8_1   | 2024-10-14T14:00:16.417642385 | Message sent in 7260ms. d22fa714-6403-49f8-b73e-4a6543ca6fac
cnt-8_1   | Sending message at 2024-10-14T14:00:17.084917139. 7bdd13ec-af9a-4234-90fd-bc2e9d1cc823
cnt-7_1   | 2024-10-14T14:00:17.139684106 | Message sent in 532ms. 11218c48-3a89-4424-a87b-9ab4a0bf9bbb
cnt-4_1   | 2024-10-14T14:00:17.140951733 | Message sent in 386ms. 4c0969db-02fd-4539-8679-e9beca1227af
cnt-5_1   | Sending message at 2024-10-14T14:00:18.003122550. afaca45c-6aae-490e-85a9-e37dfd70d782
cnt-8_1   | 2024-10-14T14:00:18.072670355 | Message sent in 649ms. 6adb7c63-db4b-4a85-9c78-d5cf39f6dfb8
cnt-1_1   | 2024-10-14T14:00:18.177027624 | Message sent in 645ms. 74f52df8-76b7-4901-845d-745cc57d36ce
cnt-7_1   | 2024-10-14T14:00:18.851898687 | Message sent in 680ms. 413e159d-b5f7-4b50-8f29-a258653ada59
cnt-3_1   | 2024-10-14T14:00:19.297691265 | Message sent in 586ms. baa47cc8-b25f-433a-8afb-24d187059cb1
cnt-4_1   | Sending message at 2024-10-14T14:00:19.510202655. 55c3fdd6-703f-402f-8dfd-5861cbb8a22f
cnt-4_1   | Sending message at 2024-10-14T14:00:19.637460424. dad8d2e1-02c6-49df-891d-f98f758d0484
cnt-6_1   | 2024-10-14T14:00:20.051789636 | Message sent in 797ms. 31dfc192-c936-4b34-a97b-2322945f5324
cnt-4_1   | 2024-10-14T14:00:20.440003986 | Message sent in 874ms. 8a3d9161-61df-4ba3-8a77-773dc199aaff
cnt-7_1   | Sending message at 2024-10-14T14:00:20.640072778. 80d3d610-76ea-498a-9857-8f83dd7b9391
cnt-5_1   | Sending message at 2024-10-14T14:00:21.562433786. afaca45c-6aae-490e-85a9-e37dfd70d782
cnt-3_1   | Sending message at 2024-10-14T14:00:23.680751757. e688fda1-b92d-4ed8-91b0-a1649868acd3
cnt-9_1   | Sending message at 2024-10-14T14:00:23.918044110. de450d2b-b116-4d02-b6cc-827aae2d47b2
cnt-8_1   | 2024-10-14T14:00:24.771805175 | Message sent in 1097ms. 50f38c8e-ddd2-4ee0-84bc-4e7eb4cf33a8
cnt-5_1   | Sending message at 2024-10-14T14:00:25.804193745. afaca45c-6aae-490e-85a9-e37dfd70d782
cnt-10_1  | 2024-10-14T14:00:27.269685910 | Message sent in 7294ms. 101b391d-67c0-4587-8704-692a3cf40bf0
cnt-3_1   | Sending message at 2024-10-14T14:00:27.372202425. 10236c2a-33d2-432d-9d03-c0e5d4f035f3
cnt-6_1   | 2024-10-14T14:00:28.150756573 | Message sent in 7471ms. 5c057e99-bb6b-460f-a603-cfce74ab8960
cnt-1_1   | 2024-10-14T14:00:28.572629572 | Message sent in 605ms. 4b50e982-65fd-43e3-95b8-479f14f57ca1
cnt-4_1   | Sending message at 2024-10-14T14:00:29.293920877. 55c3fdd6-703f-402f-8dfd-5861cbb8a22f
cnt-5_1   | 2024-10-14T14:00:29.537862169 | Message sent in 1137ms. 14b9564b-85df-45ee-a333-0eac29131448
cnt-3_1   | Sending message at 2024-10-14T14:00:29.541919898. e688fda1-b92d-4ed8-91b0-a1649868acd3
cnt-6_1   | 2024-10-14T14:00:29.999394428 | Message sent in 848ms. 5c057e99-bb6b-460f-a603-cfce74ab8960
cnt-10_1  | Sending message at 2024-10-14T14:00:30.069984348. 101b391d-67c0-4587-8704-692a3cf40bf0
cnt-8_1   | 2024-10-14T14:00:30.077249689 | Message sent in 597ms. 6adb7c63-db4b-4a85-9c78-d5cf39f6dfb8
cnt-9_1   | Sending message at 2024-10-14T14:00:30.339702273. ab7addf1-08f7-4ebb-8aa9-00d4aea12440
cnt-10_1  | 2024-10-14T14:00:30.574876500 | Message sent in 928ms. c6c73ce0-3cb6-4210-950c-fe64c327b3fb
cnt-4_1   | Sending message at 2024-10-14T14:00:31.038976224. 5739d516-5960-4de9-9390-88b2d2c86e8d
cnt-4_1   | 2024-10-14T14:00:31.089941483 | Message sent in 1455ms. 8a3d9161-61df-4ba3-8a77-773dc199aaff
cnt-7_1   | 2024-10-14T14:00:31.454147984 | Message sent in 1415ms. 413e159d-b5f7-4b50-8f29-a258653ada59
cnt-3_1   | Sending message at 2024-10-14T14:00:31.667246023. e688fda1-b92d-4ed8-91b0-a1649868acd3
cnt-8_1   | 2024-10-14T14:00:31.676185283 | Message sent in 599ms. 6adb7c63-db4b-4a85-9c78-d5cf39f6dfb8
cnt-1_1   | Sending message at 2024-10-14T14:00:31.887377051. a5fbf590-20a0-4ec5-a709-752826e5fd68
cnt-9_1   | 2024-10-14T14:00:32.526515919 | Message sent in 662ms. 1e9763e7-2657-44d3-8e6a-3d334750d846
cnt-9_1   | Sending message at 2024-10-14T14:00:32.607262447. fc2a1ff4-6fff-44da-9e48-257c9f4a7f88
cnt-8_1   | Sending message at 2024-10-14T14:00:32.676528216. 6adb7c63-db4b-4a85-9c78-d5cf39f6dfb8
cnt-5_1   | Sending message at 2024-10-14T14:00:32.676425539. bcb57751-d8f9-4753-88f9-3af50f29aef6
cnt-2_1   | 2024-10-14T14:00:33.120266799 | Message sent in 948ms. 4ae6efd6-daa5-475b-9096-707eb767487c
cnt-10_1  | Sending message at 2024-10-14T14:00:33.139748323. c6c73ce0-3cb6-4210-950c-fe64c327b3fb
cnt-9_1   | Sending message at 2024-10-14T14:00:33.533158770. 1e9763e7-2657-44d3-8e6a-3d334750d846
cnt-8_1   | Sending message at 2024-10-14T14:00:33.538739437. 50f38c8e-ddd2-4ee0-84bc-4e7eb4cf33a8
cnt-4_1   | Sending message at 2024-10-14T14:00:33.543565022. 4c0969db-02fd-4539-8679-e9beca1227af
cnt-3_1   | Sending message at 2024-10-14T14:00:34.756319558. 731f9249-fa74-4ea3-b450-f251c4da5abd
cnt-8_1   | 2024-10-14T14:00:35.909467025 | Message sent in 1226ms. 6adb7c63-db4b-4a85-9c78-d5cf39f6dfb8
cnt-8_1   | 2024-10-14T14:00:36.750018670 | Message sent in 1368ms. 50f38c8e-ddd2-4ee0-84bc-4e7eb4cf33a8
cnt-6_1   | Sending message at 2024-10-14T14:00:36.806690885. 5c057e99-bb6b-460f-a603-cfce74ab8960
cnt-1_1   | 2024-10-14T14:00:36.993150582 | Message sent in 1565ms. a5fbf590-20a0-4ec5-a709-752826e5fd68
cnt-1_1   | Sending message at 2024-10-14T14:00:37.096917889. 74f52df8-76b7-4901-845d-745cc57d36ce
cnt-8_1   | 2024-10-14T14:00:37.542862525 | Message sent in 1005ms. 858cfa3f-5ba2-4d8f-a956-aabea747fcce
cnt-6_1   | 2024-10-14T14:00:37.787493649 | Message sent in 1082ms. b42b4921-fc2a-47c3-afb8-51108bffa6cf
cnt-6_1   | 2024-10-14T14:00:37.935583807 | Message sent in 1069ms. eb820408-8748-4f24-89c2-9ade6e0a8b9b
cnt-5_1   | Sending message at 2024-10-14T14:00:38.388593930. 8f440367-3677-48ab-b09a-8bf5f1459ac6
cnt-7_1   | Sending message at 2024-10-14T14:00:38.621134417. 80d3d610-76ea-498a-9857-8f83dd7b9391
cnt-4_1   | 2024-10-14T14:00:39.089024317 | Message sent in 1122ms. 55c3fdd6-703f-402f-8dfd-5861cbb8a22f
cnt-2_1   | Sending message at 2024-10-14T14:00:39.710527591. 96904db8-f875-47ae-8a88-51720203e078
cnt-10_1  | Sending message at 2024-10-14T14:00:40.217321738. 101b391d-67c0-4587-8704-692a3cf40bf0
cnt-1_1   | Sending message at 2024-10-14T14:00:40.340340047. 897d33fc-abff-4d7d-a727-f9e2ec402b57
cnt-6_1   | Sending message at 2024-10-14T14:00:40.428373822. b42b4921-fc2a-47c3-afb8-51108bffa6cf
cnt-8_1   | 2024-10-14T14:00:40.647244969 | Message sent in 693ms. 50f38c8e-ddd2-4ee0-84bc-4e7eb4cf33a8
cnt-1_1   | Sending message at 2024-10-14T14:00:40.797488807. 57bb3bb8-d0d2-4b0e-b408-c380b0d21601
cnt-2_1   | Sending message at 2024-10-14T14:00:41.429276782. 96904db8-f875-47ae-8a88-51720203e078
cnt-3_1   | 2024-10-14T14:00:41.692935455 | Message sent in 1211ms. baa47cc8-b25f-433a-8afb-24d187059cb1
cnt-3_1   | 2024-10-14T14:00:41.774866642 | Message sent in 939ms. e688fda1-b92d-4ed8-91b0-a1649868acd3
cnt-2_1   | 2024-10-14T14:00:42.409795724 | Message sent in 980ms. 96904db8-f875-47ae-8a88-51720203e078
cnt-1_1   | Sending message at 2024-10-14T14:00:42.454195965. 74f52df8-76b7-4901-845d-745cc57d36ce
cnt-5_1   | 2024-10-14T14:00:43.491122131 | Message sent in 875ms. afaca45c-6aae-490e-85a9-e37dfd70d782
cnt-1_1   | 2024-10-14T14:00:43.636334101 | Message sent in 954ms. 4b50e982-65fd-43e3-95b8-479f14f57ca1
cnt-10_1  | Sending message at 2024-10-14T14:00:43.852092896. 101b391d-67c0-4587-8704-692a3cf40bf0
cnt-10_1  | Sending message at 2024-10-14T14:00:44.238186106. 3fc094c9-5e80-4596-b228-f4710ae9cd7f
cnt-2_1   | 2024-10-14T14:00:44.317105419 | Message sent in 951ms. 6c060930-9a8f-4811-aec7-f51c63715e75
cnt-4_1   | Sending message at 2024-10-14T14:00:44.355782690. dad8d2e1-02c6-49df-891d-f98f758d0484
cnt-10_1  | 2024-10-14T14:00:44.881569262 | Message sent in 1029ms. 101b391d-67c0-4587-8704-692a3cf40bf0
cnt-3_1   | 2024-10-14T14:00:45.789336713 | Message sent in 1340ms. 10236c2a-33d2-432d-9d03-c0e5d4f035f3
cnt-10_1  | Sending message at 2024-10-14T14:00:45.881924625. 101b391d-67c0-4587-8704-692a3cf40bf0
cnt-8_1   | 2024-10-14T14:00:47.429212075 | Message sent in 718ms. 7bdd13ec-af9a-4234-90fd-bc2e9d1cc823
cnt-10_1  | Sending message at 2024-10-14T14:00:47.884564906. f330f3e5-039c-48d1-a22d-4cf5d951b267
cnt-2_1   | 2024-10-14T14:00:48.267876814 | Message sent in 770ms. c9dbc605-9df0-46e0-99ea-ebf6ee7e3ffc
cnt-9_1   | 2024-10-14T14:00:48.635199507 | Message sent in 803ms. de450d2b-b116-4d02-b6cc-827aae2d47b2
cnt-4_1   | Sending message at 2024-10-14T14:00:48.788322035. 4c0969db-02fd-4539-8679-e9beca1227af
cnt-7_1   | Sending message at 2024-10-14T14:00:49.058730441. 11218c48-3a89-4424-a87b-9ab4a0bf9bbb
cnt-2_1   | 2024-10-14T14:00:49.238750309 | Message sent in 781ms. 96904db8-f875-47ae-8a88-51720203e078
cnt-1_1   | 2024-10-14T14:00:49.529494696 | Message sent in 1001ms. 57bb3bb8-d0d2-4b0e-b408-c380b0d21601
cnt-8_1   | 2024-10-14T14:00:50.187502387 | Message sent in 927ms. 50f38c8e-ddd2-4ee0-84bc-4e7eb4cf33a8
cnt-8_1   | Sending message at 2024-10-14T14:00:50.231141356. 7bdd13ec-af9a-4234-90fd-bc2e9d1cc823
cnt-9_1   | Sending message at 2024-10-14T14:00:50.694974265. 1e9763e7-2657-44d3-8e6a-3d334750d846
cnt-5_1   | 2024-10-14T14:00:51.066675795 | Message sent in 545ms. 14b9564b-85df-45ee-a333-0eac29131448
cnt-3_1   | Sending message at 2024-10-14T14:00:51.178553964. baa47cc8-b25f-433a-8afb-24d187059cb1
cnt-8_1   | Sending message at 2024-10-14T14:00:51.187858979. 50f38c8e-ddd2-4ee0-84bc-4e7eb4cf33a8
cnt-4_1   | Sending message at 2024-10-14T14:00:51.342407139. 55c3fdd6-703f-402f-8dfd-5861cbb8a22f
cnt-8_1   | Sending message at 2024-10-14T14:00:51.498882121. 858cfa3f-5ba2-4d8f-a956-aabea747fcce
cnt-8_1   | Sending message at 2024-10-14T14:00:51.781477806. 7bdd13ec-af9a-4234-90fd-bc2e9d1cc823
cnt-6_1   | 2024-10-14T14:00:51.897827124 | Message sent in 617ms. 31dfc192-c936-4b34-a97b-2322945f5324
cnt-6_1   | 2024-10-14T14:00:52.234312942 | Message sent in 671ms. eb820408-8748-4f24-89c2-9ade6e0a8b9b
cnt-2_1   | 2024-10-14T14:00:52.668785753 | Message sent in 583ms. 6c060930-9a8f-4811-aec7-f51c63715e75
cnt-4_1   | Sending message at 2024-10-14T14:00:52.703629711. 8a3d9161-61df-4ba3-8a77-773dc199aaff
cnt-4_1   | 2024-10-14T14:00:52.986024916 | Message sent in 606ms. 4c0969db-02fd-4539-8679-e9beca1227af
cnt-10_1  | Sending message at 2024-10-14T14:00:53.243591612. c6c73ce0-3cb6-4210-950c-fe64c327b3fb
cnt-9_1   | 2024-10-14T14:00:53.318331090 | Message sent in 703ms. 4d5685a2-5909-4eef-90d0-4a350c3509e2
cnt-10_1  | Sending message at 2024-10-14T14:00:53.429652109. 3fc094c9-5e80-4596-b228-f4710ae9cd7f
cnt-10_1  | Scheduled exit. Godbyeeeeeeeeeeeeeee...
asb-debug_cnt-10_1 exited with code 69
cnt-10_1  | Starting the application. Logging messages with probability 0.05...
cnt-1_1   | Sending message at 2024-10-14T14:00:54.971346707. 74f52df8-76b7-4901-845d-745cc57d36ce
cnt-2_1   | 2024-10-14T14:00:55.041698805 | Message sent in 821ms. c9dbc605-9df0-46e0-99ea-ebf6ee7e3ffc
cnt-1_1   | Sending message at 2024-10-14T14:00:55.511059173. a5fbf590-20a0-4ec5-a709-752826e5fd68
cnt-7_1   | Sending message at 2024-10-14T14:00:55.518771585. 49b59069-db79-4b28-9c20-a2961fd6657a
cnt-7_1   | Scheduled exit. Godbyeeeeeeeeeeeeeee...
asb-debug_cnt-7_1 exited with code 69
cnt-9_1   | Sending message at 2024-10-14T14:00:56.346727831. de450d2b-b116-4d02-b6cc-827aae2d47b2
cnt-9_1   | 2024-10-14T14:00:56.458789264 | Message sent in 723ms. 1e9763e7-2657-44d3-8e6a-3d334750d846
cnt-4_1   | 2024-10-14T14:00:56.583085101 | Message sent in 755ms. 4c0969db-02fd-4539-8679-e9beca1227af
cnt-7_1   | Starting the application. Logging messages with probability 0.05...
cnt-4_1   | 2024-10-14T14:00:57.355826466 | Message sent in 1059ms. 55c3fdd6-703f-402f-8dfd-5861cbb8a22f
cnt-9_1   | Sending message at 2024-10-14T14:00:58.399389326. ab7addf1-08f7-4ebb-8aa9-00d4aea12440
cnt-5_1   | 2024-10-14T14:00:58.470287805 | Message sent in 1184ms. 14b9564b-85df-45ee-a333-0eac29131448
cnt-1_1   | Sending message at 2024-10-14T14:00:58.652617176. 897d33fc-abff-4d7d-a727-f9e2ec402b57
cnt-8_1   | 2024-10-14T14:00:58.894153077 | Message sent in 1040ms. 50f38c8e-ddd2-4ee0-84bc-4e7eb4cf33a8
cnt-6_1   | Scheduled exit. Godbyeeeeeeeeeeeeeee...
cnt-10_1  | Sending message at 2024-10-14T14:00:59.667784797. f476175b-1d13-42ff-96c3-59698184fee1
asb-debug_cnt-6_1 exited with code 69
cnt-5_1   | Scheduled exit. Godbyeeeeeeeeeeeeeee...
cnt-9_1   | Sending message at 2024-10-14T14:01:00.492120199. de450d2b-b116-4d02-b6cc-827aae2d47b2
cnt-6_1   | Starting the application. Logging messages with probability 0.05...
cnt-10_1  | 2024-10-14T14:01:00.513552556 | Message sent in 842ms. f476175b-1d13-42ff-96c3-59698184fee1
cnt-3_1   | 2024-10-14T14:01:00.741580802 | Message sent in 1021ms. 10236c2a-33d2-432d-9d03-c0e5d4f035f3
asb-debug_cnt-5_1 exited with code 69
cnt-4_1   | 2024-10-14T14:01:01.247938563 | Message sent in 747ms. 55c3fdd6-703f-402f-8dfd-5861cbb8a22f
cnt-3_1   | Sending message at 2024-10-14T14:01:01.504109988. baa47cc8-b25f-433a-8afb-24d187059cb1
cnt-8_1   | Sending message at 2024-10-14T14:01:01.519763409. 6adb7c63-db4b-4a85-9c78-d5cf39f6dfb8
cnt-7_1   | Sending message at 2024-10-14T14:01:01.534059091. deefea5a-bae3-46dc-b1df-f840adda5b74
cnt-5_1   | Starting the application. Logging messages with probability 0.05...
cnt-1_1   | 2024-10-14T14:01:02.049034219 | Message sent in 2433ms. a5fbf590-20a0-4ec5-a709-752826e5fd68
cnt-1_1   | Scheduled exit. Godbyeeeeeeeeeeeeeee...
asb-debug_cnt-1_1 exited with code 69
cnt-9_1   | Sending message at 2024-10-14T14:01:03.958223039. ab7addf1-08f7-4ebb-8aa9-00d4aea12440
cnt-1_1   | Starting the application. Logging messages with probability 0.05...
cnt-2_1   | 2024-10-14T14:01:04.478102187 | Message sent in 591ms. 4ae6efd6-daa5-475b-9096-707eb767487c
cnt-9_1   | 2024-10-14T14:01:04.482605072 | Message sent in 563ms. de450d2b-b116-4d02-b6cc-827aae2d47b2
cnt-9_1   | Sending message at 2024-10-14T14:01:04.691235343. 1e9763e7-2657-44d3-8e6a-3d334750d846
cnt-9_1   | Sending message at 2024-10-14T14:01:05.265895935. fc2a1ff4-6fff-44da-9e48-257c9f4a7f88
cnt-9_1   | 2024-10-14T14:01:05.414077069 | Message sent in 723ms. 1e9763e7-2657-44d3-8e6a-3d334750d846
cnt-5_1   | Sending message at 2024-10-14T14:01:05.480152332. b2b1babf-85e0-4fb4-8bcc-813191f023d8
cnt-8_1   | Scheduled exit. Godbyeeeeeeeeeeeeeee...
asb-debug_cnt-8_1 exited with code 69
cnt-9_1   | 2024-10-14T14:01:06.183896732 | Message sent in 1028ms. 4d5685a2-5909-4eef-90d0-4a350c3509e2
cnt-2_1   | Scheduled exit. Godbyeeeeeeeeeeeeeee...
asb-debug_cnt-2_1 exited with code 69
cnt-9_1   | Sending message at 2024-10-14T14:01:07.184228194. 4d5685a2-5909-4eef-90d0-4a350c3509e2
cnt-10_1  | 2024-10-14T14:01:07.442009829 | Message sent in 521ms. f476175b-1d13-42ff-96c3-59698184fee1
cnt-7_1   | Sending message at 2024-10-14T14:01:07.461735370. 46e7f59f-f92a-4db3-aa33-8c7ec74c49ba
cnt-1_1   | 2024-10-14T14:01:07.517404123 | Message sent in 2652ms. 19f85ca0-6aee-4ed2-94da-4d4098312c48
cnt-2_1   | Starting the application. Logging messages with probability 0.05...
cnt-6_1   | Sending message at 2024-10-14T14:01:07.951650542. c3e12898-c694-4f14-ba11-bb7a49a3cdad
cnt-7_1   | Sending message at 2024-10-14T14:01:08.317738522. ff9190d8-6a3b-4ca2-b2e5-08f9ff28b0fd
cnt-6_1   | Sending message at 2024-10-14T14:01:08.477399340. f0d1366d-ea21-4ae9-8c7c-a419c582e566
cnt-1_1   | Sending message at 2024-10-14T14:01:08.873165147. 73ec2073-e692-48a7-aba0-d7f30d04e0ae
cnt-3_1   | 2024-10-14T14:01:08.956082641 | Message sent in 502ms. dd841b9e-0075-4374-91c3-ee6072de8e3f
cnt-10_1  | Sending message at 2024-10-14T14:01:08.985947092. 6d835b07-2302-4674-a614-37bfb7bb9336
cnt-4_1   | Scheduled exit. Godbyeeeeeeeeeeeeeee...
cnt-6_1   | Sending message at 2024-10-14T14:01:09.514390879. c3e12898-c694-4f14-ba11-bb7a49a3cdad
asb-debug_cnt-4_1 exited with code 69
cnt-9_1   | Scheduled exit. Godbyeeeeeeeeeeeeeee...
cnt-1_1   | 2024-10-14T14:01:09.823815545 | Message sent in 1952ms. 662e8444-0795-4986-82ee-db11f3f83203
cnt-3_1   | Scheduled exit. Godbyeeeeeeeeeeeeeee...
asb-debug_cnt-9_1 exited with code 69
asb-debug_cnt-3_1 exited with code 69
cnt-10_1  | 2024-10-14T14:01:10.764816933 | Message sent in 772ms. 10564d50-41c0-4b42-ba49-76ee92708a73
cnt-1_1   | 2024-10-14T14:01:10.779776747 | Message sent in 721ms. 19f85ca0-6aee-4ed2-94da-4d4098312c48
cnt-1_1   | Sending message at 2024-10-14T14:01:10.824203216. 662e8444-0795-4986-82ee-db11f3f83203
cnt-9_1   | Starting the application. Logging messages with probability 0.05...
cnt-3_1   | Starting the application. Logging messages with probability 0.05...
cnt-10_1  | Sending message at 2024-10-14T14:01:11.567247387. f476175b-1d13-42ff-96c3-59698184fee1
cnt-1_1   | Sending message at 2024-10-14T14:01:11.783401875. 94cbaf15-748d-4dbf-b6e7-5c7f7357b6e7
cnt-1_1   | 2024-10-14T14:01:12.010755196 | Message sent in 842ms. 49b664cb-956e-4229-8e6f-5eec20b72097
cnt-5_1   | 2024-10-14T14:01:12.022970353 | Message sent in 869ms. f8cefb9d-bd0c-439e-a2a3-5d0599bfd908
cnt-5_1   | Sending message at 2024-10-14T14:01:12.369707853. d70e38f6-1ed1-4020-9433-4dc0d15c23ff
cnt-7_1   | Sending message at 2024-10-14T14:01:12.373187868. 46e7f59f-f92a-4db3-aa33-8c7ec74c49ba
cnt-8_1   | 2024-10-14T14:01:12.581454942 | Message sent in 2729ms. ef23e18e-91d9-4c31-a0f8-12277ea104af
cnt-5_1   | Sending message at 2024-10-14T14:01:13.190256798. b2b1babf-85e0-4fb4-8bcc-813191f023d8
cnt-9_1   | Sending message at 2024-10-14T14:01:13.581160239. 6fd2081c-4739-4ff9-a6e8-840bf41a9fa6
cnt-10_1  | 2024-10-14T14:01:14.154470584 | Message sent in 526ms. 6d835b07-2302-4674-a614-37bfb7bb9336
cnt-4_1   | Sending message at 2024-10-14T14:01:14.251387068. 59ff28ce-50ff-40ec-b305-ad5ccd72a010
cnt-2_1   | Sending message at 2024-10-14T14:01:14.408620413. 66336b34-9454-48db-b97c-08dde1234535
cnt-5_1   | Sending message at 2024-10-14T14:01:14.557654803. f8cefb9d-bd0c-439e-a2a3-5d0599bfd908
cnt-2_1   | 2024-10-14T14:01:14.907948410 | Message sent in 494ms. 66336b34-9454-48db-b97c-08dde1234535
cnt-10_1  | 2024-10-14T14:01:14.961308615 | Message sent in 522ms. a334dbe6-f611-4f9b-9442-8dd83568cf09
cnt-10_1  | Sending message at 2024-10-14T14:01:15.155109371. 6d835b07-2302-4674-a614-37bfb7bb9336
cnt-7_1   | 2024-10-14T14:01:15.436203734 | Message sent in 530ms. deefea5a-bae3-46dc-b1df-f840adda5b74
cnt-1_1   | 2024-10-14T14:01:15.622371295 | Message sent in 514ms. 94cbaf15-748d-4dbf-b6e7-5c7f7357b6e7
cnt-2_1   | 2024-10-14T14:01:15.897492395 | Message sent in 555ms. e617f77a-3732-4282-80f6-eab5004353c4
cnt-5_1   | 2024-10-14T14:01:16.500614321 | Message sent in 502ms. 9baed7f4-5620-4fb5-a61e-884401d69991
cnt-7_1   | 2024-10-14T14:01:16.773492686 | Message sent in 506ms. de439584-fbf5-41fa-81b5-f816bc9afc7c
cnt-2_1   | 2024-10-14T14:01:16.812334907 | Message sent in 547ms. 0d9b36d2-7a6d-47fe-850e-b18f89a6ca86
cnt-2_1   | Sending message at 2024-10-14T14:01:17.412828396. 66336b34-9454-48db-b97c-08dde1234535
cnt-1_1   | Sending message at 2024-10-14T14:01:17.573222021. 49b664cb-956e-4229-8e6f-5eec20b72097
cnt-10_1  | 2024-10-14T14:01:17.996081594 | Message sent in 528ms. a334dbe6-f611-4f9b-9442-8dd83568cf09
cnt-3_1   | Sending message at 2024-10-14T14:01:18.062416056. d07ba927-28bd-4617-9a7e-ba2bfe51abf2
cnt-2_1   | Sending message at 2024-10-14T14:01:18.913716432. d5c2ffb6-8bfb-46dd-9cde-66b3acd951ab
cnt-10_1  | Sending message at 2024-10-14T14:01:19.344845780. 10564d50-41c0-4b42-ba49-76ee92708a73
cnt-3_1   | Sending message at 2024-10-14T14:01:19.562412886. 1b3d40ca-1690-406a-8eee-493936508f44
cnt-3_1   | Sending message at 2024-10-14T14:01:19.923108182. 0b93a728-c8b8-4421-8008-feecd7e703da
cnt-9_1   | 2024-10-14T14:01:20.219647716 | Message sent in 623ms. 74905987-0fb2-404b-ac07-9229d11ef037
cnt-4_1   | 2024-10-14T14:01:20.314157695 | Message sent in 631ms. 552482de-1d2a-4db2-bcb0-b2213e7821f2
cnt-6_1   | Sending message at 2024-10-14T14:01:21.070390338. c3e12898-c694-4f14-ba11-bb7a49a3cdad
cnt-10_1  | Sending message at 2024-10-14T14:01:21.091545501. 10564d50-41c0-4b42-ba49-76ee92708a73
cnt-7_1   | 2024-10-14T14:01:22.006762032 | Message sent in 1008ms. ff9190d8-6a3b-4ca2-b2e5-08f9ff28b0fd
cnt-7_1   | 2024-10-14T14:01:22.025347292 | Message sent in 1027ms. de439584-fbf5-41fa-81b5-f816bc9afc7c
cnt-10_1  | 2024-10-14T14:01:22.037815060 | Message sent in 954ms. f476175b-1d13-42ff-96c3-59698184fee1
cnt-1_1   | 2024-10-14T14:01:22.120606557 | Message sent in 1037ms. 73ec2073-e692-48a7-aba0-d7f30d04e0ae
cnt-10_1  | 2024-10-14T14:01:22.188811973 | Message sent in 1076ms. a334dbe6-f611-4f9b-9442-8dd83568cf09
cnt-8_1   | Sending message at 2024-10-14T14:01:23.090691941. 8aaf65b1-486c-4afd-afce-503b7b7e801b
cnt-1_1   | Sending message at 2024-10-14T14:01:23.120983699. 73ec2073-e692-48a7-aba0-d7f30d04e0ae
cnt-8_1   | Sending message at 2024-10-14T14:01:23.149855339. 11fe69f9-cc56-48a5-aa07-85e47a8c339a
cnt-7_1   | 2024-10-14T14:01:23.905149010 | Message sent in 880ms. de439584-fbf5-41fa-81b5-f816bc9afc7c
cnt-6_1   | Sending message at 2024-10-14T14:01:25.001829060. d6be9637-ed9e-4896-900a-beac2cd4c79e
cnt-1_1   | Sending message at 2024-10-14T14:01:25.172726595. 662e8444-0795-4986-82ee-db11f3f83203
