Creating network "asb-debug_default" with the default driver
Found orphan containers (asb-debug_cnt-13_1, asb-debug_cnt-14_1, asb-debug_cnt-12_1, asb-debug_cnt-15_1, asb-debug_cnt-11_1) for this project. If you removed or renamed this service in your compose file, you can run this command with the --remove-orphans flag to clean it up.
Creating asb-debug_cnt-1_1 ... 
Creating asb-debug_cnt-8_1 ... 
Creating asb-debug_cnt-7_1 ... 
Creating asb-debug_cnt-4_1 ... 
Creating asb-debug_cnt-10_1 ... 
Creating asb-debug_cnt-3_1  ... 
Creating asb-debug_cnt-2_1 ... 
Creating asb-debug_cnt-6_1  ... 
Creating asb-debug_cnt-9_1  ... 
Creating asb-debug_cnt-5_1  ... 
[9A[2KCreating asb-debug_cnt-8_1  ... [32mdone[0m[9B[10A[2KCreating asb-debug_cnt-1_1  ... [32mdone[0m[10B[8A[2KCreating asb-debug_cnt-4_1  ... [32mdone[0m[8B[7A[2KCreating asb-debug_cnt-7_1  ... [32mdone[0m[7B[5A[2KCreating asb-debug_cnt-10_1 ... [32mdone[0m[5B[4A[2KCreating asb-debug_cnt-3_1  ... [32mdone[0m[4B[6A[2KCreating asb-debug_cnt-2_1  ... [32mdone[0m[6B[1A[2KCreating asb-debug_cnt-6_1  ... [32mdone[0m[1B[2A[2KCreating asb-debug_cnt-9_1  ... [32mdone[0m[2B[3A[2KCreating asb-debug_cnt-5_1  ... [32mdone[0m[3BAttaching to asb-debug_cnt-8_1, asb-debug_cnt-1_1, asb-debug_cnt-4_1, asb-debug_cnt-7_1, asb-debug_cnt-10_1, asb-debug_cnt-3_1, asb-debug_cnt-2_1, asb-debug_cnt-6_1, asb-debug_cnt-9_1, asb-debug_cnt-5_1
cnt-10_1  | Starting the application. Logging messages with probability 0.05...
cnt-1_1   | Starting the application. Logging messages with probability 0.05...
cnt-2_1   | Starting the application. Logging messages with probability 0.05...
cnt-3_1   | Starting the application. Logging messages with probability 0.05...
cnt-4_1   | Starting the application. Logging messages with probability 0.05...
cnt-6_1   | Starting the application. Logging messages with probability 0.05...
cnt-8_1   | Starting the application. Logging messages with probability 0.05...
cnt-7_1   | Starting the application. Logging messages with probability 0.05...
cnt-9_1   | Starting the application. Logging messages with probability 0.05...
cnt-5_1   | Starting the application. Logging messages with probability 0.05...
cnt-1_1   | 2024-10-15T06:59:28.518650374 | Message sent in 5048ms. 995cf6b3-1cb5-4e80-ae2b-eeb966bbb68f
cnt-8_1   | 2024-10-15T06:59:28.949073098 | Message sent in 632ms. 06eda9da-c233-4241-afde-101c7505b049
cnt-3_1   | Sending message at 2024-10-15T06:59:30.675853939. 29e21eaa-9b34-49eb-ac4c-47494e06a0fa
cnt-8_1   | Sending message at 2024-10-15T06:59:30.852127214. eef6d190-c5fa-4b37-8d81-80a444a28e6c
cnt-1_1   | Sending message at 2024-10-15T06:59:31.164118145. 995cf6b3-1cb5-4e80-ae2b-eeb966bbb68f
cnt-7_1   | 2024-10-15T06:59:31.272294159 | Message sent in 2076ms. 9d3ec316-b89e-4c96-80fc-ac96d418538f
cnt-8_1   | 2024-10-15T06:59:31.360893180 | Message sent in 506ms. eef6d190-c5fa-4b37-8d81-80a444a28e6c
cnt-3_1   | 2024-10-15T06:59:31.556281762 | Message sent in 2880ms. 50c584e2-3417-4eae-bb96-6c8ea04272d7
cnt-9_1   | 2024-10-15T06:59:31.872404334 | Message sent in 2026ms. c765af6e-7c2a-46f1-bd4e-fcb2129e983e
cnt-7_1   | 2024-10-15T06:59:32.091995831 | Message sent in 1881ms. 4725dccf-870c-493e-9728-29ea658caf87
cnt-8_1   | 2024-10-15T06:59:32.199591530 | Message sent in 588ms. 06eda9da-c233-4241-afde-101c7505b049
cnt-1_1   | 2024-10-15T06:59:32.607148905 | Message sent in 603ms. bb9868ff-1421-4563-94f9-dad98c4906bc
cnt-4_1   | Sending message at 2024-10-15T06:59:32.729996121. 2a80a850-eaf6-47f0-9a4c-02ea5d7324cf
cnt-4_1   | Sending message at 2024-10-15T06:59:32.814004462. cb84fed2-ff78-4e0d-8ad7-56fdb679dbcf
cnt-5_1   | Sending message at 2024-10-15T06:59:32.855301996. 5416b13c-9f1b-4ad4-ab93-cabe457a775b
cnt-8_1   | Sending message at 2024-10-15T06:59:32.989258067. 2b5751a8-4611-4b3a-b459-eba5d529cf26
cnt-6_1   | 2024-10-15T06:59:33.249507670 | Message sent in 607ms. b19681d3-00b3-4435-9b77-d5d7cbe4cb74
cnt-9_1   | Sending message at 2024-10-15T06:59:33.820338238. 90edafee-8416-44bf-aaf8-4a68f7b3aeea
cnt-9_1   | 2024-10-15T06:59:34.096831632 | Message sent in 2230ms. 666ce9ac-87ea-46bf-bd01-fea2626071f5
cnt-1_1   | 2024-10-15T06:59:34.854007235 | Message sent in 604ms. 54e4df18-c40b-4021-a260-06d1cb9a551b
cnt-6_1   | 2024-10-15T06:59:34.887849250 | Message sent in 632ms. b19681d3-00b3-4435-9b77-d5d7cbe4cb74
cnt-4_1   | 2024-10-15T06:59:35.216560408 | Message sent in 728ms. cb84fed2-ff78-4e0d-8ad7-56fdb679dbcf
cnt-2_1   | Sending message at 2024-10-15T06:59:35.506350586. c6a0265b-bb7d-4649-9f41-61d7aaefe0d5
cnt-3_1   | 2024-10-15T06:59:35.834496863 | Message sent in 670ms. 29e21eaa-9b34-49eb-ac4c-47494e06a0fa
cnt-10_1  | 2024-10-15T06:59:35.855899166 | Message sent in 752ms. 295540fb-cac7-45ca-85a0-71e7b5d4eeb8
cnt-10_1  | 2024-10-15T06:59:35.856362030 | Message sent in 754ms. 2a923451-3ffb-47b8-8760-4bb514f8ef79
cnt-1_1   | 2024-10-15T06:59:36.237657456 | Message sent in 500ms. 9eff0156-ad82-4d22-a79a-7e82efb84812
cnt-10_1  | Sending message at 2024-10-15T06:59:36.277990717. 62ccf665-a120-4d43-ba42-ceba2b1f8083
cnt-6_1   | 2024-10-15T06:59:36.326941241 | Message sent in 489ms. dd357149-2b53-4648-893a-ed34c5b59bb0
cnt-3_1   | 2024-10-15T06:59:36.606380966 | Message sent in 494ms. eac6bdec-7e87-469e-8ad4-34b1102e4e6b
cnt-10_1  | Sending message at 2024-10-15T06:59:36.865020191. 295540fb-cac7-45ca-85a0-71e7b5d4eeb8
cnt-3_1   | 2024-10-15T06:59:37.893666657 | Message sent in 1059ms. 29e21eaa-9b34-49eb-ac4c-47494e06a0fa
cnt-6_1   | 2024-10-15T06:59:37.937689548 | Message sent in 561ms. 55271a59-82e5-45da-a0f4-3cbe2e010140
cnt-6_1   | 2024-10-15T06:59:38.537553975 | Message sent in 572ms. a9161609-0c1e-4602-94dd-abba8dfaecb7
cnt-2_1   | 2024-10-15T06:59:40.352194535 | Message sent in 1471ms. 58a899d5-0f5a-4fa8-be4f-9e66ebe4cb4a
cnt-9_1   | 2024-10-15T06:59:40.557189683 | Message sent in 1129ms. c765af6e-7c2a-46f1-bd4e-fcb2129e983e
cnt-1_1   | 2024-10-15T06:59:41.086885506 | Message sent in 524ms. bb9868ff-1421-4563-94f9-dad98c4906bc
cnt-9_1   | 2024-10-15T06:59:41.332284216 | Message sent in 667ms. ff1351e3-0fce-4bda-98f1-69dda7579c2a
cnt-2_1   | 2024-10-15T06:59:42.082519698 | Message sent in 816ms. 76378aaa-c0f6-4dc4-9d15-e5c425640c84
cnt-4_1   | 2024-10-15T06:59:42.169238271 | Message sent in 812ms. 8248d0b3-3a46-49cf-a278-1b3e3a5b128a
cnt-6_1   | 2024-10-15T06:59:43.285417582 | Message sent in 866ms. dd357149-2b53-4648-893a-ed34c5b59bb0
cnt-7_1   | 2024-10-15T06:59:43.417996597 | Message sent in 667ms. 9d3ec316-b89e-4c96-80fc-ac96d418538f
cnt-10_1  | 2024-10-15T06:59:43.514196063 | Message sent in 641ms. 2a923451-3ffb-47b8-8760-4bb514f8ef79
cnt-1_1   | Sending message at 2024-10-15T06:59:44.245343362. 54e4df18-c40b-4021-a260-06d1cb9a551b
cnt-2_1   | Sending message at 2024-10-15T06:59:44.804854475. b775eab8-f689-4089-9546-fc8c8e5340df
cnt-8_1   | Sending message at 2024-10-15T06:59:45.364439110. 2b5751a8-4611-4b3a-b459-eba5d529cf26
cnt-4_1   | Sending message at 2024-10-15T06:59:45.371250286. cb84fed2-ff78-4e0d-8ad7-56fdb679dbcf
cnt-7_1   | 2024-10-15T06:59:46.294839171 | Message sent in 935ms. 4725dccf-870c-493e-9728-29ea658caf87
cnt-8_1   | 2024-10-15T06:59:46.598298769 | Message sent in 589ms. a262c7e1-de6d-4c15-8d1e-c83d4ee24730
cnt-3_1   | 2024-10-15T06:59:46.958128307 | Message sent in 380ms. 29e21eaa-9b34-49eb-ac4c-47494e06a0fa
cnt-7_1   | Sending message at 2024-10-15T06:59:47.295107437. 4725dccf-870c-493e-9728-29ea658caf87
cnt-3_1   | 2024-10-15T06:59:47.561248265 | Message sent in 440ms. b6c242f4-af82-4596-b10a-0805b23e4b8b
cnt-8_1   | 2024-10-15T06:59:47.605161254 | Message sent in 428ms. 2b5751a8-4611-4b3a-b459-eba5d529cf26
cnt-6_1   | Sending message at 2024-10-15T06:59:47.703712765. e4b7ccf0-835d-49f1-b870-9343dc262eb8
cnt-5_1   | 2024-10-15T06:59:47.882788856 | Message sent in 558ms. afb0a199-6893-4568-ac0b-3efc819ae575
cnt-6_1   | Sending message at 2024-10-15T06:59:47.957994024. b19681d3-00b3-4435-9b77-d5d7cbe4cb74
cnt-6_1   | Sending message at 2024-10-15T06:59:47.985757842. 55271a59-82e5-45da-a0f4-3cbe2e010140
cnt-5_1   | Sending message at 2024-10-15T06:59:48.887768202. afb0a199-6893-4568-ac0b-3efc819ae575
cnt-4_1   | 2024-10-15T06:59:49.176187977 | Message sent in 408ms. 2a80a850-eaf6-47f0-9a4c-02ea5d7324cf
cnt-9_1   | 2024-10-15T06:59:49.802717685 | Message sent in 742ms. ff1351e3-0fce-4bda-98f1-69dda7579c2a
cnt-2_1   | 2024-10-15T06:59:50.510843863 | Message sent in 509ms. 76378aaa-c0f6-4dc4-9d15-e5c425640c84
cnt-2_1   | 2024-10-15T06:59:50.511354219 | Message sent in 394ms. 5fe261b0-863d-4db2-af4d-73cf61a4dfd1
cnt-8_1   | Sending message at 2024-10-15T06:59:50.781961737. eef6d190-c5fa-4b37-8d81-80a444a28e6c
cnt-9_1   | Sending message at 2024-10-15T06:59:50.803031154. ff1351e3-0fce-4bda-98f1-69dda7579c2a
cnt-10_1  | Sending message at 2024-10-15T06:59:50.935406976. 2a923451-3ffb-47b8-8760-4bb514f8ef79
cnt-2_1   | Sending message at 2024-10-15T06:59:51.511273845. 76378aaa-c0f6-4dc4-9d15-e5c425640c84
cnt-1_1   | Sending message at 2024-10-15T06:59:52.680767600. 9eff0156-ad82-4d22-a79a-7e82efb84812
cnt-1_1   | Sending message at 2024-10-15T06:59:52.686173662. e9c66d6b-36b4-4f16-b810-b627133a5f49
cnt-6_1   | Sending message at 2024-10-15T06:59:52.691193122. e4b7ccf0-835d-49f1-b870-9343dc262eb8
cnt-2_1   | Sending message at 2024-10-15T06:59:53.036419730. 5fe261b0-863d-4db2-af4d-73cf61a4dfd1
cnt-2_1   | Sending message at 2024-10-15T06:59:53.110125111. 58a899d5-0f5a-4fa8-be4f-9e66ebe4cb4a
cnt-8_1   | 2024-10-15T06:59:54.598030941 | Message sent in 1521ms. 98be4747-ace5-4606-9292-5a42ddede0dc
cnt-4_1   | 2024-10-15T06:59:55.054631322 | Message sent in 747ms. 3423a21b-3142-4be3-815d-e69679063115
cnt-9_1   | 2024-10-15T06:59:58.955924292 | Message sent in 7294ms. c765af6e-7c2a-46f1-bd4e-fcb2129e983e
cnt-6_1   | 2024-10-15T06:59:59.721492245 | Message sent in 698ms. e4b7ccf0-835d-49f1-b870-9343dc262eb8
cnt-5_1   | Sending message at 2024-10-15T07:00:00.312724177. 5416b13c-9f1b-4ad4-ab93-cabe457a775b
cnt-3_1   | Sending message at 2024-10-15T07:00:00.733893877. 5518a1d4-886e-4129-8770-18434f6971eb
cnt-3_1   | Sending message at 2024-10-15T07:00:01.230063505. 29e21eaa-9b34-49eb-ac4c-47494e06a0fa
cnt-3_1   | 2024-10-15T07:00:01.539478354 | Message sent in 514ms. b6c242f4-af82-4596-b10a-0805b23e4b8b
cnt-5_1   | Sending message at 2024-10-15T07:00:01.618593283. a2b379ae-d26f-4d4d-8e1f-3addba9c0899
cnt-7_1   | Sending message at 2024-10-15T07:00:02.557950639. 664cec8a-a448-4c2c-a913-e3a64ea5b191
cnt-2_1   | 2024-10-15T07:00:03.552833446 | Message sent in 521ms. 76378aaa-c0f6-4dc4-9d15-e5c425640c84
cnt-6_1   | 2024-10-15T07:00:03.611487365 | Message sent in 642ms. dd357149-2b53-4648-893a-ed34c5b59bb0
cnt-5_1   | 2024-10-15T07:00:03.814647271 | Message sent in 529ms. a2b379ae-d26f-4d4d-8e1f-3addba9c0899
cnt-6_1   | Sending message at 2024-10-15T07:00:04.578499182. b19681d3-00b3-4435-9b77-d5d7cbe4cb74
cnt-10_1  | Sending message at 2024-10-15T07:00:04.602842906. 2ac45634-bcaa-4c83-8aca-d54cd26d3cf9
cnt-6_1   | Sending message at 2024-10-15T07:00:04.611849987. dd357149-2b53-4648-893a-ed34c5b59bb0
cnt-2_1   | 2024-10-15T07:00:05.136714126 | Message sent in 524ms. 5fe261b0-863d-4db2-af4d-73cf61a4dfd1
cnt-10_1  | 2024-10-15T07:00:05.149667025 | Message sent in 547ms. 2ac45634-bcaa-4c83-8aca-d54cd26d3cf9
cnt-9_1   | 2024-10-15T07:00:05.374456638 | Message sent in 489ms. 3b136072-c7c3-44e0-92ce-75ddcf18ee64
cnt-8_1   | 2024-10-15T07:00:05.693904249 | Message sent in 516ms. a262c7e1-de6d-4c15-8d1e-c83d4ee24730
cnt-6_1   | Sending message at 2024-10-15T07:00:06.149974017. dd357149-2b53-4648-893a-ed34c5b59bb0
cnt-1_1   | Sending message at 2024-10-15T07:00:06.343619276. 54e4df18-c40b-4021-a260-06d1cb9a551b
cnt-1_1   | 2024-10-15T07:00:06.554813607 | Message sent in 505ms. 9eff0156-ad82-4d22-a79a-7e82efb84812
cnt-8_1   | Sending message at 2024-10-15T07:00:08.016124482. 98be4747-ace5-4606-9292-5a42ddede0dc
cnt-2_1   | 2024-10-15T07:00:15.230841883 | Message sent in 7314ms. c6a0265b-bb7d-4649-9f41-61d7aaefe0d5
cnt-1_1   | 2024-10-15T07:00:17.384072965 | Message sent in 596ms. 995cf6b3-1cb5-4e80-ae2b-eeb966bbb68f
cnt-7_1   | 2024-10-15T07:00:18.724622684 | Message sent in 857ms. 1f5e06e6-dd41-4496-b52f-c76870f2590e
cnt-5_1   | 2024-10-15T07:00:18.933104198 | Message sent in 663ms. a2b379ae-d26f-4d4d-8e1f-3addba9c0899
cnt-5_1   | [pool-7-thread-1] ERROR org.example.Main - Failed to send message
cnt-5_1   | java.lang.IllegalStateException: Timeout on blocking read for 17400000000 NANOSECONDS
cnt-5_1   | 	at reactor.core.publisher.BlockingSingleSubscriber.blockingGet(BlockingSingleSubscriber.java:124)
cnt-5_1   | 	at reactor.core.publisher.Mono.block(Mono.java:1766)
cnt-5_1   | 	at com.azure.messaging.servicebus.ServiceBusSenderClient.sendMessage(ServiceBusSenderClient.java:266)
cnt-5_1   | 	at org.example.Main.lambda$schedulePublishing$3(Main.java:84)
cnt-5_1   | 	at java.base/java.util.concurrent.Executors$RunnableAdapter.call(Executors.java:539)
cnt-5_1   | 	at java.base/java.util.concurrent.FutureTask.runAndReset(FutureTask.java:305)
cnt-5_1   | 	at java.base/java.util.concurrent.ScheduledThreadPoolExecutor$ScheduledFutureTask.run(ScheduledThreadPoolExecutor.java:305)
cnt-5_1   | 	at java.base/java.util.concurrent.ThreadPoolExecutor.runWorker(ThreadPoolExecutor.java:1136)
cnt-5_1   | 	at java.base/java.util.concurrent.ThreadPoolExecutor$Worker.run(ThreadPoolExecutor.java:635)
cnt-5_1   | 	at java.base/java.lang.Thread.run(Thread.java:840)
cnt-5_1   | Blocking read error encountered with afb0a199-6893-4568-ac0b-3efc819ae575. No more restarts.
cnt-9_1   | [pool-7-thread-1] ERROR org.example.Main - Failed to send message
cnt-9_1   | java.lang.IllegalStateException: Timeout on blocking read for 17400000000 NANOSECONDS
cnt-9_1   | 	at reactor.core.publisher.BlockingSingleSubscriber.blockingGet(BlockingSingleSubscriber.java:124)
cnt-9_1   | 	at reactor.core.publisher.Mono.block(Mono.java:1766)
cnt-9_1   | 	at com.azure.messaging.servicebus.ServiceBusSenderClient.sendMessage(ServiceBusSenderClient.java:266)
cnt-9_1   | 	at org.example.Main.lambda$schedulePublishing$3(Main.java:84)
cnt-9_1   | 	at java.base/java.util.concurrent.Executors$RunnableAdapter.call(Executors.java:539)
cnt-9_1   | 	at java.base/java.util.concurrent.FutureTask.runAndReset(FutureTask.java:305)
cnt-9_1   | 	at java.base/java.util.concurrent.ScheduledThreadPoolExecutor$ScheduledFutureTask.run(ScheduledThreadPoolExecutor.java:305)
cnt-9_1   | 	at java.base/java.util.concurrent.ThreadPoolExecutor.runWorker(ThreadPoolExecutor.java:1136)
cnt-9_1   | 	at java.base/java.util.concurrent.ThreadPoolExecutor$Worker.run(ThreadPoolExecutor.java:635)
cnt-9_1   | 	at java.base/java.lang.Thread.run(Thread.java:840)
cnt-9_1   | Blocking read error encountered with 90edafee-8416-44bf-aaf8-4a68f7b3aeea. No more restarts.
cnt-5_1   | [pool-6-thread-1] ERROR org.example.Main - Failed to send message
cnt-5_1   | java.lang.IllegalStateException: Timeout on blocking read for 17400000000 NANOSECONDS
cnt-5_1   | 	at reactor.core.publisher.BlockingSingleSubscriber.blockingGet(BlockingSingleSubscriber.java:124)
cnt-5_1   | 	at reactor.core.publisher.Mono.block(Mono.java:1766)
cnt-5_1   | 	at com.azure.messaging.servicebus.ServiceBusSenderClient.sendMessage(ServiceBusSenderClient.java:266)
cnt-5_1   | 	at org.example.Main.lambda$schedulePublishing$3(Main.java:84)
cnt-5_1   | 	at java.base/java.util.concurrent.Executors$RunnableAdapter.call(Executors.java:539)
cnt-5_1   | 	at java.base/java.util.concurrent.FutureTask.runAndReset(FutureTask.java:305)
cnt-5_1   | 	at java.base/java.util.concurrent.ScheduledThreadPoolExecutor$ScheduledFutureTask.run(ScheduledThreadPoolExecutor.java:305)
cnt-5_1   | 	at java.base/java.util.concurrent.ThreadPoolExecutor.runWorker(ThreadPoolExecutor.java:1136)
cnt-5_1   | 	at java.base/java.util.concurrent.ThreadPoolExecutor$Worker.run(ThreadPoolExecutor.java:635)
cnt-5_1   | 	at java.base/java.lang.Thread.run(Thread.java:840)
cnt-5_1   | [pool-8-thread-1] ERROR org.example.Main - Failed to send message
cnt-5_1   | java.lang.IllegalStateException: Timeout on blocking read for 17400000000 NANOSECONDS
cnt-5_1   | 	at reactor.core.publisher.BlockingSingleSubscriber.blockingGet(BlockingSingleSubscriber.java:124)
cnt-5_1   | 	at reactor.core.publisher.Mono.block(Mono.java:1766)
cnt-5_1   | 	at com.azure.messaging.servicebus.ServiceBusSenderClient.sendMessage(ServiceBusSenderClient.java:266)
cnt-5_1   | 	at org.example.Main.lambda$schedulePublishing$3(Main.java:84)
cnt-5_1   | 	at java.base/java.util.concurrent.Executors$RunnableAdapter.call(Executors.java:539)
cnt-5_1   | 	at java.base/java.util.concurrent.FutureTask.runAndReset(FutureTask.java:305)
cnt-5_1   | 	at java.base/java.util.concurrent.ScheduledThreadPoolExecutor$ScheduledFutureTask.run(ScheduledThreadPoolExecutor.java:305)
cnt-5_1   | 	at java.base/java.util.concurrent.ThreadPoolExecutor.runWorker(ThreadPoolExecutor.java:1136)
cnt-5_1   | 	at java.base/java.util.concurrent.ThreadPoolExecutor$Worker.run(ThreadPoolExecutor.java:635)
cnt-5_1   | 	at java.base/java.lang.Thread.run(Thread.java:840)
cnt-6_1   | [pool-7-thread-1] ERROR org.example.Main - Failed to send message
cnt-6_1   | java.lang.IllegalStateException: Timeout on blocking read for 17400000000 NANOSECONDS
cnt-6_1   | 	at reactor.core.publisher.BlockingSingleSubscriber.blockingGet(BlockingSingleSubscriber.java:124)
cnt-6_1   | 	at reactor.core.publisher.Mono.block(Mono.java:1766)
cnt-6_1   | 	at com.azure.messaging.servicebus.ServiceBusSenderClient.sendMessage(ServiceBusSenderClient.java:266)
cnt-6_1   | 	at org.example.Main.lambda$schedulePublishing$3(Main.java:84)
cnt-6_1   | 	at java.base/java.util.concurrent.Executors$RunnableAdapter.call(Executors.java:539)
cnt-6_1   | 	at java.base/java.util.concurrent.FutureTask.runAndReset(FutureTask.java:305)
cnt-6_1   | 	at java.base/java.util.concurrent.ScheduledThreadPoolExecutor$ScheduledFutureTask.run(ScheduledThreadPoolExecutor.java:305)
cnt-6_1   | 	at java.base/java.util.concurrent.ThreadPoolExecutor.runWorker(ThreadPoolExecutor.java:1136)
cnt-6_1   | 	at java.base/java.util.concurrent.ThreadPoolExecutor$Worker.run(ThreadPoolExecutor.java:635)
cnt-6_1   | 	at java.base/java.lang.Thread.run(Thread.java:840)
cnt-6_1   | Blocking read error encountered with e4b7ccf0-835d-49f1-b870-9343dc262eb8. No more restarts.
cnt-1_1   | Sending message at 2024-10-15T07:00:19.828927653. e9c66d6b-36b4-4f16-b810-b627133a5f49
cnt-7_1   | [pool-7-thread-1] ERROR org.example.Main - Failed to send message
cnt-7_1   | java.lang.IllegalStateException: Timeout on blocking read for 17400000000 NANOSECONDS
cnt-7_1   | 	at reactor.core.publisher.BlockingSingleSubscriber.blockingGet(BlockingSingleSubscriber.java:124)
cnt-7_1   | 	at reactor.core.publisher.Mono.block(Mono.java:1766)
cnt-7_1   | 	at com.azure.messaging.servicebus.ServiceBusSenderClient.sendMessage(ServiceBusSenderClient.java:266)
cnt-7_1   | 	at org.example.Main.lambda$schedulePublishing$3(Main.java:84)
cnt-7_1   | 	at java.base/java.util.concurrent.Executors$RunnableAdapter.call(Executors.java:539)
cnt-7_1   | 	at java.base/java.util.concurrent.FutureTask.runAndReset(FutureTask.java:305)
cnt-7_1   | 	at java.base/java.util.concurrent.ScheduledThreadPoolExecutor$ScheduledFutureTask.run(ScheduledThreadPoolExecutor.java:305)
cnt-7_1   | 	at java.base/java.util.concurrent.ThreadPoolExecutor.runWorker(ThreadPoolExecutor.java:1136)
cnt-7_1   | 	at java.base/java.util.concurrent.ThreadPoolExecutor$Worker.run(ThreadPoolExecutor.java:635)
cnt-7_1   | 	at java.base/java.lang.Thread.run(Thread.java:840)
cnt-7_1   | Blocking read error encountered with 9d3ec316-b89e-4c96-80fc-ac96d418538f. No more restarts.
cnt-4_1   | [pool-6-thread-1] ERROR org.example.Main - Failed to send message
cnt-4_1   | java.lang.IllegalStateException: Timeout on blocking read for 17400000000 NANOSECONDS
cnt-9_1   | [pool-5-thread-1] ERROR org.example.Main - Failed to send message
cnt-9_1   | java.lang.IllegalStateException: Timeout on blocking read for 17400000000 NANOSECONDS
cnt-9_1   | 	at reactor.core.publisher.BlockingSingleSubscriber.blockingGet(BlockingSingleSubscriber.java:124)
cnt-9_1   | 	at reactor.core.publisher.Mono.block(Mono.java:1766)
cnt-9_1   | 	at com.azure.messaging.servicebus.ServiceBusSenderClient.sendMessage(ServiceBusSenderClient.java:266)
cnt-9_1   | 	at org.example.Main.lambda$schedulePublishing$3(Main.java:84)
cnt-9_1   | 	at java.base/java.util.concurrent.Executors$RunnableAdapter.call(Executors.java:539)
cnt-9_1   | 	at java.base/java.util.concurrent.FutureTask.runAndReset(FutureTask.java:305)
cnt-9_1   | 	at java.base/java.util.concurrent.ScheduledThreadPoolExecutor$ScheduledFutureTask.run(ScheduledThreadPoolExecutor.java:305)
cnt-9_1   | 	at java.base/java.util.concurrent.ThreadPoolExecutor.runWorker(ThreadPoolExecutor.java:1136)
cnt-9_1   | 	at java.base/java.util.concurrent.ThreadPoolExecutor$Worker.run(ThreadPoolExecutor.java:635)
cnt-9_1   | 	at java.base/java.lang.Thread.run(Thread.java:840)
cnt-4_1   | 	at reactor.core.publisher.BlockingSingleSubscriber.blockingGet(BlockingSingleSubscriber.java:124)
cnt-4_1   | 	at reactor.core.publisher.Mono.block(Mono.java:1766)
cnt-4_1   | 	at com.azure.messaging.servicebus.ServiceBusSenderClient.sendMessage(ServiceBusSenderClient.java:266)
cnt-4_1   | 	at org.example.Main.lambda$schedulePublishing$3(Main.java:84)
cnt-4_1   | 	at java.base/java.util.concurrent.Executors$RunnableAdapter.call(Executors.java:539)
cnt-4_1   | 	at java.base/java.util.concurrent.FutureTask.runAndReset(FutureTask.java:305)
cnt-4_1   | 	at java.base/java.util.concurrent.ScheduledThreadPoolExecutor$ScheduledFutureTask.run(ScheduledThreadPoolExecutor.java:305)
cnt-4_1   | 	at java.base/java.util.concurrent.ThreadPoolExecutor.runWorker(ThreadPoolExecutor.java:1136)
cnt-4_1   | 	at java.base/java.util.concurrent.ThreadPoolExecutor$Worker.run(ThreadPoolExecutor.java:635)
cnt-4_1   | 	at java.base/java.lang.Thread.run(Thread.java:840)
cnt-4_1   | Blocking read error encountered with 3423a21b-3142-4be3-815d-e69679063115. No more restarts.
cnt-4_1   | [pool-5-thread-1] ERROR org.example.Main - Failed to send message
cnt-4_1   | java.lang.IllegalStateException: Timeout on blocking read for 17400000000 NANOSECONDS
cnt-4_1   | 	at reactor.core.publisher.BlockingSingleSubscriber.blockingGet(BlockingSingleSubscriber.java:124)
cnt-4_1   | 	at reactor.core.publisher.Mono.block(Mono.java:1766)
cnt-4_1   | 	at com.azure.messaging.servicebus.ServiceBusSenderClient.sendMessage(ServiceBusSenderClient.java:266)
cnt-4_1   | 	at org.example.Main.lambda$schedulePublishing$3(Main.java:84)
cnt-4_1   | 	at java.base/java.util.concurrent.Executors$RunnableAdapter.call(Executors.java:539)
cnt-4_1   | 	at java.base/java.util.concurrent.FutureTask.runAndReset(FutureTask.java:305)
cnt-4_1   | 	at java.base/java.util.concurrent.ScheduledThreadPoolExecutor$ScheduledFutureTask.run(ScheduledThreadPoolExecutor.java:305)
cnt-4_1   | 	at java.base/java.util.concurrent.ThreadPoolExecutor.runWorker(ThreadPoolExecutor.java:1136)
cnt-4_1   | 	at java.base/java.util.concurrent.ThreadPoolExecutor$Worker.run(ThreadPoolExecutor.java:635)
cnt-4_1   | 	at java.base/java.lang.Thread.run(Thread.java:840)
cnt-8_1   | [pool-4-thread-1] ERROR org.example.Main - Failed to send message
cnt-8_1   | java.lang.IllegalStateException: Timeout on blocking read for 17400000000 NANOSECONDS
cnt-8_1   | 	at reactor.core.publisher.BlockingSingleSubscriber.blockingGet(BlockingSingleSubscriber.java:124)
cnt-8_1   | 	at reactor.core.publisher.Mono.block(Mono.java:1766)
cnt-8_1   | 	at com.azure.messaging.servicebus.ServiceBusSenderClient.sendMessage(ServiceBusSenderClient.java:266)
cnt-8_1   | 	at org.example.Main.lambda$schedulePublishing$3(Main.java:84)
cnt-8_1   | 	at java.base/java.util.concurrent.Executors$RunnableAdapter.call(Executors.java:539)
cnt-8_1   | 	at java.base/java.util.concurrent.FutureTask.runAndReset(FutureTask.java:305)
cnt-8_1   | 	at java.base/java.util.concurrent.ScheduledThreadPoolExecutor$ScheduledFutureTask.run(ScheduledThreadPoolExecutor.java:305)
cnt-8_1   | 	at java.base/java.util.concurrent.ThreadPoolExecutor.runWorker(ThreadPoolExecutor.java:1136)
cnt-8_1   | 	at java.base/java.util.concurrent.ThreadPoolExecutor$Worker.run(ThreadPoolExecutor.java:635)
cnt-8_1   | 	at java.base/java.lang.Thread.run(Thread.java:840)
cnt-8_1   | Blocking read error encountered with 06eda9da-c233-4241-afde-101c7505b049. No more restarts.
cnt-3_1   | [pool-4-thread-1] ERROR org.example.Main - Failed to send message
cnt-3_1   | java.lang.IllegalStateException: Timeout on blocking read for 17400000000 NANOSECONDS
cnt-3_1   | 	at reactor.core.publisher.BlockingSingleSubscriber.blockingGet(BlockingSingleSubscriber.java:124)
cnt-3_1   | 	at reactor.core.publisher.Mono.block(Mono.java:1766)
cnt-3_1   | 	at com.azure.messaging.servicebus.ServiceBusSenderClient.sendMessage(ServiceBusSenderClient.java:266)
cnt-3_1   | 	at org.example.Main.lambda$schedulePublishing$3(Main.java:84)
cnt-3_1   | 	at java.base/java.util.concurrent.Executors$RunnableAdapter.call(Executors.java:539)
cnt-3_1   | 	at java.base/java.util.concurrent.FutureTask.runAndReset(FutureTask.java:305)
cnt-3_1   | 	at java.base/java.util.concurrent.ScheduledThreadPoolExecutor$ScheduledFutureTask.run(ScheduledThreadPoolExecutor.java:305)
cnt-3_1   | 	at java.base/java.util.concurrent.ThreadPoolExecutor.runWorker(ThreadPoolExecutor.java:1136)
cnt-3_1   | 	at java.base/java.util.concurrent.ThreadPoolExecutor$Worker.run(ThreadPoolExecutor.java:635)
cnt-3_1   | 	at java.base/java.lang.Thread.run(Thread.java:840)
cnt-3_1   | Blocking read error encountered with 5518a1d4-886e-4129-8770-18434f6971eb. No more restarts.
cnt-4_1   | [pool-7-thread-1] ERROR org.example.Main - Failed to send message
cnt-4_1   | java.lang.IllegalStateException: Timeout on blocking read for 17400000000 NANOSECONDS
cnt-4_1   | 	at reactor.core.publisher.BlockingSingleSubscriber.blockingGet(BlockingSingleSubscriber.java:124)
cnt-4_1   | 	at reactor.core.publisher.Mono.block(Mono.java:1766)
cnt-4_1   | 	at com.azure.messaging.servicebus.ServiceBusSenderClient.sendMessage(ServiceBusSenderClient.java:266)
cnt-4_1   | 	at org.example.Main.lambda$schedulePublishing$3(Main.java:84)
cnt-4_1   | 	at java.base/java.util.concurrent.Executors$RunnableAdapter.call(Executors.java:539)
cnt-4_1   | 	at java.base/java.util.concurrent.FutureTask.runAndReset(FutureTask.java:305)
cnt-4_1   | 	at java.base/java.util.concurrent.ScheduledThreadPoolExecutor$ScheduledFutureTask.run(ScheduledThreadPoolExecutor.java:305)
cnt-4_1   | 	at java.base/java.util.concurrent.ThreadPoolExecutor.runWorker(ThreadPoolExecutor.java:1136)
cnt-4_1   | 	at java.base/java.util.concurrent.ThreadPoolExecutor$Worker.run(ThreadPoolExecutor.java:635)
cnt-4_1   | 	at java.base/java.lang.Thread.run(Thread.java:840)
cnt-10_1  | [pool-8-thread-1] ERROR org.example.Main - Failed to send message
cnt-10_1  | java.lang.IllegalStateException: Timeout on blocking read for 17400000000 NANOSECONDS
cnt-10_1  | 	at reactor.core.publisher.BlockingSingleSubscriber.blockingGet(BlockingSingleSubscriber.java:124)
cnt-10_1  | 	at reactor.core.publisher.Mono.block(Mono.java:1766)
cnt-10_1  | 	at com.azure.messaging.servicebus.ServiceBusSenderClient.sendMessage(ServiceBusSenderClient.java:266)
cnt-10_1  | 	at org.example.Main.lambda$schedulePublishing$3(Main.java:84)
cnt-10_1  | 	at java.base/java.util.concurrent.Executors$RunnableAdapter.call(Executors.java:539)
cnt-10_1  | 	at java.base/java.util.concurrent.FutureTask.runAndReset(FutureTask.java:305)
cnt-10_1  | 	at java.base/java.util.concurrent.ScheduledThreadPoolExecutor$ScheduledFutureTask.run(ScheduledThreadPoolExecutor.java:305)
cnt-10_1  | 	at java.base/java.util.concurrent.ThreadPoolExecutor.runWorker(ThreadPoolExecutor.java:1136)
cnt-10_1  | 	at java.base/java.util.concurrent.ThreadPoolExecutor$Worker.run(ThreadPoolExecutor.java:635)
cnt-10_1  | 	at java.base/java.lang.Thread.run(Thread.java:840)
cnt-10_1  | [pool-7-thread-1] ERROR org.example.Main - Failed to send message
cnt-10_1  | java.lang.IllegalStateException: Timeout on blocking read for 17400000000 NANOSECONDS
cnt-10_1  | 	at reactor.core.publisher.BlockingSingleSubscriber.blockingGet(BlockingSingleSubscriber.java:124)
cnt-10_1  | 	at reactor.core.publisher.Mono.block(Mono.java:1766)
cnt-10_1  | 	at com.azure.messaging.servicebus.ServiceBusSenderClient.sendMessage(ServiceBusSenderClient.java:266)
cnt-10_1  | 	at org.example.Main.lambda$schedulePublishing$3(Main.java:84)
cnt-10_1  | 	at java.base/java.util.concurrent.Executors$RunnableAdapter.call(Executors.java:539)
cnt-10_1  | 	at java.base/java.util.concurrent.FutureTask.runAndReset(FutureTask.java:305)
cnt-10_1  | 	at java.base/java.util.concurrent.ScheduledThreadPoolExecutor$ScheduledFutureTask.run(ScheduledThreadPoolExecutor.java:305)
cnt-10_1  | 	at java.base/java.util.concurrent.ThreadPoolExecutor.runWorker(ThreadPoolExecutor.java:1136)
cnt-10_1  | 	at java.base/java.util.concurrent.ThreadPoolExecutor$Worker.run(ThreadPoolExecutor.java:635)
cnt-10_1  | 	at java.base/java.lang.Thread.run(Thread.java:840)
cnt-10_1  | Blocking read error encountered with 62ccf665-a120-4d43-ba42-ceba2b1f8083. No more restarts.
cnt-10_1  | Blocking read error encountered with fd2b2f95-7c05-4130-8434-568224f44e51. No more restarts.
cnt-3_1   | [pool-8-thread-1] ERROR org.example.Main - Failed to send message
cnt-3_1   | java.lang.IllegalStateException: Timeout on blocking read for 17400000000 NANOSECONDS
cnt-3_1   | 	at reactor.core.publisher.BlockingSingleSubscriber.blockingGet(BlockingSingleSubscriber.java:124)
cnt-3_1   | 	at reactor.core.publisher.Mono.block(Mono.java:1766)
cnt-3_1   | 	at com.azure.messaging.servicebus.ServiceBusSenderClient.sendMessage(ServiceBusSenderClient.java:266)
cnt-3_1   | 	at org.example.Main.lambda$schedulePublishing$3(Main.java:84)
cnt-3_1   | 	at java.base/java.util.concurrent.Executors$RunnableAdapter.call(Executors.java:539)
cnt-3_1   | 	at java.base/java.util.concurrent.FutureTask.runAndReset(FutureTask.java:305)
cnt-3_1   | 	at java.base/java.util.concurrent.ScheduledThreadPoolExecutor$ScheduledFutureTask.run(ScheduledThreadPoolExecutor.java:305)
cnt-3_1   | 	at java.base/java.util.concurrent.ThreadPoolExecutor.runWorker(ThreadPoolExecutor.java:1136)
cnt-3_1   | 	at java.base/java.util.concurrent.ThreadPoolExecutor$Worker.run(ThreadPoolExecutor.java:635)
cnt-3_1   | 	at java.base/java.lang.Thread.run(Thread.java:840)
cnt-10_1  | [pool-4-thread-1] ERROR org.example.Main - Failed to send message
cnt-10_1  | java.lang.IllegalStateException: Timeout on blocking read for 17400000000 NANOSECONDS
cnt-10_1  | 	at reactor.core.publisher.BlockingSingleSubscriber.blockingGet(BlockingSingleSubscriber.java:124)
cnt-10_1  | 	at reactor.core.publisher.Mono.block(Mono.java:1766)
cnt-10_1  | 	at com.azure.messaging.servicebus.ServiceBusSenderClient.sendMessage(ServiceBusSenderClient.java:266)
cnt-10_1  | 	at org.example.Main.lambda$schedulePublishing$3(Main.java:84)
cnt-10_1  | 	at java.base/java.util.concurrent.Executors$RunnableAdapter.call(Executors.java:539)
cnt-10_1  | 	at java.base/java.util.concurrent.FutureTask.runAndReset(FutureTask.java:305)
cnt-10_1  | 	at java.base/java.util.concurrent.ScheduledThreadPoolExecutor$ScheduledFutureTask.run(ScheduledThreadPoolExecutor.java:305)
cnt-10_1  | 	at java.base/java.util.concurrent.ThreadPoolExecutor.runWorker(ThreadPoolExecutor.java:1136)
cnt-10_1  | 	at java.base/java.util.concurrent.ThreadPoolExecutor$Worker.run(ThreadPoolExecutor.java:635)
cnt-10_1  | 	at java.base/java.lang.Thread.run(Thread.java:840)
cnt-3_1   | [pool-6-thread-1] ERROR org.example.Main - Failed to send message
cnt-3_1   | java.lang.IllegalStateException: Timeout on blocking read for 17400000000 NANOSECONDS
cnt-3_1   | 	at reactor.core.publisher.BlockingSingleSubscriber.blockingGet(BlockingSingleSubscriber.java:124)
cnt-3_1   | 	at reactor.core.publisher.Mono.block(Mono.java:1766)
cnt-3_1   | 	at com.azure.messaging.servicebus.ServiceBusSenderClient.sendMessage(ServiceBusSenderClient.java:266)
cnt-3_1   | 	at org.example.Main.lambda$schedulePublishing$3(Main.java:84)
cnt-3_1   | 	at java.base/java.util.concurrent.Executors$RunnableAdapter.call(Executors.java:539)
cnt-3_1   | 	at java.base/java.util.concurrent.FutureTask.runAndReset(FutureTask.java:305)
cnt-3_1   | 	at java.base/java.util.concurrent.ScheduledThreadPoolExecutor$ScheduledFutureTask.run(ScheduledThreadPoolExecutor.java:305)
cnt-3_1   | 	at java.base/java.util.concurrent.ThreadPoolExecutor.runWorker(ThreadPoolExecutor.java:1136)
cnt-3_1   | 	at java.base/java.util.concurrent.ThreadPoolExecutor$Worker.run(ThreadPoolExecutor.java:635)
cnt-3_1   | 	at java.base/java.lang.Thread.run(Thread.java:840)
cnt-7_1   | [pool-4-thread-1] ERROR org.example.Main - Failed to send message
cnt-7_1   | java.lang.IllegalStateException: Timeout on blocking read for 17400000000 NANOSECONDS
cnt-7_1   | 	at reactor.core.publisher.BlockingSingleSubscriber.blockingGet(BlockingSingleSubscriber.java:124)
cnt-7_1   | 	at reactor.core.publisher.Mono.block(Mono.java:1766)
cnt-7_1   | 	at com.azure.messaging.servicebus.ServiceBusSenderClient.sendMessage(ServiceBusSenderClient.java:266)
cnt-7_1   | 	at org.example.Main.lambda$schedulePublishing$3(Main.java:84)
cnt-7_1   | 	at java.base/java.util.concurrent.Executors$RunnableAdapter.call(Executors.java:539)
cnt-7_1   | 	at java.base/java.util.concurrent.FutureTask.runAndReset(FutureTask.java:305)
cnt-7_1   | 	at java.base/java.util.concurrent.ScheduledThreadPoolExecutor$ScheduledFutureTask.run(ScheduledThreadPoolExecutor.java:305)
cnt-7_1   | 	at java.base/java.util.concurrent.ThreadPoolExecutor.runWorker(ThreadPoolExecutor.java:1136)
cnt-7_1   | 	at java.base/java.util.concurrent.ThreadPoolExecutor$Worker.run(ThreadPoolExecutor.java:635)
cnt-7_1   | 	at java.base/java.lang.Thread.run(Thread.java:840)
cnt-2_1   | Sending message at 2024-10-15T07:00:20.109189823. b775eab8-f689-4089-9546-fc8c8e5340df
cnt-10_1  | Sending message at 2024-10-15T07:00:20.953759467. bb876dee-5e48-4ee3-83f4-e5bc01a0b36a
cnt-1_1   | Sending message at 2024-10-15T07:00:21.061778534. bb9868ff-1421-4563-94f9-dad98c4906bc
cnt-7_1   | Sending message at 2024-10-15T07:00:21.410356477. 1f5e06e6-dd41-4496-b52f-c76870f2590e
cnt-6_1   | 2024-10-15T07:00:21.534114033 | Message sent in 485ms. dd357149-2b53-4648-893a-ed34c5b59bb0
cnt-2_1   | 2024-10-15T07:00:21.535561830 | Message sent in 479ms. 76378aaa-c0f6-4dc4-9d15-e5c425640c84
cnt-6_1   | 2024-10-15T07:00:21.574467327 | Message sent in 492ms. a9161609-0c1e-4602-94dd-abba8dfaecb7
cnt-3_1   | 2024-10-15T07:00:22.384758519 | Message sent in 628ms. 29e21eaa-9b34-49eb-ac4c-47494e06a0fa
cnt-2_1   | 2024-10-15T07:00:22.434743618 | Message sent in 793ms. 58a899d5-0f5a-4fa8-be4f-9e66ebe4cb4a
cnt-5_1   | 2024-10-15T07:00:22.477109614 | Message sent in 1718ms. 8d98626f-200e-4365-886a-6b94755072a8
cnt-1_1   | 2024-10-15T07:00:23.072056494 | Message sent in 518ms. bb9868ff-1421-4563-94f9-dad98c4906bc
cnt-1_1   | Scheduled exit. Godbyeeeeeeeeeeeeeee...
cnt-9_1   | 2024-10-15T07:00:23.979605859 | Message sent in 515ms. 65b060e8-26de-41a3-b26f-299a8dd3c1c1
cnt-4_1   | Sending message at 2024-10-15T07:00:24.025560667. 2a80a850-eaf6-47f0-9a4c-02ea5d7324cf
cnt-1_1   | Starting the application. Logging messages with probability 0.05...
cnt-10_1  | Sending message at 2024-10-15T07:00:25.428504084. 9d14c3f2-b990-4dd4-8e7c-690afb47ce6c
cnt-6_1   | 2024-10-15T07:00:25.727015910 | Message sent in 732ms. b19681d3-00b3-4435-9b77-d5d7cbe4cb74
cnt-7_1   | Sending message at 2024-10-15T07:00:25.929297465. 1f5e06e6-dd41-4496-b52f-c76870f2590e
cnt-6_1   | 2024-10-15T07:00:26.300681989 | Message sent in 584ms. a9161609-0c1e-4602-94dd-abba8dfaecb7
cnt-4_1   | Sending message at 2024-10-15T07:00:26.848643521. bdb509a5-6140-4fcf-b968-7d3d72b694cd
cnt-2_1   | 2024-10-15T07:00:27.648679095 | Message sent in 494ms. 76378aaa-c0f6-4dc4-9d15-e5c425640c84
cnt-2_1   | Scheduled exit. Godbyeeeeeeeeeeeeeee...
cnt-9_1   | Sending message at 2024-10-15T07:00:28.403523791. fdaa9e05-529f-4974-8e76-6d1f3f83cca3
cnt-4_1   | Sending message at 2024-10-15T07:00:28.471331181. 9b7921f9-59d1-4646-925e-2a0cbfbcea54
cnt-2_1   | Starting the application. Logging messages with probability 0.05...
cnt-9_1   | Sending message at 2024-10-15T07:00:29.915498492. fdaa9e05-529f-4974-8e76-6d1f3f83cca3
cnt-1_1   | Sending message at 2024-10-15T07:00:32.006386308. 79cc9ae1-095d-4f61-a508-9623543b7322
cnt-5_1   | 2024-10-15T07:00:39.365267564 | Message sent in 7377ms. a2b379ae-d26f-4d4d-8e1f-3addba9c0899
cnt-8_1   | 2024-10-15T07:00:39.496622576 | Message sent in 525ms. 98be4747-ace5-4606-9292-5a42ddede0dc
cnt-3_1   | 2024-10-15T07:00:39.591510650 | Message sent in 490ms. 29e21eaa-9b34-49eb-ac4c-47494e06a0fa
cnt-1_1   | Sending message at 2024-10-15T07:00:40.309550756. 79cc9ae1-095d-4f61-a508-9623543b7322
cnt-1_1   | 2024-10-15T07:00:40.758996221 | Message sent in 510ms. 515f0a00-c284-44b8-bb3b-600ede743839
cnt-2_1   | 2024-10-15T07:00:41.689887490 | Message sent in 523ms. 4ad1837c-297b-45a6-a380-e0af36f292b5
cnt-7_1   | 2024-10-15T07:00:41.983196873 | Message sent in 545ms. 2aec121b-738d-407b-8a3a-a49542198e1a
cnt-5_1   | 2024-10-15T07:00:42.986526179 | Message sent in 502ms. 8d98626f-200e-4365-886a-6b94755072a8
cnt-7_1   | 2024-10-15T07:00:43.375700644 | Message sent in 520ms. 77da0f23-2472-46eb-926d-f5c0e121e0b2
cnt-1_1   | Sending message at 2024-10-15T07:00:43.433222849. 6f83339c-a14f-4b92-b05b-3994af6deb27
cnt-2_1   | Sending message at 2024-10-15T07:00:44.206575803. 4ad1837c-297b-45a6-a380-e0af36f292b5
cnt-7_1   | 2024-10-15T07:00:44.303996220 | Message sent in 1320ms. 2aec121b-738d-407b-8a3a-a49542198e1a
cnt-6_1   | 2024-10-15T07:00:44.867335045 | Message sent in 479ms. dd357149-2b53-4648-893a-ed34c5b59bb0
cnt-10_1  | 2024-10-15T07:00:45.853932443 | Message sent in 499ms. 295540fb-cac7-45ca-85a0-71e7b5d4eeb8
cnt-4_1   | 2024-10-15T07:00:47.299905998 | Message sent in 485ms. 2a80a850-eaf6-47f0-9a4c-02ea5d7324cf
cnt-1_1   | 2024-10-15T07:00:47.642418301 | Message sent in 614ms. e40ab7fb-5d0b-4c3a-b1f4-2268620ad192
cnt-4_1   | 2024-10-15T07:00:50.314987099 | Message sent in 483ms. 2a80a850-eaf6-47f0-9a4c-02ea5d7324cf
cnt-3_1   | 2024-10-15T07:00:50.338629706 | Message sent in 521ms. adaf9426-d3c6-4a8d-a6db-0042ac9d9f13
cnt-3_1   | 2024-10-15T07:00:50.405653361 | Message sent in 570ms. 50c584e2-3417-4eae-bb96-6c8ea04272d7
cnt-8_1   | Sending message at 2024-10-15T07:00:52.051890409. eef6d190-c5fa-4b37-8d81-80a444a28e6c
cnt-6_1   | Sending message at 2024-10-15T07:00:52.278145030. dd357149-2b53-4648-893a-ed34c5b59bb0
cnt-7_1   | Sending message at 2024-10-15T07:00:52.895943501. 1f5e06e6-dd41-4496-b52f-c76870f2590e
cnt-4_1   | 2024-10-15T07:00:53.038021555 | Message sent in 756ms. 567a910c-7469-4649-a201-7b88a745e5bd
cnt-7_1   | 2024-10-15T07:00:53.453133781 | Message sent in 563ms. 2aec121b-738d-407b-8a3a-a49542198e1a
cnt-8_1   | Sending message at 2024-10-15T07:00:53.852503870. eef6d190-c5fa-4b37-8d81-80a444a28e6c
cnt-1_1   | 2024-10-15T07:00:54.428268756 | Message sent in 574ms. e40ab7fb-5d0b-4c3a-b1f4-2268620ad192
cnt-5_1   | 2024-10-15T07:00:55.256584682 | Message sent in 662ms. 356b0eb5-8279-4601-ade3-026f63e4ebb0
cnt-2_1   | Sending message at 2024-10-15T07:00:55.822183484. 2a35ea4d-cfa3-4571-8669-723de5162917
cnt-1_1   | Sending message at 2024-10-15T07:00:56.010665909. 3d241ff4-912b-46be-9c46-6b48de2d0bfa
cnt-3_1   | 2024-10-15T07:00:56.191863724 | Message sent in 963ms. 50c584e2-3417-4eae-bb96-6c8ea04272d7
cnt-5_1   | 2024-10-15T07:00:56.253004431 | Message sent in 481ms. 5416b13c-9f1b-4ad4-ab93-cabe457a775b
cnt-4_1   | 2024-10-15T07:00:56.378572397 | Message sent in 513ms. 567a910c-7469-4649-a201-7b88a745e5bd
cnt-7_1   | Sending message at 2024-10-15T07:00:57.565069989. 09bd8e50-d72c-42ac-8343-eb9389a4af69
cnt-4_1   | 2024-10-15T07:00:58.130909380 | Message sent in 924ms. bdb509a5-6140-4fcf-b968-7d3d72b694cd
cnt-4_1   | 2024-10-15T07:00:58.160250944 | Message sent in 782ms. 567a910c-7469-4649-a201-7b88a745e5bd
cnt-4_1   | Sending message at 2024-10-15T07:00:59.131152332. bdb509a5-6140-4fcf-b968-7d3d72b694cd
cnt-1_1   | 2024-10-15T07:00:59.767575929 | Message sent in 636ms. e40ab7fb-5d0b-4c3a-b1f4-2268620ad192
cnt-4_1   | 2024-10-15T07:01:01.134117817 | Message sent in 504ms. 12b5c701-b700-41e4-ad51-18eae358846e
cnt-7_1   | Sending message at 2024-10-15T07:01:01.745666442. 4725dccf-870c-493e-9728-29ea658caf87
cnt-10_1  | 2024-10-15T07:01:02.013276512 | Message sent in 880ms. 9d14c3f2-b990-4dd4-8e7c-690afb47ce6c
cnt-7_1   | 2024-10-15T07:01:02.792790338 | Message sent in 487ms. 2aec121b-738d-407b-8a3a-a49542198e1a
cnt-1_1   | 2024-10-15T07:01:02.832513418 | Message sent in 494ms. 6f83339c-a14f-4b92-b05b-3994af6deb27
cnt-8_1   | 2024-10-15T07:01:03.516972522 | Message sent in 501ms. eef6d190-c5fa-4b37-8d81-80a444a28e6c
cnt-10_1  | Sending message at 2024-10-15T07:01:03.808307121. 295540fb-cac7-45ca-85a0-71e7b5d4eeb8
cnt-7_1   | 2024-10-15T07:01:03.986251461 | Message sent in 712ms. 4725dccf-870c-493e-9728-29ea658caf87
cnt-6_1   | 2024-10-15T07:01:03.991189623 | Message sent in 754ms. b19681d3-00b3-4435-9b77-d5d7cbe4cb74
cnt-5_1   | 2024-10-15T07:01:04.259366840 | Message sent in 492ms. 5613cd9b-3a7a-414f-b33a-7b8e2c5f4e0e
cnt-3_1   | 2024-10-15T07:01:04.285972105 | Message sent in 494ms. adaf9426-d3c6-4a8d-a6db-0042ac9d9f13
cnt-10_1  | 2024-10-15T07:01:05.279954063 | Message sent in 738ms. bb876dee-5e48-4ee3-83f4-e5bc01a0b36a
cnt-6_1   | Sending message at 2024-10-15T07:01:05.341362690. 55271a59-82e5-45da-a0f4-3cbe2e010140
cnt-6_1   | 2024-10-15T07:01:06.040862523 | Message sent in 663ms. 0a2bce24-71cb-4ca1-998c-33e236f143b3
cnt-4_1   | 2024-10-15T07:01:06.040794583 | Message sent in 893ms. 12b5c701-b700-41e4-ad51-18eae358846e
cnt-1_1   | 2024-10-15T07:01:06.068251572 | Message sent in 739ms. 6f83339c-a14f-4b92-b05b-3994af6deb27
cnt-6_1   | 2024-10-15T07:01:06.083667521 | Message sent in 626ms. a9161609-0c1e-4602-94dd-abba8dfaecb7
cnt-10_1  | Sending message at 2024-10-15T07:01:14.191642888. 2ac45634-bcaa-4c83-8aca-d54cd26d3cf9
cnt-4_1   | 2024-10-15T07:01:14.212464535 | Message sent in 7170ms. bdb509a5-6140-4fcf-b968-7d3d72b694cd
cnt-1_1   | 2024-10-15T07:01:14.440466591 | Message sent in 7356ms. 515f0a00-c284-44b8-bb3b-600ede743839
cnt-8_1   | 2024-10-15T07:01:14.689575492 | Message sent in 495ms. a262c7e1-de6d-4c15-8d1e-c83d4ee24730
cnt-5_1   | 2024-10-15T07:01:14.901666825 | Message sent in 642ms. 356b0eb5-8279-4601-ade3-026f63e4ebb0
cnt-9_1   | 2024-10-15T07:01:15.191506434 | Message sent in 667ms. 3b136072-c7c3-44e0-92ce-75ddcf18ee64
cnt-3_1   | 2024-10-15T07:01:15.202361602 | Message sent in 524ms. 79cda186-d031-4e37-ab5f-b8d0f0a29b21
cnt-7_1   | Sending message at 2024-10-15T07:01:15.212805496. 09bd8e50-d72c-42ac-8343-eb9389a4af69
cnt-2_1   | Sending message at 2024-10-15T07:01:15.333175826. 4dff0219-0a88-44cd-91af-c879b25d3c85
cnt-4_1   | 2024-10-15T07:01:15.653074543 | Message sent in 593ms. 12b5c701-b700-41e4-ad51-18eae358846e
cnt-10_1  | Sending message at 2024-10-15T07:01:15.701210083. 2ac45634-bcaa-4c83-8aca-d54cd26d3cf9
cnt-10_1  | Sending message at 2024-10-15T07:01:16.347454162. 3b79632a-1702-4a23-b832-261640842578
cnt-1_1   | Sending message at 2024-10-15T07:01:16.939297204. 515f0a00-c284-44b8-bb3b-600ede743839
cnt-8_1   | Sending message at 2024-10-15T07:01:17.199570762. a262c7e1-de6d-4c15-8d1e-c83d4ee24730
cnt-3_1   | Sending message at 2024-10-15T07:01:17.830908611. 50c584e2-3417-4eae-bb96-6c8ea04272d7
cnt-10_1  | 2024-10-15T07:01:17.909156937 | Message sent in 504ms. 9d14c3f2-b990-4dd4-8e7c-690afb47ce6c
cnt-4_1   | Sending message at 2024-10-15T07:01:18.289897339. 9b7921f9-59d1-4646-925e-2a0cbfbcea54
cnt-5_1   | Sending message at 2024-10-15T07:01:18.339047065. 5613cd9b-3a7a-414f-b33a-7b8e2c5f4e0e
cnt-4_1   | 2024-10-15T07:01:18.835935601 | Message sent in 545ms. 9b7921f9-59d1-4646-925e-2a0cbfbcea54
cnt-2_1   | Sending message at 2024-10-15T07:01:18.922322727. 406d3645-ccbe-4eb4-868b-f299b6b7daa0
cnt-9_1   | Sending message at 2024-10-15T07:01:19.190740099. 3b136072-c7c3-44e0-92ce-75ddcf18ee64
cnt-10_1  | 2024-10-15T07:01:19.663307942 | Message sent in 956ms. 2ac45634-bcaa-4c83-8aca-d54cd26d3cf9
cnt-7_1   | 2024-10-15T07:01:19.712444152 | Message sent in 543ms. 4725dccf-870c-493e-9728-29ea658caf87
cnt-7_1   | Sending message at 2024-10-15T07:01:19.724710443. 2aec121b-738d-407b-8a3a-a49542198e1a
cnt-8_1   | Sending message at 2024-10-15T07:01:19.836221451. de01eef9-d1c0-4b2e-8844-823f1cbad704
cnt-4_1   | Sending message at 2024-10-15T07:01:19.921619172. bdb509a5-6140-4fcf-b968-7d3d72b694cd
cnt-2_1   | Sending message at 2024-10-15T07:01:20.792226324. 6e22c841-ea33-407f-85f9-2aab16ed295a
cnt-5_1   | 2024-10-15T07:01:21.566915993 | Message sent in 910ms. 5416b13c-9f1b-4ad4-ab93-cabe457a775b
cnt-7_1   | Sending message at 2024-10-15T07:01:22.729724636. 77da0f23-2472-46eb-926d-f5c0e121e0b2
cnt-5_1   | Sending message at 2024-10-15T07:01:22.734331984. a2b379ae-d26f-4d4d-8e1f-3addba9c0899
cnt-5_1   | Sending message at 2024-10-15T07:01:22.897188656. 5613cd9b-3a7a-414f-b33a-7b8e2c5f4e0e
cnt-6_1   | 2024-10-15T07:01:23.196456932 | Message sent in 626ms. b19681d3-00b3-4435-9b77-d5d7cbe4cb74
cnt-3_1   | 2024-10-15T07:01:24.672969039 | Message sent in 476ms. 29e21eaa-9b34-49eb-ac4c-47494e06a0fa
cnt-7_1   | Sending message at 2024-10-15T07:01:24.735522785. 77da0f23-2472-46eb-926d-f5c0e121e0b2
cnt-1_1   | Scheduled exit. Godbyeeeeeeeeeeeeeee...
asb-debug_cnt-1_1 exited with code 69
cnt-2_1   | 2024-10-15T07:01:25.152001920 | Message sent in 515ms. 4dff0219-0a88-44cd-91af-c879b25d3c85
cnt-7_1   | 2024-10-15T07:01:25.258016120 | Message sent in 522ms. 77da0f23-2472-46eb-926d-f5c0e121e0b2
cnt-1_1   | Starting the application. Logging messages with probability 0.05...
cnt-10_1  | 2024-10-15T07:01:26.496646940 | Message sent in 786ms. bb876dee-5e48-4ee3-83f4-e5bc01a0b36a
cnt-9_1   | 2024-10-15T07:01:26.496974963 | Message sent in 748ms. 65b060e8-26de-41a3-b26f-299a8dd3c1c1
cnt-10_1  | Sending message at 2024-10-15T07:01:27.497241755. bb876dee-5e48-4ee3-83f4-e5bc01a0b36a
cnt-8_1   | 2024-10-15T07:01:27.815006871 | Message sent in 579ms. a262c7e1-de6d-4c15-8d1e-c83d4ee24730
cnt-10_1  | 2024-10-15T07:01:28.137873570 | Message sent in 641ms. 3b79632a-1702-4a23-b832-261640842578
cnt-1_1   | 2024-10-15T07:01:29.225574331 | Message sent in 2394ms. b962ec96-b503-4fa8-8235-954e1c5cad26
cnt-2_1   | Scheduled exit. Godbyeeeeeeeeeeeeeee...
asb-debug_cnt-2_1 exited with code 69
cnt-2_1   | Starting the application. Logging messages with probability 0.05...
cnt-4_1   | 2024-10-15T07:01:31.562309299 | Message sent in 500ms. 12b5c701-b700-41e4-ad51-18eae358846e
cnt-5_1   | 2024-10-15T07:01:31.773431683 | Message sent in 507ms. 5613cd9b-3a7a-414f-b33a-7b8e2c5f4e0e
cnt-10_1  | Sending message at 2024-10-15T07:01:32.455697023. 9d14c3f2-b990-4dd4-8e7c-690afb47ce6c
cnt-7_1   | Sending message at 2024-10-15T07:01:32.483463150. 4725dccf-870c-493e-9728-29ea658caf87
cnt-6_1   | Sending message at 2024-10-15T07:01:32.783148366. dd357149-2b53-4648-893a-ed34c5b59bb0
cnt-3_1   | 2024-10-15T07:01:33.046824180 | Message sent in 549ms. 29e21eaa-9b34-49eb-ac4c-47494e06a0fa
cnt-10_1  | Sending message at 2024-10-15T07:01:34.042543745. 3b79632a-1702-4a23-b832-261640842578
cnt-5_1   | 2024-10-15T07:01:34.080166562 | Message sent in 484ms. 5416b13c-9f1b-4ad4-ab93-cabe457a775b
cnt-7_1   | Sending message at 2024-10-15T07:01:34.464371554. 77da0f23-2472-46eb-926d-f5c0e121e0b2
cnt-5_1   | Sending message at 2024-10-15T07:01:34.466470180. a2b379ae-d26f-4d4d-8e1f-3addba9c0899
cnt-2_1   | Sending message at 2024-10-15T07:01:34.480250400. 6bdc6655-39ea-4371-af1b-30dd3b54cf3e
cnt-9_1   | 2024-10-15T07:01:34.578879192 | Message sent in 515ms. c765af6e-7c2a-46f1-bd4e-fcb2129e983e
cnt-10_1  | 2024-10-15T07:01:34.588183967 | Message sent in 525ms. bb876dee-5e48-4ee3-83f4-e5bc01a0b36a
cnt-4_1   | Sending message at 2024-10-15T07:01:35.991059559. 12b5c701-b700-41e4-ad51-18eae358846e
cnt-4_1   | Sending message at 2024-10-15T07:01:36.043864161. 9b7921f9-59d1-4646-925e-2a0cbfbcea54
cnt-1_1   | 2024-10-15T07:01:36.640403485 | Message sent in 490ms. 29655972-e6a3-41de-9fc7-4221063c9444
cnt-6_1   | 2024-10-15T07:01:36.768030545 | Message sent in 503ms. a9161609-0c1e-4602-94dd-abba8dfaecb7
cnt-6_1   | Sending message at 2024-10-15T07:01:37.482728095. dd357149-2b53-4648-893a-ed34c5b59bb0
cnt-10_1  | 2024-10-15T07:01:37.603470815 | Message sent in 498ms. bb876dee-5e48-4ee3-83f4-e5bc01a0b36a
cnt-4_1   | 2024-10-15T07:01:38.016102907 | Message sent in 481ms. 9b7921f9-59d1-4646-925e-2a0cbfbcea54
cnt-7_1   | 2024-10-15T07:01:38.023753054 | Message sent in 488ms. 77da0f23-2472-46eb-926d-f5c0e121e0b2
cnt-3_1   | Sending message at 2024-10-15T07:01:38.368957615. 5623b795-5821-43f1-96cf-61cde31fa77b
cnt-10_1  | Sending message at 2024-10-15T07:01:38.581867243. 3b79632a-1702-4a23-b832-261640842578
cnt-9_1   | Sending message at 2024-10-15T07:01:38.638756191. 65b060e8-26de-41a3-b26f-299a8dd3c1c1
cnt-8_1   | Sending message at 2024-10-15T07:01:38.972485829. 2b5751a8-4611-4b3a-b459-eba5d529cf26
cnt-1_1   | 2024-10-15T07:01:39.300310182 | Message sent in 903ms. d45759a7-e3c1-405b-925c-d75373b9dbbe
cnt-3_1   | 2024-10-15T07:01:39.319759452 | Message sent in 7332ms. adaf9426-d3c6-4a8d-a6db-0042ac9d9f13
cnt-4_1   | Sending message at 2024-10-15T07:01:39.859687313. 2a80a850-eaf6-47f0-9a4c-02ea5d7324cf
cnt-9_1   | Sending message at 2024-10-15T07:01:39.895138591. 666ce9ac-87ea-46bf-bd01-fea2626071f5
cnt-10_1  | Sending message at 2024-10-15T07:01:40.300514830. 3b79632a-1702-4a23-b832-261640842578
cnt-4_1   | 2024-10-15T07:01:40.356350931 | Message sent in 497ms. 2a80a850-eaf6-47f0-9a4c-02ea5d7324cf
