cnt-2_1   | 2024-10-15T06:34:14.951446573 | Message sent in 518ms. 006f34c9-62ad-4c88-92f2-0bbaccec0835
cnt-8_1   | 2024-10-15T06:34:16.458150318 | Message sent in 520ms. aadced35-5d88-4784-9a36-6adf39be67a0
cnt-2_1   | Sending message at 2024-10-15T06:34:17.208789953. b14394f2-126e-4679-a491-aa83dee23c8e
cnt-9_1   | Sending message at 2024-10-15T06:34:17.208749387. 31fbe340-552e-4b93-9b17-9663592835d3
cnt-5_1   | Sending message at 2024-10-15T06:34:17.226167132. 2625c81b-feb4-4a33-9e32-8491fc0ddfb8
cnt-10_1  | Sending message at 2024-10-15T06:34:17.230259235. c5d1d47b-ce7e-4143-837c-47ad613548d8
cnt-9_1   | 2024-10-15T06:34:18.504778231 | Message sent in 1296ms. 31fbe340-552e-4b93-9b17-9663592835d3
cnt-1_1   | Sending message at 2024-10-15T06:34:19.656203719. 72a53a66-734c-4aeb-9347-6861b397cabc
cnt-2_1   | 2024-10-15T06:34:19.945803077 | Message sent in 510ms. b14394f2-126e-4679-a491-aa83dee23c8e
cnt-7_1   | 2024-10-15T06:34:20.480768766 | Message sent in 928ms. edbc823a-a058-4c5f-99bf-26d602e664ac
cnt-8_1   | 2024-10-15T06:34:20.588868097 | Message sent in 817ms. d90e7696-2c9a-4c46-9db5-aa11cec64ee4
cnt-4_1   | 2024-10-15T06:34:21.777149298 | Message sent in 526ms. 4656aade-7c0d-4989-a97b-56ec7bdc2a05
cnt-9_1   | 2024-10-15T06:34:22.224154447 | Message sent in 693ms. f0bbf988-18ed-4c92-b33b-7831053b3514
cnt-7_1   | Sending message at 2024-10-15T06:34:22.983625776. e688db2c-ee15-440d-842f-0aa650a99435
cnt-2_1   | Sending message at 2024-10-15T06:34:22.998441994. 07f2120a-5600-4633-a221-af1034f7d953
cnt-10_1  | Sending message at 2024-10-15T06:34:23.241811335. 95d97ded-3d4e-4b9f-9585-4d27025ee04b
cnt-10_1  | Sending message at 2024-10-15T06:34:24.234647056. 18a54b42-9a8d-45ed-8997-1c3b5aa60448
cnt-3_1   | 2024-10-15T06:34:24.687928569 | Message sent in 593ms. 0fa59b87-54a9-4dc5-8e6c-54ddebe3f6ac
cnt-2_1   | Sending message at 2024-10-15T06:34:24.777374153. 07f2120a-5600-4633-a221-af1034f7d953
cnt-4_1   | 2024-10-15T06:34:24.966918533 | Message sent in 672ms. a0284209-6693-4f67-817b-c55ba1bfc76b
cnt-6_1   | 2024-10-15T06:34:25.233561732 | Message sent in 7915ms. c5386b9a-0f02-4722-97bb-753b679c6678
cnt-7_1   | 2024-10-15T06:34:25.292471099 | Message sent in 527ms. e688db2c-ee15-440d-842f-0aa650a99435
cnt-5_1   | Sending message at 2024-10-15T06:34:25.828293196. c1163a53-e6de-422d-ae95-f73fafdc89ab
cnt-5_1   | Sending message at 2024-10-15T06:34:26.135790504. 0da2b81f-14be-4669-8a40-a787ee2b692f
cnt-2_1   | Sending message at 2024-10-15T06:34:26.326471801. 07f2120a-5600-4633-a221-af1034f7d953
cnt-1_1   | 2024-10-15T06:34:26.602436537 | Message sent in 564ms. 0d6e3e1f-bce8-46cf-b455-c2d4561a4eed
cnt-10_1  | 2024-10-15T06:34:26.706265858 | Message sent in 598ms. 18a54b42-9a8d-45ed-8997-1c3b5aa60448
cnt-10_1  | 2024-10-15T06:34:26.895593488 | Message sent in 606ms. c5d1d47b-ce7e-4143-837c-47ad613548d8
cnt-2_1   | Sending message at 2024-10-15T06:34:27.603222450. 006f34c9-62ad-4c88-92f2-0bbaccec0835
cnt-10_1  | Sending message at 2024-10-15T06:34:27.895843692. c5d1d47b-ce7e-4143-837c-47ad613548d8
cnt-6_1   | Sending message at 2024-10-15T06:34:27.944038461. 7dd3e95b-f79e-47e5-a4b5-72d35a5bbbb7
cnt-7_1   | Sending message at 2024-10-15T06:34:29.247185450. 0d22abab-656b-4179-97c4-58d009597ca1
cnt-8_1   | Sending message at 2024-10-15T06:34:29.990773542. d90e7696-2c9a-4c46-9db5-aa11cec64ee4
cnt-9_1   | Sending message at 2024-10-15T06:34:30.013246476. f0bbf988-18ed-4c92-b33b-7831053b3514
cnt-1_1   | Sending message at 2024-10-15T06:34:30.026836519. dc090743-2436-460c-a5af-80a44def5a25
cnt-5_1   | 2024-10-15T06:34:30.342282601 | Message sent in 529ms. 2625c81b-feb4-4a33-9e32-8491fc0ddfb8
cnt-9_1   | 2024-10-15T06:34:30.900747129 | Message sent in 887ms. f0bbf988-18ed-4c92-b33b-7831053b3514
cnt-6_1   | 2024-10-15T06:34:30.911099266 | Message sent in 912ms. 7dd3e95b-f79e-47e5-a4b5-72d35a5bbbb7
cnt-7_1   | 2024-10-15T06:34:30.911192363 | Message sent in 929ms. edbc823a-a058-4c5f-99bf-26d602e664ac
cnt-10_1  | Sending message at 2024-10-15T06:34:31.441151952. c5d1d47b-ce7e-4143-837c-47ad613548d8
cnt-3_1   | 2024-10-15T06:34:31.974030633 | Message sent in 530ms. 94938f14-bf09-4528-b5bb-f7b7a1f64a2c
cnt-10_1  | Sending message at 2024-10-15T06:34:32.970574911. c5d1d47b-ce7e-4143-837c-47ad613548d8
cnt-10_1  | Sending message at 2024-10-15T06:34:34.018814612. fe0dd337-5745-442b-9e2e-b04a59b3d947
cnt-8_1   | Sending message at 2024-10-15T06:34:34.087570146. aadced35-5d88-4784-9a36-6adf39be67a0
cnt-7_1   | Sending message at 2024-10-15T06:34:34.450902452. 2044bfa8-4e92-477a-bdcb-ce3d8a88c8e5
cnt-1_1   | 2024-10-15T06:34:34.821899916 | Message sent in 763ms. dc090743-2436-460c-a5af-80a44def5a25
cnt-5_1   | 2024-10-15T06:34:35.181193195 | Message sent in 754ms. 2625c81b-feb4-4a33-9e32-8491fc0ddfb8
cnt-6_1   | 2024-10-15T06:34:35.189900475 | Message sent in 701ms. ece849e9-fda7-44e9-a087-61361bd8dafc
cnt-3_1   | Sending message at 2024-10-15T06:34:35.670478069. 750d4874-b0fb-4830-b48d-182d55eaf2bb
cnt-4_1   | Sending message at 2024-10-15T06:34:35.739135137. a0284209-6693-4f67-817b-c55ba1bfc76b
cnt-8_1   | Sending message at 2024-10-15T06:34:35.807924433. b530b98f-10fa-47e7-8538-19ef47519993
cnt-1_1   | Sending message at 2024-10-15T06:34:35.823150072. 02a32555-c7cf-4e25-96f5-50fb025ae624
cnt-7_1   | Sending message at 2024-10-15T06:34:35.849378347. e688db2c-ee15-440d-842f-0aa650a99435
cnt-8_1   | 2024-10-15T06:34:36.338617192 | Message sent in 530ms. b530b98f-10fa-47e7-8538-19ef47519993
cnt-6_1   | 2024-10-15T06:34:36.735278306 | Message sent in 545ms. ece849e9-fda7-44e9-a087-61361bd8dafc
cnt-8_1   | Sending message at 2024-10-15T06:34:37.392424601. 0f793ab4-e99b-4c85-a0ef-dc7304df925b
cnt-8_1   | Sending message at 2024-10-15T06:34:37.392454293. d90e7696-2c9a-4c46-9db5-aa11cec64ee4
cnt-3_1   | 2024-10-15T06:34:39.168268826 | Message sent in 570ms. 0fa59b87-54a9-4dc5-8e6c-54ddebe3f6ac
cnt-3_1   | Sending message at 2024-10-15T06:34:40.808510746. 94938f14-bf09-4528-b5bb-f7b7a1f64a2c
cnt-8_1   | Sending message at 2024-10-15T06:34:42.366548725. 40ca09f7-0e4f-4860-bb8d-6adbfdfa7460
cnt-5_1   | 2024-10-15T06:34:42.909804698 | Message sent in 532ms. fa1996ff-1f74-4186-9971-98de61425336
cnt-1_1   | Scheduled exit. Godbyeeeeeeeeeeeeeee...
cnt-3_1   | Sending message at 2024-10-15T06:34:43.196036793. 0fa59b87-54a9-4dc5-8e6c-54ddebe3f6ac
asb-debug_cnt-1_1 exited with code 69
cnt-5_1   | Scheduled exit. Godbyeeeeeeeeeeeeeee...
cnt-9_1   | Sending message at 2024-10-15T06:34:43.668230433. 680f3541-2577-4c92-9a2f-91f675066d75
asb-debug_cnt-5_1 exited with code 69
cnt-6_1   | Sending message at 2024-10-15T06:34:43.805513327. ece849e9-fda7-44e9-a087-61361bd8dafc
cnt-5_1   | Starting the application. Logging messages with probability 0.05...
cnt-4_1   | 2024-10-15T06:34:44.794598155 | Message sent in 834ms. e2e180e0-bae3-42b3-b578-bf64277f53af
cnt-7_1   | Scheduled exit. Godbyeeeeeeeeeeeeeee...
asb-debug_cnt-7_1 exited with code 69
cnt-4_1   | Sending message at 2024-10-15T06:34:45.411830596. 4656aade-7c0d-4989-a97b-56ec7bdc2a05
cnt-7_1   | Starting the application. Logging messages with probability 0.05...
cnt-2_1   | Scheduled exit. Godbyeeeeeeeeeeeeeee...
cnt-4_1   | 2024-10-15T06:34:46.519356031 | Message sent in 7515ms. bcdb897f-b213-4c15-9d9d-5522c91036d8
asb-debug_cnt-2_1 exited with code 69
cnt-2_1   | Starting the application. Logging messages with probability 0.05...
cnt-3_1   | 2024-10-15T06:34:47.401365835 | Message sent in 295ms. 94938f14-bf09-4528-b5bb-f7b7a1f64a2c
cnt-9_1   | Sending message at 2024-10-15T06:34:47.496061044. f0bbf988-18ed-4c92-b33b-7831053b3514
cnt-7_1   | Sending message at 2024-10-15T06:34:47.880387297. c924a179-fc71-4a07-9b19-b8f87d40b898
cnt-4_1   | Scheduled exit. Godbyeeeeeeeeeeeeeee...
asb-debug_cnt-4_1 exited with code 69
cnt-9_1   | Sending message at 2024-10-15T06:34:48.519095313. 680f3541-2577-4c92-9a2f-91f675066d75
cnt-4_1   | Starting the application. Logging messages with probability 0.05...
cnt-7_1   | Sending message at 2024-10-15T06:34:49.358406009. 4ceef207-41c5-4431-80ce-03633c1b329e
cnt-5_1   | 2024-10-15T06:34:49.364862963 | Message sent in 540ms. d4d5e1ae-1f7f-4de0-aa46-61dd7e070f24
cnt-3_1   | [pool-8-thread-1] ERROR org.example.Main - Failed to send message
cnt-3_1   | java.lang.IllegalStateException: Timeout on blocking read for 17400000000 NANOSECONDS
cnt-3_1   | 	at reactor.core.publisher.BlockingSingleSubscriber.blockingGet(BlockingSingleSubscriber.java:124)
cnt-3_1   | 	at reactor.core.publisher.Mono.block(Mono.java:1766)
cnt-3_1   | 	at com.azure.messaging.servicebus.ServiceBusSenderClient.sendMessage(ServiceBusSenderClient.java:266)
cnt-3_1   | 	at org.example.Main.lambda$schedulePublishing$3(Main.java:84)
cnt-3_1   | 	at java.base/java.util.concurrent.Executors$RunnableAdapter.call(Executors.java:539)
cnt-3_1   | 	at java.base/java.util.concurrent.FutureTask.runAndReset(FutureTask.java:305)
cnt-3_1   | 	at java.base/java.util.concurrent.ScheduledThreadPoolExecutor$ScheduledFutureTask.run(ScheduledThreadPoolExecutor.java:305)
cnt-3_1   | 	at java.base/java.util.concurrent.ThreadPoolExecutor.runWorker(ThreadPoolExecutor.java:1136)
cnt-3_1   | 	at java.base/java.util.concurrent.ThreadPoolExecutor$Worker.run(ThreadPoolExecutor.java:635)
cnt-3_1   | 	at java.base/java.lang.Thread.run(Thread.java:840)
cnt-9_1   | [pool-5-thread-1] ERROR org.example.Main - Failed to send message
cnt-9_1   | java.lang.IllegalStateException: Timeout on blocking read for 17400000000 NANOSECONDS
cnt-9_1   | 	at reactor.core.publisher.BlockingSingleSubscriber.blockingGet(BlockingSingleSubscriber.java:124)
cnt-9_1   | 	at reactor.core.publisher.Mono.block(Mono.java:1766)
cnt-9_1   | 	at com.azure.messaging.servicebus.ServiceBusSenderClient.sendMessage(ServiceBusSenderClient.java:266)
cnt-9_1   | 	at org.example.Main.lambda$schedulePublishing$3(Main.java:84)
cnt-9_1   | 	at java.base/java.util.concurrent.Executors$RunnableAdapter.call(Executors.java:539)
cnt-9_1   | 	at java.base/java.util.concurrent.FutureTask.runAndReset(FutureTask.java:305)
cnt-9_1   | 	at java.base/java.util.concurrent.ScheduledThreadPoolExecutor$ScheduledFutureTask.run(ScheduledThreadPoolExecutor.java:305)
cnt-9_1   | 	at java.base/java.util.concurrent.ThreadPoolExecutor.runWorker(ThreadPoolExecutor.java:1136)
cnt-9_1   | 	at java.base/java.util.concurrent.ThreadPoolExecutor$Worker.run(ThreadPoolExecutor.java:635)
cnt-9_1   | 	at java.base/java.lang.Thread.run(Thread.java:840)
cnt-6_1   | [pool-8-thread-1] ERROR org.example.Main - Failed to send message
cnt-6_1   | java.lang.IllegalStateException: Timeout on blocking read for 17400000000 NANOSECONDS
cnt-6_1   | 	at reactor.core.publisher.BlockingSingleSubscriber.blockingGet(BlockingSingleSubscriber.java:124)
cnt-6_1   | 	at reactor.core.publisher.Mono.block(Mono.java:1766)
cnt-6_1   | 	at com.azure.messaging.servicebus.ServiceBusSenderClient.sendMessage(ServiceBusSenderClient.java:266)
cnt-6_1   | 	at org.example.Main.lambda$schedulePublishing$3(Main.java:84)
cnt-6_1   | 	at java.base/java.util.concurrent.Executors$RunnableAdapter.call(Executors.java:539)
cnt-6_1   | 	at java.base/java.util.concurrent.FutureTask.runAndReset(FutureTask.java:305)
cnt-6_1   | 	at java.base/java.util.concurrent.ScheduledThreadPoolExecutor$ScheduledFutureTask.run(ScheduledThreadPoolExecutor.java:305)
cnt-6_1   | 	at java.base/java.util.concurrent.ThreadPoolExecutor.runWorker(ThreadPoolExecutor.java:1136)
cnt-6_1   | 	at java.base/java.util.concurrent.ThreadPoolExecutor$Worker.run(ThreadPoolExecutor.java:635)
cnt-6_1   | 	at java.base/java.lang.Thread.run(Thread.java:840)
cnt-10_1  | Sending message at 2024-10-15T06:34:49.771498518. 95d97ded-3d4e-4b9f-9585-4d27025ee04b
cnt-9_1   | Sending message at 2024-10-15T06:34:50.063189391. 680f3541-2577-4c92-9a2f-91f675066d75
cnt-10_1  | 2024-10-15T06:34:50.072919488 | Message sent in 511ms. c5d1d47b-ce7e-4143-837c-47ad613548d8
cnt-7_1   | 2024-10-15T06:34:50.190687161 | Message sent in 510ms. b0210386-996f-4f24-a58b-e7eea5e076cc
cnt-8_1   | Sending message at 2024-10-15T06:34:50.519616256. 0f793ab4-e99b-4c85-a0ef-dc7304df925b
cnt-10_1  | Sending message at 2024-10-15T06:34:50.532040719. 8dadc108-7a15-4cba-9280-70719945850e
cnt-7_1   | Sending message at 2024-10-15T06:34:50.736245637. c924a179-fc71-4a07-9b19-b8f87d40b898
cnt-10_1  | 2024-10-15T06:34:57.400652691 | Message sent in 7252ms. fe0dd337-5745-442b-9e2e-b04a59b3d947
cnt-6_1   | 2024-10-15T06:34:57.649493555 | Message sent in 7004ms. 7dd3e95b-f79e-47e5-a4b5-72d35a5bbbb7
cnt-5_1   | 2024-10-15T06:34:57.869632217 | Message sent in 7483ms. e4868aed-3066-42b7-9c1a-0a740d35728e
cnt-4_1   | 2024-10-15T06:34:57.995730341 | Message sent in 9017ms. e9a4454f-2464-47b1-b77e-bf6cd4708d5a
cnt-10_1  | 2024-10-15T06:34:59.608825112 | Message sent in 508ms. c5d1d47b-ce7e-4143-837c-47ad613548d8
cnt-8_1   | Sending message at 2024-10-15T06:34:59.908845572. 40ca09f7-0e4f-4860-bb8d-6adbfdfa7460
cnt-1_1   | Sending message at 2024-10-15T06:35:00.481873902. dede7caf-9924-4347-8a25-45c4a6542b5f
cnt-6_1   | 2024-10-15T06:35:00.579082373 | Message sent in 518ms. 3b51fc85-b7f5-4186-8a9a-307ee80e1790
cnt-10_1  | Sending message at 2024-10-15T06:35:00.610320165. c5d1d47b-ce7e-4143-837c-47ad613548d8
cnt-3_1   | Sending message at 2024-10-15T06:35:00.935660551. 0fa59b87-54a9-4dc5-8e6c-54ddebe3f6ac
cnt-1_1   | Sending message at 2024-10-15T06:35:00.986483969. df33a833-377f-43f9-b7f8-4ba05b00e98e
cnt-5_1   | Sending message at 2024-10-15T06:35:01.551826633. 83313720-8f37-49d4-bb68-f95a15453d7d
cnt-4_1   | 2024-10-15T06:35:01.688911704 | Message sent in 638ms. d460a375-80d9-44bb-91fd-cff2d113eb26
cnt-5_1   | 2024-10-15T06:35:01.849659948 | Message sent in 583ms. 0db7e07e-de43-40a5-80e5-66e3d99b95f6
cnt-9_1   | Sending message at 2024-10-15T06:35:01.972424706. f0bbf988-18ed-4c92-b33b-7831053b3514
cnt-1_1   | 2024-10-15T06:35:02.235035968 | Message sent in 726ms. 6a91f13a-a3ee-4ff3-b57b-e1bd6c1f45aa
cnt-5_1   | Sending message at 2024-10-15T06:35:02.850015767. 0db7e07e-de43-40a5-80e5-66e3d99b95f6
cnt-2_1   | 2024-10-15T06:35:03.185016937 | Message sent in 862ms. afe09c04-33a4-420c-b5f1-0d60ac4475ff
cnt-10_1  | 2024-10-15T06:35:03.199997055 | Message sent in 817ms. 8dadc108-7a15-4cba-9280-70719945850e
cnt-2_1   | 2024-10-15T06:35:03.464388739 | Message sent in 948ms. 84da047e-e866-484a-b287-64caba214a9c
cnt-1_1   | 2024-10-15T06:35:11.681994713 | Message sent in 492ms. df33a833-377f-43f9-b7f8-4ba05b00e98e
cnt-9_1   | 2024-10-15T06:35:11.822441105 | Message sent in 374ms. 680f3541-2577-4c92-9a2f-91f675066d75
cnt-8_1   | 2024-10-15T06:35:12.613035794 | Message sent in 378ms. b530b98f-10fa-47e7-8538-19ef47519993
cnt-4_1   | 2024-10-15T06:35:13.046198081 | Message sent in 475ms. e9a4454f-2464-47b1-b77e-bf6cd4708d5a
cnt-6_1   | 2024-10-15T06:35:13.177059907 | Message sent in 477ms. c5386b9a-0f02-4722-97bb-753b679c6678
cnt-7_1   | Sending message at 2024-10-15T06:35:13.207383736. 37cfab3f-16f2-476f-9546-a8349fc597f8
cnt-3_1   | Sending message at 2024-10-15T06:35:13.393528598. 750d4874-b0fb-4830-b48d-182d55eaf2bb
cnt-10_1  | 2024-10-15T06:35:13.882673050 | Message sent in 502ms. 18a54b42-9a8d-45ed-8997-1c3b5aa60448
cnt-10_1  | Sending message at 2024-10-15T06:35:14.079793658. c5d1d47b-ce7e-4143-837c-47ad613548d8
cnt-1_1   | Sending message at 2024-10-15T06:35:14.177374598. dede7caf-9924-4347-8a25-45c4a6542b5f
cnt-5_1   | Sending message at 2024-10-15T06:35:14.181046142. e4868aed-3066-42b7-9c1a-0a740d35728e
cnt-5_1   | Sending message at 2024-10-15T06:35:14.274196708. 8fe2dee6-a287-4d5e-92f8-aee4a1eba7fa
cnt-6_1   | 2024-10-15T06:35:14.346482174 | Message sent in 649ms. 7dd3e95b-f79e-47e5-a4b5-72d35a5bbbb7
cnt-7_1   | 2024-10-15T06:35:14.408085065 | Message sent in 481ms. b0210386-996f-4f24-a58b-e7eea5e076cc
cnt-6_1   | 2024-10-15T06:35:14.671341130 | Message sent in 494ms. c5386b9a-0f02-4722-97bb-753b679c6678
cnt-3_1   | 2024-10-15T06:35:14.742077289 | Message sent in 470ms. 0fa59b87-54a9-4dc5-8e6c-54ddebe3f6ac
cnt-10_1  | Sending message at 2024-10-15T06:35:14.882902561. 18a54b42-9a8d-45ed-8997-1c3b5aa60448
cnt-6_1   | Sending message at 2024-10-15T06:35:15.346698236. 7dd3e95b-f79e-47e5-a4b5-72d35a5bbbb7
cnt-9_1   | Sending message at 2024-10-15T06:35:16.216237399. d9f64bf0-46e1-4b3a-82df-cd853eb18a37
cnt-1_1   | 2024-10-15T06:35:16.913402942 | Message sent in 495ms. 683433fa-1771-4d5c-ad6a-4f44dd8ec849
cnt-4_1   | 2024-10-15T06:35:17.140686075 | Message sent in 489ms. 875e3758-3a0c-4813-8f33-47cace6a6f17
cnt-5_1   | Sending message at 2024-10-15T06:35:17.402389467. 83313720-8f37-49d4-bb68-f95a15453d7d
cnt-10_1  | 2024-10-15T06:35:18.211111491 | Message sent in 735ms. 95d97ded-3d4e-4b9f-9585-4d27025ee04b
cnt-7_1   | 2024-10-15T06:35:18.217968972 | Message sent in 725ms. c924a179-fc71-4a07-9b19-b8f87d40b898
cnt-6_1   | Sending message at 2024-10-15T06:35:19.203171898. ece849e9-fda7-44e9-a087-61361bd8dafc
cnt-8_1   | 2024-10-15T06:35:19.672206652 | Message sent in 474ms. aadced35-5d88-4784-9a36-6adf39be67a0
cnt-8_1   | 2024-10-15T06:35:20.238926870 | Message sent in 611ms. b530b98f-10fa-47e7-8538-19ef47519993
cnt-5_1   | 2024-10-15T06:35:20.246907173 | Message sent in 921ms. 0db7e07e-de43-40a5-80e5-66e3d99b95f6
cnt-10_1  | Sending message at 2024-10-15T06:35:21.207761301. fe0dd337-5745-442b-9e2e-b04a59b3d947
cnt-8_1   | Sending message at 2024-10-15T06:35:21.239068306. 0f793ab4-e99b-4c85-a0ef-dc7304df925b
cnt-4_1   | Sending message at 2024-10-15T06:35:21.239528049. e9a4454f-2464-47b1-b77e-bf6cd4708d5a
cnt-8_1   | 2024-10-15T06:35:21.631648402 | Message sent in 844ms. 40ca09f7-0e4f-4860-bb8d-6adbfdfa7460
cnt-1_1   | 2024-10-15T06:35:21.652182750 | Message sent in 865ms. 6a91f13a-a3ee-4ff3-b57b-e1bd6c1f45aa
cnt-10_1  | 2024-10-15T06:35:21.998877297 | Message sent in 777ms. c5d1d47b-ce7e-4143-837c-47ad613548d8
cnt-9_1   | 2024-10-15T06:35:22.148119884 | Message sent in 927ms. 0e60227a-a2a6-4143-97f8-74cdc3a0ba01
cnt-9_1   | 2024-10-15T06:35:22.218939179 | Message sent in 989ms. c5e41707-5ae5-458b-9268-5c245eea79b4
cnt-1_1   | Sending message at 2024-10-15T06:35:22.652443653. 6a91f13a-a3ee-4ff3-b57b-e1bd6c1f45aa
cnt-10_1  | Sending message at 2024-10-15T06:35:22.978283134. fe0dd337-5745-442b-9e2e-b04a59b3d947
cnt-10_1  | Sending message at 2024-10-15T06:35:23.221938928. 18a54b42-9a8d-45ed-8997-1c3b5aa60448
cnt-5_1   | 2024-10-15T06:35:23.398269778 | Message sent in 702ms. 83313720-8f37-49d4-bb68-f95a15453d7d
cnt-10_1  | 2024-10-15T06:35:23.651458450 | Message sent in 673ms. fe0dd337-5745-442b-9e2e-b04a59b3d947
cnt-9_1   | 2024-10-15T06:35:23.971364153 | Message sent in 752ms. c5e41707-5ae5-458b-9268-5c245eea79b4
cnt-3_1   | 2024-10-15T06:35:25.176138875 | Message sent in 509ms. 750d4874-b0fb-4830-b48d-182d55eaf2bb
cnt-5_1   | Sending message at 2024-10-15T06:35:26.039344764. 83313720-8f37-49d4-bb68-f95a15453d7d
cnt-3_1   | 2024-10-15T06:35:26.047088222 | Message sent in 378ms. 94938f14-bf09-4528-b5bb-f7b7a1f64a2c
cnt-3_1   | Sending message at 2024-10-15T06:35:26.176355770. 750d4874-b0fb-4830-b48d-182d55eaf2bb
cnt-10_1  | Sending message at 2024-10-15T06:35:26.286882892. 8dadc108-7a15-4cba-9280-70719945850e
cnt-9_1   | 2024-10-15T06:35:33.508656172 | Message sent in 7044ms. 0e60227a-a2a6-4143-97f8-74cdc3a0ba01
cnt-6_1   | 2024-10-15T06:35:34.298916142 | Message sent in 7204ms. ece849e9-fda7-44e9-a087-61361bd8dafc
cnt-6_1   | 2024-10-15T06:35:34.767907399 | Message sent in 7005ms. 81def984-0eec-4d07-8f6c-279261702c82
cnt-4_1   | 2024-10-15T06:35:34.788268654 | Message sent in 7021ms. f2caac84-937d-4628-9dc1-a036ffb8c712
cnt-9_1   | 2024-10-15T06:35:35.279039831 | Message sent in 566ms. c5e41707-5ae5-458b-9268-5c245eea79b4
cnt-8_1   | Sending message at 2024-10-15T06:35:36.254136622. d90e7696-2c9a-4c46-9db5-aa11cec64ee4
cnt-6_1   | 2024-10-15T06:35:36.276377713 | Message sent in 977ms. ece849e9-fda7-44e9-a087-61361bd8dafc
cnt-6_1   | 2024-10-15T06:35:36.525179477 | Message sent in 879ms. c5386b9a-0f02-4722-97bb-753b679c6678
cnt-5_1   | 2024-10-15T06:35:36.784009736 | Message sent in 770ms. 0db7e07e-de43-40a5-80e5-66e3d99b95f6
cnt-3_1   | Sending message at 2024-10-15T06:35:37.799902421. 750d4874-b0fb-4830-b48d-182d55eaf2bb
cnt-7_1   | Sending message at 2024-10-15T06:35:37.800041776. f062c913-5723-4a71-b885-ca6cb5d2f7f5
cnt-6_1   | 2024-10-15T06:35:37.960625822 | Message sent in 684ms. ece849e9-fda7-44e9-a087-61361bd8dafc
cnt-8_1   | Sending message at 2024-10-15T06:35:39.161338478. 40ca09f7-0e4f-4860-bb8d-6adbfdfa7460
cnt-7_1   | Sending message at 2024-10-15T06:35:39.312115075. c924a179-fc71-4a07-9b19-b8f87d40b898
cnt-5_1   | Sending message at 2024-10-15T06:35:39.371994155. e4868aed-3066-42b7-9c1a-0a740d35728e
cnt-9_1   | Sending message at 2024-10-15T06:35:39.449449944. 0e60227a-a2a6-4143-97f8-74cdc3a0ba01
cnt-8_1   | Sending message at 2024-10-15T06:35:39.481037873. b530b98f-10fa-47e7-8538-19ef47519993
cnt-6_1   | 2024-10-15T06:35:39.868848778 | Message sent in 715ms. 3b51fc85-b7f5-4186-8a9a-307ee80e1790
cnt-8_1   | 2024-10-15T06:35:40.239804704 | Message sent in 758ms. b530b98f-10fa-47e7-8538-19ef47519993
cnt-10_1  | 2024-10-15T06:35:40.239750314 | Message sent in 950ms. 8dadc108-7a15-4cba-9280-70719945850e
cnt-10_1  | 2024-10-15T06:35:40.239875591 | Message sent in 778ms. 18a54b42-9a8d-45ed-8997-1c3b5aa60448
cnt-7_1   | 2024-10-15T06:35:40.239979528 | Message sent in 927ms. c924a179-fc71-4a07-9b19-b8f87d40b898
cnt-1_1   | 2024-10-15T06:35:40.242595093 | Message sent in 793ms. 683433fa-1771-4d5c-ad6a-4f44dd8ec849
cnt-4_1   | Sending message at 2024-10-15T06:35:40.690286920. 521fce5e-d335-47b3-bca3-e0db09ce2b75
cnt-1_1   | Sending message at 2024-10-15T06:35:40.869143965. f9e3b59a-f676-4d79-a2b8-e1b4f646668b
cnt-9_1   | 2024-10-15T06:35:41.363312549 | Message sent in 494ms. d9f64bf0-46e1-4b3a-82df-cd853eb18a37
cnt-7_1   | 2024-10-15T06:35:41.526628269 | Message sent in 473ms. b0210386-996f-4f24-a58b-e7eea5e076cc
cnt-10_1  | 2024-10-15T06:35:41.566600114 | Message sent in 480ms. c5d1d47b-ce7e-4143-837c-47ad613548d8
cnt-10_1  | 2024-10-15T06:35:41.818388332 | Message sent in 578ms. 8dadc108-7a15-4cba-9280-70719945850e
cnt-3_1   | Sending message at 2024-10-15T06:35:42.566749797. 185ffe90-9881-4541-8883-8247d1d11b2b
cnt-2_1   | 2024-10-15T06:35:43.009382401 | Message sent in 501ms. c413da2a-173d-42e4-a870-aa2e5ce5dd5a
cnt-7_1   | 2024-10-15T06:35:43.339093130 | Message sent in 553ms. c924a179-fc71-4a07-9b19-b8f87d40b898
cnt-6_1   | Sending message at 2024-10-15T06:35:43.822740601. 3b51fc85-b7f5-4186-8a9a-307ee80e1790
cnt-3_1   | Sending message at 2024-10-15T06:35:44.199856603. 0fa59b87-54a9-4dc5-8e6c-54ddebe3f6ac
cnt-1_1   | Scheduled exit. Godbyeeeeeeeeeeeeeee...
cnt-10_1  | Sending message at 2024-10-15T06:35:44.339869852. 18a54b42-9a8d-45ed-8997-1c3b5aa60448
asb-debug_cnt-1_1 exited with code 69
cnt-5_1   | Scheduled exit. Godbyeeeeeeeeeeeeeee...
asb-debug_cnt-5_1 exited with code 69
cnt-5_1   | Starting the application. Logging messages with probability 0.05...
cnt-3_1   | Sending message at 2024-10-15T06:35:45.616990292. 94938f14-bf09-4528-b5bb-f7b7a1f64a2c
cnt-10_1  | Sending message at 2024-10-15T06:35:45.632948843. c5d1d47b-ce7e-4143-837c-47ad613548d8
cnt-6_1   | Sending message at 2024-10-15T06:35:45.816007541. 7dd3e95b-f79e-47e5-a4b5-72d35a5bbbb7
cnt-7_1   | Scheduled exit. Godbyeeeeeeeeeeeeeee...
cnt-2_1   | 2024-10-15T06:35:46.243682492 | Message sent in 489ms. 397e344e-32b2-462a-bfee-350f43cb933a
asb-debug_cnt-7_1 exited with code 69
cnt-8_1   | Sending message at 2024-10-15T06:35:46.624433015. 0f793ab4-e99b-4c85-a0ef-dc7304df925b
cnt-7_1   | Starting the application. Logging messages with probability 0.05...
cnt-6_1   | Sending message at 2024-10-15T06:35:47.317876827. 7dd3e95b-f79e-47e5-a4b5-72d35a5bbbb7
cnt-10_1  | Sending message at 2024-10-15T06:35:47.568076396. 18a54b42-9a8d-45ed-8997-1c3b5aa60448
cnt-2_1   | Scheduled exit. Godbyeeeeeeeeeeeeeee...
cnt-3_1   | 2024-10-15T06:35:47.716193863 | Message sent in 614ms. 94938f14-bf09-4528-b5bb-f7b7a1f64a2c
cnt-6_1   | 2024-10-15T06:35:47.961819561 | Message sent in 643ms. 7dd3e95b-f79e-47e5-a4b5-72d35a5bbbb7
asb-debug_cnt-2_1 exited with code 69
cnt-2_1   | Starting the application. Logging messages with probability 0.05...
cnt-8_1   | 2024-10-15T06:35:48.659614125 | Message sent in 476ms. 0f793ab4-e99b-4c85-a0ef-dc7304df925b
cnt-4_1   | Scheduled exit. Godbyeeeeeeeeeeeeeee...
cnt-3_1   | 2024-10-15T06:35:49.198494996 | Message sent in 498ms. 0fa59b87-54a9-4dc5-8e6c-54ddebe3f6ac
cnt-8_1   | 2024-10-15T06:35:49.217705384 | Message sent in 497ms. 40ca09f7-0e4f-4860-bb8d-6adbfdfa7460
cnt-9_1   | 2024-10-15T06:35:49.440572095 | Message sent in 497ms. 0e60227a-a2a6-4143-97f8-74cdc3a0ba01
cnt-9_1   | 2024-10-15T06:35:49.467827653 | Message sent in 507ms. c5e41707-5ae5-458b-9268-5c245eea79b4
asb-debug_cnt-4_1 exited with code 69
cnt-4_1   | Starting the application. Logging messages with probability 0.05...
cnt-9_1   | 2024-10-15T06:35:50.402174873 | Message sent in 490ms. f0bbf988-18ed-4c92-b33b-7831053b3514
cnt-10_1  | 2024-10-15T06:35:50.657935111 | Message sent in 491ms. 95d97ded-3d4e-4b9f-9585-4d27025ee04b
cnt-9_1   | Sending message at 2024-10-15T06:35:50.886767759. 680f3541-2577-4c92-9a2f-91f675066d75
cnt-7_1   | 2024-10-15T06:35:51.317108545 | Message sent in 767ms. bce4df16-8a22-408d-8605-84960a8b3c03
cnt-10_1  | Sending message at 2024-10-15T06:35:51.696172484. c5d1d47b-ce7e-4143-837c-47ad613548d8
cnt-5_1   | Sending message at 2024-10-15T06:35:52.317169983. 227a321f-48f9-4cc9-8394-71d754639206
cnt-5_1   | Sending message at 2024-10-15T06:35:52.500783944. 162b8641-554d-4c3a-9984-48d7bfd1b5cc
cnt-10_1  | 2024-10-15T06:35:58.793379694 | Message sent in 7135ms. 95d97ded-3d4e-4b9f-9585-4d27025ee04b
cnt-3_1   | 2024-10-15T06:35:58.836210421 | Message sent in 7112ms. 0fa59b87-54a9-4dc5-8e6c-54ddebe3f6ac
cnt-8_1   | 2024-10-15T06:36:01.217338725 | Message sent in 615ms. aadced35-5d88-4784-9a36-6adf39be67a0
cnt-5_1   | 2024-10-15T06:36:01.441661208 | Message sent in 711ms. 13ccc07c-4515-409f-8b84-249e3b22a98a
cnt-4_1   | 2024-10-15T06:36:01.469543416 | Message sent in 670ms. 32223fb1-f885-40a6-b286-8b61fd092a95
cnt-1_1   | Sending message at 2024-10-15T06:36:01.651708829. 6a1911f5-a6c9-4859-920b-22c704758534
cnt-2_1   | 2024-10-15T06:36:03.188792353 | Message sent in 479ms. 044c5c09-76d4-42b2-a98b-695bad9106ce
cnt-3_1   | 2024-10-15T06:36:03.209635255 | Message sent in 498ms. 185ffe90-9881-4541-8883-8247d1d11b2b
cnt-1_1   | Sending message at 2024-10-15T06:36:03.751340327. 6a3be6ad-1674-4c22-9c75-02dabef368c0
cnt-10_1  | 2024-10-15T06:36:04.281277957 | Message sent in 511ms. 18a54b42-9a8d-45ed-8997-1c3b5aa60448
cnt-7_1   | 2024-10-15T06:36:05.106065493 | Message sent in 1125ms. 75b2ab56-8ac8-4d6f-afcd-110ea2b9b865
cnt-7_1   | 2024-10-15T06:36:05.147206282 | Message sent in 1024ms. bce4df16-8a22-408d-8605-84960a8b3c03
cnt-4_1   | Sending message at 2024-10-15T06:36:07.641811328. cff3c900-e1ba-4519-871d-908b2fc640f0
cnt-10_1  | 2024-10-15T06:36:09.723768449 | Message sent in 615ms. fe0dd337-5745-442b-9e2e-b04a59b3d947
cnt-8_1   | 2024-10-15T06:36:12.003703270 | Message sent in 902ms. 0f793ab4-e99b-4c85-a0ef-dc7304df925b
cnt-7_1   | Sending message at 2024-10-15T06:36:12.590512638. ede93683-2f26-4b66-b1a9-aa5ee3e7d8c8
cnt-7_1   | 2024-10-15T06:36:13.091787004 | Message sent in 499ms. ede93683-2f26-4b66-b1a9-aa5ee3e7d8c8
cnt-9_1   | 2024-10-15T06:36:13.969867029 | Message sent in 385ms. d9f64bf0-46e1-4b3a-82df-cd853eb18a37
cnt-9_1   | 2024-10-15T06:36:13.979124222 | Message sent in 395ms. 0e60227a-a2a6-4143-97f8-74cdc3a0ba01
cnt-10_1  | Sending message at 2024-10-15T06:36:14.091612734. 95d97ded-3d4e-4b9f-9585-4d27025ee04b
cnt-9_1   | Sending message at 2024-10-15T06:36:14.123277233. f0bbf988-18ed-4c92-b33b-7831053b3514
cnt-5_1   | Sending message at 2024-10-15T06:36:14.366906353. 227a321f-48f9-4cc9-8394-71d754639206
cnt-6_1   | 2024-10-15T06:36:15.405752858 | Message sent in 493ms. 81def984-0eec-4d07-8f6c-279261702c82
cnt-10_1  | 2024-10-15T06:36:16.072840759 | Message sent in 482ms. fe0dd337-5745-442b-9e2e-b04a59b3d947
cnt-10_1  | 2024-10-15T06:36:17.217062623 | Message sent in 496ms. 8dadc108-7a15-4cba-9280-70719945850e
cnt-1_1   | Sending message at 2024-10-15T06:36:18.614260600. 32fa0627-8622-4cc2-b825-03c35fb8b28d
cnt-7_1   | 2024-10-15T06:36:18.804636904 | Message sent in 1182ms. 460e55ed-7bf9-4df1-bd89-4b517b3c81ca
cnt-9_1   | 2024-10-15T06:36:18.810655625 | Message sent in 829ms. 0e60227a-a2a6-4143-97f8-74cdc3a0ba01
cnt-2_1   | 2024-10-15T06:36:18.811925163 | Message sent in 840ms. 36d59c45-1f63-4256-9fe9-ab4376d0b250
cnt-8_1   | Sending message at 2024-10-15T06:36:18.916754086. 0f793ab4-e99b-4c85-a0ef-dc7304df925b
cnt-5_1   | 2024-10-15T06:36:20.833928696 | Message sent in 1032ms. 162b8641-554d-4c3a-9984-48d7bfd1b5cc
cnt-10_1  | 2024-10-15T06:36:20.840584182 | Message sent in 1029ms. 18a54b42-9a8d-45ed-8997-1c3b5aa60448
cnt-9_1   | 2024-10-15T06:36:20.845902154 | Message sent in 1035ms. 0e60227a-a2a6-4143-97f8-74cdc3a0ba01
cnt-10_1  | 2024-10-15T06:36:20.853496228 | Message sent in 824ms. 95d97ded-3d4e-4b9f-9585-4d27025ee04b
cnt-2_1   | 2024-10-15T06:36:20.853568634 | Message sent in 913ms. 044c5c09-76d4-42b2-a98b-695bad9106ce
cnt-5_1   | 2024-10-15T06:36:21.011909458 | Message sent in 522ms. 464af824-c70b-4349-84ee-25f771a563f2
cnt-4_1   | Sending message at 2024-10-15T06:36:21.826959972. c5856c2b-3e1b-499d-ae58-b858232b1d0b
cnt-7_1   | Sending message at 2024-10-15T06:36:21.844980231. 460e55ed-7bf9-4df1-bd89-4b517b3c81ca
cnt-5_1   | Sending message at 2024-10-15T06:36:21.889322573. 227a321f-48f9-4cc9-8394-71d754639206
cnt-5_1   | Sending message at 2024-10-15T06:36:22.012200363. 464af824-c70b-4349-84ee-25f771a563f2
cnt-3_1   | 2024-10-15T06:36:22.838539870 | Message sent in 962ms. 94938f14-bf09-4528-b5bb-f7b7a1f64a2c
cnt-6_1   | 2024-10-15T06:36:23.819531945 | Message sent in 497ms. 3b51fc85-b7f5-4186-8a9a-307ee80e1790
cnt-8_1   | 2024-10-15T06:36:24.789725503 | Message sent in 941ms. d90e7696-2c9a-4c46-9db5-aa11cec64ee4
cnt-3_1   | Sending message at 2024-10-15T06:36:25.315948743. 94938f14-bf09-4528-b5bb-f7b7a1f64a2c
cnt-7_1   | 2024-10-15T06:36:25.445027543 | Message sent in 593ms. 414c5225-d172-4522-a519-9cd375b942fd
cnt-3_1   | 2024-10-15T06:36:26.958048095 | Message sent in 536ms. 0fa59b87-54a9-4dc5-8e6c-54ddebe3f6ac
cnt-2_1   | 2024-10-15T06:36:34.910388050 | Message sent in 7317ms. 36d59c45-1f63-4256-9fe9-ab4376d0b250
cnt-10_1  | 2024-10-15T06:36:34.971952429 | Message sent in 7339ms. c5d1d47b-ce7e-4143-837c-47ad613548d8
cnt-6_1   | 2024-10-15T06:36:34.985230432 | Message sent in 6997ms. 3b51fc85-b7f5-4186-8a9a-307ee80e1790
cnt-9_1   | 2024-10-15T06:36:35.095882797 | Message sent in 7130ms. f0bbf988-18ed-4c92-b33b-7831053b3514
cnt-1_1   | 2024-10-15T06:36:35.171010351 | Message sent in 7512ms. 42ba19e9-d09e-4114-be9f-e13cf994e448
cnt-3_1   | 2024-10-15T06:36:35.262154266 | Message sent in 7304ms. 0fa59b87-54a9-4dc5-8e6c-54ddebe3f6ac
cnt-9_1   | Sending message at 2024-10-15T06:36:35.955104229. d9f64bf0-46e1-4b3a-82df-cd853eb18a37
cnt-8_1   | Sending message at 2024-10-15T06:36:36.388659341. 0f793ab4-e99b-4c85-a0ef-dc7304df925b
cnt-10_1  | 2024-10-15T06:36:36.605177560 | Message sent in 495ms. fe0dd337-5745-442b-9e2e-b04a59b3d947
cnt-6_1   | Sending message at 2024-10-15T06:36:37.460327022. 3b51fc85-b7f5-4186-8a9a-307ee80e1790
cnt-4_1   | [pool-8-thread-1] ERROR org.example.Main - Failed to send message
cnt-4_1   | java.lang.IllegalStateException: Timeout on blocking read for 17400000000 NANOSECONDS
cnt-4_1   | 	at reactor.core.publisher.BlockingSingleSubscriber.blockingGet(BlockingSingleSubscriber.java:124)
cnt-4_1   | 	at reactor.core.publisher.Mono.block(Mono.java:1766)
cnt-4_1   | 	at com.azure.messaging.servicebus.ServiceBusSenderClient.sendMessage(ServiceBusSenderClient.java:266)
cnt-4_1   | 	at org.example.Main.lambda$schedulePublishing$3(Main.java:84)
cnt-1_1   | [pool-7-thread-1] ERROR org.example.Main - Failed to send message
cnt-1_1   | java.lang.IllegalStateException: Timeout on blocking read for 17400000000 NANOSECONDS
cnt-4_1   | 	at java.base/java.util.concurrent.Executors$RunnableAdapter.call(Executors.java:539)
cnt-4_1   | 	at java.base/java.util.concurrent.FutureTask.runAndReset(FutureTask.java:305)
cnt-4_1   | 	at java.base/java.util.concurrent.ScheduledThreadPoolExecutor$ScheduledFutureTask.run(ScheduledThreadPoolExecutor.java:305)
cnt-4_1   | 	at java.base/java.util.concurrent.ThreadPoolExecutor.runWorker(ThreadPoolExecutor.java:1136)
cnt-4_1   | 	at java.base/java.util.concurrent.ThreadPoolExecutor$Worker.run(ThreadPoolExecutor.java:635)
cnt-4_1   | 	at java.base/java.lang.Thread.run(Thread.java:840)
cnt-4_1   | Blocking read error encountered with c01ee5b6-7930-4c02-b61e-a1516f6dca53. No more restarts.
cnt-1_1   | 	at reactor.core.publisher.BlockingSingleSubscriber.blockingGet(BlockingSingleSubscriber.java:124)
cnt-1_1   | 	at reactor.core.publisher.Mono.block(Mono.java:1766)
cnt-1_1   | 	at com.azure.messaging.servicebus.ServiceBusSenderClient.sendMessage(ServiceBusSenderClient.java:266)
cnt-1_1   | 	at org.example.Main.lambda$schedulePublishing$3(Main.java:84)
cnt-1_1   | 	at java.base/java.util.concurrent.Executors$RunnableAdapter.call(Executors.java:539)
cnt-1_1   | 	at java.base/java.util.concurrent.FutureTask.runAndReset(FutureTask.java:305)
cnt-1_1   | 	at java.base/java.util.concurrent.ScheduledThreadPoolExecutor$ScheduledFutureTask.run(ScheduledThreadPoolExecutor.java:305)
cnt-1_1   | 	at java.base/java.util.concurrent.ThreadPoolExecutor.runWorker(ThreadPoolExecutor.java:1136)
cnt-1_1   | 	at java.base/java.util.concurrent.ThreadPoolExecutor$Worker.run(ThreadPoolExecutor.java:635)
cnt-1_1   | 	at java.base/java.lang.Thread.run(Thread.java:840)
cnt-1_1   | Blocking read error encountered with 32fa0627-8622-4cc2-b825-03c35fb8b28d. No more restarts.
cnt-2_1   | [pool-8-thread-1] ERROR org.example.Main - Failed to send message
cnt-2_1   | java.lang.IllegalStateException: Timeout on blocking read for 17400000000 NANOSECONDS
cnt-2_1   | 	at reactor.core.publisher.BlockingSingleSubscriber.blockingGet(BlockingSingleSubscriber.java:124)
cnt-2_1   | 	at reactor.core.publisher.Mono.block(Mono.java:1766)
cnt-2_1   | 	at com.azure.messaging.servicebus.ServiceBusSenderClient.sendMessage(ServiceBusSenderClient.java:266)
cnt-2_1   | 	at org.example.Main.lambda$schedulePublishing$3(Main.java:84)
cnt-2_1   | 	at java.base/java.util.concurrent.Executors$RunnableAdapter.call(Executors.java:539)
cnt-2_1   | 	at java.base/java.util.concurrent.FutureTask.runAndReset(FutureTask.java:305)
cnt-2_1   | 	at java.base/java.util.concurrent.ScheduledThreadPoolExecutor$ScheduledFutureTask.run(ScheduledThreadPoolExecutor.java:305)
cnt-2_1   | 	at java.base/java.util.concurrent.ThreadPoolExecutor.runWorker(ThreadPoolExecutor.java:1136)
cnt-2_1   | 	at java.base/java.util.concurrent.ThreadPoolExecutor$Worker.run(ThreadPoolExecutor.java:635)
cnt-2_1   | 	at java.base/java.lang.Thread.run(Thread.java:840)
cnt-2_1   | Blocking read error encountered with 65160534-7f0a-45d2-a2f5-111624e88ef6. No more restarts.
cnt-9_1   | [pool-8-thread-1] ERROR org.example.Main - Failed to send message
cnt-9_1   | java.lang.IllegalStateException: Timeout on blocking read for 17400000000 NANOSECONDS
cnt-9_1   | 	at reactor.core.publisher.BlockingSingleSubscriber.blockingGet(BlockingSingleSubscriber.java:124)
cnt-9_1   | 	at reactor.core.publisher.Mono.block(Mono.java:1766)
cnt-9_1   | 	at com.azure.messaging.servicebus.ServiceBusSenderClient.sendMessage(ServiceBusSenderClient.java:266)
cnt-9_1   | 	at org.example.Main.lambda$schedulePublishing$3(Main.java:84)
cnt-9_1   | 	at java.base/java.util.concurrent.Executors$RunnableAdapter.call(Executors.java:539)
cnt-9_1   | 	at java.base/java.util.concurrent.FutureTask.runAndReset(FutureTask.java:305)
cnt-9_1   | 	at java.base/java.util.concurrent.ScheduledThreadPoolExecutor$ScheduledFutureTask.run(ScheduledThreadPoolExecutor.java:305)
cnt-9_1   | 	at java.base/java.util.concurrent.ThreadPoolExecutor.runWorker(ThreadPoolExecutor.java:1136)
cnt-9_1   | 	at java.base/java.util.concurrent.ThreadPoolExecutor$Worker.run(ThreadPoolExecutor.java:635)
cnt-9_1   | 	at java.base/java.lang.Thread.run(Thread.java:840)
cnt-4_1   | [pool-5-thread-1] ERROR org.example.Main - Failed to send message
cnt-4_1   | java.lang.IllegalStateException: Timeout on blocking read for 17400000000 NANOSECONDS
cnt-4_1   | 	at reactor.core.publisher.BlockingSingleSubscriber.blockingGet(BlockingSingleSubscriber.java:124)
cnt-4_1   | 	at reactor.core.publisher.Mono.block(Mono.java:1766)
cnt-4_1   | 	at com.azure.messaging.servicebus.ServiceBusSenderClient.sendMessage(ServiceBusSenderClient.java:266)
cnt-4_1   | 	at org.example.Main.lambda$schedulePublishing$3(Main.java:84)
cnt-4_1   | 	at java.base/java.util.concurrent.Executors$RunnableAdapter.call(Executors.java:539)
cnt-4_1   | 	at java.base/java.util.concurrent.FutureTask.runAndReset(FutureTask.java:305)
cnt-4_1   | 	at java.base/java.util.concurrent.ScheduledThreadPoolExecutor$ScheduledFutureTask.run(ScheduledThreadPoolExecutor.java:305)
cnt-4_1   | 	at java.base/java.util.concurrent.ThreadPoolExecutor.runWorker(ThreadPoolExecutor.java:1136)
cnt-4_1   | 	at java.base/java.util.concurrent.ThreadPoolExecutor$Worker.run(ThreadPoolExecutor.java:635)
cnt-4_1   | 	at java.base/java.lang.Thread.run(Thread.java:840)
cnt-5_1   | [pool-8-thread-1] ERROR org.example.Main - Failed to send message
cnt-5_1   | java.lang.IllegalStateException: Timeout on blocking read for 17400000000 NANOSECONDS
cnt-5_1   | 	at reactor.core.publisher.BlockingSingleSubscriber.blockingGet(BlockingSingleSubscriber.java:124)
cnt-5_1   | 	at reactor.core.publisher.Mono.block(Mono.java:1766)
cnt-5_1   | 	at com.azure.messaging.servicebus.ServiceBusSenderClient.sendMessage(ServiceBusSenderClient.java:266)
cnt-5_1   | 	at org.example.Main.lambda$schedulePublishing$3(Main.java:84)
cnt-5_1   | 	at java.base/java.util.concurrent.Executors$RunnableAdapter.call(Executors.java:539)
cnt-5_1   | 	at java.base/java.util.concurrent.FutureTask.runAndReset(FutureTask.java:305)
cnt-5_1   | 	at java.base/java.util.concurrent.ScheduledThreadPoolExecutor$ScheduledFutureTask.run(ScheduledThreadPoolExecutor.java:305)
cnt-5_1   | 	at java.base/java.util.concurrent.ThreadPoolExecutor.runWorker(ThreadPoolExecutor.java:1136)
cnt-5_1   | 	at java.base/java.util.concurrent.ThreadPoolExecutor$Worker.run(ThreadPoolExecutor.java:635)
cnt-5_1   | 	at java.base/java.lang.Thread.run(Thread.java:840)
cnt-5_1   | Blocking read error encountered with 13ccc07c-4515-409f-8b84-249e3b22a98a. No more restarts.
cnt-3_1   | [pool-7-thread-1] ERROR org.example.Main - Failed to send message
cnt-3_1   | java.lang.IllegalStateException: Timeout on blocking read for 17400000000 NANOSECONDS
cnt-3_1   | 	at reactor.core.publisher.BlockingSingleSubscriber.blockingGet(BlockingSingleSubscriber.java:124)
cnt-3_1   | 	at reactor.core.publisher.Mono.block(Mono.java:1766)
cnt-3_1   | 	at com.azure.messaging.servicebus.ServiceBusSenderClient.sendMessage(ServiceBusSenderClient.java:266)
cnt-3_1   | 	at org.example.Main.lambda$schedulePublishing$3(Main.java:84)
cnt-3_1   | 	at java.base/java.util.concurrent.Executors$RunnableAdapter.call(Executors.java:539)
cnt-3_1   | 	at java.base/java.util.concurrent.FutureTask.runAndReset(FutureTask.java:305)
cnt-3_1   | 	at java.base/java.util.concurrent.ScheduledThreadPoolExecutor$ScheduledFutureTask.run(ScheduledThreadPoolExecutor.java:305)
cnt-3_1   | 	at java.base/java.util.concurrent.ThreadPoolExecutor.runWorker(ThreadPoolExecutor.java:1136)
cnt-3_1   | 	at java.base/java.util.concurrent.ThreadPoolExecutor$Worker.run(ThreadPoolExecutor.java:635)
cnt-3_1   | 	at java.base/java.lang.Thread.run(Thread.java:840)
cnt-8_1   | Sending message at 2024-10-15T06:36:38.089393431. b530b98f-10fa-47e7-8538-19ef47519993
cnt-1_1   | 2024-10-15T06:36:38.323207333 | Message sent in 660ms. 42ba19e9-d09e-4114-be9f-e13cf994e448
cnt-3_1   | Sending message at 2024-10-15T06:36:38.917141371. b073ffab-08d8-4c55-88d4-8fbeec61d108
cnt-9_1   | 2024-10-15T06:36:39.390484465 | Message sent in 475ms. d9f64bf0-46e1-4b3a-82df-cd853eb18a37
cnt-3_1   | 2024-10-15T06:36:39.398190064 | Message sent in 481ms. b073ffab-08d8-4c55-88d4-8fbeec61d108
cnt-8_1   | Sending message at 2024-10-15T06:36:39.645112729. b530b98f-10fa-47e7-8538-19ef47519993
cnt-7_1   | 2024-10-15T06:36:40.212554629 | Message sent in 654ms. 75b2ab56-8ac8-4d6f-afcd-110ea2b9b865
cnt-3_1   | 2024-10-15T06:36:40.217752098 | Message sent in 834ms. 185ffe90-9881-4541-8883-8247d1d11b2b
cnt-10_1  | Sending message at 2024-10-15T06:36:40.595101418. fe0dd337-5745-442b-9e2e-b04a59b3d947
cnt-5_1   | Sending message at 2024-10-15T06:36:41.197978056. 227a321f-48f9-4cc9-8394-71d754639206
cnt-5_1   | Sending message at 2024-10-15T06:36:41.498380170. 464af824-c70b-4349-84ee-25f771a563f2
cnt-1_1   | 2024-10-15T06:36:41.671885117 | Message sent in 480ms. 6a3be6ad-1674-4c22-9c75-02dabef368c0
cnt-7_1   | Sending message at 2024-10-15T06:36:41.721824123. ede93683-2f26-4b66-b1a9-aa5ee3e7d8c8
cnt-9_1   | Sending message at 2024-10-15T06:36:42.035382087. f0bbf988-18ed-4c92-b33b-7831053b3514
cnt-7_1   | 2024-10-15T06:36:42.212426286 | Message sent in 491ms. ede93683-2f26-4b66-b1a9-aa5ee3e7d8c8
cnt-10_1  | 2024-10-15T06:36:42.230582831 | Message sent in 1015ms. 18a54b42-9a8d-45ed-8997-1c3b5aa60448
cnt-1_1   | 2024-10-15T06:36:43.160953793 | Message sent in 488ms. 6a3be6ad-1674-4c22-9c75-02dabef368c0
cnt-7_1   | Sending message at 2024-10-15T06:36:43.313429512. 460e55ed-7bf9-4df1-bd89-4b517b3c81ca
cnt-9_1   | 2024-10-15T06:36:43.774833222 | Message sent in 567ms. 680f3541-2577-4c92-9a2f-91f675066d75
cnt-4_1   | Sending message at 2024-10-15T06:36:44.202189766. c5856c2b-3e1b-499d-ae58-b858232b1d0b
cnt-10_1  | 2024-10-15T06:36:44.234668146 | Message sent in 674ms. fe0dd337-5745-442b-9e2e-b04a59b3d947
cnt-7_1   | 2024-10-15T06:36:44.234808843 | Message sent in 675ms. 414c5225-d172-4522-a519-9cd375b942fd
cnt-4_1   | 2024-10-15T06:36:44.240107673 | Message sent in 681ms. cff3c900-e1ba-4519-871d-908b2fc640f0
cnt-2_1   | 2024-10-15T06:36:44.791537439 | Message sent in 623ms. 9c1fc8c5-6bb3-462d-bf1a-44d143e9e660
cnt-3_1   | 2024-10-15T06:36:45.820593449 | Message sent in 601ms. b073ffab-08d8-4c55-88d4-8fbeec61d108
cnt-8_1   | 2024-10-15T06:36:46.245778655 | Message sent in 760ms. aadced35-5d88-4784-9a36-6adf39be67a0
cnt-7_1   | Sending message at 2024-10-15T06:36:47.223334561. 414c5225-d172-4522-a519-9cd375b942fd
cnt-7_1   | Scheduled exit. Godbyeeeeeeeeeeeeeee...
asb-debug_cnt-7_1 exited with code 69
cnt-7_1   | Starting the application. Logging messages with probability 0.05...
cnt-9_1   | Sending message at 2024-10-15T06:36:48.375294962. 680f3541-2577-4c92-9a2f-91f675066d75
cnt-5_1   | Sending message at 2024-10-15T06:36:48.383498458. 4e4b51f5-0c36-49b0-b247-9d84b6023823
cnt-8_1   | 2024-10-15T06:36:48.717311342 | Message sent in 485ms. d90e7696-2c9a-4c46-9db5-aa11cec64ee4
cnt-5_1   | 2024-10-15T06:36:48.848554035 | Message sent in 503ms. 464af824-c70b-4349-84ee-25f771a563f2
cnt-5_1   | Sending message at 2024-10-15T06:36:48.894527755. 162b8641-554d-4c3a-9984-48d7bfd1b5cc
cnt-4_1   | 2024-10-15T06:36:49.215111285 | Message sent in 495ms. cff3c900-e1ba-4519-871d-908b2fc640f0
cnt-9_1   | 2024-10-15T06:36:49.327519553 | Message sent in 536ms. 0e60227a-a2a6-4143-97f8-74cdc3a0ba01
cnt-9_1   | 2024-10-15T06:36:49.332490764 | Message sent in 541ms. 57fa5011-1664-4d1a-a3d3-1796511d9982
cnt-5_1   | 2024-10-15T06:36:50.037627856 | Message sent in 704ms. 227a321f-48f9-4cc9-8394-71d754639206
cnt-3_1   | 2024-10-15T06:36:50.237952611 | Message sent in 495ms. b073ffab-08d8-4c55-88d4-8fbeec61d108
cnt-6_1   | Sending message at 2024-10-15T06:36:50.241144124. 81def984-0eec-4d07-8f6c-279261702c82
cnt-8_1   | Sending message at 2024-10-15T06:36:50.296923628. 40ca09f7-0e4f-4860-bb8d-6adbfdfa7460
cnt-10_1  | Sending message at 2024-10-15T06:36:50.303316668. 8dadc108-7a15-4cba-9280-70719945850e
cnt-5_1   | 2024-10-15T06:36:50.381516548 | Message sent in 501ms. 4e4b51f5-0c36-49b0-b247-9d84b6023823
cnt-5_1   | Sending message at 2024-10-15T06:36:51.381757405. 4e4b51f5-0c36-49b0-b247-9d84b6023823
cnt-8_1   | Sending message at 2024-10-15T06:36:51.792294824. aadced35-5d88-4784-9a36-6adf39be67a0
cnt-9_1   | 2024-10-15T06:36:52.020302824 | Message sent in 643ms. 680f3541-2577-4c92-9a2f-91f675066d75
cnt-1_1   | 2024-10-15T06:36:52.035521059 | Message sent in 648ms. 32bad952-bd30-4396-8b15-82064d0f34b2
cnt-6_1   | 2024-10-15T06:36:52.208457259 | Message sent in 470ms. 3b51fc85-b7f5-4186-8a9a-307ee80e1790
cnt-1_1   | Sending message at 2024-10-15T06:36:53.020544800. 42ba19e9-d09e-4114-be9f-e13cf994e448
cnt-10_1  | 2024-10-15T06:36:53.544920811 | Message sent in 535ms. 18a54b42-9a8d-45ed-8997-1c3b5aa60448
cnt-8_1   | 2024-10-15T06:36:54.329619467 | Message sent in 1052ms. aadced35-5d88-4784-9a36-6adf39be67a0
cnt-1_1   | Sending message at 2024-10-15T06:36:54.825683043. 32bad952-bd30-4396-8b15-82064d0f34b2
cnt-9_1   | 2024-10-15T06:36:55.956618428 | Message sent in 740ms. 680f3541-2577-4c92-9a2f-91f675066d75
cnt-3_1   | 2024-10-15T06:36:55.966627163 | Message sent in 637ms. 0fa59b87-54a9-4dc5-8e6c-54ddebe3f6ac
cnt-10_1  | 2024-10-15T06:36:57.904201579 | Message sent in 900ms. c5d1d47b-ce7e-4143-837c-47ad613548d8
cnt-4_1   | 2024-10-15T06:36:57.907787708 | Message sent in 738ms. 24671791-2030-4da3-a393-750c7ebb07a6
cnt-5_1   | 2024-10-15T06:36:57.907748533 | Message sent in 713ms. 227a321f-48f9-4cc9-8394-71d754639206
cnt-4_1   | 2024-10-15T06:36:57.946761822 | Message sent in 944ms. cff3c900-e1ba-4519-871d-908b2fc640f0
cnt-9_1   | Sending message at 2024-10-15T06:36:58.476779399. 57fa5011-1664-4d1a-a3d3-1796511d9982
cnt-8_1   | Sending message at 2024-10-15T06:36:58.900248486. aadced35-5d88-4784-9a36-6adf39be67a0
cnt-4_1   | Sending message at 2024-10-15T06:36:58.954659171. c5856c2b-3e1b-499d-ae58-b858232b1d0b
cnt-3_1   | 2024-10-15T06:36:59.937901191 | Message sent in 988ms. b073ffab-08d8-4c55-88d4-8fbeec61d108
cnt-9_1   | 2024-10-15T06:37:01.919016681 | Message sent in 982ms. 0e60227a-a2a6-4143-97f8-74cdc3a0ba01
cnt-2_1   | 2024-10-15T06:37:01.950340635 | Message sent in 1012ms. 044c5c09-76d4-42b2-a98b-695bad9106ce
cnt-8_1   | 2024-10-15T06:37:01.971493528 | Message sent in 994ms. 0f793ab4-e99b-4c85-a0ef-dc7304df925b
cnt-4_1   | 2024-10-15T06:37:01.971536780 | Message sent in 994ms. cff3c900-e1ba-4519-871d-908b2fc640f0
cnt-5_1   | Sending message at 2024-10-15T06:37:02.916727541. 464af824-c70b-4349-84ee-25f771a563f2
cnt-10_1  | Sending message at 2024-10-15T06:37:02.961245087. fe0dd337-5745-442b-9e2e-b04a59b3d947
cnt-4_1   | 2024-10-15T06:37:03.345154241 | Message sent in 374ms. cff3c900-e1ba-4519-871d-908b2fc640f0
cnt-3_1   | 2024-10-15T06:37:03.361440240 | Message sent in 640ms. 94938f14-bf09-4528-b5bb-f7b7a1f64a2c
cnt-2_1   | Sending message at 2024-10-15T06:37:04.179506411. 9c1fc8c5-6bb3-462d-bf1a-44d143e9e660
cnt-9_1   | 2024-10-15T06:37:04.181094476 | Message sent in 1222ms. f0bbf988-18ed-4c92-b33b-7831053b3514
cnt-1_1   | 2024-10-15T06:37:04.259449662 | Message sent in 1343ms. 6a3be6ad-1674-4c22-9c75-02dabef368c0
cnt-3_1   | 2024-10-15T06:37:04.873924948 | Message sent in 512ms. 94938f14-bf09-4528-b5bb-f7b7a1f64a2c
cnt-5_1   | Sending message at 2024-10-15T06:37:05.360834762. a7464ab6-4d48-4f24-a517-bc2f1ab56238
cnt-4_1   | Sending message at 2024-10-15T06:37:05.564856694. 24671791-2030-4da3-a393-750c7ebb07a6
cnt-1_1   | Sending message at 2024-10-15T06:37:05.897221614. 32bad952-bd30-4396-8b15-82064d0f34b2
cnt-2_1   | Sending message at 2024-10-15T06:37:06.683471523. 044c5c09-76d4-42b2-a98b-695bad9106ce
cnt-9_1   | Sending message at 2024-10-15T06:37:06.856751754. f0bbf988-18ed-4c92-b33b-7831053b3514
cnt-5_1   | 2024-10-15T06:37:07.567913849 | Message sent in 507ms. 227a321f-48f9-4cc9-8394-71d754639206
cnt-4_1   | 2024-10-15T06:37:08.109340465 | Message sent in 498ms. 900174c0-f61d-4df9-abbe-465d15707385
cnt-10_1  | Sending message at 2024-10-15T06:37:08.530062670. c5d1d47b-ce7e-4143-837c-47ad613548d8
cnt-5_1   | Sending message at 2024-10-15T06:37:09.206819080. a7464ab6-4d48-4f24-a517-bc2f1ab56238
cnt-2_1   | 2024-10-15T06:37:09.480759421 | Message sent in 787ms. 9c1fc8c5-6bb3-462d-bf1a-44d143e9e660
cnt-4_1   | Sending message at 2024-10-15T06:37:09.716403683. 5f2ce5ca-10ed-4462-a999-30e768b4f864
cnt-7_1   | Sending message at 2024-10-15T06:37:10.502278316. 7816893c-4a17-4fe2-b2a3-7883e12bf004
cnt-7_1   | Sending message at 2024-10-15T06:37:10.523210973. 8cdab255-13c5-4ddb-8ff3-06eb930c6d80
cnt-4_1   | Sending message at 2024-10-15T06:37:10.644725401. 900174c0-f61d-4df9-abbe-465d15707385
cnt-10_1  | Sending message at 2024-10-15T06:37:11.174410316. fe0dd337-5745-442b-9e2e-b04a59b3d947
cnt-7_1   | 2024-10-15T06:37:11.466610760 | Message sent in 962ms. 7816893c-4a17-4fe2-b2a3-7883e12bf004
cnt-1_1   | 2024-10-15T06:37:11.496816456 | Message sent in 973ms. 6a1911f5-a6c9-4859-920b-22c704758534
cnt-4_1   | 2024-10-15T06:37:11.496816289 | Message sent in 1001ms. cff3c900-e1ba-4519-871d-908b2fc640f0
cnt-8_1   | 2024-10-15T06:37:11.512213574 | Message sent in 1001ms. 40ca09f7-0e4f-4860-bb8d-6adbfdfa7460
cnt-6_1   | Sending message at 2024-10-15T06:37:11.528521474. ece849e9-fda7-44e9-a087-61361bd8dafc
cnt-3_1   | 2024-10-15T06:37:11.743104583 | Message sent in 583ms. b073ffab-08d8-4c55-88d4-8fbeec61d108
cnt-7_1   | Sending message at 2024-10-15T06:37:12.469744742. 7816893c-4a17-4fe2-b2a3-7883e12bf004
cnt-7_1   | Sending message at 2024-10-15T06:37:12.470660064. a6d40624-a9e4-4449-909e-ed2118e417c8
cnt-7_1   | 2024-10-15T06:37:12.565653181 | Message sent in 504ms. 678f648e-5d3b-4927-91b0-7cf2762096e8
cnt-3_1   | Sending message at 2024-10-15T06:37:12.977943596. 185ffe90-9881-4541-8883-8247d1d11b2b
cnt-10_1  | 2024-10-15T06:37:13.391228859 | Message sent in 617ms. fe0dd337-5745-442b-9e2e-b04a59b3d947
