cnt-4_1   | Sending message at 2024-10-15T06:24:37.207671598. c73cfaf2-70d9-45a2-98d4-304f8433108d
cnt-3_1   | Scheduled exit. Godbyeeeeeeeeeeeeeee...
cnt-8_1   | Scheduled exit. Godbyeeeeeeeeeeeeeee...
asb-debug_cnt-9_1 exited with code 69
asb-debug_cnt-10_1 exited with code 69
cnt-2_1   | Sending message at 2024-10-15T06:24:37.883956724. 0c2fe427-c113-40eb-865f-8595beab67a3
asb-debug_cnt-6_1 exited with code 69
asb-debug_cnt-3_1 exited with code 69
asb-debug_cnt-8_1 exited with code 69
cnt-5_1   | Sending message at 2024-10-15T06:24:38.458550382. c9e9cab0-1567-4755-b7f6-8ca36ccfbf4a
cnt-1_1   | Sending message at 2024-10-15T06:24:38.754450065. 5d75f90a-1757-49e2-bf2c-2f8d6e5ee513
cnt-1_1   | Sending message at 2024-10-15T06:24:38.754437838. 133482e7-b9b5-406a-90e9-28b726a90907
cnt-7_1   | 2024-10-15T06:24:39.537789998 | Message sent in 506ms. 1609d1b9-5abf-4a89-a958-5e8667aa6ddb
cnt-3_1   | Starting the application. Logging messages with probability 0.05...
cnt-7_1   | 2024-10-15T06:24:39.812656464 | Message sent in 481ms. 4e896f0d-4fca-492f-82fc-ce419e3db767
cnt-7_1   | Sending message at 2024-10-15T06:24:39.828985382. d790038c-a3f7-40c4-9509-0f50d0fa8516
cnt-4_1   | Sending message at 2024-10-15T06:24:40.346032500. c73cfaf2-70d9-45a2-98d4-304f8433108d
cnt-5_1   | Sending message at 2024-10-15T06:24:40.526528565. 300ab8b9-d60b-4c02-8dd7-7489d168934a
cnt-1_1   | Sending message at 2024-10-15T06:24:41.775198834. 5d75f90a-1757-49e2-bf2c-2f8d6e5ee513
cnt-6_1   | Sending message at 2024-10-15T06:24:42.667459725. b0283795-0034-4b74-af4d-18e4ea78793e
cnt-2_1   | Sending message at 2024-10-15T06:24:42.701903966. a15d198b-3141-4179-991a-f83aa80c5f36
cnt-6_1   | Sending message at 2024-10-15T06:24:43.668416654. c888af1c-388b-4af3-9625-ebfae1e431c9
cnt-3_1   | 2024-10-15T06:24:45.408731086 | Message sent in 492ms. 031b4c78-386d-4d34-87f1-45ba9bf6a4fa
cnt-9_1   | 2024-10-15T06:24:47.699917894 | Message sent in 492ms. 5defeee0-e378-4ef1-a713-7b3633417ed3
cnt-3_1   | Sending message at 2024-10-15T06:24:48.266342450. 521adeef-dbbe-43c8-b017-b61988ef89e1
cnt-8_1   | Sending message at 2024-10-15T06:24:48.544878913. 995bba93-a72b-442c-9c59-7320e471eff5
cnt-5_1   | 2024-10-15T06:24:48.662937035 | Message sent in 7211ms. b6934621-4818-4094-a15a-7e9b81c4ef12
cnt-6_1   | Sending message at 2024-10-15T06:24:49.358677926. c888af1c-388b-4af3-9625-ebfae1e431c9
cnt-10_1  | 2024-10-15T06:24:49.899192166 | Message sent in 7288ms. bc050e12-7435-46ca-bde2-7892fe929674
cnt-6_1   | Sending message at 2024-10-15T06:24:50.077608346. dd18958f-9e98-4a9e-8ff6-d32edac9e08f
cnt-1_1   | Sending message at 2024-10-15T06:24:50.091181497. 5d75f90a-1757-49e2-bf2c-2f8d6e5ee513
cnt-9_1   | Sending message at 2024-10-15T06:24:50.224005107. 5defeee0-e378-4ef1-a713-7b3633417ed3
cnt-8_1   | 2024-10-15T06:24:50.282390132 | Message sent in 8386ms. 5c4ea2cc-494f-4004-83ae-3b7eb4c6bd72
cnt-7_1   | Sending message at 2024-10-15T06:24:50.307590713. 1609d1b9-5abf-4a89-a958-5e8667aa6ddb
cnt-9_1   | Sending message at 2024-10-15T06:24:50.418442687. 66b5f051-4381-4478-a69a-4e3c8afa25fc
cnt-9_1   | 2024-10-15T06:24:50.566790176 | Message sent in 8542ms. aec605c0-75ba-418f-a114-68220e51ccbb
cnt-3_1   | 2024-10-15T06:24:50.957122168 | Message sent in 487ms. 953fb149-4264-41e7-80ec-c196487980eb
cnt-5_1   | Sending message at 2024-10-15T06:24:51.034507076. c9e9cab0-1567-4755-b7f6-8ca36ccfbf4a
cnt-3_1   | 2024-10-15T06:24:51.554509703 | Message sent in 627ms. 031b4c78-386d-4d34-87f1-45ba9bf6a4fa
cnt-4_1   | Sending message at 2024-10-15T06:24:51.929490916. af8f4afd-4440-4410-8c62-75f8651b28d8
cnt-3_1   | 2024-10-15T06:24:52.189083731 | Message sent in 651ms. 71280c04-2d89-4ce8-9a2e-e56c4d43c3f0
cnt-8_1   | 2024-10-15T06:24:52.559038266 | Message sent in 797ms. b4f14281-55e2-4cbd-bbf0-af4d3db533d7
cnt-7_1   | 2024-10-15T06:24:52.605658978 | Message sent in 804ms. 1609d1b9-5abf-4a89-a958-5e8667aa6ddb
cnt-10_1  | Sending message at 2024-10-15T06:24:52.649812870. 4ff61ddf-5103-440d-b875-bac004c9b49d
cnt-3_1   | 2024-10-15T06:24:54.223384821 | Message sent in 618ms. 52fb4e7f-1a04-4aa3-96f0-bf384882663f
cnt-3_1   | 2024-10-15T06:24:55.205486442 | Message sent in 416ms. 521adeef-dbbe-43c8-b017-b61988ef89e1
cnt-8_1   | 2024-10-15T06:24:55.524364155 | Message sent in 604ms. 995bba93-a72b-442c-9c59-7320e471eff5
cnt-2_1   | Sending message at 2024-10-15T06:24:56.607437341. b14bbf8b-f34d-479a-a0fa-2f382f876bde
cnt-3_1   | Sending message at 2024-10-15T06:24:56.740652366. 52fb4e7f-1a04-4aa3-96f0-bf384882663f
cnt-6_1   | 2024-10-15T06:24:56.974099828 | Message sent in 473ms. dd18958f-9e98-4a9e-8ff6-d32edac9e08f
cnt-2_1   | 2024-10-15T06:24:57.080787482 | Message sent in 473ms. b14bbf8b-f34d-479a-a0fa-2f382f876bde
cnt-4_1   | Sending message at 2024-10-15T06:24:58.068851664. 090140a3-5b46-4c13-8428-caf51d6c1b5f
cnt-2_1   | Sending message at 2024-10-15T06:24:58.084729909. b14bbf8b-f34d-479a-a0fa-2f382f876bde
cnt-3_1   | Sending message at 2024-10-15T06:24:58.244693339. 52fb4e7f-1a04-4aa3-96f0-bf384882663f
cnt-8_1   | 2024-10-15T06:24:58.482175217 | Message sent in 483ms. 995bba93-a72b-442c-9c59-7320e471eff5
cnt-1_1   | 2024-10-15T06:24:58.530092076 | Message sent in 474ms. 133482e7-b9b5-406a-90e9-28b726a90907
cnt-5_1   | 2024-10-15T06:24:59.791508766 | Message sent in 7260ms. 9c7ee08e-313d-4702-9933-65caa683ecf9
cnt-7_1   | Sending message at 2024-10-15T06:25:00.042280452. 4e896f0d-4fca-492f-82fc-ce419e3db767
cnt-4_1   | 2024-10-15T06:25:00.108572763 | Message sent in 516ms. 090140a3-5b46-4c13-8428-caf51d6c1b5f
cnt-5_1   | Sending message at 2024-10-15T06:25:00.537851766. 383b4b29-167a-461d-8187-434dda999815
cnt-8_1   | 2024-10-15T06:25:00.995927363 | Message sent in 487ms. c7f15859-2930-4906-92ad-cea5d37a2b57
cnt-9_1   | Sending message at 2024-10-15T06:25:01.119401578. aec605c0-75ba-418f-a114-68220e51ccbb
cnt-2_1   | 2024-10-15T06:25:01.340751211 | Message sent in 475ms. a15d198b-3141-4179-991a-f83aa80c5f36
cnt-8_1   | 2024-10-15T06:25:01.525902105 | Message sent in 501ms. f81db60a-1c0f-4016-b48c-f41f0c395db1
cnt-10_1  | Sending message at 2024-10-15T06:25:01.946024592. 25f46aef-d3bf-4ed4-b240-72e709aa49fa
cnt-7_1   | 2024-10-15T06:25:02.530745752 | Message sent in 504ms. d790038c-a3f7-40c4-9509-0f50d0fa8516
cnt-6_1   | Sending message at 2024-10-15T06:25:04.869869491. fe1ae331-2209-4a41-b095-765912231626
cnt-10_1  | Sending message at 2024-10-15T06:25:05.370590579. bc050e12-7435-46ca-bde2-7892fe929674
cnt-8_1   | Sending message at 2024-10-15T06:25:05.401690805. 995bba93-a72b-442c-9c59-7320e471eff5
cnt-3_1   | 2024-10-15T06:25:05.625300256 | Message sent in 504ms. 521adeef-dbbe-43c8-b017-b61988ef89e1
cnt-6_1   | Sending message at 2024-10-15T06:25:06.343770112. fe1ae331-2209-4a41-b095-765912231626
cnt-4_1   | 2024-10-15T06:25:07.184243428 | Message sent in 1041ms. 090140a3-5b46-4c13-8428-caf51d6c1b5f
cnt-4_1   | 2024-10-15T06:25:07.225283196 | Message sent in 1069ms. c73cfaf2-70d9-45a2-98d4-304f8433108d
cnt-5_1   | 2024-10-15T06:25:07.391806020 | Message sent in 845ms. 383b4b29-167a-461d-8187-434dda999815
cnt-3_1   | 2024-10-15T06:25:07.619028995 | Message sent in 722ms. 031b4c78-386d-4d34-87f1-45ba9bf6a4fa
cnt-9_1   | Sending message at 2024-10-15T06:25:08.123020260. 5defeee0-e378-4ef1-a713-7b3633417ed3
cnt-3_1   | 2024-10-15T06:25:08.760105999 | Message sent in 705ms. 71280c04-2d89-4ce8-9a2e-e56c4d43c3f0
cnt-3_1   | 2024-10-15T06:25:08.996049292 | Message sent in 763ms. 953fb149-4264-41e7-80ec-c196487980eb
cnt-8_1   | 2024-10-15T06:25:09.413225465 | Message sent in 824ms. 995bba93-a72b-442c-9c59-7320e471eff5
cnt-6_1   | Sending message at 2024-10-15T06:25:09.742494521. b0283795-0034-4b74-af4d-18e4ea78793e
cnt-3_1   | Sending message at 2024-10-15T06:25:09.996326267. 953fb149-4264-41e7-80ec-c196487980eb
cnt-4_1   | Sending message at 2024-10-15T06:25:10.065715633. c73cfaf2-70d9-45a2-98d4-304f8433108d
cnt-1_1   | 2024-10-15T06:25:10.588447933 | Message sent in 752ms. 4c10e6d2-accc-4a78-8cda-2a8b5d724a89
cnt-2_1   | 2024-10-15T06:25:10.810674100 | Message sent in 745ms. 13bd8041-68f0-4c12-97ea-5d337738abcd
cnt-9_1   | 2024-10-15T06:25:10.814770619 | Message sent in 751ms. e39a7dd6-ea01-4888-b729-2b9f4fdaa590
cnt-3_1   | Sending message at 2024-10-15T06:25:11.580253562. 71280c04-2d89-4ce8-9a2e-e56c4d43c3f0
cnt-4_1   | 2024-10-15T06:25:12.052451282 | Message sent in 472ms. af8f4afd-4440-4410-8c62-75f8651b28d8
cnt-5_1   | 2024-10-15T06:25:12.597974976 | Message sent in 550ms. 383b4b29-167a-461d-8187-434dda999815
cnt-5_1   | 2024-10-15T06:25:13.649982894 | Message sent in 591ms. b6934621-4818-4094-a15a-7e9b81c4ef12
cnt-9_1   | 2024-10-15T06:25:14.063593470 | Message sent in 488ms. e39a7dd6-ea01-4888-b729-2b9f4fdaa590
cnt-9_1   | Sending message at 2024-10-15T06:25:14.419762856. 5defeee0-e378-4ef1-a713-7b3633417ed3
cnt-3_1   | Sending message at 2024-10-15T06:25:14.914326423. 521adeef-dbbe-43c8-b017-b61988ef89e1
cnt-4_1   | 2024-10-15T06:25:15.201530038 | Message sent in 521ms. 8299368f-c908-4d20-8d44-594d6724ee95
cnt-6_1   | Sending message at 2024-10-15T06:25:15.961482316. b0283795-0034-4b74-af4d-18e4ea78793e
cnt-6_1   | 2024-10-15T06:25:22.448407942 | Message sent in 7276ms. dd18958f-9e98-4a9e-8ff6-d32edac9e08f
cnt-2_1   | Sending message at 2024-10-15T06:25:24.117243241. b14bbf8b-f34d-479a-a0fa-2f382f876bde
cnt-7_1   | 2024-10-15T06:25:24.187237305 | Message sent in 492ms. 4e896f0d-4fca-492f-82fc-ce419e3db767
cnt-1_1   | 2024-10-15T06:25:24.761015946 | Message sent in 576ms. 133482e7-b9b5-406a-90e9-28b726a90907
cnt-4_1   | Sending message at 2024-10-15T06:25:24.794988939. c73cfaf2-70d9-45a2-98d4-304f8433108d
cnt-5_1   | 2024-10-15T06:25:25.099926186 | Message sent in 520ms. c9e9cab0-1567-4755-b7f6-8ca36ccfbf4a
cnt-2_1   | Sending message at 2024-10-15T06:25:25.187381019. 0c2fe427-c113-40eb-865f-8595beab67a3
cnt-2_1   | Sending message at 2024-10-15T06:25:25.794673389. b14bbf8b-f34d-479a-a0fa-2f382f876bde
cnt-5_1   | Sending message at 2024-10-15T06:25:25.985598375. b6934621-4818-4094-a15a-7e9b81c4ef12
cnt-10_1  | 2024-10-15T06:25:26.600666953 | Message sent in 617ms. c1afccd5-20ef-4aa4-8b02-473ec8a7203f
cnt-10_1  | Sending message at 2024-10-15T06:25:26.862480353. 7bb74c0e-774c-47e7-b5cd-9938b1127557
cnt-9_1   | Sending message at 2024-10-15T06:25:27.463942767. aec605c0-75ba-418f-a114-68220e51ccbb
cnt-5_1   | Sending message at 2024-10-15T06:25:27.559117411. b6934621-4818-4094-a15a-7e9b81c4ef12
cnt-3_1   | Sending message at 2024-10-15T06:25:27.678202331. 521adeef-dbbe-43c8-b017-b61988ef89e1
cnt-1_1   | Sending message at 2024-10-15T06:25:27.765583042. 4c10e6d2-accc-4a78-8cda-2a8b5d724a89
cnt-4_1   | Sending message at 2024-10-15T06:25:27.928552886. 74d1b391-ef48-452c-b4b5-d10b008b2137
cnt-8_1   | 2024-10-15T06:25:28.676479015 | Message sent in 618ms. b4f14281-55e2-4cbd-bbf0-af4d3db533d7
cnt-7_1   | 2024-10-15T06:25:30.522250618 | Message sent in 716ms. 4e896f0d-4fca-492f-82fc-ce419e3db767
cnt-4_1   | 2024-10-15T06:25:30.526941646 | Message sent in 864ms. 74d1b391-ef48-452c-b4b5-d10b008b2137
cnt-3_1   | 2024-10-15T06:25:30.528770775 | Message sent in 866ms. 52fb4e7f-1a04-4aa3-96f0-bf384882663f
cnt-7_1   | Sending message at 2024-10-15T06:25:31.122473806. d790038c-a3f7-40c4-9509-0f50d0fa8516
cnt-2_1   | Sending message at 2024-10-15T06:25:31.271409395. 13bd8041-68f0-4c12-97ea-5d337738abcd
cnt-3_1   | Sending message at 2024-10-15T06:25:31.529379684. 52fb4e7f-1a04-4aa3-96f0-bf384882663f
cnt-1_1   | Sending message at 2024-10-15T06:25:31.534288897. 5d75f90a-1757-49e2-bf2c-2f8d6e5ee513
cnt-8_1   | 2024-10-15T06:25:31.766901767 | Message sent in 452ms. f81db60a-1c0f-4016-b48c-f41f0c395db1
cnt-4_1   | Sending message at 2024-10-15T06:25:31.805560532. af8f4afd-4440-4410-8c62-75f8651b28d8
cnt-1_1   | Scheduled exit. Godbyeeeeeeeeeeeeeee...
cnt-5_1   | Scheduled exit. Godbyeeeeeeeeeeeeeee...
asb-debug_cnt-1_1 exited with code 69
cnt-2_1   | 2024-10-15T06:25:32.323481711 | Message sent in 799ms. a15d198b-3141-4179-991a-f83aa80c5f36
asb-debug_cnt-5_1 exited with code 69
cnt-4_1   | 2024-10-15T06:25:32.564543923 | Message sent in 761ms. 090140a3-5b46-4c13-8428-caf51d6c1b5f
cnt-9_1   | Sending message at 2024-10-15T06:25:32.564544622. aec605c0-75ba-418f-a114-68220e51ccbb
cnt-3_1   | 2024-10-15T06:25:32.605393626 | Message sent in 867ms. 71280c04-2d89-4ce8-9a2e-e56c4d43c3f0
cnt-8_1   | Sending message at 2024-10-15T06:25:32.767131119. f81db60a-1c0f-4016-b48c-f41f0c395db1
cnt-7_1   | 2024-10-15T06:25:32.892848328 | Message sent in 373ms. 4e715b03-51fd-474e-8e33-7930600fc52a
cnt-5_1   | Starting the application. Logging messages with probability 0.05...
cnt-7_1   | 2024-10-15T06:25:33.073329600 | Message sent in 529ms. 1609d1b9-5abf-4a89-a958-5e8667aa6ddb
cnt-9_1   | 2024-10-15T06:25:33.092672140 | Message sent in 545ms. 66b5f051-4381-4478-a69a-4e3c8afa25fc
cnt-8_1   | Sending message at 2024-10-15T06:25:33.314226787. 5c4ea2cc-494f-4004-83ae-3b7eb4c6bd72
cnt-7_1   | Scheduled exit. Godbyeeeeeeeeeeeeeee...
cnt-6_1   | 2024-10-15T06:25:34.385617725 | Message sent in 827ms. 7ee27500-dd4f-49c7-a4e3-a6300118bba3
asb-debug_cnt-7_1 exited with code 69
cnt-9_1   | 2024-10-15T06:25:34.583708695 | Message sent in 552ms. 8c841d45-6e54-4823-b9a0-dcd5334b9fa0
cnt-3_1   | 2024-10-15T06:25:34.639082247 | Message sent in 429ms. 52fb4e7f-1a04-4aa3-96f0-bf384882663f
cnt-8_1   | 2024-10-15T06:25:34.653046501 | Message sent in 546ms. c7f15859-2930-4906-92ad-cea5d37a2b57
cnt-7_1   | Starting the application. Logging messages with probability 0.05...
cnt-6_1   | Sending message at 2024-10-15T06:25:35.439535003. dd18958f-9e98-4a9e-8ff6-d32edac9e08f
cnt-2_1   | Scheduled exit. Godbyeeeeeeeeeeeeeee...
asb-debug_cnt-2_1 exited with code 69
cnt-2_1   | Starting the application. Logging messages with probability 0.05...
cnt-5_1   | 2024-10-15T06:25:37.113424961 | Message sent in 1724ms. 83bb453f-8f3f-4d85-94df-ce6613c9b1e4
cnt-4_1   | Scheduled exit. Godbyeeeeeeeeeeeeeee...
asb-debug_cnt-4_1 exited with code 69
cnt-4_1   | Starting the application. Logging messages with probability 0.05...
cnt-9_1   | Sending message at 2024-10-15T06:25:38.873678026. 66b5f051-4381-4478-a69a-4e3c8afa25fc
cnt-9_1   | Scheduled exit. Godbyeeeeeeeeeeeeeee...
cnt-2_1   | 2024-10-15T06:25:39.109687967 | Message sent in 2081ms. e9b474bf-c6a5-4ec7-a6a3-599d68f9e621
cnt-4_1   | Sending message at 2024-10-15T06:25:39.399204711. c630ee27-771e-4a93-8273-28d23167be09
asb-debug_cnt-9_1 exited with code 69
cnt-10_1  | Scheduled exit. Godbyeeeeeeeeeeeeeee...
cnt-2_1   | 2024-10-15T06:25:39.597380382 | Message sent in 1570ms. 64fb503a-e065-48e0-89ce-fb652fa120de
cnt-6_1   | Scheduled exit. Godbyeeeeeeeeeeeeeee...
asb-debug_cnt-10_1 exited with code 69
cnt-8_1   | Scheduled exit. Godbyeeeeeeeeeeeeeee...
cnt-7_1   | Sending message at 2024-10-15T06:25:39.992459809. bab4a64a-877c-4c84-917a-caf434761df0
cnt-7_1   | 2024-10-15T06:25:40.024180332 | Message sent in 1794ms. b651beff-a804-4e10-bccd-38d6a3513074
cnt-3_1   | Scheduled exit. Godbyeeeeeeeeeeeeeee...
cnt-5_1   | Sending message at 2024-10-15T06:25:40.195073795. dd660659-8be6-4df3-9a63-0293dba3a85a
asb-debug_cnt-6_1 exited with code 69
asb-debug_cnt-8_1 exited with code 69
asb-debug_cnt-3_1 exited with code 69
cnt-7_1   | Sending message at 2024-10-15T06:25:41.028132091. b651beff-a804-4e10-bccd-38d6a3513074
cnt-5_1   | Sending message at 2024-10-15T06:25:41.229306505. 83bb453f-8f3f-4d85-94df-ce6613c9b1e4
cnt-7_1   | Sending message at 2024-10-15T06:25:41.979731306. b47f5b75-c8da-45c5-a891-6ec45ca1406b
cnt-3_1   | Starting the application. Logging messages with probability 0.05...
cnt-4_1   | Sending message at 2024-10-15T06:25:43.001701105. 37024504-7fad-4618-b18b-2d06bbfe34a5
cnt-5_1   | 2024-10-15T06:25:43.259036546 | Message sent in 511ms. 83bb453f-8f3f-4d85-94df-ce6613c9b1e4
cnt-4_1   | 2024-10-15T06:25:43.739958073 | Message sent in 614ms. a716f04d-c431-467e-8c83-92a9539a7acf
cnt-8_1   | Sending message at 2024-10-15T06:25:44.318508898. c8ce27e3-4c56-43e1-98e8-5f036ef1cd36
cnt-8_1   | 2024-10-15T06:25:45.249662505 | Message sent in 1933ms. a0fd751a-9cac-4cc3-945d-77d8b9b2e665
cnt-8_1   | Sending message at 2024-10-15T06:25:45.317989552. f126bbb0-b795-4253-a16d-4b9f8f56fe92
cnt-9_1   | 2024-10-15T06:25:46.394217091 | Message sent in 556ms. ec3e3cd1-7429-4993-a715-f12acadb97e0
cnt-3_1   | Sending message at 2024-10-15T06:25:47.562302416. a0dd776d-c1e1-4401-bda5-91496762ecda
cnt-2_1   | Sending message at 2024-10-15T06:25:47.906411337. e9b474bf-c6a5-4ec7-a6a3-599d68f9e621
cnt-4_1   | 2024-10-15T06:25:48.515666650 | Message sent in 609ms. a716f04d-c431-467e-8c83-92a9539a7acf
cnt-2_1   | Sending message at 2024-10-15T06:25:48.799328591. 8569a38e-7451-4c58-8715-e7aa06d5e9d9
cnt-9_1   | 2024-10-15T06:25:48.955009261 | Message sent in 532ms. c06a12f0-3048-416e-8b00-329a93cbdd5d
cnt-1_1   | 2024-10-15T06:25:49.771335095 | Message sent in 7156ms. 546238e7-aa13-4913-b36b-c818732f2ca8
cnt-3_1   | 2024-10-15T06:25:50.182767481 | Message sent in 498ms. 7de3ad30-3bf2-43fa-b9d9-1e34fdf77c33
cnt-8_1   | Sending message at 2024-10-15T06:25:50.238836117. c8ce27e3-4c56-43e1-98e8-5f036ef1cd36
cnt-8_1   | Sending message at 2024-10-15T06:25:51.001165678. a0fd751a-9cac-4cc3-945d-77d8b9b2e665
cnt-9_1   | 2024-10-15T06:25:58.371115026 | Message sent in 7380ms. b5bd4994-0969-4a7f-b4e6-f3c10f7cb9ae
cnt-8_1   | 2024-10-15T06:25:58.526679341 | Message sent in 7525ms. a0fd751a-9cac-4cc3-945d-77d8b9b2e665
cnt-6_1   | 2024-10-15T06:25:58.679893194 | Message sent in 7624ms. f1dfabea-f585-41d3-9fe9-b02626972b5d
cnt-5_1   | 2024-10-15T06:25:59.183058546 | Message sent in 7286ms. 71a29803-f2fa-4490-9389-5b43df534c5b
cnt-9_1   | 2024-10-15T06:25:59.391817222 | Message sent in 7175ms. 8d6640ba-6caa-45e5-a91e-0b633fa129ff
cnt-6_1   | 2024-10-15T06:25:59.451473071 | Message sent in 7105ms. c4b363d2-39c5-426c-b509-d8a87e8707d1
cnt-2_1   | 2024-10-15T06:26:00.079754201 | Message sent in 525ms. ff4e5548-2c2f-44eb-a130-c8bd263611b6
cnt-8_1   | 2024-10-15T06:26:00.201351387 | Message sent in 502ms. b0fb4a98-6aa6-4cb2-8e49-1cddc14e4f96
cnt-2_1   | 2024-10-15T06:26:00.433877207 | Message sent in 477ms. 8569a38e-7451-4c58-8715-e7aa06d5e9d9
cnt-2_1   | 2024-10-15T06:26:00.508030831 | Message sent in 510ms. ccb60177-b773-4627-8e1b-639512db9c12
cnt-4_1   | Sending message at 2024-10-15T06:26:00.951822256. a716f04d-c431-467e-8c83-92a9539a7acf
cnt-5_1   | Sending message at 2024-10-15T06:26:00.957348558. 8bd53861-b71c-4a53-a09f-d1a3a3057cb3
cnt-9_1   | 2024-10-15T06:26:01.325100361 | Message sent in 477ms. b5bd4994-0969-4a7f-b4e6-f3c10f7cb9ae
cnt-4_1   | 2024-10-15T06:26:01.559067714 | Message sent in 497ms. 3c5b7ca9-bb27-4ee6-adae-771e02bff354
cnt-3_1   | 2024-10-15T06:26:01.591111898 | Message sent in 493ms. acae1ac0-3e9b-4c3a-8f61-21c5b4242226
cnt-3_1   | Sending message at 2024-10-15T06:26:01.682542674. 0d83294d-0308-461f-9dd4-5f894e90354e
cnt-6_1   | 2024-10-15T06:26:01.786001448 | Message sent in 477ms. dc1b734e-9a09-4205-8af0-78a0d4c9d139
cnt-10_1  | Sending message at 2024-10-15T06:26:02.517950412. c503d72a-753f-49f2-a5b8-8232c6854443
cnt-10_1  | Sending message at 2024-10-15T06:26:02.573794072. ad7c5a35-f144-4a91-abdf-8bbda349644e
cnt-2_1   | Sending message at 2024-10-15T06:26:02.665319969. e9b474bf-c6a5-4ec7-a6a3-599d68f9e621
cnt-8_1   | 2024-10-15T06:26:02.782318421 | Message sent in 481ms. f126bbb0-b795-4253-a16d-4b9f8f56fe92
cnt-1_1   | Sending message at 2024-10-15T06:26:02.899297073. 51d6419f-ef66-4b94-b68d-7d43e7d5464f
cnt-7_1   | Sending message at 2024-10-15T06:26:02.905904125. 9649a85a-ecdb-448d-8213-88c5a06f3d0b
cnt-9_1   | 2024-10-15T06:26:02.976886854 | Message sent in 507ms. 9b85b4bd-df8f-45fc-9258-68c7ef2ef409
cnt-8_1   | 2024-10-15T06:26:03.047396566 | Message sent in 496ms. a0fd751a-9cac-4cc3-945d-77d8b9b2e665
cnt-9_1   | 2024-10-15T06:26:03.851241822 | Message sent in 970ms. ec3e3cd1-7429-4993-a715-f12acadb97e0
cnt-4_1   | Sending message at 2024-10-15T06:26:03.951116325. a716f04d-c431-467e-8c83-92a9539a7acf
cnt-1_1   | Sending message at 2024-10-15T06:26:04.851701441. 51d6419f-ef66-4b94-b68d-7d43e7d5464f
cnt-2_1   | Sending message at 2024-10-15T06:26:05.746639094. e9b474bf-c6a5-4ec7-a6a3-599d68f9e621
cnt-10_1  | 2024-10-15T06:26:05.791638078 | Message sent in 940ms. 44ca937b-13e5-43f3-832e-e1710f5937d4
cnt-1_1   | 2024-10-15T06:26:05.834143545 | Message sent in 983ms. 51d6419f-ef66-4b94-b68d-7d43e7d5464f
cnt-2_1   | 2024-10-15T06:26:06.389730979 | Message sent in 643ms. e9b474bf-c6a5-4ec7-a6a3-599d68f9e621
cnt-10_1  | Sending message at 2024-10-15T06:26:06.794760150. 44ca937b-13e5-43f3-832e-e1710f5937d4
cnt-2_1   | Sending message at 2024-10-15T06:26:06.800254201. 8569a38e-7451-4c58-8715-e7aa06d5e9d9
cnt-1_1   | Sending message at 2024-10-15T06:26:06.834253398. 468f026b-7978-4275-bd4f-85fd49e1cca6
cnt-9_1   | Sending message at 2024-10-15T06:26:07.237393629. c06a12f0-3048-416e-8b00-329a93cbdd5d
cnt-3_1   | Sending message at 2024-10-15T06:26:07.248923866. d17c35bc-b459-4c03-97c4-daa01306a92a
cnt-3_1   | 2024-10-15T06:26:07.643677760 | Message sent in 809ms. a0dd776d-c1e1-4401-bda5-91496762ecda
cnt-2_1   | 2024-10-15T06:26:07.954869299 | Message sent in 635ms. ff4e5548-2c2f-44eb-a130-c8bd263611b6
cnt-2_1   | Sending message at 2024-10-15T06:26:08.677120831. 64fb503a-e065-48e0-89ce-fb652fa120de
cnt-1_1   | 2024-10-15T06:26:09.604616417 | Message sent in 965ms. b5016c61-ec91-445d-91d1-113df126de72
cnt-6_1   | 2024-10-15T06:26:10.073103055 | Message sent in 870ms. dc1b734e-9a09-4205-8af0-78a0d4c9d139
cnt-8_1   | 2024-10-15T06:26:11.297118366 | Message sent in 673ms. b0fb4a98-6aa6-4cb2-8e49-1cddc14e4f96
cnt-3_1   | 2024-10-15T06:26:11.392026771 | Message sent in 2734ms. 0d83294d-0308-461f-9dd4-5f894e90354e
cnt-1_1   | 2024-10-15T06:26:11.392566478 | Message sent in 2739ms. 546238e7-aa13-4913-b36b-c818732f2ca8
cnt-1_1   | 2024-10-15T06:26:11.392568163 | Message sent in 2739ms. 468f026b-7978-4275-bd4f-85fd49e1cca6
cnt-10_1  | Sending message at 2024-10-15T06:26:12.392100156. 44ca937b-13e5-43f3-832e-e1710f5937d4
cnt-1_1   | Sending message at 2024-10-15T06:26:12.394182730. 546238e7-aa13-4913-b36b-c818732f2ca8
cnt-5_1   | 2024-10-15T06:26:13.002317677 | Message sent in 614ms. 8bd53861-b71c-4a53-a09f-d1a3a3057cb3
cnt-7_1   | Sending message at 2024-10-15T06:26:14.514687134. b47f5b75-c8da-45c5-a891-6ec45ca1406b
cnt-6_1   | 2024-10-15T06:26:15.414175870 | Message sent in 690ms. dc1b734e-9a09-4205-8af0-78a0d4c9d139
cnt-1_1   | 2024-10-15T06:26:16.875432127 | Message sent in 815ms. 51d6419f-ef66-4b94-b68d-7d43e7d5464f
cnt-4_1   | 2024-10-15T06:26:17.379620293 | Message sent in 988ms. 3c5b7ca9-bb27-4ee6-adae-771e02bff354
cnt-3_1   | Sending message at 2024-10-15T06:26:18.613505082. d17c35bc-b459-4c03-97c4-daa01306a92a
cnt-1_1   | 2024-10-15T06:26:18.974893590 | Message sent in 587ms. 468f026b-7978-4275-bd4f-85fd49e1cca6
cnt-5_1   | Sending message at 2024-10-15T06:26:19.042254530. dd660659-8be6-4df3-9a63-0293dba3a85a
cnt-4_1   | 2024-10-15T06:26:19.238082373 | Message sent in 859ms. 3c5b7ca9-bb27-4ee6-adae-771e02bff354
cnt-1_1   | 2024-10-15T06:26:21.927542607 | Message sent in 1181ms. 546238e7-aa13-4913-b36b-c818732f2ca8
cnt-1_1   | 2024-10-15T06:26:22.490576701 | Message sent in 753ms. 468f026b-7978-4275-bd4f-85fd49e1cca6
cnt-9_1   | 2024-10-15T06:26:23.495736936 | Message sent in 1039ms. 9b85b4bd-df8f-45fc-9258-68c7ef2ef409
cnt-10_1  | Sending message at 2024-10-15T06:26:23.738159641. f08c188d-1d37-437c-933f-3e03b45e64a7
cnt-9_1   | Sending message at 2024-10-15T06:26:24.496123916. 9b85b4bd-df8f-45fc-9258-68c7ef2ef409
cnt-1_1   | Sending message at 2024-10-15T06:26:24.569883149. 546238e7-aa13-4913-b36b-c818732f2ca8
cnt-9_1   | Sending message at 2024-10-15T06:26:25.702471214. ec3e3cd1-7429-4993-a715-f12acadb97e0
cnt-9_1   | Sending message at 2024-10-15T06:26:26.217555465. 9b85b4bd-df8f-45fc-9258-68c7ef2ef409
cnt-5_1   | 2024-10-15T06:26:27.240464597 | Message sent in 747ms. dd660659-8be6-4df3-9a63-0293dba3a85a
cnt-2_1   | 2024-10-15T06:26:27.560972610 | Message sent in 1080ms. 8569a38e-7451-4c58-8715-e7aa06d5e9d9
cnt-10_1  | Sending message at 2024-10-15T06:26:28.496448535. c503d72a-753f-49f2-a5b8-8232c6854443
cnt-10_1  | Sending message at 2024-10-15T06:26:28.501176962. f08c188d-1d37-437c-933f-3e03b45e64a7
cnt-2_1   | Sending message at 2024-10-15T06:26:28.511279485. 64fb503a-e065-48e0-89ce-fb652fa120de
cnt-2_1   | Sending message at 2024-10-15T06:26:28.531629937. ccb60177-b773-4627-8e1b-639512db9c12
cnt-4_1   | Sending message at 2024-10-15T06:26:28.889801554. 3c5b7ca9-bb27-4ee6-adae-771e02bff354
cnt-7_1   | 2024-10-15T06:26:29.791582563 | Message sent in 885ms. bab4a64a-877c-4c84-917a-caf434761df0
cnt-10_1  | Sending message at 2024-10-15T06:26:30.050323765. 1cffaccc-3ae4-4828-ab59-a77bc0c99611
cnt-3_1   | Sending message at 2024-10-15T06:26:30.531676665. a0dd776d-c1e1-4401-bda5-91496762ecda
cnt-1_1   | Sending message at 2024-10-15T06:26:31.251679636. 546238e7-aa13-4913-b36b-c818732f2ca8
cnt-8_1   | Sending message at 2024-10-15T06:26:31.479338200. f126bbb0-b795-4253-a16d-4b9f8f56fe92
cnt-1_1   | Scheduled exit. Godbyeeeeeeeeeeeeeee...
cnt-5_1   | Scheduled exit. Godbyeeeeeeeeeeeeeee...
asb-debug_cnt-1_1 exited with code 69
asb-debug_cnt-5_1 exited with code 69
cnt-5_1   | Starting the application. Logging messages with probability 0.05...
cnt-7_1   | Scheduled exit. Godbyeeeeeeeeeeeeeee...
asb-debug_cnt-7_1 exited with code 69
cnt-7_1   | Starting the application. Logging messages with probability 0.05...
cnt-2_1   | Scheduled exit. Godbyeeeeeeeeeeeeeee...
asb-debug_cnt-2_1 exited with code 69
cnt-2_1   | Starting the application. Logging messages with probability 0.05...
cnt-4_1   | 2024-10-15T06:26:38.049953307 | Message sent in 7992ms. 37024504-7fad-4618-b18b-2d06bbfe34a5
cnt-4_1   | Scheduled exit. Godbyeeeeeeeeeeeeeee...
asb-debug_cnt-4_1 exited with code 69
cnt-9_1   | Sending message at 2024-10-15T06:26:38.893280732. ec3e3cd1-7429-4993-a715-f12acadb97e0
cnt-4_1   | Starting the application. Logging messages with probability 0.05...
cnt-6_1   | 2024-10-15T06:26:39.246851742 | Message sent in 383ms. c4b363d2-39c5-426c-b509-d8a87e8707d1
cnt-10_1  | Sending message at 2024-10-15T06:26:40.063997395. f08c188d-1d37-437c-933f-3e03b45e64a7
cnt-10_1  | 2024-10-15T06:26:40.386600121 | Message sent in 520ms. c503d72a-753f-49f2-a5b8-8232c6854443
cnt-8_1   | 2024-10-15T06:26:40.788745898 | Message sent in 498ms. b0fb4a98-6aa6-4cb2-8e49-1cddc14e4f96
cnt-9_1   | Scheduled exit. Godbyeeeeeeeeeeeeeee...
cnt-7_1   | 2024-10-15T06:26:41.115921210 | Message sent in 730ms. 7056bb85-6f02-4094-ab55-c1142655ae12
asb-debug_cnt-9_1 exited with code 69
cnt-1_1   | 2024-10-15T06:26:41.557897353 | Message sent in 340ms. 5c1eede4-00f8-4274-8589-c2b1cbdc58da
cnt-1_1   | 2024-10-15T06:26:41.569693080 | Message sent in 591ms. 2b6d3420-1860-4f15-8ae4-c616f5d7c0a0
cnt-10_1  | Scheduled exit. Godbyeeeeeeeeeeeeeee...
cnt-8_1   | Sending message at 2024-10-15T06:26:41.788970493. b0fb4a98-6aa6-4cb2-8e49-1cddc14e4f96
asb-debug_cnt-10_1 exited with code 69
cnt-6_1   | Scheduled exit. Godbyeeeeeeeeeeeeeee...
cnt-8_1   | Scheduled exit. Godbyeeeeeeeeeeeeeee...
cnt-3_1   | Scheduled exit. Godbyeeeeeeeeeeeeeee...
asb-debug_cnt-6_1 exited with code 69
asb-debug_cnt-8_1 exited with code 69
asb-debug_cnt-3_1 exited with code 69
cnt-1_1   | Sending message at 2024-10-15T06:26:44.050432914. 2b6d3420-1860-4f15-8ae4-c616f5d7c0a0
cnt-6_1   | Starting the application. Logging messages with probability 0.05...
cnt-3_1   | Starting the application. Logging messages with probability 0.05...
cnt-1_1   | 2024-10-15T06:26:46.041124855 | Message sent in 502ms. e77bf7ca-e7d4-4787-a468-c70f673e13d9
cnt-7_1   | Sending message at 2024-10-15T06:26:46.622279073. 7056bb85-6f02-4094-ab55-c1142655ae12
cnt-4_1   | 2024-10-15T06:26:46.765247560 | Message sent in 476ms. 733358e6-c3b2-468d-b5f9-f6f489643895
cnt-9_1   | Sending message at 2024-10-15T06:26:46.777199327. a98ec6a1-c214-41fa-b5a2-66c4f45d9e3b
cnt-4_1   | Sending message at 2024-10-15T06:26:47.197038798. 832eb2b0-97c0-4218-966e-1813c5a8f3d9
cnt-7_1   | Sending message at 2024-10-15T06:26:47.239186127. c7ec07c1-764d-48cf-9482-78535e83a2df
cnt-9_1   | Sending message at 2024-10-15T06:26:47.360965102. 75e6ba8d-4a55-4a4e-a381-3a92d3931b02
cnt-3_1   | 2024-10-15T06:26:47.418207973 | Message sent in 1707ms. ced08c36-c7cd-4689-96c3-28cacec1189b
cnt-5_1   | 2024-10-15T06:26:47.482077621 | Message sent in 481ms. f12a3fe0-7a42-447d-baa0-2c04a3d03ca9
cnt-6_1   | Sending message at 2024-10-15T06:26:47.665043312. 09274881-acf6-4505-a64b-2af05d18a877
cnt-9_1   | 2024-10-15T06:26:47.834798317 | Message sent in 1727ms. 253c2ed8-ec0b-4b72-84be-c53965346eb3
cnt-1_1   | Sending message at 2024-10-15T06:26:48.374671957. 5c1eede4-00f8-4274-8589-c2b1cbdc58da
cnt-5_1   | Sending message at 2024-10-15T06:26:48.487761179. f12a3fe0-7a42-447d-baa0-2c04a3d03ca9
cnt-5_1   | 2024-10-15T06:26:48.868609198 | Message sent in 585ms. c06bf46b-b0af-47b2-8391-b7741c108b96
cnt-5_1   | Sending message at 2024-10-15T06:26:49.868840222. c06bf46b-b0af-47b2-8391-b7741c108b96
cnt-1_1   | 2024-10-15T06:26:50.516354788 | Message sent in 508ms. 2b6d3420-1860-4f15-8ae4-c616f5d7c0a0
cnt-5_1   | Sending message at 2024-10-15T06:26:51.461357025. bb38e58a-c43d-4217-a908-d3d74e7df851
cnt-2_1   | Sending message at 2024-10-15T06:26:51.470123082. 04a84a3c-7dbb-4ea2-bbcb-e1517086d126
cnt-2_1   | Sending message at 2024-10-15T06:26:51.474770661. f688dfbe-6393-411d-b3f4-ec63d2624d10
cnt-10_1  | Sending message at 2024-10-15T06:26:51.483239828. 75a6f79e-6384-4405-849e-eb440954b64b
cnt-1_1   | Sending message at 2024-10-15T06:26:51.516600441. 2b6d3420-1860-4f15-8ae4-c616f5d7c0a0
cnt-2_1   | 2024-10-15T06:26:52.729014277 | Message sent in 909ms. 16b16ca4-9304-4346-98ec-fe156dcad5b7
cnt-1_1   | Sending message at 2024-10-15T06:26:53.401015160. a5ed5a3e-4318-402c-8886-558533b33fe1
cnt-6_1   | Sending message at 2024-10-15T06:26:53.465269155. ac2b6860-645a-4503-bb56-2a1a3af71d72
cnt-10_1  | Sending message at 2024-10-15T06:26:53.587838150. 75a6f79e-6384-4405-849e-eb440954b64b
cnt-4_1   | 2024-10-15T06:26:54.546716558 | Message sent in 858ms. 22059759-4739-4bf9-a906-2f888d205425
cnt-7_1   | 2024-10-15T06:26:54.717379502 | Message sent in 1267ms. 15a8b08d-a167-43e2-a4a5-a6d50d74ccd2
cnt-6_1   | 2024-10-15T06:26:54.886276604 | Message sent in 1073ms. 09274881-acf6-4505-a64b-2af05d18a877
cnt-9_1   | Sending message at 2024-10-15T06:26:55.532091156. ccbca787-1cf5-4739-8700-1b18e1d1018c
cnt-8_1   | Sending message at 2024-10-15T06:26:55.674624522. 553580d5-37bb-4ba8-a5e9-00674dae039e
cnt-2_1   | Sending message at 2024-10-15T06:26:55.745414144. f688dfbe-6393-411d-b3f4-ec63d2624d10
cnt-10_1  | Sending message at 2024-10-15T06:26:55.860489019. 85d3ea96-1c67-48c1-8607-e195899edefb
cnt-7_1   | 2024-10-15T06:26:56.785610024 | Message sent in 1249ms. c7ec07c1-764d-48cf-9482-78535e83a2df
cnt-2_1   | 2024-10-15T06:26:56.797670865 | Message sent in 1052ms. f688dfbe-6393-411d-b3f4-ec63d2624d10
cnt-1_1   | 2024-10-15T06:26:56.824342593 | Message sent in 1169ms. 2b6d3420-1860-4f15-8ae4-c616f5d7c0a0
cnt-1_1   | Sending message at 2024-10-15T06:26:56.828876730. a5ed5a3e-4318-402c-8886-558533b33fe1
cnt-10_1  | 2024-10-15T06:26:56.839411264 | Message sent in 1226ms. 3a56b7af-3946-4206-9b4c-cc51c15ea562
cnt-6_1   | 2024-10-15T06:26:56.859190769 | Message sent in 933ms. 9ea627fa-97e7-4e87-b3bf-b29ddcb49b12
cnt-8_1   | Sending message at 2024-10-15T06:26:57.784794994. 553580d5-37bb-4ba8-a5e9-00674dae039e
cnt-6_1   | Sending message at 2024-10-15T06:26:57.809574468. a65171af-b8dc-4117-8b26-136c5b7329a1
cnt-6_1   | Sending message at 2024-10-15T06:26:57.829283770. 45843ba6-7346-49c3-b0b5-10380ff458e9
cnt-7_1   | Sending message at 2024-10-15T06:26:57.846652198. 15a8b08d-a167-43e2-a4a5-a6d50d74ccd2
cnt-1_1   | 2024-10-15T06:26:57.865257596 | Message sent in 736ms. e77bf7ca-e7d4-4787-a468-c70f673e13d9
cnt-3_1   | Sending message at 2024-10-15T06:26:58.508285459. b3b3915e-3f82-4bad-b905-8d571a13bcac
cnt-2_1   | 2024-10-15T06:26:58.735937134 | Message sent in 799ms. 16b16ca4-9304-4346-98ec-fe156dcad5b7
cnt-1_1   | 2024-10-15T06:26:59.807910372 | Message sent in 507ms. 5c1eede4-00f8-4274-8589-c2b1cbdc58da
cnt-1_1   | 2024-10-15T06:27:00.907448299 | Message sent in 517ms. e77bf7ca-e7d4-4787-a468-c70f673e13d9
cnt-8_1   | Sending message at 2024-10-15T06:27:01.205849915. 553580d5-37bb-4ba8-a5e9-00674dae039e
cnt-7_1   | Sending message at 2024-10-15T06:27:01.228876135. e31aff1a-2a8c-4f97-9dd1-645cbd387bad
cnt-5_1   | Sending message at 2024-10-15T06:27:01.238109399. 13decd89-7abe-4d90-b08d-64737aea69b4
cnt-4_1   | Sending message at 2024-10-15T06:27:01.238277419. 2aa25efb-40fb-4160-8523-2efbf58a96a1
cnt-5_1   | 2024-10-15T06:27:01.374039459 | Message sent in 580ms. 01657bcf-cdd9-4893-b73c-c20426f31a3e
cnt-4_1   | 2024-10-15T06:27:02.130568193 | Message sent in 892ms. 2aa25efb-40fb-4160-8523-2efbf58a96a1
cnt-3_1   | 2024-10-15T06:27:02.630089720 | Message sent in 1356ms. bba52a1f-ea5b-4b93-b074-3d7de1b382e2
cnt-1_1   | 2024-10-15T06:27:02.876064003 | Message sent in 502ms. 5c1eede4-00f8-4274-8589-c2b1cbdc58da
cnt-2_1   | Sending message at 2024-10-15T06:27:03.147921298. 04a84a3c-7dbb-4ea2-bbcb-e1517086d126
cnt-8_1   | 2024-10-15T06:27:03.608743233 | Message sent in 470ms. a5b81c37-7de0-488b-b387-a78a50130fce
cnt-2_1   | 2024-10-15T06:27:03.646445135 | Message sent in 501ms. c2a07a5a-2bfe-4572-b67c-bd81120803bf
cnt-7_1   | 2024-10-15T06:27:03.745749995 | Message sent in 600ms. 15a8b08d-a167-43e2-a4a5-a6d50d74ccd2
cnt-5_1   | 2024-10-15T06:27:04.748187532 | Message sent in 889ms. 01657bcf-cdd9-4893-b73c-c20426f31a3e
cnt-7_1   | Sending message at 2024-10-15T06:27:04.928836082. e31aff1a-2a8c-4f97-9dd1-645cbd387bad
cnt-9_1   | 2024-10-15T06:27:05.062079399 | Message sent in 473ms. 253c2ed8-ec0b-4b72-84be-c53965346eb3
cnt-6_1   | 2024-10-15T06:27:05.452860922 | Message sent in 578ms. 9ea627fa-97e7-4e87-b3bf-b29ddcb49b12
cnt-7_1   | Sending message at 2024-10-15T06:27:05.628117534. 7056bb85-6f02-4094-ab55-c1142655ae12
cnt-7_1   | Sending message at 2024-10-15T06:27:06.221038060. 94fb0573-baac-437d-a99a-3f65bd1e1111
cnt-5_1   | 2024-10-15T06:27:06.268056895 | Message sent in 520ms. 01657bcf-cdd9-4893-b73c-c20426f31a3e
cnt-10_1  | 2024-10-15T06:27:06.299148842 | Message sent in 504ms. 85d3ea96-1c67-48c1-8607-e195899edefb
cnt-2_1   | 2024-10-15T06:27:06.425201245 | Message sent in 539ms. f688dfbe-6393-411d-b3f4-ec63d2624d10
cnt-9_1   | Sending message at 2024-10-15T06:27:06.775625935. a98ec6a1-c214-41fa-b5a2-66c4f45d9e3b
cnt-9_1   | Sending message at 2024-10-15T06:27:06.824389835. 13160643-6366-40e2-8484-2453c0b2f879
cnt-8_1   | 2024-10-15T06:27:06.932808870 | Message sent in 482ms. 553580d5-37bb-4ba8-a5e9-00674dae039e
cnt-6_1   | 2024-10-15T06:27:06.950874062 | Message sent in 497ms. 9ea627fa-97e7-4e87-b3bf-b29ddcb49b12
cnt-3_1   | Sending message at 2024-10-15T06:27:06.965863624. bba52a1f-ea5b-4b93-b074-3d7de1b382e2
cnt-8_1   | 2024-10-15T06:27:07.090989708 | Message sent in 498ms. 9a2d5bb2-e67b-493a-a1cf-43c10fae0838
cnt-10_1  | Sending message at 2024-10-15T06:27:07.217793667. e55cd14e-8e3a-47ff-b24f-e77fa3293ca1
cnt-8_1   | Sending message at 2024-10-15T06:27:07.436893276. 59fe8c8f-899c-4fea-ae7a-2b8fda13c142
cnt-3_1   | Sending message at 2024-10-15T06:27:07.508332772. ced08c36-c7cd-4689-96c3-28cacec1189b
cnt-4_1   | 2024-10-15T06:27:07.635085399 | Message sent in 488ms. 22059759-4739-4bf9-a906-2f888d205425
cnt-3_1   | Sending message at 2024-10-15T06:27:08.053128609. bea444ab-68b9-4513-8e8c-d83d40d83823
cnt-1_1   | 2024-10-15T06:27:08.117703096 | Message sent in 795ms. e77bf7ca-e7d4-4787-a468-c70f673e13d9
cnt-8_1   | 2024-10-15T06:27:08.318933595 | Message sent in 620ms. a5b81c37-7de0-488b-b387-a78a50130fce
cnt-10_1  | Sending message at 2024-10-15T06:27:09.028860259. 85d3ea96-1c67-48c1-8607-e195899edefb
cnt-3_1   | 2024-10-15T06:27:09.087796036 | Message sent in 617ms. bba52a1f-ea5b-4b93-b074-3d7de1b382e2
cnt-9_1   | Sending message at 2024-10-15T06:27:09.151538585. 253c2ed8-ec0b-4b72-84be-c53965346eb3
cnt-6_1   | Sending message at 2024-10-15T06:27:09.333206588. 45843ba6-7346-49c3-b0b5-10380ff458e9
cnt-3_1   | 2024-10-15T06:27:10.070510499 | Message sent in 423ms. d13b6424-88e0-4ca4-8a6b-f29b1918b649
cnt-2_1   | 2024-10-15T06:27:10.592320852 | Message sent in 507ms. 16b16ca4-9304-4346-98ec-fe156dcad5b7
cnt-3_1   | Sending message at 2024-10-15T06:27:11.070800642. d13b6424-88e0-4ca4-8a6b-f29b1918b649
cnt-6_1   | 2024-10-15T06:27:11.952876775 | Message sent in 887ms. a65171af-b8dc-4117-8b26-136c5b7329a1
cnt-5_1   | 2024-10-15T06:27:11.961700809 | Message sent in 896ms. 13decd89-7abe-4d90-b08d-64737aea69b4
cnt-2_1   | 2024-10-15T06:27:12.111720552 | Message sent in 519ms. 16b16ca4-9304-4346-98ec-fe156dcad5b7
cnt-9_1   | 2024-10-15T06:27:12.139690245 | Message sent in 542ms. 13160643-6366-40e2-8484-2453c0b2f879
cnt-8_1   | 2024-10-15T06:27:13.778187339 | Message sent in 795ms. a5b81c37-7de0-488b-b387-a78a50130fce
cnt-5_1   | Sending message at 2024-10-15T06:27:13.872169359. f12a3fe0-7a42-447d-baa0-2c04a3d03ca9
cnt-10_1  | Sending message at 2024-10-15T06:27:13.872311174. 85d3ea96-1c67-48c1-8607-e195899edefb
cnt-5_1   | Sending message at 2024-10-15T06:27:14.663294403. 01657bcf-cdd9-4893-b73c-c20426f31a3e
cnt-5_1   | 2024-10-15T06:27:16.162395376 | Message sent in 613ms. f12a3fe0-7a42-447d-baa0-2c04a3d03ca9
cnt-9_1   | 2024-10-15T06:27:16.722729061 | Message sent in 496ms. ccbca787-1cf5-4739-8700-1b18e1d1018c
cnt-4_1   | Sending message at 2024-10-15T06:27:16.858482096. 22059759-4739-4bf9-a906-2f888d205425
cnt-7_1   | 2024-10-15T06:27:17.088574254 | Message sent in 496ms. 94fb0573-baac-437d-a99a-3f65bd1e1111
cnt-2_1   | 2024-10-15T06:27:17.131376153 | Message sent in 476ms. 16b16ca4-9304-4346-98ec-fe156dcad5b7
cnt-8_1   | Sending message at 2024-10-15T06:27:17.136991773. 3323a52a-f26b-4cb6-95ef-a40734bd7ac5
cnt-7_1   | Sending message at 2024-10-15T06:27:18.088776641. 94fb0573-baac-437d-a99a-3f65bd1e1111
cnt-2_1   | Sending message at 2024-10-15T06:27:18.286934588. c2a07a5a-2bfe-4572-b67c-bd81120803bf
cnt-8_1   | Sending message at 2024-10-15T06:27:18.841012153. 59fe8c8f-899c-4fea-ae7a-2b8fda13c142
cnt-5_1   | 2024-10-15T06:27:19.322908600 | Message sent in 703ms. bb38e58a-c43d-4217-a908-d3d74e7df851
cnt-5_1   | Sending message at 2024-10-15T06:27:19.400913246. 01657bcf-cdd9-4893-b73c-c20426f31a3e
cnt-1_1   | Sending message at 2024-10-15T06:27:19.402930875. 2b6d3420-1860-4f15-8ae4-c616f5d7c0a0
cnt-7_1   | Sending message at 2024-10-15T06:27:19.574316064. e31aff1a-2a8c-4f97-9dd1-645cbd387bad
cnt-8_1   | Sending message at 2024-10-15T06:27:19.696172577. 9a2d5bb2-e67b-493a-a1cf-43c10fae0838
cnt-8_1   | 2024-10-15T06:27:20.904695905 | Message sent in 572ms. 59fe8c8f-899c-4fea-ae7a-2b8fda13c142
cnt-1_1   | 2024-10-15T06:27:22.113424119 | Message sent in 495ms. a5ed5a3e-4318-402c-8886-558533b33fe1
cnt-9_1   | 2024-10-15T06:27:22.429278293 | Message sent in 540ms. 13160643-6366-40e2-8484-2453c0b2f879
cnt-9_1   | 2024-10-15T06:27:22.558726304 | Message sent in 544ms. 75e6ba8d-4a55-4a4e-a381-3a92d3931b02
cnt-3_1   | Sending message at 2024-10-15T06:27:24.929732904. d13b6424-88e0-4ca4-8a6b-f29b1918b649
cnt-4_1   | 2024-10-15T06:27:27.850112421 | Message sent in 7061ms. c0266db3-df45-45e4-ae0e-543e80a24566
cnt-2_1   | 2024-10-15T06:27:28.421425759 | Message sent in 7207ms. 16b16ca4-9304-4346-98ec-fe156dcad5b7
cnt-3_1   | 2024-10-15T06:27:28.606092259 | Message sent in 381ms. bea444ab-68b9-4513-8e8c-d83d40d83823
cnt-6_1   | Sending message at 2024-10-15T06:27:29.101090998. 9ea627fa-97e7-4e87-b3bf-b29ddcb49b12
cnt-4_1   | Sending message at 2024-10-15T06:27:29.530307248. 22059759-4739-4bf9-a906-2f888d205425
cnt-1_1   | Scheduled exit. Godbyeeeeeeeeeeeeeee...
cnt-5_1   | Scheduled exit. Godbyeeeeeeeeeeeeeee...
asb-debug_cnt-1_1 exited with code 69
asb-debug_cnt-5_1 exited with code 69
cnt-5_1   | Starting the application. Logging messages with probability 0.05...
cnt-4_1   | 2024-10-15T06:27:36.463723621 | Message sent in 6933ms. 22059759-4739-4bf9-a906-2f888d205425
cnt-7_1   | Scheduled exit. Godbyeeeeeeeeeeeeeee...
cnt-6_1   | 2024-10-15T06:27:36.543720935 | Message sent in 7141ms. 45843ba6-7346-49c3-b0b5-10380ff458e9
cnt-8_1   | 2024-10-15T06:27:36.735336217 | Message sent in 7134ms. 59fe8c8f-899c-4fea-ae7a-2b8fda13c142
asb-debug_cnt-7_1 exited with code 69
cnt-3_1   | 2024-10-15T06:27:37.245963026 | Message sent in 7353ms. bba52a1f-ea5b-4b93-b074-3d7de1b382e2
cnt-7_1   | Starting the application. Logging messages with probability 0.05...
cnt-2_1   | 2024-10-15T06:27:37.394430305 | Message sent in 478ms. 04a84a3c-7dbb-4ea2-bbcb-e1517086d126
cnt-7_1   | Sending message at 2024-10-15T06:27:37.599023411. c2cc3319-a807-4eb9-83f0-d1fb25e96d40
cnt-10_1  | Sending message at 2024-10-15T06:27:37.871245752. e55cd14e-8e3a-47ff-b24f-e77fa3293ca1
cnt-2_1   | Scheduled exit. Godbyeeeeeeeeeeeeeee...
cnt-3_1   | Sending message at 2024-10-15T06:27:38.246240750. bba52a1f-ea5b-4b93-b074-3d7de1b382e2
asb-debug_cnt-2_1 exited with code 69
cnt-2_1   | Starting the application. Logging messages with probability 0.05...
cnt-8_1   | Sending message at 2024-10-15T06:27:39.098021266. 9a2d5bb2-e67b-493a-a1cf-43c10fae0838
cnt-1_1   | 2024-10-15T06:27:39.138773567 | Message sent in 1653ms. eb78c851-b2d2-4797-8483-fbb044f901e0
cnt-4_1   | 2024-10-15T06:27:39.420766424 | Message sent in 488ms. 22059759-4739-4bf9-a906-2f888d205425
cnt-4_1   | Scheduled exit. Godbyeeeeeeeeeeeeeee...
cnt-8_1   | 2024-10-15T06:27:39.717364096 | Message sent in 507ms. 59fe8c8f-899c-4fea-ae7a-2b8fda13c142
asb-debug_cnt-4_1 exited with code 69
cnt-4_1   | Starting the application. Logging messages with probability 0.05...
cnt-5_1   | Sending message at 2024-10-15T06:27:40.372637875. d3366081-8da4-4993-a019-744adddc9ca9
cnt-7_1   | 2024-10-15T06:27:40.425762154 | Message sent in 1828ms. 9aa6933f-548f-40ae-a257-1f6ea9df3244
cnt-10_1  | Sending message at 2024-10-15T06:27:40.583595311. 75a6f79e-6384-4405-849e-eb440954b64b
cnt-9_1   | Scheduled exit. Godbyeeeeeeeeeeeeeee...
asb-debug_cnt-9_1 exited with code 69
cnt-9_1   | Starting the application. Logging messages with probability 0.05...
cnt-10_1  | Scheduled exit. Godbyeeeeeeeeeeeeeee...
asb-debug_cnt-10_1 exited with code 69
cnt-10_1  | Starting the application. Logging messages with probability 0.05...
cnt-8_1   | Scheduled exit. Godbyeeeeeeeeeeeeeee...
cnt-7_1   | 2024-10-15T06:27:44.422082801 | Message sent in 2822ms. 7dbe4e50-6e05-476d-ba4d-847476b95fa9
cnt-6_1   | Scheduled exit. Godbyeeeeeeeeeeeeeee...
cnt-3_1   | Scheduled exit. Godbyeeeeeeeeeeeeeee...
asb-debug_cnt-8_1 exited with code 69
asb-debug_cnt-3_1 exited with code 69
asb-debug_cnt-6_1 exited with code 69
cnt-7_1   | Sending message at 2024-10-15T06:27:46.250585875. 9aa6933f-548f-40ae-a257-1f6ea9df3244
cnt-4_1   | 2024-10-15T06:27:46.507567846 | Message sent in 530ms. 65ddba46-bc7d-4dca-b9ce-2889ba4552d0
cnt-6_1   | Starting the application. Logging messages with probability 0.05...
cnt-1_1   | 2024-10-15T06:27:46.641214706 | Message sent in 503ms. e0bea080-15a6-40db-893d-7ab7273d006c
cnt-5_1   | 2024-10-15T06:27:46.640330729 | Message sent in 520ms. 330c2c52-bbcf-4e69-9f3f-a2eedd267b6d
cnt-4_1   | Sending message at 2024-10-15T06:27:46.695322855. f1f409ac-7c4c-41a5-bb12-bcd1ac22d81a
cnt-4_1   | Sending message at 2024-10-15T06:27:47.755887658. 349f4d69-30e4-4d63-87d3-b0077efedda4
cnt-9_1   | 2024-10-15T06:27:47.914042642 | Message sent in 1694ms. ef27fed2-6d05-45ac-aca4-cac942ff6ef0
cnt-10_1  | 2024-10-15T06:27:47.983595210 | Message sent in 1651ms. 5deb73ee-7c70-4f67-a52a-1c33e4eb6b32
cnt-10_1  | 2024-10-15T06:27:47.995676957 | Message sent in 498ms. 95cc49a1-6a12-4fcc-88cb-505af8b7163f
cnt-1_1   | Sending message at 2024-10-15T06:27:48.321493498. eb78c851-b2d2-4797-8483-fbb044f901e0
cnt-5_1   | 2024-10-15T06:27:49.424310456 | Message sent in 519ms. 41896f2e-0cf8-42c9-bb35-1e88a455bde0
cnt-2_1   | Sending message at 2024-10-15T06:27:49.474859634. c5e7e34e-b1aa-4086-b05c-b9ed3860a09f
cnt-8_1   | 2024-10-15T06:27:50.416809761 | Message sent in 497ms. 31a8283b-6b1c-41b7-b733-6bc2d0ef55d0
cnt-6_1   | Sending message at 2024-10-15T06:27:50.992006323. 4c3388fa-882a-44ef-8f16-89cb87527535
cnt-5_1   | Sending message at 2024-10-15T06:27:51.398481459. 95b206c0-f1d7-46bf-b84c-823620417d14
cnt-2_1   | 2024-10-15T06:27:51.499942427 | Message sent in 513ms. c5e7e34e-b1aa-4086-b05c-b9ed3860a09f
cnt-10_1  | 2024-10-15T06:27:51.545343268 | Message sent in 472ms. 0f71aa38-a4c7-4c83-89cb-5af2f728a2cb
cnt-2_1   | Sending message at 2024-10-15T06:27:52.171278770. 68dd7213-e741-46a3-9dd0-9d8647a8b25c
cnt-4_1   | Sending message at 2024-10-15T06:27:54.176982784. c54516bd-56a3-465a-ac4d-4bce8bbf210b
cnt-10_1  | Sending message at 2024-10-15T06:27:54.234073677. 387468ca-e37c-49c3-98fa-130d09cf57b9
cnt-3_1   | Sending message at 2024-10-15T06:27:54.275861565. 263658ac-82d8-4a8f-9dcc-bb6679ed8184
cnt-1_1   | Sending message at 2024-10-15T06:27:54.278298495. e0bea080-15a6-40db-893d-7ab7273d006c
cnt-7_1   | 2024-10-15T06:27:54.779037980 | Message sent in 599ms. 9aa6933f-548f-40ae-a257-1f6ea9df3244
cnt-10_1  | 2024-10-15T06:27:54.810095616 | Message sent in 575ms. 387468ca-e37c-49c3-98fa-130d09cf57b9
cnt-10_1  | 2024-10-15T06:27:54.831767989 | Message sent in 658ms. 5deb73ee-7c70-4f67-a52a-1c33e4eb6b32
cnt-1_1   | 2024-10-15T06:27:55.089177017 | Message sent in 764ms. 7293fdfb-ab1b-4ce9-a443-91ed28df3153
cnt-7_1   | 2024-10-15T06:27:55.103108927 | Message sent in 804ms. c2cc3319-a807-4eb9-83f0-d1fb25e96d40
cnt-6_1   | 2024-10-15T06:27:55.622430400 | Message sent in 752ms. 8ffda863-e730-43eb-bd9f-29bee58b68d2
cnt-10_1  | Sending message at 2024-10-15T06:27:55.810365781. 387468ca-e37c-49c3-98fa-130d09cf57b9
cnt-1_1   | Sending message at 2024-10-15T06:27:56.095144719. eb78c851-b2d2-4797-8483-fbb044f901e0
cnt-7_1   | Sending message at 2024-10-15T06:27:56.103383563. c2cc3319-a807-4eb9-83f0-d1fb25e96d40
cnt-3_1   | Sending message at 2024-10-15T06:27:56.750655962. fd6d4d84-1bb1-4c25-afa7-3d21af0a029f
cnt-4_1   | 2024-10-15T06:27:57.060601674 | Message sent in 977ms. 65ddba46-bc7d-4dca-b9ce-2889ba4552d0
cnt-1_1   | 2024-10-15T06:27:57.114562312 | Message sent in 1025ms. 7293fdfb-ab1b-4ce9-a443-91ed28df3153
cnt-8_1   | 2024-10-15T06:27:57.133879554 | Message sent in 1017ms. 31a8283b-6b1c-41b7-b733-6bc2d0ef55d0
cnt-9_1   | 2024-10-15T06:27:57.133942368 | Message sent in 919ms. acb6ad4e-1ce2-44c5-a9e0-3b939902a5dd
cnt-10_1  | Sending message at 2024-10-15T06:27:57.541713692. 95cc49a1-6a12-4fcc-88cb-505af8b7163f
cnt-1_1   | Sending message at 2024-10-15T06:27:58.054814373. eb78c851-b2d2-4797-8483-fbb044f901e0
cnt-3_1   | 2024-10-15T06:27:59.203977887 | Message sent in 880ms. f11a6c5f-d6aa-45e2-884f-f2923975f71d
cnt-2_1   | Sending message at 2024-10-15T06:27:59.958602305. 693af025-f75f-4c61-ae45-242cafcf789a
cnt-6_1   | Sending message at 2024-10-15T06:28:00.011722197. 3429700b-cb43-443e-9e68-ef48501cb8d0
cnt-2_1   | Sending message at 2024-10-15T06:28:00.374240895. 5fe04b8e-7e62-467e-a161-50b77d01e3af
cnt-4_1   | Sending message at 2024-10-15T06:28:00.827756023. 349f4d69-30e4-4d63-87d3-b0077efedda4
cnt-3_1   | Sending message at 2024-10-15T06:28:00.979909858. a0e83d2c-9653-48eb-bb8b-976d2ce6e2c4
cnt-7_1   | 2024-10-15T06:28:01.030948710 | Message sent in 807ms. 7dbe4e50-6e05-476d-ba4d-847476b95fa9
cnt-9_1   | 2024-10-15T06:28:01.190833176 | Message sent in 568ms. ef27fed2-6d05-45ac-aca4-cac942ff6ef0
cnt-7_1   | 2024-10-15T06:28:01.282484286 | Message sent in 610ms. 9aa6933f-548f-40ae-a257-1f6ea9df3244
cnt-3_1   | 2024-10-15T06:28:01.499481127 | Message sent in 520ms. a0e83d2c-9653-48eb-bb8b-976d2ce6e2c4
cnt-5_1   | 2024-10-15T06:28:01.642454277 | Message sent in 590ms. 330c2c52-bbcf-4e69-9f3f-a2eedd267b6d
cnt-7_1   | Sending message at 2024-10-15T06:28:02.031157637. 7dbe4e50-6e05-476d-ba4d-847476b95fa9
cnt-3_1   | Sending message at 2024-10-15T06:28:02.480752062. 263658ac-82d8-4a8f-9dcc-bb6679ed8184
cnt-2_1   | 2024-10-15T06:28:02.802273758 | Message sent in 755ms. 5fe04b8e-7e62-467e-a161-50b77d01e3af
cnt-3_1   | 2024-10-15T06:28:03.028862496 | Message sent in 529ms. a0e83d2c-9653-48eb-bb8b-976d2ce6e2c4
cnt-10_1  | 2024-10-15T06:28:03.147185766 | Message sent in 519ms. 5deb73ee-7c70-4f67-a52a-1c33e4eb6b32
cnt-1_1   | Sending message at 2024-10-15T06:28:03.208571545. e0bea080-15a6-40db-893d-7ab7273d006c
cnt-4_1   | Sending message at 2024-10-15T06:28:03.794125899. f1f409ac-7c4c-41a5-bb12-bcd1ac22d81a
cnt-9_1   | Sending message at 2024-10-15T06:28:03.814586025. ef27fed2-6d05-45ac-aca4-cac942ff6ef0
cnt-3_1   | Sending message at 2024-10-15T06:28:04.029081789. a0e83d2c-9653-48eb-bb8b-976d2ce6e2c4
cnt-10_1  | Sending message at 2024-10-15T06:28:04.147397172. 5deb73ee-7c70-4f67-a52a-1c33e4eb6b32
cnt-1_1   | Sending message at 2024-10-15T06:28:04.723487452. 7293fdfb-ab1b-4ce9-a443-91ed28df3153
cnt-7_1   | 2024-10-15T06:28:04.809361932 | Message sent in 840ms. bc9d728e-1a4f-45ef-ba64-b368e0b32972
cnt-10_1  | Sending message at 2024-10-15T06:28:04.980720521. 49691ce3-dae4-4a3e-94bf-a2b9d1d11e8a
cnt-4_1   | Sending message at 2024-10-15T06:28:05.240764830. bb553571-2e3f-4929-94ef-420188002be5
cnt-10_1  | 2024-10-15T06:28:05.538607761 | Message sent in 558ms. 49691ce3-dae4-4a3e-94bf-a2b9d1d11e8a
cnt-7_1   | Sending message at 2024-10-15T06:28:06.295910540. 9aa6933f-548f-40ae-a257-1f6ea9df3244
cnt-3_1   | Sending message at 2024-10-15T06:28:06.317599697. b339e2f9-caf6-4f30-bf2d-8d764110c777
cnt-7_1   | Sending message at 2024-10-15T06:28:06.429055557. c2cc3319-a807-4eb9-83f0-d1fb25e96d40
cnt-4_1   | Sending message at 2024-10-15T06:28:06.737277676. bb553571-2e3f-4929-94ef-420188002be5
cnt-8_1   | 2024-10-15T06:28:07.032304616 | Message sent in 714ms. 31a8283b-6b1c-41b7-b733-6bc2d0ef55d0
cnt-4_1   | 2024-10-15T06:28:07.067109651 | Message sent in 794ms. f1f409ac-7c4c-41a5-bb12-bcd1ac22d81a
